ERROR in weighted_cut (Spiel 1)
n=23, m=37
UndefVarError: `game` not defined in `ShannonSwitchingGame`
Suggestion: check for spelling errors or missing imports.
Stacktrace:
  [1] var"##core#279"()
    @ ShannonSwitchingGame ~/.julia/packages/BenchmarkTools/ZtsPk/src/execution.jl:647
  [2] var"##sample#280"(::Tuple{}, __params::BenchmarkTools.Parameters, __sample_ref::Base.RefValue{Tuple{Float64, Float64, Int64, Int64}}, __result_ref::Nothing)
    @ ShannonSwitchingGame ~/.julia/packages/BenchmarkTools/ZtsPk/src/execution.jl:659
  [3] _lineartrial(b::BenchmarkTools.Benchmark, p::BenchmarkTools.Parameters; maxevals::Int64, kwargs::@Kwargs{})
    @ BenchmarkTools ~/.julia/packages/BenchmarkTools/ZtsPk/src/execution.jl:222
  [4] _lineartrial(b::BenchmarkTools.Benchmark, p::BenchmarkTools.Parameters)
    @ BenchmarkTools ~/.julia/packages/BenchmarkTools/ZtsPk/src/execution.jl:216
  [5] #lineartrial#32
    @ ~/.julia/packages/BenchmarkTools/ZtsPk/src/execution.jl:53 [inlined]
  [6] lineartrial
    @ ~/.julia/packages/BenchmarkTools/ZtsPk/src/execution.jl:52 [inlined]
  [7] tune!(b::BenchmarkTools.Benchmark, p::BenchmarkTools.Parameters; progressid::Nothing, nleaves::Float64, ndone::Float64, verbose::Bool, pad::String, kwargs::@Kwargs{})
    @ BenchmarkTools ~/.julia/packages/BenchmarkTools/ZtsPk/src/execution.jl:341
  [8] tune! (repeats 2 times)
    @ ~/.julia/packages/BenchmarkTools/ZtsPk/src/execution.jl:330 [inlined]
  [9] macro expansion
    @ ~/.julia/packages/BenchmarkTools/ZtsPk/src/execution.jl:503 [inlined]
 [10] test()
    @ ShannonSwitchingGame ~/Documents/computerorientierte_Mathematik_II/Programmierprojekt/ShannonSwitchingGame/src/Wettbewerbsstrategie_Hilfsfunktionen.jl:532
 [11] top-level scope
    @ REPL[7]:1
 [12] eval(m::Module, e::Any)
    @ Core ./boot.jl:489
 [13] eval
    @ ./Base_compiler.jl:146 [inlined]
 [14] repleval(m::Module, code::Expr, ::String)
    @ VSCodeServer ~/.vscode/extensions/julialang.language-julia-1.219.2/scripts/packages/VSCodeServer/src/repl.jl:278
 [15] #evalrepl##2
    @ ~/.vscode/extensions/julialang.language-julia-1.219.2/scripts/packages/VSCodeServer/src/repl.jl:241 [inlined]
 [16] with_logstate(f::VSCodeServer.var"#evalrepl##2#evalrepl##3"{Module, Expr, REPL.LineEditREPL, REPL.LineEdit.Prompt}, logstate::Base.CoreLogging.LogState)
    @ Base.CoreLogging ./logging/logging.jl:542
 [17] with_logger
    @ ./logging/logging.jl:653 [inlined]
 [18] (::VSCodeServer.var"#evalrepl##0#evalrepl##1"{Module, Expr, REPL.LineEditREPL, REPL.LineEdit.Prompt})()
    @ VSCodeServer ~/.vscode/extensions/julialang.language-julia-1.219.2/scripts/packages/VSCodeServer/src/repl.jl:242
 [19] (::VSCodeServer.var"#start_eval_backend##0#start_eval_backend##1")()
    @ VSCodeServer ~/.vscode/extensions/julialang.language-julia-1.219.2/scripts/packages/VSCodeServer/src/eval.jl:34


ERROR in weighted_cut (Spiel 1)
n=23, m=37
UndefVarError: `game` not defined in `ShannonSwitchingGame`
Suggestion: check for spelling errors or missing imports.
Stacktrace:
  [1] var"##core#279"()
    @ ShannonSwitchingGame ~/.julia/packages/BenchmarkTools/ZtsPk/src/execution.jl:647
  [2] var"##sample#280"(::Tuple{}, __params::BenchmarkTools.Parameters, __sample_ref::Base.RefValue{Tuple{Float64, Float64, Int64, Int64}}, __result_ref::Nothing)
    @ ShannonSwitchingGame ~/.julia/packages/BenchmarkTools/ZtsPk/src/execution.jl:659
  [3] _lineartrial(b::BenchmarkTools.Benchmark, p::BenchmarkTools.Parameters; maxevals::Int64, kwargs::@Kwargs{})
    @ BenchmarkTools ~/.julia/packages/BenchmarkTools/ZtsPk/src/execution.jl:222
  [4] _lineartrial(b::BenchmarkTools.Benchmark, p::BenchmarkTools.Parameters)
    @ BenchmarkTools ~/.julia/packages/BenchmarkTools/ZtsPk/src/execution.jl:216
  [5] #lineartrial#32
    @ ~/.julia/packages/BenchmarkTools/ZtsPk/src/execution.jl:53 [inlined]
  [6] lineartrial
    @ ~/.julia/packages/BenchmarkTools/ZtsPk/src/execution.jl:52 [inlined]
  [7] tune!(b::BenchmarkTools.Benchmark, p::BenchmarkTools.Parameters; progressid::Nothing, nleaves::Float64, ndone::Float64, verbose::Bool, pad::String, kwargs::@Kwargs{})
    @ BenchmarkTools ~/.julia/packages/BenchmarkTools/ZtsPk/src/execution.jl:341
  [8] tune! (repeats 2 times)
    @ ~/.julia/packages/BenchmarkTools/ZtsPk/src/execution.jl:330 [inlined]
  [9] macro expansion
    @ ~/.julia/packages/BenchmarkTools/ZtsPk/src/execution.jl:503 [inlined]
 [10] test()
    @ ShannonSwitchingGame ~/Documents/computerorientierte_Mathematik_II/Programmierprojekt/ShannonSwitchingGame/src/Wettbewerbsstrategie_Hilfsfunktionen.jl:532
 [11] top-level scope
    @ REPL[7]:1
 [12] eval(m::Module, e::Any)
    @ Core ./boot.jl:489
 [13] eval
    @ ./Base_compiler.jl:146 [inlined]
 [14] repleval(m::Module, code::Expr, ::String)
    @ VSCodeServer ~/.vscode/extensions/julialang.language-julia-1.219.2/scripts/packages/VSCodeServer/src/repl.jl:278
 [15] #evalrepl##2
    @ ~/.vscode/extensions/julialang.language-julia-1.219.2/scripts/packages/VSCodeServer/src/repl.jl:241 [inlined]
 [16] with_logstate(f::VSCodeServer.var"#evalrepl##2#evalrepl##3"{Module, Expr, REPL.LineEditREPL, REPL.LineEdit.Prompt}, logstate::Base.CoreLogging.LogState)
    @ Base.CoreLogging ./logging/logging.jl:542
 [17] with_logger
    @ ./logging/logging.jl:653 [inlined]
 [18] (::VSCodeServer.var"#evalrepl##0#evalrepl##1"{Module, Expr, REPL.LineEditREPL, REPL.LineEdit.Prompt})()
    @ VSCodeServer ~/.vscode/extensions/julialang.language-julia-1.219.2/scripts/packages/VSCodeServer/src/repl.jl:242
 [19] (::VSCodeServer.var"#start_eval_backend##0#start_eval_backend##1")()
    @ VSCodeServer ~/.vscode/extensions/julialang.language-julia-1.219.2/scripts/packages/VSCodeServer/src/eval.jl:34


ERROR in weighted_cut (Spiel 1)
n=23, m=37
UndefVarError: `game` not defined in `ShannonSwitchingGame`
Suggestion: check for spelling errors or missing imports.
Stacktrace:
  [1] var"##core#279"()
    @ ShannonSwitchingGame ~/.julia/packages/BenchmarkTools/ZtsPk/src/execution.jl:647
  [2] var"##sample#280"(::Tuple{}, __params::BenchmarkTools.Parameters, __sample_ref::Base.RefValue{Tuple{Float64, Float64, Int64, Int64}}, __result_ref::Nothing)
    @ ShannonSwitchingGame ~/.julia/packages/BenchmarkTools/ZtsPk/src/execution.jl:659
  [3] _lineartrial(b::BenchmarkTools.Benchmark, p::BenchmarkTools.Parameters; maxevals::Int64, kwargs::@Kwargs{})
    @ BenchmarkTools ~/.julia/packages/BenchmarkTools/ZtsPk/src/execution.jl:222
  [4] _lineartrial(b::BenchmarkTools.Benchmark, p::BenchmarkTools.Parameters)
    @ BenchmarkTools ~/.julia/packages/BenchmarkTools/ZtsPk/src/execution.jl:216
  [5] #lineartrial#32
    @ ~/.julia/packages/BenchmarkTools/ZtsPk/src/execution.jl:53 [inlined]
  [6] lineartrial
    @ ~/.julia/packages/BenchmarkTools/ZtsPk/src/execution.jl:52 [inlined]
  [7] tune!(b::BenchmarkTools.Benchmark, p::BenchmarkTools.Parameters; progressid::Nothing, nleaves::Float64, ndone::Float64, verbose::Bool, pad::String, kwargs::@Kwargs{})
    @ BenchmarkTools ~/.julia/packages/BenchmarkTools/ZtsPk/src/execution.jl:341
  [8] tune! (repeats 2 times)
    @ ~/.julia/packages/BenchmarkTools/ZtsPk/src/execution.jl:330 [inlined]
  [9] macro expansion
    @ ~/.julia/packages/BenchmarkTools/ZtsPk/src/execution.jl:503 [inlined]
 [10] test()
    @ ShannonSwitchingGame ~/Documents/computerorientierte_Mathematik_II/Programmierprojekt/ShannonSwitchingGame/src/Wettbewerbsstrategie_Hilfsfunktionen.jl:532
 [11] top-level scope
    @ REPL[7]:1
 [12] eval(m::Module, e::Any)
    @ Core ./boot.jl:489
 [13] eval
    @ ./Base_compiler.jl:146 [inlined]
 [14] repleval(m::Module, code::Expr, ::String)
    @ VSCodeServer ~/.vscode/extensions/julialang.language-julia-1.219.2/scripts/packages/VSCodeServer/src/repl.jl:278
 [15] #evalrepl##2
    @ ~/.vscode/extensions/julialang.language-julia-1.219.2/scripts/packages/VSCodeServer/src/repl.jl:241 [inlined]
 [16] with_logstate(f::VSCodeServer.var"#evalrepl##2#evalrepl##3"{Module, Expr, REPL.LineEditREPL, REPL.LineEdit.Prompt}, logstate::Base.CoreLogging.LogState)
    @ Base.CoreLogging ./logging/logging.jl:542
 [17] with_logger
    @ ./logging/logging.jl:653 [inlined]
 [18] (::VSCodeServer.var"#evalrepl##0#evalrepl##1"{Module, Expr, REPL.LineEditREPL, REPL.LineEdit.Prompt})()
    @ VSCodeServer ~/.vscode/extensions/julialang.language-julia-1.219.2/scripts/packages/VSCodeServer/src/repl.jl:242
 [19] (::VSCodeServer.var"#start_eval_backend##0#start_eval_backend##1")()
    @ VSCodeServer ~/.vscode/extensions/julialang.language-julia-1.219.2/scripts/packages/VSCodeServer/src/eval.jl:34


ERROR in weighted_cut (Spiel 1)
n=23, m=37
UndefVarError: `game` not defined in `ShannonSwitchingGame`
Suggestion: check for spelling errors or missing imports.
Stacktrace:
  [1] var"##core#279"()
    @ ShannonSwitchingGame ~/.julia/packages/BenchmarkTools/ZtsPk/src/execution.jl:647
  [2] var"##sample#280"(::Tuple{}, __params::BenchmarkTools.Parameters, __sample_ref::Base.RefValue{Tuple{Float64, Float64, Int64, Int64}}, __result_ref::Nothing)
    @ ShannonSwitchingGame ~/.julia/packages/BenchmarkTools/ZtsPk/src/execution.jl:659
  [3] _lineartrial(b::BenchmarkTools.Benchmark, p::BenchmarkTools.Parameters; maxevals::Int64, kwargs::@Kwargs{})
    @ BenchmarkTools ~/.julia/packages/BenchmarkTools/ZtsPk/src/execution.jl:222
  [4] _lineartrial(b::BenchmarkTools.Benchmark, p::BenchmarkTools.Parameters)
    @ BenchmarkTools ~/.julia/packages/BenchmarkTools/ZtsPk/src/execution.jl:216
  [5] #lineartrial#32
    @ ~/.julia/packages/BenchmarkTools/ZtsPk/src/execution.jl:53 [inlined]
  [6] lineartrial
    @ ~/.julia/packages/BenchmarkTools/ZtsPk/src/execution.jl:52 [inlined]
  [7] tune!(b::BenchmarkTools.Benchmark, p::BenchmarkTools.Parameters; progressid::Nothing, nleaves::Float64, ndone::Float64, verbose::Bool, pad::String, kwargs::@Kwargs{})
    @ BenchmarkTools ~/.julia/packages/BenchmarkTools/ZtsPk/src/execution.jl:341
  [8] tune! (repeats 2 times)
    @ ~/.julia/packages/BenchmarkTools/ZtsPk/src/execution.jl:330 [inlined]
  [9] macro expansion
    @ ~/.julia/packages/BenchmarkTools/ZtsPk/src/execution.jl:503 [inlined]
 [10] test()
    @ ShannonSwitchingGame ~/Documents/computerorientierte_Mathematik_II/Programmierprojekt/ShannonSwitchingGame/src/Wettbewerbsstrategie_Hilfsfunktionen.jl:532
 [11] top-level scope
    @ REPL[7]:1
 [12] eval(m::Module, e::Any)
    @ Core ./boot.jl:489
 [13] eval
    @ ./Base_compiler.jl:146 [inlined]
 [14] repleval(m::Module, code::Expr, ::String)
    @ VSCodeServer ~/.vscode/extensions/julialang.language-julia-1.219.2/scripts/packages/VSCodeServer/src/repl.jl:278
 [15] #evalrepl##2
    @ ~/.vscode/extensions/julialang.language-julia-1.219.2/scripts/packages/VSCodeServer/src/repl.jl:241 [inlined]
 [16] with_logstate(f::VSCodeServer.var"#evalrepl##2#evalrepl##3"{Module, Expr, REPL.LineEditREPL, REPL.LineEdit.Prompt}, logstate::Base.CoreLogging.LogState)
    @ Base.CoreLogging ./logging/logging.jl:542
 [17] with_logger
    @ ./logging/logging.jl:653 [inlined]
 [18] (::VSCodeServer.var"#evalrepl##0#evalrepl##1"{Module, Expr, REPL.LineEditREPL, REPL.LineEdit.Prompt})()
    @ VSCodeServer ~/.vscode/extensions/julialang.language-julia-1.219.2/scripts/packages/VSCodeServer/src/repl.jl:242
 [19] (::VSCodeServer.var"#start_eval_backend##0#start_eval_backend##1")()
    @ VSCodeServer ~/.vscode/extensions/julialang.language-julia-1.219.2/scripts/packages/VSCodeServer/src/eval.jl:34


ERROR in weighted_cut (Spiel 1)
n=23, m=37
UndefVarError: `game` not defined in `ShannonSwitchingGame`
Suggestion: check for spelling errors or missing imports.
Stacktrace:
  [1] var"##core#279"()
    @ ShannonSwitchingGame ~/.julia/packages/BenchmarkTools/ZtsPk/src/execution.jl:647
  [2] var"##sample#280"(::Tuple{}, __params::BenchmarkTools.Parameters, __sample_ref::Base.RefValue{Tuple{Float64, Float64, Int64, Int64}}, __result_ref::Nothing)
    @ ShannonSwitchingGame ~/.julia/packages/BenchmarkTools/ZtsPk/src/execution.jl:659
  [3] _lineartrial(b::BenchmarkTools.Benchmark, p::BenchmarkTools.Parameters; maxevals::Int64, kwargs::@Kwargs{})
    @ BenchmarkTools ~/.julia/packages/BenchmarkTools/ZtsPk/src/execution.jl:222
  [4] _lineartrial(b::BenchmarkTools.Benchmark, p::BenchmarkTools.Parameters)
    @ BenchmarkTools ~/.julia/packages/BenchmarkTools/ZtsPk/src/execution.jl:216
  [5] #lineartrial#32
    @ ~/.julia/packages/BenchmarkTools/ZtsPk/src/execution.jl:53 [inlined]
  [6] lineartrial
    @ ~/.julia/packages/BenchmarkTools/ZtsPk/src/execution.jl:52 [inlined]
  [7] tune!(b::BenchmarkTools.Benchmark, p::BenchmarkTools.Parameters; progressid::Nothing, nleaves::Float64, ndone::Float64, verbose::Bool, pad::String, kwargs::@Kwargs{})
    @ BenchmarkTools ~/.julia/packages/BenchmarkTools/ZtsPk/src/execution.jl:341
  [8] tune! (repeats 2 times)
    @ ~/.julia/packages/BenchmarkTools/ZtsPk/src/execution.jl:330 [inlined]
  [9] macro expansion
    @ ~/.julia/packages/BenchmarkTools/ZtsPk/src/execution.jl:503 [inlined]
 [10] test()
    @ ShannonSwitchingGame ~/Documents/computerorientierte_Mathematik_II/Programmierprojekt/ShannonSwitchingGame/src/Wettbewerbsstrategie_Hilfsfunktionen.jl:532
 [11] top-level scope
    @ REPL[7]:1
 [12] eval(m::Module, e::Any)
    @ Core ./boot.jl:489
 [13] eval
    @ ./Base_compiler.jl:146 [inlined]
 [14] repleval(m::Module, code::Expr, ::String)
    @ VSCodeServer ~/.vscode/extensions/julialang.language-julia-1.219.2/scripts/packages/VSCodeServer/src/repl.jl:278
 [15] #evalrepl##2
    @ ~/.vscode/extensions/julialang.language-julia-1.219.2/scripts/packages/VSCodeServer/src/repl.jl:241 [inlined]
 [16] with_logstate(f::VSCodeServer.var"#evalrepl##2#evalrepl##3"{Module, Expr, REPL.LineEditREPL, REPL.LineEdit.Prompt}, logstate::Base.CoreLogging.LogState)
    @ Base.CoreLogging ./logging/logging.jl:542
 [17] with_logger
    @ ./logging/logging.jl:653 [inlined]
 [18] (::VSCodeServer.var"#evalrepl##0#evalrepl##1"{Module, Expr, REPL.LineEditREPL, REPL.LineEdit.Prompt})()
    @ VSCodeServer ~/.vscode/extensions/julialang.language-julia-1.219.2/scripts/packages/VSCodeServer/src/repl.jl:242
 [19] (::VSCodeServer.var"#start_eval_backend##0#start_eval_backend##1")()
    @ VSCodeServer ~/.vscode/extensions/julialang.language-julia-1.219.2/scripts/packages/VSCodeServer/src/eval.jl:34


ERROR in weighted_cut (Spiel 1)
n=23, m=37
UndefVarError: `game` not defined in `ShannonSwitchingGame`
Suggestion: check for spelling errors or missing imports.
Stacktrace:
  [1] var"##core#279"()
    @ ShannonSwitchingGame ~/.julia/packages/BenchmarkTools/ZtsPk/src/execution.jl:647
  [2] var"##sample#280"(::Tuple{}, __params::BenchmarkTools.Parameters, __sample_ref::Base.RefValue{Tuple{Float64, Float64, Int64, Int64}}, __result_ref::Nothing)
    @ ShannonSwitchingGame ~/.julia/packages/BenchmarkTools/ZtsPk/src/execution.jl:659
  [3] _lineartrial(b::BenchmarkTools.Benchmark, p::BenchmarkTools.Parameters; maxevals::Int64, kwargs::@Kwargs{})
    @ BenchmarkTools ~/.julia/packages/BenchmarkTools/ZtsPk/src/execution.jl:222
  [4] _lineartrial(b::BenchmarkTools.Benchmark, p::BenchmarkTools.Parameters)
    @ BenchmarkTools ~/.julia/packages/BenchmarkTools/ZtsPk/src/execution.jl:216
  [5] #lineartrial#32
    @ ~/.julia/packages/BenchmarkTools/ZtsPk/src/execution.jl:53 [inlined]
  [6] lineartrial
    @ ~/.julia/packages/BenchmarkTools/ZtsPk/src/execution.jl:52 [inlined]
  [7] tune!(b::BenchmarkTools.Benchmark, p::BenchmarkTools.Parameters; progressid::Nothing, nleaves::Float64, ndone::Float64, verbose::Bool, pad::String, kwargs::@Kwargs{})
    @ BenchmarkTools ~/.julia/packages/BenchmarkTools/ZtsPk/src/execution.jl:341
  [8] tune! (repeats 2 times)
    @ ~/.julia/packages/BenchmarkTools/ZtsPk/src/execution.jl:330 [inlined]
  [9] macro expansion
    @ ~/.julia/packages/BenchmarkTools/ZtsPk/src/execution.jl:503 [inlined]
 [10] test()
    @ ShannonSwitchingGame ~/Documents/computerorientierte_Mathematik_II/Programmierprojekt/ShannonSwitchingGame/src/Wettbewerbsstrategie_Hilfsfunktionen.jl:532
 [11] top-level scope
    @ REPL[7]:1
 [12] eval(m::Module, e::Any)
    @ Core ./boot.jl:489
 [13] eval
    @ ./Base_compiler.jl:146 [inlined]
 [14] repleval(m::Module, code::Expr, ::String)
    @ VSCodeServer ~/.vscode/extensions/julialang.language-julia-1.219.2/scripts/packages/VSCodeServer/src/repl.jl:278
 [15] #evalrepl##2
    @ ~/.vscode/extensions/julialang.language-julia-1.219.2/scripts/packages/VSCodeServer/src/repl.jl:241 [inlined]
 [16] with_logstate(f::VSCodeServer.var"#evalrepl##2#evalrepl##3"{Module, Expr, REPL.LineEditREPL, REPL.LineEdit.Prompt}, logstate::Base.CoreLogging.LogState)
    @ Base.CoreLogging ./logging/logging.jl:542
 [17] with_logger
    @ ./logging/logging.jl:653 [inlined]
 [18] (::VSCodeServer.var"#evalrepl##0#evalrepl##1"{Module, Expr, REPL.LineEditREPL, REPL.LineEdit.Prompt})()
    @ VSCodeServer ~/.vscode/extensions/julialang.language-julia-1.219.2/scripts/packages/VSCodeServer/src/repl.jl:242
 [19] (::VSCodeServer.var"#start_eval_backend##0#start_eval_backend##1")()
    @ VSCodeServer ~/.vscode/extensions/julialang.language-julia-1.219.2/scripts/packages/VSCodeServer/src/eval.jl:34


ERROR in weighted_cut (Spiel 1)
n=23, m=37
UndefVarError: `game` not defined in `ShannonSwitchingGame`
Suggestion: check for spelling errors or missing imports.
Stacktrace:
  [1] var"##core#279"()
    @ ShannonSwitchingGame ~/.julia/packages/BenchmarkTools/ZtsPk/src/execution.jl:647
  [2] var"##sample#280"(::Tuple{}, __params::BenchmarkTools.Parameters, __sample_ref::Base.RefValue{Tuple{Float64, Float64, Int64, Int64}}, __result_ref::Nothing)
    @ ShannonSwitchingGame ~/.julia/packages/BenchmarkTools/ZtsPk/src/execution.jl:659
  [3] _lineartrial(b::BenchmarkTools.Benchmark, p::BenchmarkTools.Parameters; maxevals::Int64, kwargs::@Kwargs{})
    @ BenchmarkTools ~/.julia/packages/BenchmarkTools/ZtsPk/src/execution.jl:222
  [4] _lineartrial(b::BenchmarkTools.Benchmark, p::BenchmarkTools.Parameters)
    @ BenchmarkTools ~/.julia/packages/BenchmarkTools/ZtsPk/src/execution.jl:216
  [5] #lineartrial#32
    @ ~/.julia/packages/BenchmarkTools/ZtsPk/src/execution.jl:53 [inlined]
  [6] lineartrial
    @ ~/.julia/packages/BenchmarkTools/ZtsPk/src/execution.jl:52 [inlined]
  [7] tune!(b::BenchmarkTools.Benchmark, p::BenchmarkTools.Parameters; progressid::Nothing, nleaves::Float64, ndone::Float64, verbose::Bool, pad::String, kwargs::@Kwargs{})
    @ BenchmarkTools ~/.julia/packages/BenchmarkTools/ZtsPk/src/execution.jl:341
  [8] tune! (repeats 2 times)
    @ ~/.julia/packages/BenchmarkTools/ZtsPk/src/execution.jl:330 [inlined]
  [9] macro expansion
    @ ~/.julia/packages/BenchmarkTools/ZtsPk/src/execution.jl:503 [inlined]
 [10] test()
    @ ShannonSwitchingGame ~/Documents/computerorientierte_Mathematik_II/Programmierprojekt/ShannonSwitchingGame/src/Wettbewerbsstrategie_Hilfsfunktionen.jl:532
 [11] top-level scope
    @ REPL[7]:1
 [12] eval(m::Module, e::Any)
    @ Core ./boot.jl:489
 [13] eval
    @ ./Base_compiler.jl:146 [inlined]
 [14] repleval(m::Module, code::Expr, ::String)
    @ VSCodeServer ~/.vscode/extensions/julialang.language-julia-1.219.2/scripts/packages/VSCodeServer/src/repl.jl:278
 [15] #evalrepl##2
    @ ~/.vscode/extensions/julialang.language-julia-1.219.2/scripts/packages/VSCodeServer/src/repl.jl:241 [inlined]
 [16] with_logstate(f::VSCodeServer.var"#evalrepl##2#evalrepl##3"{Module, Expr, REPL.LineEditREPL, REPL.LineEdit.Prompt}, logstate::Base.CoreLogging.LogState)
    @ Base.CoreLogging ./logging/logging.jl:542
 [17] with_logger
    @ ./logging/logging.jl:653 [inlined]
 [18] (::VSCodeServer.var"#evalrepl##0#evalrepl##1"{Module, Expr, REPL.LineEditREPL, REPL.LineEdit.Prompt})()
    @ VSCodeServer ~/.vscode/extensions/julialang.language-julia-1.219.2/scripts/packages/VSCodeServer/src/repl.jl:242
 [19] (::VSCodeServer.var"#start_eval_backend##0#start_eval_backend##1")()
    @ VSCodeServer ~/.vscode/extensions/julialang.language-julia-1.219.2/scripts/packages/VSCodeServer/src/eval.jl:34


ERROR in weighted_cut (Spiel 1)
n=23, m=37
UndefVarError: `game` not defined in `ShannonSwitchingGame`
Suggestion: check for spelling errors or missing imports.
Stacktrace:
  [1] var"##core#279"()
    @ ShannonSwitchingGame ~/.julia/packages/BenchmarkTools/ZtsPk/src/execution.jl:647
  [2] var"##sample#280"(::Tuple{}, __params::BenchmarkTools.Parameters, __sample_ref::Base.RefValue{Tuple{Float64, Float64, Int64, Int64}}, __result_ref::Nothing)
    @ ShannonSwitchingGame ~/.julia/packages/BenchmarkTools/ZtsPk/src/execution.jl:659
  [3] _lineartrial(b::BenchmarkTools.Benchmark, p::BenchmarkTools.Parameters; maxevals::Int64, kwargs::@Kwargs{})
    @ BenchmarkTools ~/.julia/packages/BenchmarkTools/ZtsPk/src/execution.jl:222
  [4] _lineartrial(b::BenchmarkTools.Benchmark, p::BenchmarkTools.Parameters)
    @ BenchmarkTools ~/.julia/packages/BenchmarkTools/ZtsPk/src/execution.jl:216
  [5] #lineartrial#32
    @ ~/.julia/packages/BenchmarkTools/ZtsPk/src/execution.jl:53 [inlined]
  [6] lineartrial
    @ ~/.julia/packages/BenchmarkTools/ZtsPk/src/execution.jl:52 [inlined]
  [7] tune!(b::BenchmarkTools.Benchmark, p::BenchmarkTools.Parameters; progressid::Nothing, nleaves::Float64, ndone::Float64, verbose::Bool, pad::String, kwargs::@Kwargs{})
    @ BenchmarkTools ~/.julia/packages/BenchmarkTools/ZtsPk/src/execution.jl:341
  [8] tune! (repeats 2 times)
    @ ~/.julia/packages/BenchmarkTools/ZtsPk/src/execution.jl:330 [inlined]
  [9] macro expansion
    @ ~/.julia/packages/BenchmarkTools/ZtsPk/src/execution.jl:503 [inlined]
 [10] test()
    @ ShannonSwitchingGame ~/Documents/computerorientierte_Mathematik_II/Programmierprojekt/ShannonSwitchingGame/src/Wettbewerbsstrategie_Hilfsfunktionen.jl:532
 [11] top-level scope
    @ REPL[7]:1
 [12] eval(m::Module, e::Any)
    @ Core ./boot.jl:489
 [13] eval
    @ ./Base_compiler.jl:146 [inlined]
 [14] repleval(m::Module, code::Expr, ::String)
    @ VSCodeServer ~/.vscode/extensions/julialang.language-julia-1.219.2/scripts/packages/VSCodeServer/src/repl.jl:278
 [15] #evalrepl##2
    @ ~/.vscode/extensions/julialang.language-julia-1.219.2/scripts/packages/VSCodeServer/src/repl.jl:241 [inlined]
 [16] with_logstate(f::VSCodeServer.var"#evalrepl##2#evalrepl##3"{Module, Expr, REPL.LineEditREPL, REPL.LineEdit.Prompt}, logstate::Base.CoreLogging.LogState)
    @ Base.CoreLogging ./logging/logging.jl:542
 [17] with_logger
    @ ./logging/logging.jl:653 [inlined]
 [18] (::VSCodeServer.var"#evalrepl##0#evalrepl##1"{Module, Expr, REPL.LineEditREPL, REPL.LineEdit.Prompt})()
    @ VSCodeServer ~/.vscode/extensions/julialang.language-julia-1.219.2/scripts/packages/VSCodeServer/src/repl.jl:242
 [19] (::VSCodeServer.var"#start_eval_backend##0#start_eval_backend##1")()
    @ VSCodeServer ~/.vscode/extensions/julialang.language-julia-1.219.2/scripts/packages/VSCodeServer/src/eval.jl:34


ERROR in weighted_cut (Spiel 1)
n=23, m=37
UndefVarError: `game` not defined in `ShannonSwitchingGame`
Suggestion: check for spelling errors or missing imports.
Stacktrace:
  [1] var"##core#279"()
    @ ShannonSwitchingGame ~/.julia/packages/BenchmarkTools/ZtsPk/src/execution.jl:647
  [2] var"##sample#280"(::Tuple{}, __params::BenchmarkTools.Parameters, __sample_ref::Base.RefValue{Tuple{Float64, Float64, Int64, Int64}}, __result_ref::Nothing)
    @ ShannonSwitchingGame ~/.julia/packages/BenchmarkTools/ZtsPk/src/execution.jl:659
  [3] _lineartrial(b::BenchmarkTools.Benchmark, p::BenchmarkTools.Parameters; maxevals::Int64, kwargs::@Kwargs{})
    @ BenchmarkTools ~/.julia/packages/BenchmarkTools/ZtsPk/src/execution.jl:222
  [4] _lineartrial(b::BenchmarkTools.Benchmark, p::BenchmarkTools.Parameters)
    @ BenchmarkTools ~/.julia/packages/BenchmarkTools/ZtsPk/src/execution.jl:216
  [5] #lineartrial#32
    @ ~/.julia/packages/BenchmarkTools/ZtsPk/src/execution.jl:53 [inlined]
  [6] lineartrial
    @ ~/.julia/packages/BenchmarkTools/ZtsPk/src/execution.jl:52 [inlined]
  [7] tune!(b::BenchmarkTools.Benchmark, p::BenchmarkTools.Parameters; progressid::Nothing, nleaves::Float64, ndone::Float64, verbose::Bool, pad::String, kwargs::@Kwargs{})
    @ BenchmarkTools ~/.julia/packages/BenchmarkTools/ZtsPk/src/execution.jl:341
  [8] tune! (repeats 2 times)
    @ ~/.julia/packages/BenchmarkTools/ZtsPk/src/execution.jl:330 [inlined]
  [9] macro expansion
    @ ~/.julia/packages/BenchmarkTools/ZtsPk/src/execution.jl:503 [inlined]
 [10] test()
    @ ShannonSwitchingGame ~/Documents/computerorientierte_Mathematik_II/Programmierprojekt/ShannonSwitchingGame/src/Wettbewerbsstrategie_Hilfsfunktionen.jl:532
 [11] top-level scope
    @ REPL[7]:1
 [12] eval(m::Module, e::Any)
    @ Core ./boot.jl:489
 [13] eval
    @ ./Base_compiler.jl:146 [inlined]
 [14] repleval(m::Module, code::Expr, ::String)
    @ VSCodeServer ~/.vscode/extensions/julialang.language-julia-1.219.2/scripts/packages/VSCodeServer/src/repl.jl:278
 [15] #evalrepl##2
    @ ~/.vscode/extensions/julialang.language-julia-1.219.2/scripts/packages/VSCodeServer/src/repl.jl:241 [inlined]
 [16] with_logstate(f::VSCodeServer.var"#evalrepl##2#evalrepl##3"{Module, Expr, REPL.LineEditREPL, REPL.LineEdit.Prompt}, logstate::Base.CoreLogging.LogState)
    @ Base.CoreLogging ./logging/logging.jl:542
 [17] with_logger
    @ ./logging/logging.jl:653 [inlined]
 [18] (::VSCodeServer.var"#evalrepl##0#evalrepl##1"{Module, Expr, REPL.LineEditREPL, REPL.LineEdit.Prompt})()
    @ VSCodeServer ~/.vscode/extensions/julialang.language-julia-1.219.2/scripts/packages/VSCodeServer/src/repl.jl:242
 [19] (::VSCodeServer.var"#start_eval_backend##0#start_eval_backend##1")()
    @ VSCodeServer ~/.vscode/extensions/julialang.language-julia-1.219.2/scripts/packages/VSCodeServer/src/eval.jl:34


ERROR in weighted_cut (Spiel 1)
n=23, m=37
UndefVarError: `game` not defined in `ShannonSwitchingGame`
Suggestion: check for spelling errors or missing imports.
Stacktrace:
  [1] var"##core#279"()
    @ ShannonSwitchingGame ~/.julia/packages/BenchmarkTools/ZtsPk/src/execution.jl:647
  [2] var"##sample#280"(::Tuple{}, __params::BenchmarkTools.Parameters, __sample_ref::Base.RefValue{Tuple{Float64, Float64, Int64, Int64}}, __result_ref::Nothing)
    @ ShannonSwitchingGame ~/.julia/packages/BenchmarkTools/ZtsPk/src/execution.jl:659
  [3] _lineartrial(b::BenchmarkTools.Benchmark, p::BenchmarkTools.Parameters; maxevals::Int64, kwargs::@Kwargs{})
    @ BenchmarkTools ~/.julia/packages/BenchmarkTools/ZtsPk/src/execution.jl:222
  [4] _lineartrial(b::BenchmarkTools.Benchmark, p::BenchmarkTools.Parameters)
    @ BenchmarkTools ~/.julia/packages/BenchmarkTools/ZtsPk/src/execution.jl:216
  [5] #lineartrial#32
    @ ~/.julia/packages/BenchmarkTools/ZtsPk/src/execution.jl:53 [inlined]
  [6] lineartrial
    @ ~/.julia/packages/BenchmarkTools/ZtsPk/src/execution.jl:52 [inlined]
  [7] tune!(b::BenchmarkTools.Benchmark, p::BenchmarkTools.Parameters; progressid::Nothing, nleaves::Float64, ndone::Float64, verbose::Bool, pad::String, kwargs::@Kwargs{})
    @ BenchmarkTools ~/.julia/packages/BenchmarkTools/ZtsPk/src/execution.jl:341
  [8] tune! (repeats 2 times)
    @ ~/.julia/packages/BenchmarkTools/ZtsPk/src/execution.jl:330 [inlined]
  [9] macro expansion
    @ ~/.julia/packages/BenchmarkTools/ZtsPk/src/execution.jl:503 [inlined]
 [10] test()
    @ ShannonSwitchingGame ~/Documents/computerorientierte_Mathematik_II/Programmierprojekt/ShannonSwitchingGame/src/Wettbewerbsstrategie_Hilfsfunktionen.jl:532
 [11] top-level scope
    @ REPL[7]:1
 [12] eval(m::Module, e::Any)
    @ Core ./boot.jl:489
 [13] eval
    @ ./Base_compiler.jl:146 [inlined]
 [14] repleval(m::Module, code::Expr, ::String)
    @ VSCodeServer ~/.vscode/extensions/julialang.language-julia-1.219.2/scripts/packages/VSCodeServer/src/repl.jl:278
 [15] #evalrepl##2
    @ ~/.vscode/extensions/julialang.language-julia-1.219.2/scripts/packages/VSCodeServer/src/repl.jl:241 [inlined]
 [16] with_logstate(f::VSCodeServer.var"#evalrepl##2#evalrepl##3"{Module, Expr, REPL.LineEditREPL, REPL.LineEdit.Prompt}, logstate::Base.CoreLogging.LogState)
    @ Base.CoreLogging ./logging/logging.jl:542
 [17] with_logger
    @ ./logging/logging.jl:653 [inlined]
 [18] (::VSCodeServer.var"#evalrepl##0#evalrepl##1"{Module, Expr, REPL.LineEditREPL, REPL.LineEdit.Prompt})()
    @ VSCodeServer ~/.vscode/extensions/julialang.language-julia-1.219.2/scripts/packages/VSCodeServer/src/repl.jl:242
 [19] (::VSCodeServer.var"#start_eval_backend##0#start_eval_backend##1")()
    @ VSCodeServer ~/.vscode/extensions/julialang.language-julia-1.219.2/scripts/packages/VSCodeServer/src/eval.jl:34


ERROR in weighted_cut (Spiel 1)
n=23, m=37
UndefVarError: `game` not defined in `ShannonSwitchingGame`
Suggestion: check for spelling errors or missing imports.
Stacktrace:
  [1] var"##core#279"()
    @ ShannonSwitchingGame ~/.julia/packages/BenchmarkTools/ZtsPk/src/execution.jl:647
  [2] var"##sample#280"(::Tuple{}, __params::BenchmarkTools.Parameters, __sample_ref::Base.RefValue{Tuple{Float64, Float64, Int64, Int64}}, __result_ref::Nothing)
    @ ShannonSwitchingGame ~/.julia/packages/BenchmarkTools/ZtsPk/src/execution.jl:659
  [3] _lineartrial(b::BenchmarkTools.Benchmark, p::BenchmarkTools.Parameters; maxevals::Int64, kwargs::@Kwargs{})
    @ BenchmarkTools ~/.julia/packages/BenchmarkTools/ZtsPk/src/execution.jl:222
  [4] _lineartrial(b::BenchmarkTools.Benchmark, p::BenchmarkTools.Parameters)
    @ BenchmarkTools ~/.julia/packages/BenchmarkTools/ZtsPk/src/execution.jl:216
  [5] #lineartrial#32
    @ ~/.julia/packages/BenchmarkTools/ZtsPk/src/execution.jl:53 [inlined]
  [6] lineartrial
    @ ~/.julia/packages/BenchmarkTools/ZtsPk/src/execution.jl:52 [inlined]
  [7] tune!(b::BenchmarkTools.Benchmark, p::BenchmarkTools.Parameters; progressid::Nothing, nleaves::Float64, ndone::Float64, verbose::Bool, pad::String, kwargs::@Kwargs{})
    @ BenchmarkTools ~/.julia/packages/BenchmarkTools/ZtsPk/src/execution.jl:341
  [8] tune! (repeats 2 times)
    @ ~/.julia/packages/BenchmarkTools/ZtsPk/src/execution.jl:330 [inlined]
  [9] macro expansion
    @ ~/.julia/packages/BenchmarkTools/ZtsPk/src/execution.jl:503 [inlined]
 [10] test()
    @ ShannonSwitchingGame ~/Documents/computerorientierte_Mathematik_II/Programmierprojekt/ShannonSwitchingGame/src/Wettbewerbsstrategie_Hilfsfunktionen.jl:532
 [11] top-level scope
    @ REPL[7]:1
 [12] eval(m::Module, e::Any)
    @ Core ./boot.jl:489
 [13] eval
    @ ./Base_compiler.jl:146 [inlined]
 [14] repleval(m::Module, code::Expr, ::String)
    @ VSCodeServer ~/.vscode/extensions/julialang.language-julia-1.219.2/scripts/packages/VSCodeServer/src/repl.jl:278
 [15] #evalrepl##2
    @ ~/.vscode/extensions/julialang.language-julia-1.219.2/scripts/packages/VSCodeServer/src/repl.jl:241 [inlined]
 [16] with_logstate(f::VSCodeServer.var"#evalrepl##2#evalrepl##3"{Module, Expr, REPL.LineEditREPL, REPL.LineEdit.Prompt}, logstate::Base.CoreLogging.LogState)
    @ Base.CoreLogging ./logging/logging.jl:542
 [17] with_logger
    @ ./logging/logging.jl:653 [inlined]
 [18] (::VSCodeServer.var"#evalrepl##0#evalrepl##1"{Module, Expr, REPL.LineEditREPL, REPL.LineEdit.Prompt})()
    @ VSCodeServer ~/.vscode/extensions/julialang.language-julia-1.219.2/scripts/packages/VSCodeServer/src/repl.jl:242
 [19] (::VSCodeServer.var"#start_eval_backend##0#start_eval_backend##1")()
    @ VSCodeServer ~/.vscode/extensions/julialang.language-julia-1.219.2/scripts/packages/VSCodeServer/src/eval.jl:34


ERROR in weighted_cut (Spiel 1)
n=23, m=37
UndefVarError: `game` not defined in `ShannonSwitchingGame`
Suggestion: check for spelling errors or missing imports.
Stacktrace:
  [1] var"##core#279"()
    @ ShannonSwitchingGame ~/.julia/packages/BenchmarkTools/ZtsPk/src/execution.jl:647
  [2] var"##sample#280"(::Tuple{}, __params::BenchmarkTools.Parameters, __sample_ref::Base.RefValue{Tuple{Float64, Float64, Int64, Int64}}, __result_ref::Nothing)
    @ ShannonSwitchingGame ~/.julia/packages/BenchmarkTools/ZtsPk/src/execution.jl:659
  [3] _lineartrial(b::BenchmarkTools.Benchmark, p::BenchmarkTools.Parameters; maxevals::Int64, kwargs::@Kwargs{})
    @ BenchmarkTools ~/.julia/packages/BenchmarkTools/ZtsPk/src/execution.jl:222
  [4] _lineartrial(b::BenchmarkTools.Benchmark, p::BenchmarkTools.Parameters)
    @ BenchmarkTools ~/.julia/packages/BenchmarkTools/ZtsPk/src/execution.jl:216
  [5] #lineartrial#32
    @ ~/.julia/packages/BenchmarkTools/ZtsPk/src/execution.jl:53 [inlined]
  [6] lineartrial
    @ ~/.julia/packages/BenchmarkTools/ZtsPk/src/execution.jl:52 [inlined]
  [7] tune!(b::BenchmarkTools.Benchmark, p::BenchmarkTools.Parameters; progressid::Nothing, nleaves::Float64, ndone::Float64, verbose::Bool, pad::String, kwargs::@Kwargs{})
    @ BenchmarkTools ~/.julia/packages/BenchmarkTools/ZtsPk/src/execution.jl:341
  [8] tune! (repeats 2 times)
    @ ~/.julia/packages/BenchmarkTools/ZtsPk/src/execution.jl:330 [inlined]
  [9] macro expansion
    @ ~/.julia/packages/BenchmarkTools/ZtsPk/src/execution.jl:503 [inlined]
 [10] test()
    @ ShannonSwitchingGame ~/Documents/computerorientierte_Mathematik_II/Programmierprojekt/ShannonSwitchingGame/src/Wettbewerbsstrategie_Hilfsfunktionen.jl:532
 [11] top-level scope
    @ REPL[7]:1
 [12] eval(m::Module, e::Any)
    @ Core ./boot.jl:489
 [13] eval
    @ ./Base_compiler.jl:146 [inlined]
 [14] repleval(m::Module, code::Expr, ::String)
    @ VSCodeServer ~/.vscode/extensions/julialang.language-julia-1.219.2/scripts/packages/VSCodeServer/src/repl.jl:278
 [15] #evalrepl##2
    @ ~/.vscode/extensions/julialang.language-julia-1.219.2/scripts/packages/VSCodeServer/src/repl.jl:241 [inlined]
 [16] with_logstate(f::VSCodeServer.var"#evalrepl##2#evalrepl##3"{Module, Expr, REPL.LineEditREPL, REPL.LineEdit.Prompt}, logstate::Base.CoreLogging.LogState)
    @ Base.CoreLogging ./logging/logging.jl:542
 [17] with_logger
    @ ./logging/logging.jl:653 [inlined]
 [18] (::VSCodeServer.var"#evalrepl##0#evalrepl##1"{Module, Expr, REPL.LineEditREPL, REPL.LineEdit.Prompt})()
    @ VSCodeServer ~/.vscode/extensions/julialang.language-julia-1.219.2/scripts/packages/VSCodeServer/src/repl.jl:242
 [19] (::VSCodeServer.var"#start_eval_backend##0#start_eval_backend##1")()
    @ VSCodeServer ~/.vscode/extensions/julialang.language-julia-1.219.2/scripts/packages/VSCodeServer/src/eval.jl:34


ERROR in weighted_cut (Spiel 1)
n=23, m=37
UndefVarError: `game` not defined in `ShannonSwitchingGame`
Suggestion: check for spelling errors or missing imports.
Stacktrace:
  [1] var"##core#279"()
    @ ShannonSwitchingGame ~/.julia/packages/BenchmarkTools/ZtsPk/src/execution.jl:647
  [2] var"##sample#280"(::Tuple{}, __params::BenchmarkTools.Parameters, __sample_ref::Base.RefValue{Tuple{Float64, Float64, Int64, Int64}}, __result_ref::Nothing)
    @ ShannonSwitchingGame ~/.julia/packages/BenchmarkTools/ZtsPk/src/execution.jl:659
  [3] _lineartrial(b::BenchmarkTools.Benchmark, p::BenchmarkTools.Parameters; maxevals::Int64, kwargs::@Kwargs{})
    @ BenchmarkTools ~/.julia/packages/BenchmarkTools/ZtsPk/src/execution.jl:222
  [4] _lineartrial(b::BenchmarkTools.Benchmark, p::BenchmarkTools.Parameters)
    @ BenchmarkTools ~/.julia/packages/BenchmarkTools/ZtsPk/src/execution.jl:216
  [5] #lineartrial#32
    @ ~/.julia/packages/BenchmarkTools/ZtsPk/src/execution.jl:53 [inlined]
  [6] lineartrial
    @ ~/.julia/packages/BenchmarkTools/ZtsPk/src/execution.jl:52 [inlined]
  [7] tune!(b::BenchmarkTools.Benchmark, p::BenchmarkTools.Parameters; progressid::Nothing, nleaves::Float64, ndone::Float64, verbose::Bool, pad::String, kwargs::@Kwargs{})
    @ BenchmarkTools ~/.julia/packages/BenchmarkTools/ZtsPk/src/execution.jl:341
  [8] tune! (repeats 2 times)
    @ ~/.julia/packages/BenchmarkTools/ZtsPk/src/execution.jl:330 [inlined]
  [9] macro expansion
    @ ~/.julia/packages/BenchmarkTools/ZtsPk/src/execution.jl:503 [inlined]
 [10] test()
    @ ShannonSwitchingGame ~/Documents/computerorientierte_Mathematik_II/Programmierprojekt/ShannonSwitchingGame/src/Wettbewerbsstrategie_Hilfsfunktionen.jl:532
 [11] top-level scope
    @ REPL[7]:1
 [12] eval(m::Module, e::Any)
    @ Core ./boot.jl:489
 [13] eval
    @ ./Base_compiler.jl:146 [inlined]
 [14] repleval(m::Module, code::Expr, ::String)
    @ VSCodeServer ~/.vscode/extensions/julialang.language-julia-1.219.2/scripts/packages/VSCodeServer/src/repl.jl:278
 [15] #evalrepl##2
    @ ~/.vscode/extensions/julialang.language-julia-1.219.2/scripts/packages/VSCodeServer/src/repl.jl:241 [inlined]
 [16] with_logstate(f::VSCodeServer.var"#evalrepl##2#evalrepl##3"{Module, Expr, REPL.LineEditREPL, REPL.LineEdit.Prompt}, logstate::Base.CoreLogging.LogState)
    @ Base.CoreLogging ./logging/logging.jl:542
 [17] with_logger
    @ ./logging/logging.jl:653 [inlined]
 [18] (::VSCodeServer.var"#evalrepl##0#evalrepl##1"{Module, Expr, REPL.LineEditREPL, REPL.LineEdit.Prompt})()
    @ VSCodeServer ~/.vscode/extensions/julialang.language-julia-1.219.2/scripts/packages/VSCodeServer/src/repl.jl:242
 [19] (::VSCodeServer.var"#start_eval_backend##0#start_eval_backend##1")()
    @ VSCodeServer ~/.vscode/extensions/julialang.language-julia-1.219.2/scripts/packages/VSCodeServer/src/eval.jl:34


ERROR in weighted_cut (Spiel 1)
n=23, m=37
UndefVarError: `game` not defined in `ShannonSwitchingGame`
Suggestion: check for spelling errors or missing imports.
Stacktrace:
  [1] var"##core#279"()
    @ ShannonSwitchingGame ~/.julia/packages/BenchmarkTools/ZtsPk/src/execution.jl:647
  [2] var"##sample#280"(::Tuple{}, __params::BenchmarkTools.Parameters, __sample_ref::Base.RefValue{Tuple{Float64, Float64, Int64, Int64}}, __result_ref::Nothing)
    @ ShannonSwitchingGame ~/.julia/packages/BenchmarkTools/ZtsPk/src/execution.jl:659
  [3] _lineartrial(b::BenchmarkTools.Benchmark, p::BenchmarkTools.Parameters; maxevals::Int64, kwargs::@Kwargs{})
    @ BenchmarkTools ~/.julia/packages/BenchmarkTools/ZtsPk/src/execution.jl:222
  [4] _lineartrial(b::BenchmarkTools.Benchmark, p::BenchmarkTools.Parameters)
    @ BenchmarkTools ~/.julia/packages/BenchmarkTools/ZtsPk/src/execution.jl:216
  [5] #lineartrial#32
    @ ~/.julia/packages/BenchmarkTools/ZtsPk/src/execution.jl:53 [inlined]
  [6] lineartrial
    @ ~/.julia/packages/BenchmarkTools/ZtsPk/src/execution.jl:52 [inlined]
  [7] tune!(b::BenchmarkTools.Benchmark, p::BenchmarkTools.Parameters; progressid::Nothing, nleaves::Float64, ndone::Float64, verbose::Bool, pad::String, kwargs::@Kwargs{})
    @ BenchmarkTools ~/.julia/packages/BenchmarkTools/ZtsPk/src/execution.jl:341
  [8] tune! (repeats 2 times)
    @ ~/.julia/packages/BenchmarkTools/ZtsPk/src/execution.jl:330 [inlined]
  [9] macro expansion
    @ ~/.julia/packages/BenchmarkTools/ZtsPk/src/execution.jl:503 [inlined]
 [10] test()
    @ ShannonSwitchingGame ~/Documents/computerorientierte_Mathematik_II/Programmierprojekt/ShannonSwitchingGame/src/Wettbewerbsstrategie_Hilfsfunktionen.jl:532
 [11] top-level scope
    @ REPL[7]:1
 [12] eval(m::Module, e::Any)
    @ Core ./boot.jl:489
 [13] eval
    @ ./Base_compiler.jl:146 [inlined]
 [14] repleval(m::Module, code::Expr, ::String)
    @ VSCodeServer ~/.vscode/extensions/julialang.language-julia-1.219.2/scripts/packages/VSCodeServer/src/repl.jl:278
 [15] #evalrepl##2
    @ ~/.vscode/extensions/julialang.language-julia-1.219.2/scripts/packages/VSCodeServer/src/repl.jl:241 [inlined]
 [16] with_logstate(f::VSCodeServer.var"#evalrepl##2#evalrepl##3"{Module, Expr, REPL.LineEditREPL, REPL.LineEdit.Prompt}, logstate::Base.CoreLogging.LogState)
    @ Base.CoreLogging ./logging/logging.jl:542
 [17] with_logger
    @ ./logging/logging.jl:653 [inlined]
 [18] (::VSCodeServer.var"#evalrepl##0#evalrepl##1"{Module, Expr, REPL.LineEditREPL, REPL.LineEdit.Prompt})()
    @ VSCodeServer ~/.vscode/extensions/julialang.language-julia-1.219.2/scripts/packages/VSCodeServer/src/repl.jl:242
 [19] (::VSCodeServer.var"#start_eval_backend##0#start_eval_backend##1")()
    @ VSCodeServer ~/.vscode/extensions/julialang.language-julia-1.219.2/scripts/packages/VSCodeServer/src/eval.jl:34


ERROR in weighted_cut (Spiel 1)
n=23, m=37
UndefVarError: `game` not defined in `ShannonSwitchingGame`
Suggestion: check for spelling errors or missing imports.
Stacktrace:
  [1] var"##core#279"()
    @ ShannonSwitchingGame ~/.julia/packages/BenchmarkTools/ZtsPk/src/execution.jl:647
  [2] var"##sample#280"(::Tuple{}, __params::BenchmarkTools.Parameters, __sample_ref::Base.RefValue{Tuple{Float64, Float64, Int64, Int64}}, __result_ref::Nothing)
    @ ShannonSwitchingGame ~/.julia/packages/BenchmarkTools/ZtsPk/src/execution.jl:659
  [3] _lineartrial(b::BenchmarkTools.Benchmark, p::BenchmarkTools.Parameters; maxevals::Int64, kwargs::@Kwargs{})
    @ BenchmarkTools ~/.julia/packages/BenchmarkTools/ZtsPk/src/execution.jl:222
  [4] _lineartrial(b::BenchmarkTools.Benchmark, p::BenchmarkTools.Parameters)
    @ BenchmarkTools ~/.julia/packages/BenchmarkTools/ZtsPk/src/execution.jl:216
  [5] #lineartrial#32
    @ ~/.julia/packages/BenchmarkTools/ZtsPk/src/execution.jl:53 [inlined]
  [6] lineartrial
    @ ~/.julia/packages/BenchmarkTools/ZtsPk/src/execution.jl:52 [inlined]
  [7] tune!(b::BenchmarkTools.Benchmark, p::BenchmarkTools.Parameters; progressid::Nothing, nleaves::Float64, ndone::Float64, verbose::Bool, pad::String, kwargs::@Kwargs{})
    @ BenchmarkTools ~/.julia/packages/BenchmarkTools/ZtsPk/src/execution.jl:341
  [8] tune! (repeats 2 times)
    @ ~/.julia/packages/BenchmarkTools/ZtsPk/src/execution.jl:330 [inlined]
  [9] macro expansion
    @ ~/.julia/packages/BenchmarkTools/ZtsPk/src/execution.jl:503 [inlined]
 [10] test()
    @ ShannonSwitchingGame ~/Documents/computerorientierte_Mathematik_II/Programmierprojekt/ShannonSwitchingGame/src/Wettbewerbsstrategie_Hilfsfunktionen.jl:532
 [11] top-level scope
    @ REPL[7]:1
 [12] eval(m::Module, e::Any)
    @ Core ./boot.jl:489
 [13] eval
    @ ./Base_compiler.jl:146 [inlined]
 [14] repleval(m::Module, code::Expr, ::String)
    @ VSCodeServer ~/.vscode/extensions/julialang.language-julia-1.219.2/scripts/packages/VSCodeServer/src/repl.jl:278
 [15] #evalrepl##2
    @ ~/.vscode/extensions/julialang.language-julia-1.219.2/scripts/packages/VSCodeServer/src/repl.jl:241 [inlined]
 [16] with_logstate(f::VSCodeServer.var"#evalrepl##2#evalrepl##3"{Module, Expr, REPL.LineEditREPL, REPL.LineEdit.Prompt}, logstate::Base.CoreLogging.LogState)
    @ Base.CoreLogging ./logging/logging.jl:542
 [17] with_logger
    @ ./logging/logging.jl:653 [inlined]
 [18] (::VSCodeServer.var"#evalrepl##0#evalrepl##1"{Module, Expr, REPL.LineEditREPL, REPL.LineEdit.Prompt})()
    @ VSCodeServer ~/.vscode/extensions/julialang.language-julia-1.219.2/scripts/packages/VSCodeServer/src/repl.jl:242
 [19] (::VSCodeServer.var"#start_eval_backend##0#start_eval_backend##1")()
    @ VSCodeServer ~/.vscode/extensions/julialang.language-julia-1.219.2/scripts/packages/VSCodeServer/src/eval.jl:34


ERROR in weighted_cut (Spiel 1)
n=23, m=37
UndefVarError: `game` not defined in `ShannonSwitchingGame`
Suggestion: check for spelling errors or missing imports.
Stacktrace:
  [1] var"##core#279"()
    @ ShannonSwitchingGame ~/.julia/packages/BenchmarkTools/ZtsPk/src/execution.jl:647
  [2] var"##sample#280"(::Tuple{}, __params::BenchmarkTools.Parameters, __sample_ref::Base.RefValue{Tuple{Float64, Float64, Int64, Int64}}, __result_ref::Nothing)
    @ ShannonSwitchingGame ~/.julia/packages/BenchmarkTools/ZtsPk/src/execution.jl:659
  [3] _lineartrial(b::BenchmarkTools.Benchmark, p::BenchmarkTools.Parameters; maxevals::Int64, kwargs::@Kwargs{})
    @ BenchmarkTools ~/.julia/packages/BenchmarkTools/ZtsPk/src/execution.jl:222
  [4] _lineartrial(b::BenchmarkTools.Benchmark, p::BenchmarkTools.Parameters)
    @ BenchmarkTools ~/.julia/packages/BenchmarkTools/ZtsPk/src/execution.jl:216
  [5] #lineartrial#32
    @ ~/.julia/packages/BenchmarkTools/ZtsPk/src/execution.jl:53 [inlined]
  [6] lineartrial
    @ ~/.julia/packages/BenchmarkTools/ZtsPk/src/execution.jl:52 [inlined]
  [7] tune!(b::BenchmarkTools.Benchmark, p::BenchmarkTools.Parameters; progressid::Nothing, nleaves::Float64, ndone::Float64, verbose::Bool, pad::String, kwargs::@Kwargs{})
    @ BenchmarkTools ~/.julia/packages/BenchmarkTools/ZtsPk/src/execution.jl:341
  [8] tune! (repeats 2 times)
    @ ~/.julia/packages/BenchmarkTools/ZtsPk/src/execution.jl:330 [inlined]
  [9] macro expansion
    @ ~/.julia/packages/BenchmarkTools/ZtsPk/src/execution.jl:503 [inlined]
 [10] test()
    @ ShannonSwitchingGame ~/Documents/computerorientierte_Mathematik_II/Programmierprojekt/ShannonSwitchingGame/src/Wettbewerbsstrategie_Hilfsfunktionen.jl:532
 [11] top-level scope
    @ REPL[7]:1
 [12] eval(m::Module, e::Any)
    @ Core ./boot.jl:489
 [13] eval
    @ ./Base_compiler.jl:146 [inlined]
 [14] repleval(m::Module, code::Expr, ::String)
    @ VSCodeServer ~/.vscode/extensions/julialang.language-julia-1.219.2/scripts/packages/VSCodeServer/src/repl.jl:278
 [15] #evalrepl##2
    @ ~/.vscode/extensions/julialang.language-julia-1.219.2/scripts/packages/VSCodeServer/src/repl.jl:241 [inlined]
 [16] with_logstate(f::VSCodeServer.var"#evalrepl##2#evalrepl##3"{Module, Expr, REPL.LineEditREPL, REPL.LineEdit.Prompt}, logstate::Base.CoreLogging.LogState)
    @ Base.CoreLogging ./logging/logging.jl:542
 [17] with_logger
    @ ./logging/logging.jl:653 [inlined]
 [18] (::VSCodeServer.var"#evalrepl##0#evalrepl##1"{Module, Expr, REPL.LineEditREPL, REPL.LineEdit.Prompt})()
    @ VSCodeServer ~/.vscode/extensions/julialang.language-julia-1.219.2/scripts/packages/VSCodeServer/src/repl.jl:242
 [19] (::VSCodeServer.var"#start_eval_backend##0#start_eval_backend##1")()
    @ VSCodeServer ~/.vscode/extensions/julialang.language-julia-1.219.2/scripts/packages/VSCodeServer/src/eval.jl:34


ERROR in weighted_cut (Spiel 1)
n=23, m=37
UndefVarError: `game` not defined in `ShannonSwitchingGame`
Suggestion: check for spelling errors or missing imports.
Stacktrace:
  [1] var"##core#279"()
    @ ShannonSwitchingGame ~/.julia/packages/BenchmarkTools/ZtsPk/src/execution.jl:647
  [2] var"##sample#280"(::Tuple{}, __params::BenchmarkTools.Parameters, __sample_ref::Base.RefValue{Tuple{Float64, Float64, Int64, Int64}}, __result_ref::Nothing)
    @ ShannonSwitchingGame ~/.julia/packages/BenchmarkTools/ZtsPk/src/execution.jl:659
  [3] _lineartrial(b::BenchmarkTools.Benchmark, p::BenchmarkTools.Parameters; maxevals::Int64, kwargs::@Kwargs{})
    @ BenchmarkTools ~/.julia/packages/BenchmarkTools/ZtsPk/src/execution.jl:222
  [4] _lineartrial(b::BenchmarkTools.Benchmark, p::BenchmarkTools.Parameters)
    @ BenchmarkTools ~/.julia/packages/BenchmarkTools/ZtsPk/src/execution.jl:216
  [5] #lineartrial#32
    @ ~/.julia/packages/BenchmarkTools/ZtsPk/src/execution.jl:53 [inlined]
  [6] lineartrial
    @ ~/.julia/packages/BenchmarkTools/ZtsPk/src/execution.jl:52 [inlined]
  [7] tune!(b::BenchmarkTools.Benchmark, p::BenchmarkTools.Parameters; progressid::Nothing, nleaves::Float64, ndone::Float64, verbose::Bool, pad::String, kwargs::@Kwargs{})
    @ BenchmarkTools ~/.julia/packages/BenchmarkTools/ZtsPk/src/execution.jl:341
  [8] tune! (repeats 2 times)
    @ ~/.julia/packages/BenchmarkTools/ZtsPk/src/execution.jl:330 [inlined]
  [9] macro expansion
    @ ~/.julia/packages/BenchmarkTools/ZtsPk/src/execution.jl:503 [inlined]
 [10] test()
    @ ShannonSwitchingGame ~/Documents/computerorientierte_Mathematik_II/Programmierprojekt/ShannonSwitchingGame/src/Wettbewerbsstrategie_Hilfsfunktionen.jl:532
 [11] top-level scope
    @ REPL[7]:1
 [12] eval(m::Module, e::Any)
    @ Core ./boot.jl:489
 [13] eval
    @ ./Base_compiler.jl:146 [inlined]
 [14] repleval(m::Module, code::Expr, ::String)
    @ VSCodeServer ~/.vscode/extensions/julialang.language-julia-1.219.2/scripts/packages/VSCodeServer/src/repl.jl:278
 [15] #evalrepl##2
    @ ~/.vscode/extensions/julialang.language-julia-1.219.2/scripts/packages/VSCodeServer/src/repl.jl:241 [inlined]
 [16] with_logstate(f::VSCodeServer.var"#evalrepl##2#evalrepl##3"{Module, Expr, REPL.LineEditREPL, REPL.LineEdit.Prompt}, logstate::Base.CoreLogging.LogState)
    @ Base.CoreLogging ./logging/logging.jl:542
 [17] with_logger
    @ ./logging/logging.jl:653 [inlined]
 [18] (::VSCodeServer.var"#evalrepl##0#evalrepl##1"{Module, Expr, REPL.LineEditREPL, REPL.LineEdit.Prompt})()
    @ VSCodeServer ~/.vscode/extensions/julialang.language-julia-1.219.2/scripts/packages/VSCodeServer/src/repl.jl:242
 [19] (::VSCodeServer.var"#start_eval_backend##0#start_eval_backend##1")()
    @ VSCodeServer ~/.vscode/extensions/julialang.language-julia-1.219.2/scripts/packages/VSCodeServer/src/eval.jl:34


ERROR in weighted_cut (Spiel 1)
n=23, m=37
UndefVarError: `game` not defined in `ShannonSwitchingGame`
Suggestion: check for spelling errors or missing imports.
Stacktrace:
  [1] var"##core#279"()
    @ ShannonSwitchingGame ~/.julia/packages/BenchmarkTools/ZtsPk/src/execution.jl:647
  [2] var"##sample#280"(::Tuple{}, __params::BenchmarkTools.Parameters, __sample_ref::Base.RefValue{Tuple{Float64, Float64, Int64, Int64}}, __result_ref::Nothing)
    @ ShannonSwitchingGame ~/.julia/packages/BenchmarkTools/ZtsPk/src/execution.jl:659
  [3] _lineartrial(b::BenchmarkTools.Benchmark, p::BenchmarkTools.Parameters; maxevals::Int64, kwargs::@Kwargs{})
    @ BenchmarkTools ~/.julia/packages/BenchmarkTools/ZtsPk/src/execution.jl:222
  [4] _lineartrial(b::BenchmarkTools.Benchmark, p::BenchmarkTools.Parameters)
    @ BenchmarkTools ~/.julia/packages/BenchmarkTools/ZtsPk/src/execution.jl:216
  [5] #lineartrial#32
    @ ~/.julia/packages/BenchmarkTools/ZtsPk/src/execution.jl:53 [inlined]
  [6] lineartrial
    @ ~/.julia/packages/BenchmarkTools/ZtsPk/src/execution.jl:52 [inlined]
  [7] tune!(b::BenchmarkTools.Benchmark, p::BenchmarkTools.Parameters; progressid::Nothing, nleaves::Float64, ndone::Float64, verbose::Bool, pad::String, kwargs::@Kwargs{})
    @ BenchmarkTools ~/.julia/packages/BenchmarkTools/ZtsPk/src/execution.jl:341
  [8] tune! (repeats 2 times)
    @ ~/.julia/packages/BenchmarkTools/ZtsPk/src/execution.jl:330 [inlined]
  [9] macro expansion
    @ ~/.julia/packages/BenchmarkTools/ZtsPk/src/execution.jl:503 [inlined]
 [10] test()
    @ ShannonSwitchingGame ~/Documents/computerorientierte_Mathematik_II/Programmierprojekt/ShannonSwitchingGame/src/Wettbewerbsstrategie_Hilfsfunktionen.jl:532
 [11] top-level scope
    @ REPL[7]:1
 [12] eval(m::Module, e::Any)
    @ Core ./boot.jl:489
 [13] eval
    @ ./Base_compiler.jl:146 [inlined]
 [14] repleval(m::Module, code::Expr, ::String)
    @ VSCodeServer ~/.vscode/extensions/julialang.language-julia-1.219.2/scripts/packages/VSCodeServer/src/repl.jl:278
 [15] #evalrepl##2
    @ ~/.vscode/extensions/julialang.language-julia-1.219.2/scripts/packages/VSCodeServer/src/repl.jl:241 [inlined]
 [16] with_logstate(f::VSCodeServer.var"#evalrepl##2#evalrepl##3"{Module, Expr, REPL.LineEditREPL, REPL.LineEdit.Prompt}, logstate::Base.CoreLogging.LogState)
    @ Base.CoreLogging ./logging/logging.jl:542
 [17] with_logger
    @ ./logging/logging.jl:653 [inlined]
 [18] (::VSCodeServer.var"#evalrepl##0#evalrepl##1"{Module, Expr, REPL.LineEditREPL, REPL.LineEdit.Prompt})()
    @ VSCodeServer ~/.vscode/extensions/julialang.language-julia-1.219.2/scripts/packages/VSCodeServer/src/repl.jl:242
 [19] (::VSCodeServer.var"#start_eval_backend##0#start_eval_backend##1")()
    @ VSCodeServer ~/.vscode/extensions/julialang.language-julia-1.219.2/scripts/packages/VSCodeServer/src/eval.jl:34


ERROR in weighted_short (Spiel 1)
n=23, m=37
UndefVarError: `game` not defined in `ShannonSwitchingGame`
Suggestion: check for spelling errors or missing imports.
Stacktrace:
  [1] var"##core#281"()
    @ ShannonSwitchingGame ~/.julia/packages/BenchmarkTools/ZtsPk/src/execution.jl:647
  [2] var"##sample#282"(::Tuple{}, __params::BenchmarkTools.Parameters, __sample_ref::Base.RefValue{Tuple{Float64, Float64, Int64, Int64}}, __result_ref::Nothing)
    @ ShannonSwitchingGame ~/.julia/packages/BenchmarkTools/ZtsPk/src/execution.jl:659
  [3] _lineartrial(b::BenchmarkTools.Benchmark, p::BenchmarkTools.Parameters; maxevals::Int64, kwargs::@Kwargs{})
    @ BenchmarkTools ~/.julia/packages/BenchmarkTools/ZtsPk/src/execution.jl:222
  [4] _lineartrial(b::BenchmarkTools.Benchmark, p::BenchmarkTools.Parameters)
    @ BenchmarkTools ~/.julia/packages/BenchmarkTools/ZtsPk/src/execution.jl:216
  [5] #lineartrial#32
    @ ~/.julia/packages/BenchmarkTools/ZtsPk/src/execution.jl:53 [inlined]
  [6] lineartrial
    @ ~/.julia/packages/BenchmarkTools/ZtsPk/src/execution.jl:52 [inlined]
  [7] tune!(b::BenchmarkTools.Benchmark, p::BenchmarkTools.Parameters; progressid::Nothing, nleaves::Float64, ndone::Float64, verbose::Bool, pad::String, kwargs::@Kwargs{})
    @ BenchmarkTools ~/.julia/packages/BenchmarkTools/ZtsPk/src/execution.jl:341
  [8] tune! (repeats 2 times)
    @ ~/.julia/packages/BenchmarkTools/ZtsPk/src/execution.jl:330 [inlined]
  [9] macro expansion
    @ ~/.julia/packages/BenchmarkTools/ZtsPk/src/execution.jl:503 [inlined]
 [10] test()
    @ ShannonSwitchingGame ~/Documents/computerorientierte_Mathematik_II/Programmierprojekt/ShannonSwitchingGame/src/Wettbewerbsstrategie_Hilfsfunktionen.jl:581
 [11] top-level scope
    @ REPL[7]:1
 [12] eval(m::Module, e::Any)
    @ Core ./boot.jl:489
 [13] eval
    @ ./Base_compiler.jl:146 [inlined]
 [14] repleval(m::Module, code::Expr, ::String)
    @ VSCodeServer ~/.vscode/extensions/julialang.language-julia-1.219.2/scripts/packages/VSCodeServer/src/repl.jl:278
 [15] #evalrepl##2
    @ ~/.vscode/extensions/julialang.language-julia-1.219.2/scripts/packages/VSCodeServer/src/repl.jl:241 [inlined]
 [16] with_logstate(f::VSCodeServer.var"#evalrepl##2#evalrepl##3"{Module, Expr, REPL.LineEditREPL, REPL.LineEdit.Prompt}, logstate::Base.CoreLogging.LogState)
    @ Base.CoreLogging ./logging/logging.jl:542
 [17] with_logger
    @ ./logging/logging.jl:653 [inlined]
 [18] (::VSCodeServer.var"#evalrepl##0#evalrepl##1"{Module, Expr, REPL.LineEditREPL, REPL.LineEdit.Prompt})()
    @ VSCodeServer ~/.vscode/extensions/julialang.language-julia-1.219.2/scripts/packages/VSCodeServer/src/repl.jl:242
 [19] (::VSCodeServer.var"#start_eval_backend##0#start_eval_backend##1")()
    @ VSCodeServer ~/.vscode/extensions/julialang.language-julia-1.219.2/scripts/packages/VSCodeServer/src/eval.jl:34

ERROR in weighted_short (Spiel 1)
n=23, m=37
UndefVarError: `game` not defined in `ShannonSwitchingGame`
Suggestion: check for spelling errors or missing imports.
Stacktrace:
  [1] var"##core#281"()
    @ ShannonSwitchingGame ~/.julia/packages/BenchmarkTools/ZtsPk/src/execution.jl:647
  [2] var"##sample#282"(::Tuple{}, __params::BenchmarkTools.Parameters, __sample_ref::Base.RefValue{Tuple{Float64, Float64, Int64, Int64}}, __result_ref::Nothing)
    @ ShannonSwitchingGame ~/.julia/packages/BenchmarkTools/ZtsPk/src/execution.jl:659
  [3] _lineartrial(b::BenchmarkTools.Benchmark, p::BenchmarkTools.Parameters; maxevals::Int64, kwargs::@Kwargs{})
    @ BenchmarkTools ~/.julia/packages/BenchmarkTools/ZtsPk/src/execution.jl:222
  [4] _lineartrial(b::BenchmarkTools.Benchmark, p::BenchmarkTools.Parameters)
    @ BenchmarkTools ~/.julia/packages/BenchmarkTools/ZtsPk/src/execution.jl:216
  [5] #lineartrial#32
    @ ~/.julia/packages/BenchmarkTools/ZtsPk/src/execution.jl:53 [inlined]
  [6] lineartrial
    @ ~/.julia/packages/BenchmarkTools/ZtsPk/src/execution.jl:52 [inlined]
  [7] tune!(b::BenchmarkTools.Benchmark, p::BenchmarkTools.Parameters; progressid::Nothing, nleaves::Float64, ndone::Float64, verbose::Bool, pad::String, kwargs::@Kwargs{})
    @ BenchmarkTools ~/.julia/packages/BenchmarkTools/ZtsPk/src/execution.jl:341
  [8] tune! (repeats 2 times)
    @ ~/.julia/packages/BenchmarkTools/ZtsPk/src/execution.jl:330 [inlined]
  [9] macro expansion
    @ ~/.julia/packages/BenchmarkTools/ZtsPk/src/execution.jl:503 [inlined]
 [10] test()
    @ ShannonSwitchingGame ~/Documents/computerorientierte_Mathematik_II/Programmierprojekt/ShannonSwitchingGame/src/Wettbewerbsstrategie_Hilfsfunktionen.jl:581
 [11] top-level scope
    @ REPL[7]:1
 [12] eval(m::Module, e::Any)
    @ Core ./boot.jl:489
 [13] eval
    @ ./Base_compiler.jl:146 [inlined]
 [14] repleval(m::Module, code::Expr, ::String)
    @ VSCodeServer ~/.vscode/extensions/julialang.language-julia-1.219.2/scripts/packages/VSCodeServer/src/repl.jl:278
 [15] #evalrepl##2
    @ ~/.vscode/extensions/julialang.language-julia-1.219.2/scripts/packages/VSCodeServer/src/repl.jl:241 [inlined]
 [16] with_logstate(f::VSCodeServer.var"#evalrepl##2#evalrepl##3"{Module, Expr, REPL.LineEditREPL, REPL.LineEdit.Prompt}, logstate::Base.CoreLogging.LogState)
    @ Base.CoreLogging ./logging/logging.jl:542
 [17] with_logger
    @ ./logging/logging.jl:653 [inlined]
 [18] (::VSCodeServer.var"#evalrepl##0#evalrepl##1"{Module, Expr, REPL.LineEditREPL, REPL.LineEdit.Prompt})()
    @ VSCodeServer ~/.vscode/extensions/julialang.language-julia-1.219.2/scripts/packages/VSCodeServer/src/repl.jl:242
 [19] (::VSCodeServer.var"#start_eval_backend##0#start_eval_backend##1")()
    @ VSCodeServer ~/.vscode/extensions/julialang.language-julia-1.219.2/scripts/packages/VSCodeServer/src/eval.jl:34

ERROR in weighted_short (Spiel 1)
n=23, m=37
UndefVarError: `game` not defined in `ShannonSwitchingGame`
Suggestion: check for spelling errors or missing imports.
Stacktrace:
  [1] var"##core#281"()
    @ ShannonSwitchingGame ~/.julia/packages/BenchmarkTools/ZtsPk/src/execution.jl:647
  [2] var"##sample#282"(::Tuple{}, __params::BenchmarkTools.Parameters, __sample_ref::Base.RefValue{Tuple{Float64, Float64, Int64, Int64}}, __result_ref::Nothing)
    @ ShannonSwitchingGame ~/.julia/packages/BenchmarkTools/ZtsPk/src/execution.jl:659
  [3] _lineartrial(b::BenchmarkTools.Benchmark, p::BenchmarkTools.Parameters; maxevals::Int64, kwargs::@Kwargs{})
    @ BenchmarkTools ~/.julia/packages/BenchmarkTools/ZtsPk/src/execution.jl:222
  [4] _lineartrial(b::BenchmarkTools.Benchmark, p::BenchmarkTools.Parameters)
    @ BenchmarkTools ~/.julia/packages/BenchmarkTools/ZtsPk/src/execution.jl:216
  [5] #lineartrial#32
    @ ~/.julia/packages/BenchmarkTools/ZtsPk/src/execution.jl:53 [inlined]
  [6] lineartrial
    @ ~/.julia/packages/BenchmarkTools/ZtsPk/src/execution.jl:52 [inlined]
  [7] tune!(b::BenchmarkTools.Benchmark, p::BenchmarkTools.Parameters; progressid::Nothing, nleaves::Float64, ndone::Float64, verbose::Bool, pad::String, kwargs::@Kwargs{})
    @ BenchmarkTools ~/.julia/packages/BenchmarkTools/ZtsPk/src/execution.jl:341
  [8] tune! (repeats 2 times)
    @ ~/.julia/packages/BenchmarkTools/ZtsPk/src/execution.jl:330 [inlined]
  [9] macro expansion
    @ ~/.julia/packages/BenchmarkTools/ZtsPk/src/execution.jl:503 [inlined]
 [10] test()
    @ ShannonSwitchingGame ~/Documents/computerorientierte_Mathematik_II/Programmierprojekt/ShannonSwitchingGame/src/Wettbewerbsstrategie_Hilfsfunktionen.jl:581
 [11] top-level scope
    @ REPL[7]:1
 [12] eval(m::Module, e::Any)
    @ Core ./boot.jl:489
 [13] eval
    @ ./Base_compiler.jl:146 [inlined]
 [14] repleval(m::Module, code::Expr, ::String)
    @ VSCodeServer ~/.vscode/extensions/julialang.language-julia-1.219.2/scripts/packages/VSCodeServer/src/repl.jl:278
 [15] #evalrepl##2
    @ ~/.vscode/extensions/julialang.language-julia-1.219.2/scripts/packages/VSCodeServer/src/repl.jl:241 [inlined]
 [16] with_logstate(f::VSCodeServer.var"#evalrepl##2#evalrepl##3"{Module, Expr, REPL.LineEditREPL, REPL.LineEdit.Prompt}, logstate::Base.CoreLogging.LogState)
    @ Base.CoreLogging ./logging/logging.jl:542
 [17] with_logger
    @ ./logging/logging.jl:653 [inlined]
 [18] (::VSCodeServer.var"#evalrepl##0#evalrepl##1"{Module, Expr, REPL.LineEditREPL, REPL.LineEdit.Prompt})()
    @ VSCodeServer ~/.vscode/extensions/julialang.language-julia-1.219.2/scripts/packages/VSCodeServer/src/repl.jl:242
 [19] (::VSCodeServer.var"#start_eval_backend##0#start_eval_backend##1")()
    @ VSCodeServer ~/.vscode/extensions/julialang.language-julia-1.219.2/scripts/packages/VSCodeServer/src/eval.jl:34

ERROR in weighted_short (Spiel 1)
n=23, m=37
UndefVarError: `game` not defined in `ShannonSwitchingGame`
Suggestion: check for spelling errors or missing imports.
Stacktrace:
  [1] var"##core#281"()
    @ ShannonSwitchingGame ~/.julia/packages/BenchmarkTools/ZtsPk/src/execution.jl:647
  [2] var"##sample#282"(::Tuple{}, __params::BenchmarkTools.Parameters, __sample_ref::Base.RefValue{Tuple{Float64, Float64, Int64, Int64}}, __result_ref::Nothing)
    @ ShannonSwitchingGame ~/.julia/packages/BenchmarkTools/ZtsPk/src/execution.jl:659
  [3] _lineartrial(b::BenchmarkTools.Benchmark, p::BenchmarkTools.Parameters; maxevals::Int64, kwargs::@Kwargs{})
    @ BenchmarkTools ~/.julia/packages/BenchmarkTools/ZtsPk/src/execution.jl:222
  [4] _lineartrial(b::BenchmarkTools.Benchmark, p::BenchmarkTools.Parameters)
    @ BenchmarkTools ~/.julia/packages/BenchmarkTools/ZtsPk/src/execution.jl:216
  [5] #lineartrial#32
    @ ~/.julia/packages/BenchmarkTools/ZtsPk/src/execution.jl:53 [inlined]
  [6] lineartrial
    @ ~/.julia/packages/BenchmarkTools/ZtsPk/src/execution.jl:52 [inlined]
  [7] tune!(b::BenchmarkTools.Benchmark, p::BenchmarkTools.Parameters; progressid::Nothing, nleaves::Float64, ndone::Float64, verbose::Bool, pad::String, kwargs::@Kwargs{})
    @ BenchmarkTools ~/.julia/packages/BenchmarkTools/ZtsPk/src/execution.jl:341
  [8] tune! (repeats 2 times)
    @ ~/.julia/packages/BenchmarkTools/ZtsPk/src/execution.jl:330 [inlined]
  [9] macro expansion
    @ ~/.julia/packages/BenchmarkTools/ZtsPk/src/execution.jl:503 [inlined]
 [10] test()
    @ ShannonSwitchingGame ~/Documents/computerorientierte_Mathematik_II/Programmierprojekt/ShannonSwitchingGame/src/Wettbewerbsstrategie_Hilfsfunktionen.jl:581
 [11] top-level scope
    @ REPL[7]:1
 [12] eval(m::Module, e::Any)
    @ Core ./boot.jl:489
 [13] eval
    @ ./Base_compiler.jl:146 [inlined]
 [14] repleval(m::Module, code::Expr, ::String)
    @ VSCodeServer ~/.vscode/extensions/julialang.language-julia-1.219.2/scripts/packages/VSCodeServer/src/repl.jl:278
 [15] #evalrepl##2
    @ ~/.vscode/extensions/julialang.language-julia-1.219.2/scripts/packages/VSCodeServer/src/repl.jl:241 [inlined]
 [16] with_logstate(f::VSCodeServer.var"#evalrepl##2#evalrepl##3"{Module, Expr, REPL.LineEditREPL, REPL.LineEdit.Prompt}, logstate::Base.CoreLogging.LogState)
    @ Base.CoreLogging ./logging/logging.jl:542
 [17] with_logger
    @ ./logging/logging.jl:653 [inlined]
 [18] (::VSCodeServer.var"#evalrepl##0#evalrepl##1"{Module, Expr, REPL.LineEditREPL, REPL.LineEdit.Prompt})()
    @ VSCodeServer ~/.vscode/extensions/julialang.language-julia-1.219.2/scripts/packages/VSCodeServer/src/repl.jl:242
 [19] (::VSCodeServer.var"#start_eval_backend##0#start_eval_backend##1")()
    @ VSCodeServer ~/.vscode/extensions/julialang.language-julia-1.219.2/scripts/packages/VSCodeServer/src/eval.jl:34

ERROR in weighted_short (Spiel 1)
n=23, m=37
UndefVarError: `game` not defined in `ShannonSwitchingGame`
Suggestion: check for spelling errors or missing imports.
Stacktrace:
  [1] var"##core#281"()
    @ ShannonSwitchingGame ~/.julia/packages/BenchmarkTools/ZtsPk/src/execution.jl:647
  [2] var"##sample#282"(::Tuple{}, __params::BenchmarkTools.Parameters, __sample_ref::Base.RefValue{Tuple{Float64, Float64, Int64, Int64}}, __result_ref::Nothing)
    @ ShannonSwitchingGame ~/.julia/packages/BenchmarkTools/ZtsPk/src/execution.jl:659
  [3] _lineartrial(b::BenchmarkTools.Benchmark, p::BenchmarkTools.Parameters; maxevals::Int64, kwargs::@Kwargs{})
    @ BenchmarkTools ~/.julia/packages/BenchmarkTools/ZtsPk/src/execution.jl:222
  [4] _lineartrial(b::BenchmarkTools.Benchmark, p::BenchmarkTools.Parameters)
    @ BenchmarkTools ~/.julia/packages/BenchmarkTools/ZtsPk/src/execution.jl:216
  [5] #lineartrial#32
    @ ~/.julia/packages/BenchmarkTools/ZtsPk/src/execution.jl:53 [inlined]
  [6] lineartrial
    @ ~/.julia/packages/BenchmarkTools/ZtsPk/src/execution.jl:52 [inlined]
  [7] tune!(b::BenchmarkTools.Benchmark, p::BenchmarkTools.Parameters; progressid::Nothing, nleaves::Float64, ndone::Float64, verbose::Bool, pad::String, kwargs::@Kwargs{})
    @ BenchmarkTools ~/.julia/packages/BenchmarkTools/ZtsPk/src/execution.jl:341
  [8] tune! (repeats 2 times)
    @ ~/.julia/packages/BenchmarkTools/ZtsPk/src/execution.jl:330 [inlined]
  [9] macro expansion
    @ ~/.julia/packages/BenchmarkTools/ZtsPk/src/execution.jl:503 [inlined]
 [10] test()
    @ ShannonSwitchingGame ~/Documents/computerorientierte_Mathematik_II/Programmierprojekt/ShannonSwitchingGame/src/Wettbewerbsstrategie_Hilfsfunktionen.jl:581
 [11] top-level scope
    @ REPL[7]:1
 [12] eval(m::Module, e::Any)
    @ Core ./boot.jl:489
 [13] eval
    @ ./Base_compiler.jl:146 [inlined]
 [14] repleval(m::Module, code::Expr, ::String)
    @ VSCodeServer ~/.vscode/extensions/julialang.language-julia-1.219.2/scripts/packages/VSCodeServer/src/repl.jl:278
 [15] #evalrepl##2
    @ ~/.vscode/extensions/julialang.language-julia-1.219.2/scripts/packages/VSCodeServer/src/repl.jl:241 [inlined]
 [16] with_logstate(f::VSCodeServer.var"#evalrepl##2#evalrepl##3"{Module, Expr, REPL.LineEditREPL, REPL.LineEdit.Prompt}, logstate::Base.CoreLogging.LogState)
    @ Base.CoreLogging ./logging/logging.jl:542
 [17] with_logger
    @ ./logging/logging.jl:653 [inlined]
 [18] (::VSCodeServer.var"#evalrepl##0#evalrepl##1"{Module, Expr, REPL.LineEditREPL, REPL.LineEdit.Prompt})()
    @ VSCodeServer ~/.vscode/extensions/julialang.language-julia-1.219.2/scripts/packages/VSCodeServer/src/repl.jl:242
 [19] (::VSCodeServer.var"#start_eval_backend##0#start_eval_backend##1")()
    @ VSCodeServer ~/.vscode/extensions/julialang.language-julia-1.219.2/scripts/packages/VSCodeServer/src/eval.jl:34

ERROR in weighted_short (Spiel 1)
n=23, m=37
UndefVarError: `game` not defined in `ShannonSwitchingGame`
Suggestion: check for spelling errors or missing imports.
Stacktrace:
  [1] var"##core#281"()
    @ ShannonSwitchingGame ~/.julia/packages/BenchmarkTools/ZtsPk/src/execution.jl:647
  [2] var"##sample#282"(::Tuple{}, __params::BenchmarkTools.Parameters, __sample_ref::Base.RefValue{Tuple{Float64, Float64, Int64, Int64}}, __result_ref::Nothing)
    @ ShannonSwitchingGame ~/.julia/packages/BenchmarkTools/ZtsPk/src/execution.jl:659
  [3] _lineartrial(b::BenchmarkTools.Benchmark, p::BenchmarkTools.Parameters; maxevals::Int64, kwargs::@Kwargs{})
    @ BenchmarkTools ~/.julia/packages/BenchmarkTools/ZtsPk/src/execution.jl:222
  [4] _lineartrial(b::BenchmarkTools.Benchmark, p::BenchmarkTools.Parameters)
    @ BenchmarkTools ~/.julia/packages/BenchmarkTools/ZtsPk/src/execution.jl:216
  [5] #lineartrial#32
    @ ~/.julia/packages/BenchmarkTools/ZtsPk/src/execution.jl:53 [inlined]
  [6] lineartrial
    @ ~/.julia/packages/BenchmarkTools/ZtsPk/src/execution.jl:52 [inlined]
  [7] tune!(b::BenchmarkTools.Benchmark, p::BenchmarkTools.Parameters; progressid::Nothing, nleaves::Float64, ndone::Float64, verbose::Bool, pad::String, kwargs::@Kwargs{})
    @ BenchmarkTools ~/.julia/packages/BenchmarkTools/ZtsPk/src/execution.jl:341
  [8] tune! (repeats 2 times)
    @ ~/.julia/packages/BenchmarkTools/ZtsPk/src/execution.jl:330 [inlined]
  [9] macro expansion
    @ ~/.julia/packages/BenchmarkTools/ZtsPk/src/execution.jl:503 [inlined]
 [10] test()
    @ ShannonSwitchingGame ~/Documents/computerorientierte_Mathematik_II/Programmierprojekt/ShannonSwitchingGame/src/Wettbewerbsstrategie_Hilfsfunktionen.jl:581
 [11] top-level scope
    @ REPL[7]:1
 [12] eval(m::Module, e::Any)
    @ Core ./boot.jl:489
 [13] eval
    @ ./Base_compiler.jl:146 [inlined]
 [14] repleval(m::Module, code::Expr, ::String)
    @ VSCodeServer ~/.vscode/extensions/julialang.language-julia-1.219.2/scripts/packages/VSCodeServer/src/repl.jl:278
 [15] #evalrepl##2
    @ ~/.vscode/extensions/julialang.language-julia-1.219.2/scripts/packages/VSCodeServer/src/repl.jl:241 [inlined]
 [16] with_logstate(f::VSCodeServer.var"#evalrepl##2#evalrepl##3"{Module, Expr, REPL.LineEditREPL, REPL.LineEdit.Prompt}, logstate::Base.CoreLogging.LogState)
    @ Base.CoreLogging ./logging/logging.jl:542
 [17] with_logger
    @ ./logging/logging.jl:653 [inlined]
 [18] (::VSCodeServer.var"#evalrepl##0#evalrepl##1"{Module, Expr, REPL.LineEditREPL, REPL.LineEdit.Prompt})()
    @ VSCodeServer ~/.vscode/extensions/julialang.language-julia-1.219.2/scripts/packages/VSCodeServer/src/repl.jl:242
 [19] (::VSCodeServer.var"#start_eval_backend##0#start_eval_backend##1")()
    @ VSCodeServer ~/.vscode/extensions/julialang.language-julia-1.219.2/scripts/packages/VSCodeServer/src/eval.jl:34

ERROR in weighted_short (Spiel 1)
n=23, m=37
UndefVarError: `game` not defined in `ShannonSwitchingGame`
Suggestion: check for spelling errors or missing imports.
Stacktrace:
  [1] var"##core#281"()
    @ ShannonSwitchingGame ~/.julia/packages/BenchmarkTools/ZtsPk/src/execution.jl:647
  [2] var"##sample#282"(::Tuple{}, __params::BenchmarkTools.Parameters, __sample_ref::Base.RefValue{Tuple{Float64, Float64, Int64, Int64}}, __result_ref::Nothing)
    @ ShannonSwitchingGame ~/.julia/packages/BenchmarkTools/ZtsPk/src/execution.jl:659
  [3] _lineartrial(b::BenchmarkTools.Benchmark, p::BenchmarkTools.Parameters; maxevals::Int64, kwargs::@Kwargs{})
    @ BenchmarkTools ~/.julia/packages/BenchmarkTools/ZtsPk/src/execution.jl:222
  [4] _lineartrial(b::BenchmarkTools.Benchmark, p::BenchmarkTools.Parameters)
    @ BenchmarkTools ~/.julia/packages/BenchmarkTools/ZtsPk/src/execution.jl:216
  [5] #lineartrial#32
    @ ~/.julia/packages/BenchmarkTools/ZtsPk/src/execution.jl:53 [inlined]
  [6] lineartrial
    @ ~/.julia/packages/BenchmarkTools/ZtsPk/src/execution.jl:52 [inlined]
  [7] tune!(b::BenchmarkTools.Benchmark, p::BenchmarkTools.Parameters; progressid::Nothing, nleaves::Float64, ndone::Float64, verbose::Bool, pad::String, kwargs::@Kwargs{})
    @ BenchmarkTools ~/.julia/packages/BenchmarkTools/ZtsPk/src/execution.jl:341
  [8] tune! (repeats 2 times)
    @ ~/.julia/packages/BenchmarkTools/ZtsPk/src/execution.jl:330 [inlined]
  [9] macro expansion
    @ ~/.julia/packages/BenchmarkTools/ZtsPk/src/execution.jl:503 [inlined]
 [10] test()
    @ ShannonSwitchingGame ~/Documents/computerorientierte_Mathematik_II/Programmierprojekt/ShannonSwitchingGame/src/Wettbewerbsstrategie_Hilfsfunktionen.jl:581
 [11] top-level scope
    @ REPL[7]:1
 [12] eval(m::Module, e::Any)
    @ Core ./boot.jl:489
 [13] eval
    @ ./Base_compiler.jl:146 [inlined]
 [14] repleval(m::Module, code::Expr, ::String)
    @ VSCodeServer ~/.vscode/extensions/julialang.language-julia-1.219.2/scripts/packages/VSCodeServer/src/repl.jl:278
 [15] #evalrepl##2
    @ ~/.vscode/extensions/julialang.language-julia-1.219.2/scripts/packages/VSCodeServer/src/repl.jl:241 [inlined]
 [16] with_logstate(f::VSCodeServer.var"#evalrepl##2#evalrepl##3"{Module, Expr, REPL.LineEditREPL, REPL.LineEdit.Prompt}, logstate::Base.CoreLogging.LogState)
    @ Base.CoreLogging ./logging/logging.jl:542
 [17] with_logger
    @ ./logging/logging.jl:653 [inlined]
 [18] (::VSCodeServer.var"#evalrepl##0#evalrepl##1"{Module, Expr, REPL.LineEditREPL, REPL.LineEdit.Prompt})()
    @ VSCodeServer ~/.vscode/extensions/julialang.language-julia-1.219.2/scripts/packages/VSCodeServer/src/repl.jl:242
 [19] (::VSCodeServer.var"#start_eval_backend##0#start_eval_backend##1")()
    @ VSCodeServer ~/.vscode/extensions/julialang.language-julia-1.219.2/scripts/packages/VSCodeServer/src/eval.jl:34

ERROR in weighted_short (Spiel 1)
n=23, m=37
UndefVarError: `game` not defined in `ShannonSwitchingGame`
Suggestion: check for spelling errors or missing imports.
Stacktrace:
  [1] var"##core#281"()
    @ ShannonSwitchingGame ~/.julia/packages/BenchmarkTools/ZtsPk/src/execution.jl:647
  [2] var"##sample#282"(::Tuple{}, __params::BenchmarkTools.Parameters, __sample_ref::Base.RefValue{Tuple{Float64, Float64, Int64, Int64}}, __result_ref::Nothing)
    @ ShannonSwitchingGame ~/.julia/packages/BenchmarkTools/ZtsPk/src/execution.jl:659
  [3] _lineartrial(b::BenchmarkTools.Benchmark, p::BenchmarkTools.Parameters; maxevals::Int64, kwargs::@Kwargs{})
    @ BenchmarkTools ~/.julia/packages/BenchmarkTools/ZtsPk/src/execution.jl:222
  [4] _lineartrial(b::BenchmarkTools.Benchmark, p::BenchmarkTools.Parameters)
    @ BenchmarkTools ~/.julia/packages/BenchmarkTools/ZtsPk/src/execution.jl:216
  [5] #lineartrial#32
    @ ~/.julia/packages/BenchmarkTools/ZtsPk/src/execution.jl:53 [inlined]
  [6] lineartrial
    @ ~/.julia/packages/BenchmarkTools/ZtsPk/src/execution.jl:52 [inlined]
  [7] tune!(b::BenchmarkTools.Benchmark, p::BenchmarkTools.Parameters; progressid::Nothing, nleaves::Float64, ndone::Float64, verbose::Bool, pad::String, kwargs::@Kwargs{})
    @ BenchmarkTools ~/.julia/packages/BenchmarkTools/ZtsPk/src/execution.jl:341
  [8] tune! (repeats 2 times)
    @ ~/.julia/packages/BenchmarkTools/ZtsPk/src/execution.jl:330 [inlined]
  [9] macro expansion
    @ ~/.julia/packages/BenchmarkTools/ZtsPk/src/execution.jl:503 [inlined]
 [10] test()
    @ ShannonSwitchingGame ~/Documents/computerorientierte_Mathematik_II/Programmierprojekt/ShannonSwitchingGame/src/Wettbewerbsstrategie_Hilfsfunktionen.jl:581
 [11] top-level scope
    @ REPL[7]:1
 [12] eval(m::Module, e::Any)
    @ Core ./boot.jl:489
 [13] eval
    @ ./Base_compiler.jl:146 [inlined]
 [14] repleval(m::Module, code::Expr, ::String)
    @ VSCodeServer ~/.vscode/extensions/julialang.language-julia-1.219.2/scripts/packages/VSCodeServer/src/repl.jl:278
 [15] #evalrepl##2
    @ ~/.vscode/extensions/julialang.language-julia-1.219.2/scripts/packages/VSCodeServer/src/repl.jl:241 [inlined]
 [16] with_logstate(f::VSCodeServer.var"#evalrepl##2#evalrepl##3"{Module, Expr, REPL.LineEditREPL, REPL.LineEdit.Prompt}, logstate::Base.CoreLogging.LogState)
    @ Base.CoreLogging ./logging/logging.jl:542
 [17] with_logger
    @ ./logging/logging.jl:653 [inlined]
 [18] (::VSCodeServer.var"#evalrepl##0#evalrepl##1"{Module, Expr, REPL.LineEditREPL, REPL.LineEdit.Prompt})()
    @ VSCodeServer ~/.vscode/extensions/julialang.language-julia-1.219.2/scripts/packages/VSCodeServer/src/repl.jl:242
 [19] (::VSCodeServer.var"#start_eval_backend##0#start_eval_backend##1")()
    @ VSCodeServer ~/.vscode/extensions/julialang.language-julia-1.219.2/scripts/packages/VSCodeServer/src/eval.jl:34

ERROR in weighted_short (Spiel 1)
n=23, m=37
UndefVarError: `game` not defined in `ShannonSwitchingGame`
Suggestion: check for spelling errors or missing imports.
Stacktrace:
  [1] var"##core#281"()
    @ ShannonSwitchingGame ~/.julia/packages/BenchmarkTools/ZtsPk/src/execution.jl:647
  [2] var"##sample#282"(::Tuple{}, __params::BenchmarkTools.Parameters, __sample_ref::Base.RefValue{Tuple{Float64, Float64, Int64, Int64}}, __result_ref::Nothing)
    @ ShannonSwitchingGame ~/.julia/packages/BenchmarkTools/ZtsPk/src/execution.jl:659
  [3] _lineartrial(b::BenchmarkTools.Benchmark, p::BenchmarkTools.Parameters; maxevals::Int64, kwargs::@Kwargs{})
    @ BenchmarkTools ~/.julia/packages/BenchmarkTools/ZtsPk/src/execution.jl:222
  [4] _lineartrial(b::BenchmarkTools.Benchmark, p::BenchmarkTools.Parameters)
    @ BenchmarkTools ~/.julia/packages/BenchmarkTools/ZtsPk/src/execution.jl:216
  [5] #lineartrial#32
    @ ~/.julia/packages/BenchmarkTools/ZtsPk/src/execution.jl:53 [inlined]
  [6] lineartrial
    @ ~/.julia/packages/BenchmarkTools/ZtsPk/src/execution.jl:52 [inlined]
  [7] tune!(b::BenchmarkTools.Benchmark, p::BenchmarkTools.Parameters; progressid::Nothing, nleaves::Float64, ndone::Float64, verbose::Bool, pad::String, kwargs::@Kwargs{})
    @ BenchmarkTools ~/.julia/packages/BenchmarkTools/ZtsPk/src/execution.jl:341
  [8] tune! (repeats 2 times)
    @ ~/.julia/packages/BenchmarkTools/ZtsPk/src/execution.jl:330 [inlined]
  [9] macro expansion
    @ ~/.julia/packages/BenchmarkTools/ZtsPk/src/execution.jl:503 [inlined]
 [10] test()
    @ ShannonSwitchingGame ~/Documents/computerorientierte_Mathematik_II/Programmierprojekt/ShannonSwitchingGame/src/Wettbewerbsstrategie_Hilfsfunktionen.jl:581
 [11] top-level scope
    @ REPL[7]:1
 [12] eval(m::Module, e::Any)
    @ Core ./boot.jl:489
 [13] eval
    @ ./Base_compiler.jl:146 [inlined]
 [14] repleval(m::Module, code::Expr, ::String)
    @ VSCodeServer ~/.vscode/extensions/julialang.language-julia-1.219.2/scripts/packages/VSCodeServer/src/repl.jl:278
 [15] #evalrepl##2
    @ ~/.vscode/extensions/julialang.language-julia-1.219.2/scripts/packages/VSCodeServer/src/repl.jl:241 [inlined]
 [16] with_logstate(f::VSCodeServer.var"#evalrepl##2#evalrepl##3"{Module, Expr, REPL.LineEditREPL, REPL.LineEdit.Prompt}, logstate::Base.CoreLogging.LogState)
    @ Base.CoreLogging ./logging/logging.jl:542
 [17] with_logger
    @ ./logging/logging.jl:653 [inlined]
 [18] (::VSCodeServer.var"#evalrepl##0#evalrepl##1"{Module, Expr, REPL.LineEditREPL, REPL.LineEdit.Prompt})()
    @ VSCodeServer ~/.vscode/extensions/julialang.language-julia-1.219.2/scripts/packages/VSCodeServer/src/repl.jl:242
 [19] (::VSCodeServer.var"#start_eval_backend##0#start_eval_backend##1")()
    @ VSCodeServer ~/.vscode/extensions/julialang.language-julia-1.219.2/scripts/packages/VSCodeServer/src/eval.jl:34

ERROR in weighted_short (Spiel 1)
n=23, m=37
UndefVarError: `game` not defined in `ShannonSwitchingGame`
Suggestion: check for spelling errors or missing imports.
Stacktrace:
  [1] var"##core#281"()
    @ ShannonSwitchingGame ~/.julia/packages/BenchmarkTools/ZtsPk/src/execution.jl:647
  [2] var"##sample#282"(::Tuple{}, __params::BenchmarkTools.Parameters, __sample_ref::Base.RefValue{Tuple{Float64, Float64, Int64, Int64}}, __result_ref::Nothing)
    @ ShannonSwitchingGame ~/.julia/packages/BenchmarkTools/ZtsPk/src/execution.jl:659
  [3] _lineartrial(b::BenchmarkTools.Benchmark, p::BenchmarkTools.Parameters; maxevals::Int64, kwargs::@Kwargs{})
    @ BenchmarkTools ~/.julia/packages/BenchmarkTools/ZtsPk/src/execution.jl:222
  [4] _lineartrial(b::BenchmarkTools.Benchmark, p::BenchmarkTools.Parameters)
    @ BenchmarkTools ~/.julia/packages/BenchmarkTools/ZtsPk/src/execution.jl:216
  [5] #lineartrial#32
    @ ~/.julia/packages/BenchmarkTools/ZtsPk/src/execution.jl:53 [inlined]
  [6] lineartrial
    @ ~/.julia/packages/BenchmarkTools/ZtsPk/src/execution.jl:52 [inlined]
  [7] tune!(b::BenchmarkTools.Benchmark, p::BenchmarkTools.Parameters; progressid::Nothing, nleaves::Float64, ndone::Float64, verbose::Bool, pad::String, kwargs::@Kwargs{})
    @ BenchmarkTools ~/.julia/packages/BenchmarkTools/ZtsPk/src/execution.jl:341
  [8] tune! (repeats 2 times)
    @ ~/.julia/packages/BenchmarkTools/ZtsPk/src/execution.jl:330 [inlined]
  [9] macro expansion
    @ ~/.julia/packages/BenchmarkTools/ZtsPk/src/execution.jl:503 [inlined]
 [10] test()
    @ ShannonSwitchingGame ~/Documents/computerorientierte_Mathematik_II/Programmierprojekt/ShannonSwitchingGame/src/Wettbewerbsstrategie_Hilfsfunktionen.jl:581
 [11] top-level scope
    @ REPL[7]:1
 [12] eval(m::Module, e::Any)
    @ Core ./boot.jl:489
 [13] eval
    @ ./Base_compiler.jl:146 [inlined]
 [14] repleval(m::Module, code::Expr, ::String)
    @ VSCodeServer ~/.vscode/extensions/julialang.language-julia-1.219.2/scripts/packages/VSCodeServer/src/repl.jl:278
 [15] #evalrepl##2
    @ ~/.vscode/extensions/julialang.language-julia-1.219.2/scripts/packages/VSCodeServer/src/repl.jl:241 [inlined]
 [16] with_logstate(f::VSCodeServer.var"#evalrepl##2#evalrepl##3"{Module, Expr, REPL.LineEditREPL, REPL.LineEdit.Prompt}, logstate::Base.CoreLogging.LogState)
    @ Base.CoreLogging ./logging/logging.jl:542
 [17] with_logger
    @ ./logging/logging.jl:653 [inlined]
 [18] (::VSCodeServer.var"#evalrepl##0#evalrepl##1"{Module, Expr, REPL.LineEditREPL, REPL.LineEdit.Prompt})()
    @ VSCodeServer ~/.vscode/extensions/julialang.language-julia-1.219.2/scripts/packages/VSCodeServer/src/repl.jl:242
 [19] (::VSCodeServer.var"#start_eval_backend##0#start_eval_backend##1")()
    @ VSCodeServer ~/.vscode/extensions/julialang.language-julia-1.219.2/scripts/packages/VSCodeServer/src/eval.jl:34

ERROR in weighted_short (Spiel 1)
n=23, m=37
UndefVarError: `game` not defined in `ShannonSwitchingGame`
Suggestion: check for spelling errors or missing imports.
Stacktrace:
  [1] var"##core#281"()
    @ ShannonSwitchingGame ~/.julia/packages/BenchmarkTools/ZtsPk/src/execution.jl:647
  [2] var"##sample#282"(::Tuple{}, __params::BenchmarkTools.Parameters, __sample_ref::Base.RefValue{Tuple{Float64, Float64, Int64, Int64}}, __result_ref::Nothing)
    @ ShannonSwitchingGame ~/.julia/packages/BenchmarkTools/ZtsPk/src/execution.jl:659
  [3] _lineartrial(b::BenchmarkTools.Benchmark, p::BenchmarkTools.Parameters; maxevals::Int64, kwargs::@Kwargs{})
    @ BenchmarkTools ~/.julia/packages/BenchmarkTools/ZtsPk/src/execution.jl:222
  [4] _lineartrial(b::BenchmarkTools.Benchmark, p::BenchmarkTools.Parameters)
    @ BenchmarkTools ~/.julia/packages/BenchmarkTools/ZtsPk/src/execution.jl:216
  [5] #lineartrial#32
    @ ~/.julia/packages/BenchmarkTools/ZtsPk/src/execution.jl:53 [inlined]
  [6] lineartrial
    @ ~/.julia/packages/BenchmarkTools/ZtsPk/src/execution.jl:52 [inlined]
  [7] tune!(b::BenchmarkTools.Benchmark, p::BenchmarkTools.Parameters; progressid::Nothing, nleaves::Float64, ndone::Float64, verbose::Bool, pad::String, kwargs::@Kwargs{})
    @ BenchmarkTools ~/.julia/packages/BenchmarkTools/ZtsPk/src/execution.jl:341
  [8] tune! (repeats 2 times)
    @ ~/.julia/packages/BenchmarkTools/ZtsPk/src/execution.jl:330 [inlined]
  [9] macro expansion
    @ ~/.julia/packages/BenchmarkTools/ZtsPk/src/execution.jl:503 [inlined]
 [10] test()
    @ ShannonSwitchingGame ~/Documents/computerorientierte_Mathematik_II/Programmierprojekt/ShannonSwitchingGame/src/Wettbewerbsstrategie_Hilfsfunktionen.jl:581
 [11] top-level scope
    @ REPL[7]:1
 [12] eval(m::Module, e::Any)
    @ Core ./boot.jl:489
 [13] eval
    @ ./Base_compiler.jl:146 [inlined]
 [14] repleval(m::Module, code::Expr, ::String)
    @ VSCodeServer ~/.vscode/extensions/julialang.language-julia-1.219.2/scripts/packages/VSCodeServer/src/repl.jl:278
 [15] #evalrepl##2
    @ ~/.vscode/extensions/julialang.language-julia-1.219.2/scripts/packages/VSCodeServer/src/repl.jl:241 [inlined]
 [16] with_logstate(f::VSCodeServer.var"#evalrepl##2#evalrepl##3"{Module, Expr, REPL.LineEditREPL, REPL.LineEdit.Prompt}, logstate::Base.CoreLogging.LogState)
    @ Base.CoreLogging ./logging/logging.jl:542
 [17] with_logger
    @ ./logging/logging.jl:653 [inlined]
 [18] (::VSCodeServer.var"#evalrepl##0#evalrepl##1"{Module, Expr, REPL.LineEditREPL, REPL.LineEdit.Prompt})()
    @ VSCodeServer ~/.vscode/extensions/julialang.language-julia-1.219.2/scripts/packages/VSCodeServer/src/repl.jl:242
 [19] (::VSCodeServer.var"#start_eval_backend##0#start_eval_backend##1")()
    @ VSCodeServer ~/.vscode/extensions/julialang.language-julia-1.219.2/scripts/packages/VSCodeServer/src/eval.jl:34

ERROR in weighted_short (Spiel 1)
n=23, m=37
UndefVarError: `game` not defined in `ShannonSwitchingGame`
Suggestion: check for spelling errors or missing imports.
Stacktrace:
  [1] var"##core#281"()
    @ ShannonSwitchingGame ~/.julia/packages/BenchmarkTools/ZtsPk/src/execution.jl:647
  [2] var"##sample#282"(::Tuple{}, __params::BenchmarkTools.Parameters, __sample_ref::Base.RefValue{Tuple{Float64, Float64, Int64, Int64}}, __result_ref::Nothing)
    @ ShannonSwitchingGame ~/.julia/packages/BenchmarkTools/ZtsPk/src/execution.jl:659
  [3] _lineartrial(b::BenchmarkTools.Benchmark, p::BenchmarkTools.Parameters; maxevals::Int64, kwargs::@Kwargs{})
    @ BenchmarkTools ~/.julia/packages/BenchmarkTools/ZtsPk/src/execution.jl:222
  [4] _lineartrial(b::BenchmarkTools.Benchmark, p::BenchmarkTools.Parameters)
    @ BenchmarkTools ~/.julia/packages/BenchmarkTools/ZtsPk/src/execution.jl:216
  [5] #lineartrial#32
    @ ~/.julia/packages/BenchmarkTools/ZtsPk/src/execution.jl:53 [inlined]
  [6] lineartrial
    @ ~/.julia/packages/BenchmarkTools/ZtsPk/src/execution.jl:52 [inlined]
  [7] tune!(b::BenchmarkTools.Benchmark, p::BenchmarkTools.Parameters; progressid::Nothing, nleaves::Float64, ndone::Float64, verbose::Bool, pad::String, kwargs::@Kwargs{})
    @ BenchmarkTools ~/.julia/packages/BenchmarkTools/ZtsPk/src/execution.jl:341
  [8] tune! (repeats 2 times)
    @ ~/.julia/packages/BenchmarkTools/ZtsPk/src/execution.jl:330 [inlined]
  [9] macro expansion
    @ ~/.julia/packages/BenchmarkTools/ZtsPk/src/execution.jl:503 [inlined]
 [10] test()
    @ ShannonSwitchingGame ~/Documents/computerorientierte_Mathematik_II/Programmierprojekt/ShannonSwitchingGame/src/Wettbewerbsstrategie_Hilfsfunktionen.jl:581
 [11] top-level scope
    @ REPL[7]:1
 [12] eval(m::Module, e::Any)
    @ Core ./boot.jl:489
 [13] eval
    @ ./Base_compiler.jl:146 [inlined]
 [14] repleval(m::Module, code::Expr, ::String)
    @ VSCodeServer ~/.vscode/extensions/julialang.language-julia-1.219.2/scripts/packages/VSCodeServer/src/repl.jl:278
 [15] #evalrepl##2
    @ ~/.vscode/extensions/julialang.language-julia-1.219.2/scripts/packages/VSCodeServer/src/repl.jl:241 [inlined]
 [16] with_logstate(f::VSCodeServer.var"#evalrepl##2#evalrepl##3"{Module, Expr, REPL.LineEditREPL, REPL.LineEdit.Prompt}, logstate::Base.CoreLogging.LogState)
    @ Base.CoreLogging ./logging/logging.jl:542
 [17] with_logger
    @ ./logging/logging.jl:653 [inlined]
 [18] (::VSCodeServer.var"#evalrepl##0#evalrepl##1"{Module, Expr, REPL.LineEditREPL, REPL.LineEdit.Prompt})()
    @ VSCodeServer ~/.vscode/extensions/julialang.language-julia-1.219.2/scripts/packages/VSCodeServer/src/repl.jl:242
 [19] (::VSCodeServer.var"#start_eval_backend##0#start_eval_backend##1")()
    @ VSCodeServer ~/.vscode/extensions/julialang.language-julia-1.219.2/scripts/packages/VSCodeServer/src/eval.jl:34

ERROR in weighted_short (Spiel 1)
n=23, m=37
UndefVarError: `game` not defined in `ShannonSwitchingGame`
Suggestion: check for spelling errors or missing imports.
Stacktrace:
  [1] var"##core#281"()
    @ ShannonSwitchingGame ~/.julia/packages/BenchmarkTools/ZtsPk/src/execution.jl:647
  [2] var"##sample#282"(::Tuple{}, __params::BenchmarkTools.Parameters, __sample_ref::Base.RefValue{Tuple{Float64, Float64, Int64, Int64}}, __result_ref::Nothing)
    @ ShannonSwitchingGame ~/.julia/packages/BenchmarkTools/ZtsPk/src/execution.jl:659
  [3] _lineartrial(b::BenchmarkTools.Benchmark, p::BenchmarkTools.Parameters; maxevals::Int64, kwargs::@Kwargs{})
    @ BenchmarkTools ~/.julia/packages/BenchmarkTools/ZtsPk/src/execution.jl:222
  [4] _lineartrial(b::BenchmarkTools.Benchmark, p::BenchmarkTools.Parameters)
    @ BenchmarkTools ~/.julia/packages/BenchmarkTools/ZtsPk/src/execution.jl:216
  [5] #lineartrial#32
    @ ~/.julia/packages/BenchmarkTools/ZtsPk/src/execution.jl:53 [inlined]
  [6] lineartrial
    @ ~/.julia/packages/BenchmarkTools/ZtsPk/src/execution.jl:52 [inlined]
  [7] tune!(b::BenchmarkTools.Benchmark, p::BenchmarkTools.Parameters; progressid::Nothing, nleaves::Float64, ndone::Float64, verbose::Bool, pad::String, kwargs::@Kwargs{})
    @ BenchmarkTools ~/.julia/packages/BenchmarkTools/ZtsPk/src/execution.jl:341
  [8] tune! (repeats 2 times)
    @ ~/.julia/packages/BenchmarkTools/ZtsPk/src/execution.jl:330 [inlined]
  [9] macro expansion
    @ ~/.julia/packages/BenchmarkTools/ZtsPk/src/execution.jl:503 [inlined]
 [10] test()
    @ ShannonSwitchingGame ~/Documents/computerorientierte_Mathematik_II/Programmierprojekt/ShannonSwitchingGame/src/Wettbewerbsstrategie_Hilfsfunktionen.jl:581
 [11] top-level scope
    @ REPL[7]:1
 [12] eval(m::Module, e::Any)
    @ Core ./boot.jl:489
 [13] eval
    @ ./Base_compiler.jl:146 [inlined]
 [14] repleval(m::Module, code::Expr, ::String)
    @ VSCodeServer ~/.vscode/extensions/julialang.language-julia-1.219.2/scripts/packages/VSCodeServer/src/repl.jl:278
 [15] #evalrepl##2
    @ ~/.vscode/extensions/julialang.language-julia-1.219.2/scripts/packages/VSCodeServer/src/repl.jl:241 [inlined]
 [16] with_logstate(f::VSCodeServer.var"#evalrepl##2#evalrepl##3"{Module, Expr, REPL.LineEditREPL, REPL.LineEdit.Prompt}, logstate::Base.CoreLogging.LogState)
    @ Base.CoreLogging ./logging/logging.jl:542
 [17] with_logger
    @ ./logging/logging.jl:653 [inlined]
 [18] (::VSCodeServer.var"#evalrepl##0#evalrepl##1"{Module, Expr, REPL.LineEditREPL, REPL.LineEdit.Prompt})()
    @ VSCodeServer ~/.vscode/extensions/julialang.language-julia-1.219.2/scripts/packages/VSCodeServer/src/repl.jl:242
 [19] (::VSCodeServer.var"#start_eval_backend##0#start_eval_backend##1")()
    @ VSCodeServer ~/.vscode/extensions/julialang.language-julia-1.219.2/scripts/packages/VSCodeServer/src/eval.jl:34

ERROR in weighted_short (Spiel 1)
n=23, m=37
UndefVarError: `game` not defined in `ShannonSwitchingGame`
Suggestion: check for spelling errors or missing imports.
Stacktrace:
  [1] var"##core#281"()
    @ ShannonSwitchingGame ~/.julia/packages/BenchmarkTools/ZtsPk/src/execution.jl:647
  [2] var"##sample#282"(::Tuple{}, __params::BenchmarkTools.Parameters, __sample_ref::Base.RefValue{Tuple{Float64, Float64, Int64, Int64}}, __result_ref::Nothing)
    @ ShannonSwitchingGame ~/.julia/packages/BenchmarkTools/ZtsPk/src/execution.jl:659
  [3] _lineartrial(b::BenchmarkTools.Benchmark, p::BenchmarkTools.Parameters; maxevals::Int64, kwargs::@Kwargs{})
    @ BenchmarkTools ~/.julia/packages/BenchmarkTools/ZtsPk/src/execution.jl:222
  [4] _lineartrial(b::BenchmarkTools.Benchmark, p::BenchmarkTools.Parameters)
    @ BenchmarkTools ~/.julia/packages/BenchmarkTools/ZtsPk/src/execution.jl:216
  [5] #lineartrial#32
    @ ~/.julia/packages/BenchmarkTools/ZtsPk/src/execution.jl:53 [inlined]
  [6] lineartrial
    @ ~/.julia/packages/BenchmarkTools/ZtsPk/src/execution.jl:52 [inlined]
  [7] tune!(b::BenchmarkTools.Benchmark, p::BenchmarkTools.Parameters; progressid::Nothing, nleaves::Float64, ndone::Float64, verbose::Bool, pad::String, kwargs::@Kwargs{})
    @ BenchmarkTools ~/.julia/packages/BenchmarkTools/ZtsPk/src/execution.jl:341
  [8] tune! (repeats 2 times)
    @ ~/.julia/packages/BenchmarkTools/ZtsPk/src/execution.jl:330 [inlined]
  [9] macro expansion
    @ ~/.julia/packages/BenchmarkTools/ZtsPk/src/execution.jl:503 [inlined]
 [10] test()
    @ ShannonSwitchingGame ~/Documents/computerorientierte_Mathematik_II/Programmierprojekt/ShannonSwitchingGame/src/Wettbewerbsstrategie_Hilfsfunktionen.jl:581
 [11] top-level scope
    @ REPL[7]:1
 [12] eval(m::Module, e::Any)
    @ Core ./boot.jl:489
 [13] eval
    @ ./Base_compiler.jl:146 [inlined]
 [14] repleval(m::Module, code::Expr, ::String)
    @ VSCodeServer ~/.vscode/extensions/julialang.language-julia-1.219.2/scripts/packages/VSCodeServer/src/repl.jl:278
 [15] #evalrepl##2
    @ ~/.vscode/extensions/julialang.language-julia-1.219.2/scripts/packages/VSCodeServer/src/repl.jl:241 [inlined]
 [16] with_logstate(f::VSCodeServer.var"#evalrepl##2#evalrepl##3"{Module, Expr, REPL.LineEditREPL, REPL.LineEdit.Prompt}, logstate::Base.CoreLogging.LogState)
    @ Base.CoreLogging ./logging/logging.jl:542
 [17] with_logger
    @ ./logging/logging.jl:653 [inlined]
 [18] (::VSCodeServer.var"#evalrepl##0#evalrepl##1"{Module, Expr, REPL.LineEditREPL, REPL.LineEdit.Prompt})()
    @ VSCodeServer ~/.vscode/extensions/julialang.language-julia-1.219.2/scripts/packages/VSCodeServer/src/repl.jl:242
 [19] (::VSCodeServer.var"#start_eval_backend##0#start_eval_backend##1")()
    @ VSCodeServer ~/.vscode/extensions/julialang.language-julia-1.219.2/scripts/packages/VSCodeServer/src/eval.jl:34

ERROR in weighted_short (Spiel 1)
n=23, m=37
UndefVarError: `game` not defined in `ShannonSwitchingGame`
Suggestion: check for spelling errors or missing imports.
Stacktrace:
  [1] var"##core#281"()
    @ ShannonSwitchingGame ~/.julia/packages/BenchmarkTools/ZtsPk/src/execution.jl:647
  [2] var"##sample#282"(::Tuple{}, __params::BenchmarkTools.Parameters, __sample_ref::Base.RefValue{Tuple{Float64, Float64, Int64, Int64}}, __result_ref::Nothing)
    @ ShannonSwitchingGame ~/.julia/packages/BenchmarkTools/ZtsPk/src/execution.jl:659
  [3] _lineartrial(b::BenchmarkTools.Benchmark, p::BenchmarkTools.Parameters; maxevals::Int64, kwargs::@Kwargs{})
    @ BenchmarkTools ~/.julia/packages/BenchmarkTools/ZtsPk/src/execution.jl:222
  [4] _lineartrial(b::BenchmarkTools.Benchmark, p::BenchmarkTools.Parameters)
    @ BenchmarkTools ~/.julia/packages/BenchmarkTools/ZtsPk/src/execution.jl:216
  [5] #lineartrial#32
    @ ~/.julia/packages/BenchmarkTools/ZtsPk/src/execution.jl:53 [inlined]
  [6] lineartrial
    @ ~/.julia/packages/BenchmarkTools/ZtsPk/src/execution.jl:52 [inlined]
  [7] tune!(b::BenchmarkTools.Benchmark, p::BenchmarkTools.Parameters; progressid::Nothing, nleaves::Float64, ndone::Float64, verbose::Bool, pad::String, kwargs::@Kwargs{})
    @ BenchmarkTools ~/.julia/packages/BenchmarkTools/ZtsPk/src/execution.jl:341
  [8] tune! (repeats 2 times)
    @ ~/.julia/packages/BenchmarkTools/ZtsPk/src/execution.jl:330 [inlined]
  [9] macro expansion
    @ ~/.julia/packages/BenchmarkTools/ZtsPk/src/execution.jl:503 [inlined]
 [10] test()
    @ ShannonSwitchingGame ~/Documents/computerorientierte_Mathematik_II/Programmierprojekt/ShannonSwitchingGame/src/Wettbewerbsstrategie_Hilfsfunktionen.jl:581
 [11] top-level scope
    @ REPL[7]:1
 [12] eval(m::Module, e::Any)
    @ Core ./boot.jl:489
 [13] eval
    @ ./Base_compiler.jl:146 [inlined]
 [14] repleval(m::Module, code::Expr, ::String)
    @ VSCodeServer ~/.vscode/extensions/julialang.language-julia-1.219.2/scripts/packages/VSCodeServer/src/repl.jl:278
 [15] #evalrepl##2
    @ ~/.vscode/extensions/julialang.language-julia-1.219.2/scripts/packages/VSCodeServer/src/repl.jl:241 [inlined]
 [16] with_logstate(f::VSCodeServer.var"#evalrepl##2#evalrepl##3"{Module, Expr, REPL.LineEditREPL, REPL.LineEdit.Prompt}, logstate::Base.CoreLogging.LogState)
    @ Base.CoreLogging ./logging/logging.jl:542
 [17] with_logger
    @ ./logging/logging.jl:653 [inlined]
 [18] (::VSCodeServer.var"#evalrepl##0#evalrepl##1"{Module, Expr, REPL.LineEditREPL, REPL.LineEdit.Prompt})()
    @ VSCodeServer ~/.vscode/extensions/julialang.language-julia-1.219.2/scripts/packages/VSCodeServer/src/repl.jl:242
 [19] (::VSCodeServer.var"#start_eval_backend##0#start_eval_backend##1")()
    @ VSCodeServer ~/.vscode/extensions/julialang.language-julia-1.219.2/scripts/packages/VSCodeServer/src/eval.jl:34

ERROR in weighted_short (Spiel 1)
n=23, m=37
UndefVarError: `game` not defined in `ShannonSwitchingGame`
Suggestion: check for spelling errors or missing imports.
Stacktrace:
  [1] var"##core#281"()
    @ ShannonSwitchingGame ~/.julia/packages/BenchmarkTools/ZtsPk/src/execution.jl:647
  [2] var"##sample#282"(::Tuple{}, __params::BenchmarkTools.Parameters, __sample_ref::Base.RefValue{Tuple{Float64, Float64, Int64, Int64}}, __result_ref::Nothing)
    @ ShannonSwitchingGame ~/.julia/packages/BenchmarkTools/ZtsPk/src/execution.jl:659
  [3] _lineartrial(b::BenchmarkTools.Benchmark, p::BenchmarkTools.Parameters; maxevals::Int64, kwargs::@Kwargs{})
    @ BenchmarkTools ~/.julia/packages/BenchmarkTools/ZtsPk/src/execution.jl:222
  [4] _lineartrial(b::BenchmarkTools.Benchmark, p::BenchmarkTools.Parameters)
    @ BenchmarkTools ~/.julia/packages/BenchmarkTools/ZtsPk/src/execution.jl:216
  [5] #lineartrial#32
    @ ~/.julia/packages/BenchmarkTools/ZtsPk/src/execution.jl:53 [inlined]
  [6] lineartrial
    @ ~/.julia/packages/BenchmarkTools/ZtsPk/src/execution.jl:52 [inlined]
  [7] tune!(b::BenchmarkTools.Benchmark, p::BenchmarkTools.Parameters; progressid::Nothing, nleaves::Float64, ndone::Float64, verbose::Bool, pad::String, kwargs::@Kwargs{})
    @ BenchmarkTools ~/.julia/packages/BenchmarkTools/ZtsPk/src/execution.jl:341
  [8] tune! (repeats 2 times)
    @ ~/.julia/packages/BenchmarkTools/ZtsPk/src/execution.jl:330 [inlined]
  [9] macro expansion
    @ ~/.julia/packages/BenchmarkTools/ZtsPk/src/execution.jl:503 [inlined]
 [10] test()
    @ ShannonSwitchingGame ~/Documents/computerorientierte_Mathematik_II/Programmierprojekt/ShannonSwitchingGame/src/Wettbewerbsstrategie_Hilfsfunktionen.jl:581
 [11] top-level scope
    @ REPL[7]:1
 [12] eval(m::Module, e::Any)
    @ Core ./boot.jl:489
 [13] eval
    @ ./Base_compiler.jl:146 [inlined]
 [14] repleval(m::Module, code::Expr, ::String)
    @ VSCodeServer ~/.vscode/extensions/julialang.language-julia-1.219.2/scripts/packages/VSCodeServer/src/repl.jl:278
 [15] #evalrepl##2
    @ ~/.vscode/extensions/julialang.language-julia-1.219.2/scripts/packages/VSCodeServer/src/repl.jl:241 [inlined]
 [16] with_logstate(f::VSCodeServer.var"#evalrepl##2#evalrepl##3"{Module, Expr, REPL.LineEditREPL, REPL.LineEdit.Prompt}, logstate::Base.CoreLogging.LogState)
    @ Base.CoreLogging ./logging/logging.jl:542
 [17] with_logger
    @ ./logging/logging.jl:653 [inlined]
 [18] (::VSCodeServer.var"#evalrepl##0#evalrepl##1"{Module, Expr, REPL.LineEditREPL, REPL.LineEdit.Prompt})()
    @ VSCodeServer ~/.vscode/extensions/julialang.language-julia-1.219.2/scripts/packages/VSCodeServer/src/repl.jl:242
 [19] (::VSCodeServer.var"#start_eval_backend##0#start_eval_backend##1")()
    @ VSCodeServer ~/.vscode/extensions/julialang.language-julia-1.219.2/scripts/packages/VSCodeServer/src/eval.jl:34

ERROR in weighted_short (Spiel 1)
n=23, m=37
UndefVarError: `game` not defined in `ShannonSwitchingGame`
Suggestion: check for spelling errors or missing imports.
Stacktrace:
  [1] var"##core#281"()
    @ ShannonSwitchingGame ~/.julia/packages/BenchmarkTools/ZtsPk/src/execution.jl:647
  [2] var"##sample#282"(::Tuple{}, __params::BenchmarkTools.Parameters, __sample_ref::Base.RefValue{Tuple{Float64, Float64, Int64, Int64}}, __result_ref::Nothing)
    @ ShannonSwitchingGame ~/.julia/packages/BenchmarkTools/ZtsPk/src/execution.jl:659
  [3] _lineartrial(b::BenchmarkTools.Benchmark, p::BenchmarkTools.Parameters; maxevals::Int64, kwargs::@Kwargs{})
    @ BenchmarkTools ~/.julia/packages/BenchmarkTools/ZtsPk/src/execution.jl:222
  [4] _lineartrial(b::BenchmarkTools.Benchmark, p::BenchmarkTools.Parameters)
    @ BenchmarkTools ~/.julia/packages/BenchmarkTools/ZtsPk/src/execution.jl:216
  [5] #lineartrial#32
    @ ~/.julia/packages/BenchmarkTools/ZtsPk/src/execution.jl:53 [inlined]
  [6] lineartrial
    @ ~/.julia/packages/BenchmarkTools/ZtsPk/src/execution.jl:52 [inlined]
  [7] tune!(b::BenchmarkTools.Benchmark, p::BenchmarkTools.Parameters; progressid::Nothing, nleaves::Float64, ndone::Float64, verbose::Bool, pad::String, kwargs::@Kwargs{})
    @ BenchmarkTools ~/.julia/packages/BenchmarkTools/ZtsPk/src/execution.jl:341
  [8] tune! (repeats 2 times)
    @ ~/.julia/packages/BenchmarkTools/ZtsPk/src/execution.jl:330 [inlined]
  [9] macro expansion
    @ ~/.julia/packages/BenchmarkTools/ZtsPk/src/execution.jl:503 [inlined]
 [10] test()
    @ ShannonSwitchingGame ~/Documents/computerorientierte_Mathematik_II/Programmierprojekt/ShannonSwitchingGame/src/Wettbewerbsstrategie_Hilfsfunktionen.jl:581
 [11] top-level scope
    @ REPL[7]:1
 [12] eval(m::Module, e::Any)
    @ Core ./boot.jl:489
 [13] eval
    @ ./Base_compiler.jl:146 [inlined]
 [14] repleval(m::Module, code::Expr, ::String)
    @ VSCodeServer ~/.vscode/extensions/julialang.language-julia-1.219.2/scripts/packages/VSCodeServer/src/repl.jl:278
 [15] #evalrepl##2
    @ ~/.vscode/extensions/julialang.language-julia-1.219.2/scripts/packages/VSCodeServer/src/repl.jl:241 [inlined]
 [16] with_logstate(f::VSCodeServer.var"#evalrepl##2#evalrepl##3"{Module, Expr, REPL.LineEditREPL, REPL.LineEdit.Prompt}, logstate::Base.CoreLogging.LogState)
    @ Base.CoreLogging ./logging/logging.jl:542
 [17] with_logger
    @ ./logging/logging.jl:653 [inlined]
 [18] (::VSCodeServer.var"#evalrepl##0#evalrepl##1"{Module, Expr, REPL.LineEditREPL, REPL.LineEdit.Prompt})()
    @ VSCodeServer ~/.vscode/extensions/julialang.language-julia-1.219.2/scripts/packages/VSCodeServer/src/repl.jl:242
 [19] (::VSCodeServer.var"#start_eval_backend##0#start_eval_backend##1")()
    @ VSCodeServer ~/.vscode/extensions/julialang.language-julia-1.219.2/scripts/packages/VSCodeServer/src/eval.jl:34

ERROR in weighted_short (Spiel 1)
n=23, m=37
UndefVarError: `game` not defined in `ShannonSwitchingGame`
Suggestion: check for spelling errors or missing imports.
Stacktrace:
  [1] var"##core#281"()
    @ ShannonSwitchingGame ~/.julia/packages/BenchmarkTools/ZtsPk/src/execution.jl:647
  [2] var"##sample#282"(::Tuple{}, __params::BenchmarkTools.Parameters, __sample_ref::Base.RefValue{Tuple{Float64, Float64, Int64, Int64}}, __result_ref::Nothing)
    @ ShannonSwitchingGame ~/.julia/packages/BenchmarkTools/ZtsPk/src/execution.jl:659
  [3] _lineartrial(b::BenchmarkTools.Benchmark, p::BenchmarkTools.Parameters; maxevals::Int64, kwargs::@Kwargs{})
    @ BenchmarkTools ~/.julia/packages/BenchmarkTools/ZtsPk/src/execution.jl:222
  [4] _lineartrial(b::BenchmarkTools.Benchmark, p::BenchmarkTools.Parameters)
    @ BenchmarkTools ~/.julia/packages/BenchmarkTools/ZtsPk/src/execution.jl:216
  [5] #lineartrial#32
    @ ~/.julia/packages/BenchmarkTools/ZtsPk/src/execution.jl:53 [inlined]
  [6] lineartrial
    @ ~/.julia/packages/BenchmarkTools/ZtsPk/src/execution.jl:52 [inlined]
  [7] tune!(b::BenchmarkTools.Benchmark, p::BenchmarkTools.Parameters; progressid::Nothing, nleaves::Float64, ndone::Float64, verbose::Bool, pad::String, kwargs::@Kwargs{})
    @ BenchmarkTools ~/.julia/packages/BenchmarkTools/ZtsPk/src/execution.jl:341
  [8] tune! (repeats 2 times)
    @ ~/.julia/packages/BenchmarkTools/ZtsPk/src/execution.jl:330 [inlined]
  [9] macro expansion
    @ ~/.julia/packages/BenchmarkTools/ZtsPk/src/execution.jl:503 [inlined]
 [10] test()
    @ ShannonSwitchingGame ~/Documents/computerorientierte_Mathematik_II/Programmierprojekt/ShannonSwitchingGame/src/Wettbewerbsstrategie_Hilfsfunktionen.jl:581
 [11] top-level scope
    @ REPL[7]:1
 [12] eval(m::Module, e::Any)
    @ Core ./boot.jl:489
 [13] eval
    @ ./Base_compiler.jl:146 [inlined]
 [14] repleval(m::Module, code::Expr, ::String)
    @ VSCodeServer ~/.vscode/extensions/julialang.language-julia-1.219.2/scripts/packages/VSCodeServer/src/repl.jl:278
 [15] #evalrepl##2
    @ ~/.vscode/extensions/julialang.language-julia-1.219.2/scripts/packages/VSCodeServer/src/repl.jl:241 [inlined]
 [16] with_logstate(f::VSCodeServer.var"#evalrepl##2#evalrepl##3"{Module, Expr, REPL.LineEditREPL, REPL.LineEdit.Prompt}, logstate::Base.CoreLogging.LogState)
    @ Base.CoreLogging ./logging/logging.jl:542
 [17] with_logger
    @ ./logging/logging.jl:653 [inlined]
 [18] (::VSCodeServer.var"#evalrepl##0#evalrepl##1"{Module, Expr, REPL.LineEditREPL, REPL.LineEdit.Prompt})()
    @ VSCodeServer ~/.vscode/extensions/julialang.language-julia-1.219.2/scripts/packages/VSCodeServer/src/repl.jl:242
 [19] (::VSCodeServer.var"#start_eval_backend##0#start_eval_backend##1")()
    @ VSCodeServer ~/.vscode/extensions/julialang.language-julia-1.219.2/scripts/packages/VSCodeServer/src/eval.jl:34

ERROR in weighted_short (Spiel 1)
n=23, m=37
UndefVarError: `game` not defined in `ShannonSwitchingGame`
Suggestion: check for spelling errors or missing imports.
Stacktrace:
  [1] var"##core#281"()
    @ ShannonSwitchingGame ~/.julia/packages/BenchmarkTools/ZtsPk/src/execution.jl:647
  [2] var"##sample#282"(::Tuple{}, __params::BenchmarkTools.Parameters, __sample_ref::Base.RefValue{Tuple{Float64, Float64, Int64, Int64}}, __result_ref::Nothing)
    @ ShannonSwitchingGame ~/.julia/packages/BenchmarkTools/ZtsPk/src/execution.jl:659
  [3] _lineartrial(b::BenchmarkTools.Benchmark, p::BenchmarkTools.Parameters; maxevals::Int64, kwargs::@Kwargs{})
    @ BenchmarkTools ~/.julia/packages/BenchmarkTools/ZtsPk/src/execution.jl:222
  [4] _lineartrial(b::BenchmarkTools.Benchmark, p::BenchmarkTools.Parameters)
    @ BenchmarkTools ~/.julia/packages/BenchmarkTools/ZtsPk/src/execution.jl:216
  [5] #lineartrial#32
    @ ~/.julia/packages/BenchmarkTools/ZtsPk/src/execution.jl:53 [inlined]
  [6] lineartrial
    @ ~/.julia/packages/BenchmarkTools/ZtsPk/src/execution.jl:52 [inlined]
  [7] tune!(b::BenchmarkTools.Benchmark, p::BenchmarkTools.Parameters; progressid::Nothing, nleaves::Float64, ndone::Float64, verbose::Bool, pad::String, kwargs::@Kwargs{})
    @ BenchmarkTools ~/.julia/packages/BenchmarkTools/ZtsPk/src/execution.jl:341
  [8] tune! (repeats 2 times)
    @ ~/.julia/packages/BenchmarkTools/ZtsPk/src/execution.jl:330 [inlined]
  [9] macro expansion
    @ ~/.julia/packages/BenchmarkTools/ZtsPk/src/execution.jl:503 [inlined]
 [10] test()
    @ ShannonSwitchingGame ~/Documents/computerorientierte_Mathematik_II/Programmierprojekt/ShannonSwitchingGame/src/Wettbewerbsstrategie_Hilfsfunktionen.jl:581
 [11] top-level scope
    @ REPL[7]:1
 [12] eval(m::Module, e::Any)
    @ Core ./boot.jl:489
 [13] eval
    @ ./Base_compiler.jl:146 [inlined]
 [14] repleval(m::Module, code::Expr, ::String)
    @ VSCodeServer ~/.vscode/extensions/julialang.language-julia-1.219.2/scripts/packages/VSCodeServer/src/repl.jl:278
 [15] #evalrepl##2
    @ ~/.vscode/extensions/julialang.language-julia-1.219.2/scripts/packages/VSCodeServer/src/repl.jl:241 [inlined]
 [16] with_logstate(f::VSCodeServer.var"#evalrepl##2#evalrepl##3"{Module, Expr, REPL.LineEditREPL, REPL.LineEdit.Prompt}, logstate::Base.CoreLogging.LogState)
    @ Base.CoreLogging ./logging/logging.jl:542
 [17] with_logger
    @ ./logging/logging.jl:653 [inlined]
 [18] (::VSCodeServer.var"#evalrepl##0#evalrepl##1"{Module, Expr, REPL.LineEditREPL, REPL.LineEdit.Prompt})()
    @ VSCodeServer ~/.vscode/extensions/julialang.language-julia-1.219.2/scripts/packages/VSCodeServer/src/repl.jl:242
 [19] (::VSCodeServer.var"#start_eval_backend##0#start_eval_backend##1")()
    @ VSCodeServer ~/.vscode/extensions/julialang.language-julia-1.219.2/scripts/packages/VSCodeServer/src/eval.jl:34

ERROR in weighted_cut (Spiel 2)
n=14, m=14
UndefVarError: `game` not defined in `ShannonSwitchingGame`
Suggestion: check for spelling errors or missing imports.
Stacktrace:
  [1] var"##core#279"()
    @ ShannonSwitchingGame ~/.julia/packages/BenchmarkTools/ZtsPk/src/execution.jl:647
  [2] var"##sample#280"(::Tuple{}, __params::BenchmarkTools.Parameters, __sample_ref::Base.RefValue{Tuple{Float64, Float64, Int64, Int64}}, __result_ref::Nothing)
    @ ShannonSwitchingGame ~/.julia/packages/BenchmarkTools/ZtsPk/src/execution.jl:659
  [3] _lineartrial(b::BenchmarkTools.Benchmark, p::BenchmarkTools.Parameters; maxevals::Int64, kwargs::@Kwargs{})
    @ BenchmarkTools ~/.julia/packages/BenchmarkTools/ZtsPk/src/execution.jl:222
  [4] _lineartrial(b::BenchmarkTools.Benchmark, p::BenchmarkTools.Parameters)
    @ BenchmarkTools ~/.julia/packages/BenchmarkTools/ZtsPk/src/execution.jl:216
  [5] #lineartrial#32
    @ ~/.julia/packages/BenchmarkTools/ZtsPk/src/execution.jl:53 [inlined]
  [6] lineartrial
    @ ~/.julia/packages/BenchmarkTools/ZtsPk/src/execution.jl:52 [inlined]
  [7] tune!(b::BenchmarkTools.Benchmark, p::BenchmarkTools.Parameters; progressid::Nothing, nleaves::Float64, ndone::Float64, verbose::Bool, pad::String, kwargs::@Kwargs{})
    @ BenchmarkTools ~/.julia/packages/BenchmarkTools/ZtsPk/src/execution.jl:341
  [8] tune! (repeats 2 times)
    @ ~/.julia/packages/BenchmarkTools/ZtsPk/src/execution.jl:330 [inlined]
  [9] macro expansion
    @ ~/.julia/packages/BenchmarkTools/ZtsPk/src/execution.jl:503 [inlined]
 [10] test()
    @ ShannonSwitchingGame ~/Documents/computerorientierte_Mathematik_II/Programmierprojekt/ShannonSwitchingGame/src/Wettbewerbsstrategie_Hilfsfunktionen.jl:532
 [11] top-level scope
    @ REPL[7]:1
 [12] eval(m::Module, e::Any)
    @ Core ./boot.jl:489
 [13] eval
    @ ./Base_compiler.jl:146 [inlined]
 [14] repleval(m::Module, code::Expr, ::String)
    @ VSCodeServer ~/.vscode/extensions/julialang.language-julia-1.219.2/scripts/packages/VSCodeServer/src/repl.jl:278
 [15] #evalrepl##2
    @ ~/.vscode/extensions/julialang.language-julia-1.219.2/scripts/packages/VSCodeServer/src/repl.jl:241 [inlined]
 [16] with_logstate(f::VSCodeServer.var"#evalrepl##2#evalrepl##3"{Module, Expr, REPL.LineEditREPL, REPL.LineEdit.Prompt}, logstate::Base.CoreLogging.LogState)
    @ Base.CoreLogging ./logging/logging.jl:542
 [17] with_logger
    @ ./logging/logging.jl:653 [inlined]
 [18] (::VSCodeServer.var"#evalrepl##0#evalrepl##1"{Module, Expr, REPL.LineEditREPL, REPL.LineEdit.Prompt})()
    @ VSCodeServer ~/.vscode/extensions/julialang.language-julia-1.219.2/scripts/packages/VSCodeServer/src/repl.jl:242
 [19] (::VSCodeServer.var"#start_eval_backend##0#start_eval_backend##1")()
    @ VSCodeServer ~/.vscode/extensions/julialang.language-julia-1.219.2/scripts/packages/VSCodeServer/src/eval.jl:34


ERROR in weighted_cut (Spiel 2)
n=14, m=14
UndefVarError: `game` not defined in `ShannonSwitchingGame`
Suggestion: check for spelling errors or missing imports.
Stacktrace:
  [1] var"##core#279"()
    @ ShannonSwitchingGame ~/.julia/packages/BenchmarkTools/ZtsPk/src/execution.jl:647
  [2] var"##sample#280"(::Tuple{}, __params::BenchmarkTools.Parameters, __sample_ref::Base.RefValue{Tuple{Float64, Float64, Int64, Int64}}, __result_ref::Nothing)
    @ ShannonSwitchingGame ~/.julia/packages/BenchmarkTools/ZtsPk/src/execution.jl:659
  [3] _lineartrial(b::BenchmarkTools.Benchmark, p::BenchmarkTools.Parameters; maxevals::Int64, kwargs::@Kwargs{})
    @ BenchmarkTools ~/.julia/packages/BenchmarkTools/ZtsPk/src/execution.jl:222
  [4] _lineartrial(b::BenchmarkTools.Benchmark, p::BenchmarkTools.Parameters)
    @ BenchmarkTools ~/.julia/packages/BenchmarkTools/ZtsPk/src/execution.jl:216
  [5] #lineartrial#32
    @ ~/.julia/packages/BenchmarkTools/ZtsPk/src/execution.jl:53 [inlined]
  [6] lineartrial
    @ ~/.julia/packages/BenchmarkTools/ZtsPk/src/execution.jl:52 [inlined]
  [7] tune!(b::BenchmarkTools.Benchmark, p::BenchmarkTools.Parameters; progressid::Nothing, nleaves::Float64, ndone::Float64, verbose::Bool, pad::String, kwargs::@Kwargs{})
    @ BenchmarkTools ~/.julia/packages/BenchmarkTools/ZtsPk/src/execution.jl:341
  [8] tune! (repeats 2 times)
    @ ~/.julia/packages/BenchmarkTools/ZtsPk/src/execution.jl:330 [inlined]
  [9] macro expansion
    @ ~/.julia/packages/BenchmarkTools/ZtsPk/src/execution.jl:503 [inlined]
 [10] test()
    @ ShannonSwitchingGame ~/Documents/computerorientierte_Mathematik_II/Programmierprojekt/ShannonSwitchingGame/src/Wettbewerbsstrategie_Hilfsfunktionen.jl:532
 [11] top-level scope
    @ REPL[7]:1
 [12] eval(m::Module, e::Any)
    @ Core ./boot.jl:489
 [13] eval
    @ ./Base_compiler.jl:146 [inlined]
 [14] repleval(m::Module, code::Expr, ::String)
    @ VSCodeServer ~/.vscode/extensions/julialang.language-julia-1.219.2/scripts/packages/VSCodeServer/src/repl.jl:278
 [15] #evalrepl##2
    @ ~/.vscode/extensions/julialang.language-julia-1.219.2/scripts/packages/VSCodeServer/src/repl.jl:241 [inlined]
 [16] with_logstate(f::VSCodeServer.var"#evalrepl##2#evalrepl##3"{Module, Expr, REPL.LineEditREPL, REPL.LineEdit.Prompt}, logstate::Base.CoreLogging.LogState)
    @ Base.CoreLogging ./logging/logging.jl:542
 [17] with_logger
    @ ./logging/logging.jl:653 [inlined]
 [18] (::VSCodeServer.var"#evalrepl##0#evalrepl##1"{Module, Expr, REPL.LineEditREPL, REPL.LineEdit.Prompt})()
    @ VSCodeServer ~/.vscode/extensions/julialang.language-julia-1.219.2/scripts/packages/VSCodeServer/src/repl.jl:242
 [19] (::VSCodeServer.var"#start_eval_backend##0#start_eval_backend##1")()
    @ VSCodeServer ~/.vscode/extensions/julialang.language-julia-1.219.2/scripts/packages/VSCodeServer/src/eval.jl:34


ERROR in weighted_cut (Spiel 2)
n=14, m=14
UndefVarError: `game` not defined in `ShannonSwitchingGame`
Suggestion: check for spelling errors or missing imports.
Stacktrace:
  [1] var"##core#279"()
    @ ShannonSwitchingGame ~/.julia/packages/BenchmarkTools/ZtsPk/src/execution.jl:647
  [2] var"##sample#280"(::Tuple{}, __params::BenchmarkTools.Parameters, __sample_ref::Base.RefValue{Tuple{Float64, Float64, Int64, Int64}}, __result_ref::Nothing)
    @ ShannonSwitchingGame ~/.julia/packages/BenchmarkTools/ZtsPk/src/execution.jl:659
  [3] _lineartrial(b::BenchmarkTools.Benchmark, p::BenchmarkTools.Parameters; maxevals::Int64, kwargs::@Kwargs{})
    @ BenchmarkTools ~/.julia/packages/BenchmarkTools/ZtsPk/src/execution.jl:222
  [4] _lineartrial(b::BenchmarkTools.Benchmark, p::BenchmarkTools.Parameters)
    @ BenchmarkTools ~/.julia/packages/BenchmarkTools/ZtsPk/src/execution.jl:216
  [5] #lineartrial#32
    @ ~/.julia/packages/BenchmarkTools/ZtsPk/src/execution.jl:53 [inlined]
  [6] lineartrial
    @ ~/.julia/packages/BenchmarkTools/ZtsPk/src/execution.jl:52 [inlined]
  [7] tune!(b::BenchmarkTools.Benchmark, p::BenchmarkTools.Parameters; progressid::Nothing, nleaves::Float64, ndone::Float64, verbose::Bool, pad::String, kwargs::@Kwargs{})
    @ BenchmarkTools ~/.julia/packages/BenchmarkTools/ZtsPk/src/execution.jl:341
  [8] tune! (repeats 2 times)
    @ ~/.julia/packages/BenchmarkTools/ZtsPk/src/execution.jl:330 [inlined]
  [9] macro expansion
    @ ~/.julia/packages/BenchmarkTools/ZtsPk/src/execution.jl:503 [inlined]
 [10] test()
    @ ShannonSwitchingGame ~/Documents/computerorientierte_Mathematik_II/Programmierprojekt/ShannonSwitchingGame/src/Wettbewerbsstrategie_Hilfsfunktionen.jl:532
 [11] top-level scope
    @ REPL[7]:1
 [12] eval(m::Module, e::Any)
    @ Core ./boot.jl:489
 [13] eval
    @ ./Base_compiler.jl:146 [inlined]
 [14] repleval(m::Module, code::Expr, ::String)
    @ VSCodeServer ~/.vscode/extensions/julialang.language-julia-1.219.2/scripts/packages/VSCodeServer/src/repl.jl:278
 [15] #evalrepl##2
    @ ~/.vscode/extensions/julialang.language-julia-1.219.2/scripts/packages/VSCodeServer/src/repl.jl:241 [inlined]
 [16] with_logstate(f::VSCodeServer.var"#evalrepl##2#evalrepl##3"{Module, Expr, REPL.LineEditREPL, REPL.LineEdit.Prompt}, logstate::Base.CoreLogging.LogState)
    @ Base.CoreLogging ./logging/logging.jl:542
 [17] with_logger
    @ ./logging/logging.jl:653 [inlined]
 [18] (::VSCodeServer.var"#evalrepl##0#evalrepl##1"{Module, Expr, REPL.LineEditREPL, REPL.LineEdit.Prompt})()
    @ VSCodeServer ~/.vscode/extensions/julialang.language-julia-1.219.2/scripts/packages/VSCodeServer/src/repl.jl:242
 [19] (::VSCodeServer.var"#start_eval_backend##0#start_eval_backend##1")()
    @ VSCodeServer ~/.vscode/extensions/julialang.language-julia-1.219.2/scripts/packages/VSCodeServer/src/eval.jl:34


ERROR in weighted_cut (Spiel 2)
n=14, m=14
UndefVarError: `game` not defined in `ShannonSwitchingGame`
Suggestion: check for spelling errors or missing imports.
Stacktrace:
  [1] var"##core#279"()
    @ ShannonSwitchingGame ~/.julia/packages/BenchmarkTools/ZtsPk/src/execution.jl:647
  [2] var"##sample#280"(::Tuple{}, __params::BenchmarkTools.Parameters, __sample_ref::Base.RefValue{Tuple{Float64, Float64, Int64, Int64}}, __result_ref::Nothing)
    @ ShannonSwitchingGame ~/.julia/packages/BenchmarkTools/ZtsPk/src/execution.jl:659
  [3] _lineartrial(b::BenchmarkTools.Benchmark, p::BenchmarkTools.Parameters; maxevals::Int64, kwargs::@Kwargs{})
    @ BenchmarkTools ~/.julia/packages/BenchmarkTools/ZtsPk/src/execution.jl:222
  [4] _lineartrial(b::BenchmarkTools.Benchmark, p::BenchmarkTools.Parameters)
    @ BenchmarkTools ~/.julia/packages/BenchmarkTools/ZtsPk/src/execution.jl:216
  [5] #lineartrial#32
    @ ~/.julia/packages/BenchmarkTools/ZtsPk/src/execution.jl:53 [inlined]
  [6] lineartrial
    @ ~/.julia/packages/BenchmarkTools/ZtsPk/src/execution.jl:52 [inlined]
  [7] tune!(b::BenchmarkTools.Benchmark, p::BenchmarkTools.Parameters; progressid::Nothing, nleaves::Float64, ndone::Float64, verbose::Bool, pad::String, kwargs::@Kwargs{})
    @ BenchmarkTools ~/.julia/packages/BenchmarkTools/ZtsPk/src/execution.jl:341
  [8] tune! (repeats 2 times)
    @ ~/.julia/packages/BenchmarkTools/ZtsPk/src/execution.jl:330 [inlined]
  [9] macro expansion
    @ ~/.julia/packages/BenchmarkTools/ZtsPk/src/execution.jl:503 [inlined]
 [10] test()
    @ ShannonSwitchingGame ~/Documents/computerorientierte_Mathematik_II/Programmierprojekt/ShannonSwitchingGame/src/Wettbewerbsstrategie_Hilfsfunktionen.jl:532
 [11] top-level scope
    @ REPL[7]:1
 [12] eval(m::Module, e::Any)
    @ Core ./boot.jl:489
 [13] eval
    @ ./Base_compiler.jl:146 [inlined]
 [14] repleval(m::Module, code::Expr, ::String)
    @ VSCodeServer ~/.vscode/extensions/julialang.language-julia-1.219.2/scripts/packages/VSCodeServer/src/repl.jl:278
 [15] #evalrepl##2
    @ ~/.vscode/extensions/julialang.language-julia-1.219.2/scripts/packages/VSCodeServer/src/repl.jl:241 [inlined]
 [16] with_logstate(f::VSCodeServer.var"#evalrepl##2#evalrepl##3"{Module, Expr, REPL.LineEditREPL, REPL.LineEdit.Prompt}, logstate::Base.CoreLogging.LogState)
    @ Base.CoreLogging ./logging/logging.jl:542
 [17] with_logger
    @ ./logging/logging.jl:653 [inlined]
 [18] (::VSCodeServer.var"#evalrepl##0#evalrepl##1"{Module, Expr, REPL.LineEditREPL, REPL.LineEdit.Prompt})()
    @ VSCodeServer ~/.vscode/extensions/julialang.language-julia-1.219.2/scripts/packages/VSCodeServer/src/repl.jl:242
 [19] (::VSCodeServer.var"#start_eval_backend##0#start_eval_backend##1")()
    @ VSCodeServer ~/.vscode/extensions/julialang.language-julia-1.219.2/scripts/packages/VSCodeServer/src/eval.jl:34


ERROR in weighted_cut (Spiel 2)
n=14, m=14
UndefVarError: `game` not defined in `ShannonSwitchingGame`
Suggestion: check for spelling errors or missing imports.
Stacktrace:
  [1] var"##core#279"()
    @ ShannonSwitchingGame ~/.julia/packages/BenchmarkTools/ZtsPk/src/execution.jl:647
  [2] var"##sample#280"(::Tuple{}, __params::BenchmarkTools.Parameters, __sample_ref::Base.RefValue{Tuple{Float64, Float64, Int64, Int64}}, __result_ref::Nothing)
    @ ShannonSwitchingGame ~/.julia/packages/BenchmarkTools/ZtsPk/src/execution.jl:659
  [3] _lineartrial(b::BenchmarkTools.Benchmark, p::BenchmarkTools.Parameters; maxevals::Int64, kwargs::@Kwargs{})
    @ BenchmarkTools ~/.julia/packages/BenchmarkTools/ZtsPk/src/execution.jl:222
  [4] _lineartrial(b::BenchmarkTools.Benchmark, p::BenchmarkTools.Parameters)
    @ BenchmarkTools ~/.julia/packages/BenchmarkTools/ZtsPk/src/execution.jl:216
  [5] #lineartrial#32
    @ ~/.julia/packages/BenchmarkTools/ZtsPk/src/execution.jl:53 [inlined]
  [6] lineartrial
    @ ~/.julia/packages/BenchmarkTools/ZtsPk/src/execution.jl:52 [inlined]
  [7] tune!(b::BenchmarkTools.Benchmark, p::BenchmarkTools.Parameters; progressid::Nothing, nleaves::Float64, ndone::Float64, verbose::Bool, pad::String, kwargs::@Kwargs{})
    @ BenchmarkTools ~/.julia/packages/BenchmarkTools/ZtsPk/src/execution.jl:341
  [8] tune! (repeats 2 times)
    @ ~/.julia/packages/BenchmarkTools/ZtsPk/src/execution.jl:330 [inlined]
  [9] macro expansion
    @ ~/.julia/packages/BenchmarkTools/ZtsPk/src/execution.jl:503 [inlined]
 [10] test()
    @ ShannonSwitchingGame ~/Documents/computerorientierte_Mathematik_II/Programmierprojekt/ShannonSwitchingGame/src/Wettbewerbsstrategie_Hilfsfunktionen.jl:532
 [11] top-level scope
    @ REPL[7]:1
 [12] eval(m::Module, e::Any)
    @ Core ./boot.jl:489
 [13] eval
    @ ./Base_compiler.jl:146 [inlined]
 [14] repleval(m::Module, code::Expr, ::String)
    @ VSCodeServer ~/.vscode/extensions/julialang.language-julia-1.219.2/scripts/packages/VSCodeServer/src/repl.jl:278
 [15] #evalrepl##2
    @ ~/.vscode/extensions/julialang.language-julia-1.219.2/scripts/packages/VSCodeServer/src/repl.jl:241 [inlined]
 [16] with_logstate(f::VSCodeServer.var"#evalrepl##2#evalrepl##3"{Module, Expr, REPL.LineEditREPL, REPL.LineEdit.Prompt}, logstate::Base.CoreLogging.LogState)
    @ Base.CoreLogging ./logging/logging.jl:542
 [17] with_logger
    @ ./logging/logging.jl:653 [inlined]
 [18] (::VSCodeServer.var"#evalrepl##0#evalrepl##1"{Module, Expr, REPL.LineEditREPL, REPL.LineEdit.Prompt})()
    @ VSCodeServer ~/.vscode/extensions/julialang.language-julia-1.219.2/scripts/packages/VSCodeServer/src/repl.jl:242
 [19] (::VSCodeServer.var"#start_eval_backend##0#start_eval_backend##1")()
    @ VSCodeServer ~/.vscode/extensions/julialang.language-julia-1.219.2/scripts/packages/VSCodeServer/src/eval.jl:34


ERROR in weighted_cut (Spiel 2)
n=14, m=14
UndefVarError: `game` not defined in `ShannonSwitchingGame`
Suggestion: check for spelling errors or missing imports.
Stacktrace:
  [1] var"##core#279"()
    @ ShannonSwitchingGame ~/.julia/packages/BenchmarkTools/ZtsPk/src/execution.jl:647
  [2] var"##sample#280"(::Tuple{}, __params::BenchmarkTools.Parameters, __sample_ref::Base.RefValue{Tuple{Float64, Float64, Int64, Int64}}, __result_ref::Nothing)
    @ ShannonSwitchingGame ~/.julia/packages/BenchmarkTools/ZtsPk/src/execution.jl:659
  [3] _lineartrial(b::BenchmarkTools.Benchmark, p::BenchmarkTools.Parameters; maxevals::Int64, kwargs::@Kwargs{})
    @ BenchmarkTools ~/.julia/packages/BenchmarkTools/ZtsPk/src/execution.jl:222
  [4] _lineartrial(b::BenchmarkTools.Benchmark, p::BenchmarkTools.Parameters)
    @ BenchmarkTools ~/.julia/packages/BenchmarkTools/ZtsPk/src/execution.jl:216
  [5] #lineartrial#32
    @ ~/.julia/packages/BenchmarkTools/ZtsPk/src/execution.jl:53 [inlined]
  [6] lineartrial
    @ ~/.julia/packages/BenchmarkTools/ZtsPk/src/execution.jl:52 [inlined]
  [7] tune!(b::BenchmarkTools.Benchmark, p::BenchmarkTools.Parameters; progressid::Nothing, nleaves::Float64, ndone::Float64, verbose::Bool, pad::String, kwargs::@Kwargs{})
    @ BenchmarkTools ~/.julia/packages/BenchmarkTools/ZtsPk/src/execution.jl:341
  [8] tune! (repeats 2 times)
    @ ~/.julia/packages/BenchmarkTools/ZtsPk/src/execution.jl:330 [inlined]
  [9] macro expansion
    @ ~/.julia/packages/BenchmarkTools/ZtsPk/src/execution.jl:503 [inlined]
 [10] test()
    @ ShannonSwitchingGame ~/Documents/computerorientierte_Mathematik_II/Programmierprojekt/ShannonSwitchingGame/src/Wettbewerbsstrategie_Hilfsfunktionen.jl:532
 [11] top-level scope
    @ REPL[7]:1
 [12] eval(m::Module, e::Any)
    @ Core ./boot.jl:489
 [13] eval
    @ ./Base_compiler.jl:146 [inlined]
 [14] repleval(m::Module, code::Expr, ::String)
    @ VSCodeServer ~/.vscode/extensions/julialang.language-julia-1.219.2/scripts/packages/VSCodeServer/src/repl.jl:278
 [15] #evalrepl##2
    @ ~/.vscode/extensions/julialang.language-julia-1.219.2/scripts/packages/VSCodeServer/src/repl.jl:241 [inlined]
 [16] with_logstate(f::VSCodeServer.var"#evalrepl##2#evalrepl##3"{Module, Expr, REPL.LineEditREPL, REPL.LineEdit.Prompt}, logstate::Base.CoreLogging.LogState)
    @ Base.CoreLogging ./logging/logging.jl:542
 [17] with_logger
    @ ./logging/logging.jl:653 [inlined]
 [18] (::VSCodeServer.var"#evalrepl##0#evalrepl##1"{Module, Expr, REPL.LineEditREPL, REPL.LineEdit.Prompt})()
    @ VSCodeServer ~/.vscode/extensions/julialang.language-julia-1.219.2/scripts/packages/VSCodeServer/src/repl.jl:242
 [19] (::VSCodeServer.var"#start_eval_backend##0#start_eval_backend##1")()
    @ VSCodeServer ~/.vscode/extensions/julialang.language-julia-1.219.2/scripts/packages/VSCodeServer/src/eval.jl:34


ERROR in weighted_cut (Spiel 2)
n=14, m=14
UndefVarError: `game` not defined in `ShannonSwitchingGame`
Suggestion: check for spelling errors or missing imports.
Stacktrace:
  [1] var"##core#279"()
    @ ShannonSwitchingGame ~/.julia/packages/BenchmarkTools/ZtsPk/src/execution.jl:647
  [2] var"##sample#280"(::Tuple{}, __params::BenchmarkTools.Parameters, __sample_ref::Base.RefValue{Tuple{Float64, Float64, Int64, Int64}}, __result_ref::Nothing)
    @ ShannonSwitchingGame ~/.julia/packages/BenchmarkTools/ZtsPk/src/execution.jl:659
  [3] _lineartrial(b::BenchmarkTools.Benchmark, p::BenchmarkTools.Parameters; maxevals::Int64, kwargs::@Kwargs{})
    @ BenchmarkTools ~/.julia/packages/BenchmarkTools/ZtsPk/src/execution.jl:222
  [4] _lineartrial(b::BenchmarkTools.Benchmark, p::BenchmarkTools.Parameters)
    @ BenchmarkTools ~/.julia/packages/BenchmarkTools/ZtsPk/src/execution.jl:216
  [5] #lineartrial#32
    @ ~/.julia/packages/BenchmarkTools/ZtsPk/src/execution.jl:53 [inlined]
  [6] lineartrial
    @ ~/.julia/packages/BenchmarkTools/ZtsPk/src/execution.jl:52 [inlined]
  [7] tune!(b::BenchmarkTools.Benchmark, p::BenchmarkTools.Parameters; progressid::Nothing, nleaves::Float64, ndone::Float64, verbose::Bool, pad::String, kwargs::@Kwargs{})
    @ BenchmarkTools ~/.julia/packages/BenchmarkTools/ZtsPk/src/execution.jl:341
  [8] tune! (repeats 2 times)
    @ ~/.julia/packages/BenchmarkTools/ZtsPk/src/execution.jl:330 [inlined]
  [9] macro expansion
    @ ~/.julia/packages/BenchmarkTools/ZtsPk/src/execution.jl:503 [inlined]
 [10] test()
    @ ShannonSwitchingGame ~/Documents/computerorientierte_Mathematik_II/Programmierprojekt/ShannonSwitchingGame/src/Wettbewerbsstrategie_Hilfsfunktionen.jl:532
 [11] top-level scope
    @ REPL[7]:1
 [12] eval(m::Module, e::Any)
    @ Core ./boot.jl:489
 [13] eval
    @ ./Base_compiler.jl:146 [inlined]
 [14] repleval(m::Module, code::Expr, ::String)
    @ VSCodeServer ~/.vscode/extensions/julialang.language-julia-1.219.2/scripts/packages/VSCodeServer/src/repl.jl:278
 [15] #evalrepl##2
    @ ~/.vscode/extensions/julialang.language-julia-1.219.2/scripts/packages/VSCodeServer/src/repl.jl:241 [inlined]
 [16] with_logstate(f::VSCodeServer.var"#evalrepl##2#evalrepl##3"{Module, Expr, REPL.LineEditREPL, REPL.LineEdit.Prompt}, logstate::Base.CoreLogging.LogState)
    @ Base.CoreLogging ./logging/logging.jl:542
 [17] with_logger
    @ ./logging/logging.jl:653 [inlined]
 [18] (::VSCodeServer.var"#evalrepl##0#evalrepl##1"{Module, Expr, REPL.LineEditREPL, REPL.LineEdit.Prompt})()
    @ VSCodeServer ~/.vscode/extensions/julialang.language-julia-1.219.2/scripts/packages/VSCodeServer/src/repl.jl:242
 [19] (::VSCodeServer.var"#start_eval_backend##0#start_eval_backend##1")()
    @ VSCodeServer ~/.vscode/extensions/julialang.language-julia-1.219.2/scripts/packages/VSCodeServer/src/eval.jl:34


ERROR in weighted_short (Spiel 2)
n=14, m=14
UndefVarError: `game` not defined in `ShannonSwitchingGame`
Suggestion: check for spelling errors or missing imports.
Stacktrace:
  [1] var"##core#281"()
    @ ShannonSwitchingGame ~/.julia/packages/BenchmarkTools/ZtsPk/src/execution.jl:647
  [2] var"##sample#282"(::Tuple{}, __params::BenchmarkTools.Parameters, __sample_ref::Base.RefValue{Tuple{Float64, Float64, Int64, Int64}}, __result_ref::Nothing)
    @ ShannonSwitchingGame ~/.julia/packages/BenchmarkTools/ZtsPk/src/execution.jl:659
  [3] _lineartrial(b::BenchmarkTools.Benchmark, p::BenchmarkTools.Parameters; maxevals::Int64, kwargs::@Kwargs{})
    @ BenchmarkTools ~/.julia/packages/BenchmarkTools/ZtsPk/src/execution.jl:222
  [4] _lineartrial(b::BenchmarkTools.Benchmark, p::BenchmarkTools.Parameters)
    @ BenchmarkTools ~/.julia/packages/BenchmarkTools/ZtsPk/src/execution.jl:216
  [5] #lineartrial#32
    @ ~/.julia/packages/BenchmarkTools/ZtsPk/src/execution.jl:53 [inlined]
  [6] lineartrial
    @ ~/.julia/packages/BenchmarkTools/ZtsPk/src/execution.jl:52 [inlined]
  [7] tune!(b::BenchmarkTools.Benchmark, p::BenchmarkTools.Parameters; progressid::Nothing, nleaves::Float64, ndone::Float64, verbose::Bool, pad::String, kwargs::@Kwargs{})
    @ BenchmarkTools ~/.julia/packages/BenchmarkTools/ZtsPk/src/execution.jl:341
  [8] tune! (repeats 2 times)
    @ ~/.julia/packages/BenchmarkTools/ZtsPk/src/execution.jl:330 [inlined]
  [9] macro expansion
    @ ~/.julia/packages/BenchmarkTools/ZtsPk/src/execution.jl:503 [inlined]
 [10] test()
    @ ShannonSwitchingGame ~/Documents/computerorientierte_Mathematik_II/Programmierprojekt/ShannonSwitchingGame/src/Wettbewerbsstrategie_Hilfsfunktionen.jl:581
 [11] top-level scope
    @ REPL[7]:1
 [12] eval(m::Module, e::Any)
    @ Core ./boot.jl:489
 [13] eval
    @ ./Base_compiler.jl:146 [inlined]
 [14] repleval(m::Module, code::Expr, ::String)
    @ VSCodeServer ~/.vscode/extensions/julialang.language-julia-1.219.2/scripts/packages/VSCodeServer/src/repl.jl:278
 [15] #evalrepl##2
    @ ~/.vscode/extensions/julialang.language-julia-1.219.2/scripts/packages/VSCodeServer/src/repl.jl:241 [inlined]
 [16] with_logstate(f::VSCodeServer.var"#evalrepl##2#evalrepl##3"{Module, Expr, REPL.LineEditREPL, REPL.LineEdit.Prompt}, logstate::Base.CoreLogging.LogState)
    @ Base.CoreLogging ./logging/logging.jl:542
 [17] with_logger
    @ ./logging/logging.jl:653 [inlined]
 [18] (::VSCodeServer.var"#evalrepl##0#evalrepl##1"{Module, Expr, REPL.LineEditREPL, REPL.LineEdit.Prompt})()
    @ VSCodeServer ~/.vscode/extensions/julialang.language-julia-1.219.2/scripts/packages/VSCodeServer/src/repl.jl:242
 [19] (::VSCodeServer.var"#start_eval_backend##0#start_eval_backend##1")()
    @ VSCodeServer ~/.vscode/extensions/julialang.language-julia-1.219.2/scripts/packages/VSCodeServer/src/eval.jl:34

ERROR in weighted_short (Spiel 2)
n=14, m=14
UndefVarError: `game` not defined in `ShannonSwitchingGame`
Suggestion: check for spelling errors or missing imports.
Stacktrace:
  [1] var"##core#281"()
    @ ShannonSwitchingGame ~/.julia/packages/BenchmarkTools/ZtsPk/src/execution.jl:647
  [2] var"##sample#282"(::Tuple{}, __params::BenchmarkTools.Parameters, __sample_ref::Base.RefValue{Tuple{Float64, Float64, Int64, Int64}}, __result_ref::Nothing)
    @ ShannonSwitchingGame ~/.julia/packages/BenchmarkTools/ZtsPk/src/execution.jl:659
  [3] _lineartrial(b::BenchmarkTools.Benchmark, p::BenchmarkTools.Parameters; maxevals::Int64, kwargs::@Kwargs{})
    @ BenchmarkTools ~/.julia/packages/BenchmarkTools/ZtsPk/src/execution.jl:222
  [4] _lineartrial(b::BenchmarkTools.Benchmark, p::BenchmarkTools.Parameters)
    @ BenchmarkTools ~/.julia/packages/BenchmarkTools/ZtsPk/src/execution.jl:216
  [5] #lineartrial#32
    @ ~/.julia/packages/BenchmarkTools/ZtsPk/src/execution.jl:53 [inlined]
  [6] lineartrial
    @ ~/.julia/packages/BenchmarkTools/ZtsPk/src/execution.jl:52 [inlined]
  [7] tune!(b::BenchmarkTools.Benchmark, p::BenchmarkTools.Parameters; progressid::Nothing, nleaves::Float64, ndone::Float64, verbose::Bool, pad::String, kwargs::@Kwargs{})
    @ BenchmarkTools ~/.julia/packages/BenchmarkTools/ZtsPk/src/execution.jl:341
  [8] tune! (repeats 2 times)
    @ ~/.julia/packages/BenchmarkTools/ZtsPk/src/execution.jl:330 [inlined]
  [9] macro expansion
    @ ~/.julia/packages/BenchmarkTools/ZtsPk/src/execution.jl:503 [inlined]
 [10] test()
    @ ShannonSwitchingGame ~/Documents/computerorientierte_Mathematik_II/Programmierprojekt/ShannonSwitchingGame/src/Wettbewerbsstrategie_Hilfsfunktionen.jl:581
 [11] top-level scope
    @ REPL[7]:1
 [12] eval(m::Module, e::Any)
    @ Core ./boot.jl:489
 [13] eval
    @ ./Base_compiler.jl:146 [inlined]
 [14] repleval(m::Module, code::Expr, ::String)
    @ VSCodeServer ~/.vscode/extensions/julialang.language-julia-1.219.2/scripts/packages/VSCodeServer/src/repl.jl:278
 [15] #evalrepl##2
    @ ~/.vscode/extensions/julialang.language-julia-1.219.2/scripts/packages/VSCodeServer/src/repl.jl:241 [inlined]
 [16] with_logstate(f::VSCodeServer.var"#evalrepl##2#evalrepl##3"{Module, Expr, REPL.LineEditREPL, REPL.LineEdit.Prompt}, logstate::Base.CoreLogging.LogState)
    @ Base.CoreLogging ./logging/logging.jl:542
 [17] with_logger
    @ ./logging/logging.jl:653 [inlined]
 [18] (::VSCodeServer.var"#evalrepl##0#evalrepl##1"{Module, Expr, REPL.LineEditREPL, REPL.LineEdit.Prompt})()
    @ VSCodeServer ~/.vscode/extensions/julialang.language-julia-1.219.2/scripts/packages/VSCodeServer/src/repl.jl:242
 [19] (::VSCodeServer.var"#start_eval_backend##0#start_eval_backend##1")()
    @ VSCodeServer ~/.vscode/extensions/julialang.language-julia-1.219.2/scripts/packages/VSCodeServer/src/eval.jl:34

ERROR in weighted_short (Spiel 2)
n=14, m=14
UndefVarError: `game` not defined in `ShannonSwitchingGame`
Suggestion: check for spelling errors or missing imports.
Stacktrace:
  [1] var"##core#281"()
    @ ShannonSwitchingGame ~/.julia/packages/BenchmarkTools/ZtsPk/src/execution.jl:647
  [2] var"##sample#282"(::Tuple{}, __params::BenchmarkTools.Parameters, __sample_ref::Base.RefValue{Tuple{Float64, Float64, Int64, Int64}}, __result_ref::Nothing)
    @ ShannonSwitchingGame ~/.julia/packages/BenchmarkTools/ZtsPk/src/execution.jl:659
  [3] _lineartrial(b::BenchmarkTools.Benchmark, p::BenchmarkTools.Parameters; maxevals::Int64, kwargs::@Kwargs{})
    @ BenchmarkTools ~/.julia/packages/BenchmarkTools/ZtsPk/src/execution.jl:222
  [4] _lineartrial(b::BenchmarkTools.Benchmark, p::BenchmarkTools.Parameters)
    @ BenchmarkTools ~/.julia/packages/BenchmarkTools/ZtsPk/src/execution.jl:216
  [5] #lineartrial#32
    @ ~/.julia/packages/BenchmarkTools/ZtsPk/src/execution.jl:53 [inlined]
  [6] lineartrial
    @ ~/.julia/packages/BenchmarkTools/ZtsPk/src/execution.jl:52 [inlined]
  [7] tune!(b::BenchmarkTools.Benchmark, p::BenchmarkTools.Parameters; progressid::Nothing, nleaves::Float64, ndone::Float64, verbose::Bool, pad::String, kwargs::@Kwargs{})
    @ BenchmarkTools ~/.julia/packages/BenchmarkTools/ZtsPk/src/execution.jl:341
  [8] tune! (repeats 2 times)
    @ ~/.julia/packages/BenchmarkTools/ZtsPk/src/execution.jl:330 [inlined]
  [9] macro expansion
    @ ~/.julia/packages/BenchmarkTools/ZtsPk/src/execution.jl:503 [inlined]
 [10] test()
    @ ShannonSwitchingGame ~/Documents/computerorientierte_Mathematik_II/Programmierprojekt/ShannonSwitchingGame/src/Wettbewerbsstrategie_Hilfsfunktionen.jl:581
 [11] top-level scope
    @ REPL[7]:1
 [12] eval(m::Module, e::Any)
    @ Core ./boot.jl:489
 [13] eval
    @ ./Base_compiler.jl:146 [inlined]
 [14] repleval(m::Module, code::Expr, ::String)
    @ VSCodeServer ~/.vscode/extensions/julialang.language-julia-1.219.2/scripts/packages/VSCodeServer/src/repl.jl:278
 [15] #evalrepl##2
    @ ~/.vscode/extensions/julialang.language-julia-1.219.2/scripts/packages/VSCodeServer/src/repl.jl:241 [inlined]
 [16] with_logstate(f::VSCodeServer.var"#evalrepl##2#evalrepl##3"{Module, Expr, REPL.LineEditREPL, REPL.LineEdit.Prompt}, logstate::Base.CoreLogging.LogState)
    @ Base.CoreLogging ./logging/logging.jl:542
 [17] with_logger
    @ ./logging/logging.jl:653 [inlined]
 [18] (::VSCodeServer.var"#evalrepl##0#evalrepl##1"{Module, Expr, REPL.LineEditREPL, REPL.LineEdit.Prompt})()
    @ VSCodeServer ~/.vscode/extensions/julialang.language-julia-1.219.2/scripts/packages/VSCodeServer/src/repl.jl:242
 [19] (::VSCodeServer.var"#start_eval_backend##0#start_eval_backend##1")()
    @ VSCodeServer ~/.vscode/extensions/julialang.language-julia-1.219.2/scripts/packages/VSCodeServer/src/eval.jl:34

ERROR in weighted_short (Spiel 2)
n=14, m=14
UndefVarError: `game` not defined in `ShannonSwitchingGame`
Suggestion: check for spelling errors or missing imports.
Stacktrace:
  [1] var"##core#281"()
    @ ShannonSwitchingGame ~/.julia/packages/BenchmarkTools/ZtsPk/src/execution.jl:647
  [2] var"##sample#282"(::Tuple{}, __params::BenchmarkTools.Parameters, __sample_ref::Base.RefValue{Tuple{Float64, Float64, Int64, Int64}}, __result_ref::Nothing)
    @ ShannonSwitchingGame ~/.julia/packages/BenchmarkTools/ZtsPk/src/execution.jl:659
  [3] _lineartrial(b::BenchmarkTools.Benchmark, p::BenchmarkTools.Parameters; maxevals::Int64, kwargs::@Kwargs{})
    @ BenchmarkTools ~/.julia/packages/BenchmarkTools/ZtsPk/src/execution.jl:222
  [4] _lineartrial(b::BenchmarkTools.Benchmark, p::BenchmarkTools.Parameters)
    @ BenchmarkTools ~/.julia/packages/BenchmarkTools/ZtsPk/src/execution.jl:216
  [5] #lineartrial#32
    @ ~/.julia/packages/BenchmarkTools/ZtsPk/src/execution.jl:53 [inlined]
  [6] lineartrial
    @ ~/.julia/packages/BenchmarkTools/ZtsPk/src/execution.jl:52 [inlined]
  [7] tune!(b::BenchmarkTools.Benchmark, p::BenchmarkTools.Parameters; progressid::Nothing, nleaves::Float64, ndone::Float64, verbose::Bool, pad::String, kwargs::@Kwargs{})
    @ BenchmarkTools ~/.julia/packages/BenchmarkTools/ZtsPk/src/execution.jl:341
  [8] tune! (repeats 2 times)
    @ ~/.julia/packages/BenchmarkTools/ZtsPk/src/execution.jl:330 [inlined]
  [9] macro expansion
    @ ~/.julia/packages/BenchmarkTools/ZtsPk/src/execution.jl:503 [inlined]
 [10] test()
    @ ShannonSwitchingGame ~/Documents/computerorientierte_Mathematik_II/Programmierprojekt/ShannonSwitchingGame/src/Wettbewerbsstrategie_Hilfsfunktionen.jl:581
 [11] top-level scope
    @ REPL[7]:1
 [12] eval(m::Module, e::Any)
    @ Core ./boot.jl:489
 [13] eval
    @ ./Base_compiler.jl:146 [inlined]
 [14] repleval(m::Module, code::Expr, ::String)
    @ VSCodeServer ~/.vscode/extensions/julialang.language-julia-1.219.2/scripts/packages/VSCodeServer/src/repl.jl:278
 [15] #evalrepl##2
    @ ~/.vscode/extensions/julialang.language-julia-1.219.2/scripts/packages/VSCodeServer/src/repl.jl:241 [inlined]
 [16] with_logstate(f::VSCodeServer.var"#evalrepl##2#evalrepl##3"{Module, Expr, REPL.LineEditREPL, REPL.LineEdit.Prompt}, logstate::Base.CoreLogging.LogState)
    @ Base.CoreLogging ./logging/logging.jl:542
 [17] with_logger
    @ ./logging/logging.jl:653 [inlined]
 [18] (::VSCodeServer.var"#evalrepl##0#evalrepl##1"{Module, Expr, REPL.LineEditREPL, REPL.LineEdit.Prompt})()
    @ VSCodeServer ~/.vscode/extensions/julialang.language-julia-1.219.2/scripts/packages/VSCodeServer/src/repl.jl:242
 [19] (::VSCodeServer.var"#start_eval_backend##0#start_eval_backend##1")()
    @ VSCodeServer ~/.vscode/extensions/julialang.language-julia-1.219.2/scripts/packages/VSCodeServer/src/eval.jl:34

ERROR in weighted_short (Spiel 2)
n=14, m=14
UndefVarError: `game` not defined in `ShannonSwitchingGame`
Suggestion: check for spelling errors or missing imports.
Stacktrace:
  [1] var"##core#281"()
    @ ShannonSwitchingGame ~/.julia/packages/BenchmarkTools/ZtsPk/src/execution.jl:647
  [2] var"##sample#282"(::Tuple{}, __params::BenchmarkTools.Parameters, __sample_ref::Base.RefValue{Tuple{Float64, Float64, Int64, Int64}}, __result_ref::Nothing)
    @ ShannonSwitchingGame ~/.julia/packages/BenchmarkTools/ZtsPk/src/execution.jl:659
  [3] _lineartrial(b::BenchmarkTools.Benchmark, p::BenchmarkTools.Parameters; maxevals::Int64, kwargs::@Kwargs{})
    @ BenchmarkTools ~/.julia/packages/BenchmarkTools/ZtsPk/src/execution.jl:222
  [4] _lineartrial(b::BenchmarkTools.Benchmark, p::BenchmarkTools.Parameters)
    @ BenchmarkTools ~/.julia/packages/BenchmarkTools/ZtsPk/src/execution.jl:216
  [5] #lineartrial#32
    @ ~/.julia/packages/BenchmarkTools/ZtsPk/src/execution.jl:53 [inlined]
  [6] lineartrial
    @ ~/.julia/packages/BenchmarkTools/ZtsPk/src/execution.jl:52 [inlined]
  [7] tune!(b::BenchmarkTools.Benchmark, p::BenchmarkTools.Parameters; progressid::Nothing, nleaves::Float64, ndone::Float64, verbose::Bool, pad::String, kwargs::@Kwargs{})
    @ BenchmarkTools ~/.julia/packages/BenchmarkTools/ZtsPk/src/execution.jl:341
  [8] tune! (repeats 2 times)
    @ ~/.julia/packages/BenchmarkTools/ZtsPk/src/execution.jl:330 [inlined]
  [9] macro expansion
    @ ~/.julia/packages/BenchmarkTools/ZtsPk/src/execution.jl:503 [inlined]
 [10] test()
    @ ShannonSwitchingGame ~/Documents/computerorientierte_Mathematik_II/Programmierprojekt/ShannonSwitchingGame/src/Wettbewerbsstrategie_Hilfsfunktionen.jl:581
 [11] top-level scope
    @ REPL[7]:1
 [12] eval(m::Module, e::Any)
    @ Core ./boot.jl:489
 [13] eval
    @ ./Base_compiler.jl:146 [inlined]
 [14] repleval(m::Module, code::Expr, ::String)
    @ VSCodeServer ~/.vscode/extensions/julialang.language-julia-1.219.2/scripts/packages/VSCodeServer/src/repl.jl:278
 [15] #evalrepl##2
    @ ~/.vscode/extensions/julialang.language-julia-1.219.2/scripts/packages/VSCodeServer/src/repl.jl:241 [inlined]
 [16] with_logstate(f::VSCodeServer.var"#evalrepl##2#evalrepl##3"{Module, Expr, REPL.LineEditREPL, REPL.LineEdit.Prompt}, logstate::Base.CoreLogging.LogState)
    @ Base.CoreLogging ./logging/logging.jl:542
 [17] with_logger
    @ ./logging/logging.jl:653 [inlined]
 [18] (::VSCodeServer.var"#evalrepl##0#evalrepl##1"{Module, Expr, REPL.LineEditREPL, REPL.LineEdit.Prompt})()
    @ VSCodeServer ~/.vscode/extensions/julialang.language-julia-1.219.2/scripts/packages/VSCodeServer/src/repl.jl:242
 [19] (::VSCodeServer.var"#start_eval_backend##0#start_eval_backend##1")()
    @ VSCodeServer ~/.vscode/extensions/julialang.language-julia-1.219.2/scripts/packages/VSCodeServer/src/eval.jl:34

ERROR in weighted_short (Spiel 2)
n=14, m=14
UndefVarError: `game` not defined in `ShannonSwitchingGame`
Suggestion: check for spelling errors or missing imports.
Stacktrace:
  [1] var"##core#281"()
    @ ShannonSwitchingGame ~/.julia/packages/BenchmarkTools/ZtsPk/src/execution.jl:647
  [2] var"##sample#282"(::Tuple{}, __params::BenchmarkTools.Parameters, __sample_ref::Base.RefValue{Tuple{Float64, Float64, Int64, Int64}}, __result_ref::Nothing)
    @ ShannonSwitchingGame ~/.julia/packages/BenchmarkTools/ZtsPk/src/execution.jl:659
  [3] _lineartrial(b::BenchmarkTools.Benchmark, p::BenchmarkTools.Parameters; maxevals::Int64, kwargs::@Kwargs{})
    @ BenchmarkTools ~/.julia/packages/BenchmarkTools/ZtsPk/src/execution.jl:222
  [4] _lineartrial(b::BenchmarkTools.Benchmark, p::BenchmarkTools.Parameters)
    @ BenchmarkTools ~/.julia/packages/BenchmarkTools/ZtsPk/src/execution.jl:216
  [5] #lineartrial#32
    @ ~/.julia/packages/BenchmarkTools/ZtsPk/src/execution.jl:53 [inlined]
  [6] lineartrial
    @ ~/.julia/packages/BenchmarkTools/ZtsPk/src/execution.jl:52 [inlined]
  [7] tune!(b::BenchmarkTools.Benchmark, p::BenchmarkTools.Parameters; progressid::Nothing, nleaves::Float64, ndone::Float64, verbose::Bool, pad::String, kwargs::@Kwargs{})
    @ BenchmarkTools ~/.julia/packages/BenchmarkTools/ZtsPk/src/execution.jl:341
  [8] tune! (repeats 2 times)
    @ ~/.julia/packages/BenchmarkTools/ZtsPk/src/execution.jl:330 [inlined]
  [9] macro expansion
    @ ~/.julia/packages/BenchmarkTools/ZtsPk/src/execution.jl:503 [inlined]
 [10] test()
    @ ShannonSwitchingGame ~/Documents/computerorientierte_Mathematik_II/Programmierprojekt/ShannonSwitchingGame/src/Wettbewerbsstrategie_Hilfsfunktionen.jl:581
 [11] top-level scope
    @ REPL[7]:1
 [12] eval(m::Module, e::Any)
    @ Core ./boot.jl:489
 [13] eval
    @ ./Base_compiler.jl:146 [inlined]
 [14] repleval(m::Module, code::Expr, ::String)
    @ VSCodeServer ~/.vscode/extensions/julialang.language-julia-1.219.2/scripts/packages/VSCodeServer/src/repl.jl:278
 [15] #evalrepl##2
    @ ~/.vscode/extensions/julialang.language-julia-1.219.2/scripts/packages/VSCodeServer/src/repl.jl:241 [inlined]
 [16] with_logstate(f::VSCodeServer.var"#evalrepl##2#evalrepl##3"{Module, Expr, REPL.LineEditREPL, REPL.LineEdit.Prompt}, logstate::Base.CoreLogging.LogState)
    @ Base.CoreLogging ./logging/logging.jl:542
 [17] with_logger
    @ ./logging/logging.jl:653 [inlined]
 [18] (::VSCodeServer.var"#evalrepl##0#evalrepl##1"{Module, Expr, REPL.LineEditREPL, REPL.LineEdit.Prompt})()
    @ VSCodeServer ~/.vscode/extensions/julialang.language-julia-1.219.2/scripts/packages/VSCodeServer/src/repl.jl:242
 [19] (::VSCodeServer.var"#start_eval_backend##0#start_eval_backend##1")()
    @ VSCodeServer ~/.vscode/extensions/julialang.language-julia-1.219.2/scripts/packages/VSCodeServer/src/eval.jl:34

ERROR in weighted_short (Spiel 2)
n=14, m=14
UndefVarError: `game` not defined in `ShannonSwitchingGame`
Suggestion: check for spelling errors or missing imports.
Stacktrace:
  [1] var"##core#281"()
    @ ShannonSwitchingGame ~/.julia/packages/BenchmarkTools/ZtsPk/src/execution.jl:647
  [2] var"##sample#282"(::Tuple{}, __params::BenchmarkTools.Parameters, __sample_ref::Base.RefValue{Tuple{Float64, Float64, Int64, Int64}}, __result_ref::Nothing)
    @ ShannonSwitchingGame ~/.julia/packages/BenchmarkTools/ZtsPk/src/execution.jl:659
  [3] _lineartrial(b::BenchmarkTools.Benchmark, p::BenchmarkTools.Parameters; maxevals::Int64, kwargs::@Kwargs{})
    @ BenchmarkTools ~/.julia/packages/BenchmarkTools/ZtsPk/src/execution.jl:222
  [4] _lineartrial(b::BenchmarkTools.Benchmark, p::BenchmarkTools.Parameters)
    @ BenchmarkTools ~/.julia/packages/BenchmarkTools/ZtsPk/src/execution.jl:216
  [5] #lineartrial#32
    @ ~/.julia/packages/BenchmarkTools/ZtsPk/src/execution.jl:53 [inlined]
  [6] lineartrial
    @ ~/.julia/packages/BenchmarkTools/ZtsPk/src/execution.jl:52 [inlined]
  [7] tune!(b::BenchmarkTools.Benchmark, p::BenchmarkTools.Parameters; progressid::Nothing, nleaves::Float64, ndone::Float64, verbose::Bool, pad::String, kwargs::@Kwargs{})
    @ BenchmarkTools ~/.julia/packages/BenchmarkTools/ZtsPk/src/execution.jl:341
  [8] tune! (repeats 2 times)
    @ ~/.julia/packages/BenchmarkTools/ZtsPk/src/execution.jl:330 [inlined]
  [9] macro expansion
    @ ~/.julia/packages/BenchmarkTools/ZtsPk/src/execution.jl:503 [inlined]
 [10] test()
    @ ShannonSwitchingGame ~/Documents/computerorientierte_Mathematik_II/Programmierprojekt/ShannonSwitchingGame/src/Wettbewerbsstrategie_Hilfsfunktionen.jl:581
 [11] top-level scope
    @ REPL[7]:1
 [12] eval(m::Module, e::Any)
    @ Core ./boot.jl:489
 [13] eval
    @ ./Base_compiler.jl:146 [inlined]
 [14] repleval(m::Module, code::Expr, ::String)
    @ VSCodeServer ~/.vscode/extensions/julialang.language-julia-1.219.2/scripts/packages/VSCodeServer/src/repl.jl:278
 [15] #evalrepl##2
    @ ~/.vscode/extensions/julialang.language-julia-1.219.2/scripts/packages/VSCodeServer/src/repl.jl:241 [inlined]
 [16] with_logstate(f::VSCodeServer.var"#evalrepl##2#evalrepl##3"{Module, Expr, REPL.LineEditREPL, REPL.LineEdit.Prompt}, logstate::Base.CoreLogging.LogState)
    @ Base.CoreLogging ./logging/logging.jl:542
 [17] with_logger
    @ ./logging/logging.jl:653 [inlined]
 [18] (::VSCodeServer.var"#evalrepl##0#evalrepl##1"{Module, Expr, REPL.LineEditREPL, REPL.LineEdit.Prompt})()
    @ VSCodeServer ~/.vscode/extensions/julialang.language-julia-1.219.2/scripts/packages/VSCodeServer/src/repl.jl:242
 [19] (::VSCodeServer.var"#start_eval_backend##0#start_eval_backend##1")()
    @ VSCodeServer ~/.vscode/extensions/julialang.language-julia-1.219.2/scripts/packages/VSCodeServer/src/eval.jl:34

ERROR in weighted_cut (Spiel 3)
n=22, m=43
UndefVarError: `game` not defined in `ShannonSwitchingGame`
Suggestion: check for spelling errors or missing imports.
Stacktrace:
  [1] var"##core#279"()
    @ ShannonSwitchingGame ~/.julia/packages/BenchmarkTools/ZtsPk/src/execution.jl:647
  [2] var"##sample#280"(::Tuple{}, __params::BenchmarkTools.Parameters, __sample_ref::Base.RefValue{Tuple{Float64, Float64, Int64, Int64}}, __result_ref::Nothing)
    @ ShannonSwitchingGame ~/.julia/packages/BenchmarkTools/ZtsPk/src/execution.jl:659
  [3] _lineartrial(b::BenchmarkTools.Benchmark, p::BenchmarkTools.Parameters; maxevals::Int64, kwargs::@Kwargs{})
    @ BenchmarkTools ~/.julia/packages/BenchmarkTools/ZtsPk/src/execution.jl:222
  [4] _lineartrial(b::BenchmarkTools.Benchmark, p::BenchmarkTools.Parameters)
    @ BenchmarkTools ~/.julia/packages/BenchmarkTools/ZtsPk/src/execution.jl:216
  [5] #lineartrial#32
    @ ~/.julia/packages/BenchmarkTools/ZtsPk/src/execution.jl:53 [inlined]
  [6] lineartrial
    @ ~/.julia/packages/BenchmarkTools/ZtsPk/src/execution.jl:52 [inlined]
  [7] tune!(b::BenchmarkTools.Benchmark, p::BenchmarkTools.Parameters; progressid::Nothing, nleaves::Float64, ndone::Float64, verbose::Bool, pad::String, kwargs::@Kwargs{})
    @ BenchmarkTools ~/.julia/packages/BenchmarkTools/ZtsPk/src/execution.jl:341
  [8] tune! (repeats 2 times)
    @ ~/.julia/packages/BenchmarkTools/ZtsPk/src/execution.jl:330 [inlined]
  [9] macro expansion
    @ ~/.julia/packages/BenchmarkTools/ZtsPk/src/execution.jl:503 [inlined]
 [10] test()
    @ ShannonSwitchingGame ~/Documents/computerorientierte_Mathematik_II/Programmierprojekt/ShannonSwitchingGame/src/Wettbewerbsstrategie_Hilfsfunktionen.jl:532
 [11] top-level scope
    @ REPL[7]:1
 [12] eval(m::Module, e::Any)
    @ Core ./boot.jl:489
 [13] eval
    @ ./Base_compiler.jl:146 [inlined]
 [14] repleval(m::Module, code::Expr, ::String)
    @ VSCodeServer ~/.vscode/extensions/julialang.language-julia-1.219.2/scripts/packages/VSCodeServer/src/repl.jl:278
 [15] #evalrepl##2
    @ ~/.vscode/extensions/julialang.language-julia-1.219.2/scripts/packages/VSCodeServer/src/repl.jl:241 [inlined]
 [16] with_logstate(f::VSCodeServer.var"#evalrepl##2#evalrepl##3"{Module, Expr, REPL.LineEditREPL, REPL.LineEdit.Prompt}, logstate::Base.CoreLogging.LogState)
    @ Base.CoreLogging ./logging/logging.jl:542
 [17] with_logger
    @ ./logging/logging.jl:653 [inlined]
 [18] (::VSCodeServer.var"#evalrepl##0#evalrepl##1"{Module, Expr, REPL.LineEditREPL, REPL.LineEdit.Prompt})()
    @ VSCodeServer ~/.vscode/extensions/julialang.language-julia-1.219.2/scripts/packages/VSCodeServer/src/repl.jl:242
 [19] (::VSCodeServer.var"#start_eval_backend##0#start_eval_backend##1")()
    @ VSCodeServer ~/.vscode/extensions/julialang.language-julia-1.219.2/scripts/packages/VSCodeServer/src/eval.jl:34


ERROR in weighted_cut (Spiel 3)
n=22, m=43
UndefVarError: `game` not defined in `ShannonSwitchingGame`
Suggestion: check for spelling errors or missing imports.
Stacktrace:
  [1] var"##core#279"()
    @ ShannonSwitchingGame ~/.julia/packages/BenchmarkTools/ZtsPk/src/execution.jl:647
  [2] var"##sample#280"(::Tuple{}, __params::BenchmarkTools.Parameters, __sample_ref::Base.RefValue{Tuple{Float64, Float64, Int64, Int64}}, __result_ref::Nothing)
    @ ShannonSwitchingGame ~/.julia/packages/BenchmarkTools/ZtsPk/src/execution.jl:659
  [3] _lineartrial(b::BenchmarkTools.Benchmark, p::BenchmarkTools.Parameters; maxevals::Int64, kwargs::@Kwargs{})
    @ BenchmarkTools ~/.julia/packages/BenchmarkTools/ZtsPk/src/execution.jl:222
  [4] _lineartrial(b::BenchmarkTools.Benchmark, p::BenchmarkTools.Parameters)
    @ BenchmarkTools ~/.julia/packages/BenchmarkTools/ZtsPk/src/execution.jl:216
  [5] #lineartrial#32
    @ ~/.julia/packages/BenchmarkTools/ZtsPk/src/execution.jl:53 [inlined]
  [6] lineartrial
    @ ~/.julia/packages/BenchmarkTools/ZtsPk/src/execution.jl:52 [inlined]
  [7] tune!(b::BenchmarkTools.Benchmark, p::BenchmarkTools.Parameters; progressid::Nothing, nleaves::Float64, ndone::Float64, verbose::Bool, pad::String, kwargs::@Kwargs{})
    @ BenchmarkTools ~/.julia/packages/BenchmarkTools/ZtsPk/src/execution.jl:341
  [8] tune! (repeats 2 times)
    @ ~/.julia/packages/BenchmarkTools/ZtsPk/src/execution.jl:330 [inlined]
  [9] macro expansion
    @ ~/.julia/packages/BenchmarkTools/ZtsPk/src/execution.jl:503 [inlined]
 [10] test()
    @ ShannonSwitchingGame ~/Documents/computerorientierte_Mathematik_II/Programmierprojekt/ShannonSwitchingGame/src/Wettbewerbsstrategie_Hilfsfunktionen.jl:532
 [11] top-level scope
    @ REPL[7]:1
 [12] eval(m::Module, e::Any)
    @ Core ./boot.jl:489
 [13] eval
    @ ./Base_compiler.jl:146 [inlined]
 [14] repleval(m::Module, code::Expr, ::String)
    @ VSCodeServer ~/.vscode/extensions/julialang.language-julia-1.219.2/scripts/packages/VSCodeServer/src/repl.jl:278
 [15] #evalrepl##2
    @ ~/.vscode/extensions/julialang.language-julia-1.219.2/scripts/packages/VSCodeServer/src/repl.jl:241 [inlined]
 [16] with_logstate(f::VSCodeServer.var"#evalrepl##2#evalrepl##3"{Module, Expr, REPL.LineEditREPL, REPL.LineEdit.Prompt}, logstate::Base.CoreLogging.LogState)
    @ Base.CoreLogging ./logging/logging.jl:542
 [17] with_logger
    @ ./logging/logging.jl:653 [inlined]
 [18] (::VSCodeServer.var"#evalrepl##0#evalrepl##1"{Module, Expr, REPL.LineEditREPL, REPL.LineEdit.Prompt})()
    @ VSCodeServer ~/.vscode/extensions/julialang.language-julia-1.219.2/scripts/packages/VSCodeServer/src/repl.jl:242
 [19] (::VSCodeServer.var"#start_eval_backend##0#start_eval_backend##1")()
    @ VSCodeServer ~/.vscode/extensions/julialang.language-julia-1.219.2/scripts/packages/VSCodeServer/src/eval.jl:34


ERROR in weighted_cut (Spiel 3)
n=22, m=43
UndefVarError: `game` not defined in `ShannonSwitchingGame`
Suggestion: check for spelling errors or missing imports.
Stacktrace:
  [1] var"##core#279"()
    @ ShannonSwitchingGame ~/.julia/packages/BenchmarkTools/ZtsPk/src/execution.jl:647
  [2] var"##sample#280"(::Tuple{}, __params::BenchmarkTools.Parameters, __sample_ref::Base.RefValue{Tuple{Float64, Float64, Int64, Int64}}, __result_ref::Nothing)
    @ ShannonSwitchingGame ~/.julia/packages/BenchmarkTools/ZtsPk/src/execution.jl:659
  [3] _lineartrial(b::BenchmarkTools.Benchmark, p::BenchmarkTools.Parameters; maxevals::Int64, kwargs::@Kwargs{})
    @ BenchmarkTools ~/.julia/packages/BenchmarkTools/ZtsPk/src/execution.jl:222
  [4] _lineartrial(b::BenchmarkTools.Benchmark, p::BenchmarkTools.Parameters)
    @ BenchmarkTools ~/.julia/packages/BenchmarkTools/ZtsPk/src/execution.jl:216
  [5] #lineartrial#32
    @ ~/.julia/packages/BenchmarkTools/ZtsPk/src/execution.jl:53 [inlined]
  [6] lineartrial
    @ ~/.julia/packages/BenchmarkTools/ZtsPk/src/execution.jl:52 [inlined]
  [7] tune!(b::BenchmarkTools.Benchmark, p::BenchmarkTools.Parameters; progressid::Nothing, nleaves::Float64, ndone::Float64, verbose::Bool, pad::String, kwargs::@Kwargs{})
    @ BenchmarkTools ~/.julia/packages/BenchmarkTools/ZtsPk/src/execution.jl:341
  [8] tune! (repeats 2 times)
    @ ~/.julia/packages/BenchmarkTools/ZtsPk/src/execution.jl:330 [inlined]
  [9] macro expansion
    @ ~/.julia/packages/BenchmarkTools/ZtsPk/src/execution.jl:503 [inlined]
 [10] test()
    @ ShannonSwitchingGame ~/Documents/computerorientierte_Mathematik_II/Programmierprojekt/ShannonSwitchingGame/src/Wettbewerbsstrategie_Hilfsfunktionen.jl:532
 [11] top-level scope
    @ REPL[7]:1
 [12] eval(m::Module, e::Any)
    @ Core ./boot.jl:489
 [13] eval
    @ ./Base_compiler.jl:146 [inlined]
 [14] repleval(m::Module, code::Expr, ::String)
    @ VSCodeServer ~/.vscode/extensions/julialang.language-julia-1.219.2/scripts/packages/VSCodeServer/src/repl.jl:278
 [15] #evalrepl##2
    @ ~/.vscode/extensions/julialang.language-julia-1.219.2/scripts/packages/VSCodeServer/src/repl.jl:241 [inlined]
 [16] with_logstate(f::VSCodeServer.var"#evalrepl##2#evalrepl##3"{Module, Expr, REPL.LineEditREPL, REPL.LineEdit.Prompt}, logstate::Base.CoreLogging.LogState)
    @ Base.CoreLogging ./logging/logging.jl:542
 [17] with_logger
    @ ./logging/logging.jl:653 [inlined]
 [18] (::VSCodeServer.var"#evalrepl##0#evalrepl##1"{Module, Expr, REPL.LineEditREPL, REPL.LineEdit.Prompt})()
    @ VSCodeServer ~/.vscode/extensions/julialang.language-julia-1.219.2/scripts/packages/VSCodeServer/src/repl.jl:242
 [19] (::VSCodeServer.var"#start_eval_backend##0#start_eval_backend##1")()
    @ VSCodeServer ~/.vscode/extensions/julialang.language-julia-1.219.2/scripts/packages/VSCodeServer/src/eval.jl:34


ERROR in weighted_cut (Spiel 3)
n=22, m=43
UndefVarError: `game` not defined in `ShannonSwitchingGame`
Suggestion: check for spelling errors or missing imports.
Stacktrace:
  [1] var"##core#279"()
    @ ShannonSwitchingGame ~/.julia/packages/BenchmarkTools/ZtsPk/src/execution.jl:647
  [2] var"##sample#280"(::Tuple{}, __params::BenchmarkTools.Parameters, __sample_ref::Base.RefValue{Tuple{Float64, Float64, Int64, Int64}}, __result_ref::Nothing)
    @ ShannonSwitchingGame ~/.julia/packages/BenchmarkTools/ZtsPk/src/execution.jl:659
  [3] _lineartrial(b::BenchmarkTools.Benchmark, p::BenchmarkTools.Parameters; maxevals::Int64, kwargs::@Kwargs{})
    @ BenchmarkTools ~/.julia/packages/BenchmarkTools/ZtsPk/src/execution.jl:222
  [4] _lineartrial(b::BenchmarkTools.Benchmark, p::BenchmarkTools.Parameters)
    @ BenchmarkTools ~/.julia/packages/BenchmarkTools/ZtsPk/src/execution.jl:216
  [5] #lineartrial#32
    @ ~/.julia/packages/BenchmarkTools/ZtsPk/src/execution.jl:53 [inlined]
  [6] lineartrial
    @ ~/.julia/packages/BenchmarkTools/ZtsPk/src/execution.jl:52 [inlined]
  [7] tune!(b::BenchmarkTools.Benchmark, p::BenchmarkTools.Parameters; progressid::Nothing, nleaves::Float64, ndone::Float64, verbose::Bool, pad::String, kwargs::@Kwargs{})
    @ BenchmarkTools ~/.julia/packages/BenchmarkTools/ZtsPk/src/execution.jl:341
  [8] tune! (repeats 2 times)
    @ ~/.julia/packages/BenchmarkTools/ZtsPk/src/execution.jl:330 [inlined]
  [9] macro expansion
    @ ~/.julia/packages/BenchmarkTools/ZtsPk/src/execution.jl:503 [inlined]
 [10] test()
    @ ShannonSwitchingGame ~/Documents/computerorientierte_Mathematik_II/Programmierprojekt/ShannonSwitchingGame/src/Wettbewerbsstrategie_Hilfsfunktionen.jl:532
 [11] top-level scope
    @ REPL[7]:1
 [12] eval(m::Module, e::Any)
    @ Core ./boot.jl:489
 [13] eval
    @ ./Base_compiler.jl:146 [inlined]
 [14] repleval(m::Module, code::Expr, ::String)
    @ VSCodeServer ~/.vscode/extensions/julialang.language-julia-1.219.2/scripts/packages/VSCodeServer/src/repl.jl:278
 [15] #evalrepl##2
    @ ~/.vscode/extensions/julialang.language-julia-1.219.2/scripts/packages/VSCodeServer/src/repl.jl:241 [inlined]
 [16] with_logstate(f::VSCodeServer.var"#evalrepl##2#evalrepl##3"{Module, Expr, REPL.LineEditREPL, REPL.LineEdit.Prompt}, logstate::Base.CoreLogging.LogState)
    @ Base.CoreLogging ./logging/logging.jl:542
 [17] with_logger
    @ ./logging/logging.jl:653 [inlined]
 [18] (::VSCodeServer.var"#evalrepl##0#evalrepl##1"{Module, Expr, REPL.LineEditREPL, REPL.LineEdit.Prompt})()
    @ VSCodeServer ~/.vscode/extensions/julialang.language-julia-1.219.2/scripts/packages/VSCodeServer/src/repl.jl:242
 [19] (::VSCodeServer.var"#start_eval_backend##0#start_eval_backend##1")()
    @ VSCodeServer ~/.vscode/extensions/julialang.language-julia-1.219.2/scripts/packages/VSCodeServer/src/eval.jl:34


ERROR in weighted_cut (Spiel 3)
n=22, m=43
UndefVarError: `game` not defined in `ShannonSwitchingGame`
Suggestion: check for spelling errors or missing imports.
Stacktrace:
  [1] var"##core#279"()
    @ ShannonSwitchingGame ~/.julia/packages/BenchmarkTools/ZtsPk/src/execution.jl:647
  [2] var"##sample#280"(::Tuple{}, __params::BenchmarkTools.Parameters, __sample_ref::Base.RefValue{Tuple{Float64, Float64, Int64, Int64}}, __result_ref::Nothing)
    @ ShannonSwitchingGame ~/.julia/packages/BenchmarkTools/ZtsPk/src/execution.jl:659
  [3] _lineartrial(b::BenchmarkTools.Benchmark, p::BenchmarkTools.Parameters; maxevals::Int64, kwargs::@Kwargs{})
    @ BenchmarkTools ~/.julia/packages/BenchmarkTools/ZtsPk/src/execution.jl:222
  [4] _lineartrial(b::BenchmarkTools.Benchmark, p::BenchmarkTools.Parameters)
    @ BenchmarkTools ~/.julia/packages/BenchmarkTools/ZtsPk/src/execution.jl:216
  [5] #lineartrial#32
    @ ~/.julia/packages/BenchmarkTools/ZtsPk/src/execution.jl:53 [inlined]
  [6] lineartrial
    @ ~/.julia/packages/BenchmarkTools/ZtsPk/src/execution.jl:52 [inlined]
  [7] tune!(b::BenchmarkTools.Benchmark, p::BenchmarkTools.Parameters; progressid::Nothing, nleaves::Float64, ndone::Float64, verbose::Bool, pad::String, kwargs::@Kwargs{})
    @ BenchmarkTools ~/.julia/packages/BenchmarkTools/ZtsPk/src/execution.jl:341
  [8] tune! (repeats 2 times)
    @ ~/.julia/packages/BenchmarkTools/ZtsPk/src/execution.jl:330 [inlined]
  [9] macro expansion
    @ ~/.julia/packages/BenchmarkTools/ZtsPk/src/execution.jl:503 [inlined]
 [10] test()
    @ ShannonSwitchingGame ~/Documents/computerorientierte_Mathematik_II/Programmierprojekt/ShannonSwitchingGame/src/Wettbewerbsstrategie_Hilfsfunktionen.jl:532
 [11] top-level scope
    @ REPL[7]:1
 [12] eval(m::Module, e::Any)
    @ Core ./boot.jl:489
 [13] eval
    @ ./Base_compiler.jl:146 [inlined]
 [14] repleval(m::Module, code::Expr, ::String)
    @ VSCodeServer ~/.vscode/extensions/julialang.language-julia-1.219.2/scripts/packages/VSCodeServer/src/repl.jl:278
 [15] #evalrepl##2
    @ ~/.vscode/extensions/julialang.language-julia-1.219.2/scripts/packages/VSCodeServer/src/repl.jl:241 [inlined]
 [16] with_logstate(f::VSCodeServer.var"#evalrepl##2#evalrepl##3"{Module, Expr, REPL.LineEditREPL, REPL.LineEdit.Prompt}, logstate::Base.CoreLogging.LogState)
    @ Base.CoreLogging ./logging/logging.jl:542
 [17] with_logger
    @ ./logging/logging.jl:653 [inlined]
 [18] (::VSCodeServer.var"#evalrepl##0#evalrepl##1"{Module, Expr, REPL.LineEditREPL, REPL.LineEdit.Prompt})()
    @ VSCodeServer ~/.vscode/extensions/julialang.language-julia-1.219.2/scripts/packages/VSCodeServer/src/repl.jl:242
 [19] (::VSCodeServer.var"#start_eval_backend##0#start_eval_backend##1")()
    @ VSCodeServer ~/.vscode/extensions/julialang.language-julia-1.219.2/scripts/packages/VSCodeServer/src/eval.jl:34


ERROR in weighted_cut (Spiel 3)
n=22, m=43
UndefVarError: `game` not defined in `ShannonSwitchingGame`
Suggestion: check for spelling errors or missing imports.
Stacktrace:
  [1] var"##core#279"()
    @ ShannonSwitchingGame ~/.julia/packages/BenchmarkTools/ZtsPk/src/execution.jl:647
  [2] var"##sample#280"(::Tuple{}, __params::BenchmarkTools.Parameters, __sample_ref::Base.RefValue{Tuple{Float64, Float64, Int64, Int64}}, __result_ref::Nothing)
    @ ShannonSwitchingGame ~/.julia/packages/BenchmarkTools/ZtsPk/src/execution.jl:659
  [3] _lineartrial(b::BenchmarkTools.Benchmark, p::BenchmarkTools.Parameters; maxevals::Int64, kwargs::@Kwargs{})
    @ BenchmarkTools ~/.julia/packages/BenchmarkTools/ZtsPk/src/execution.jl:222
  [4] _lineartrial(b::BenchmarkTools.Benchmark, p::BenchmarkTools.Parameters)
    @ BenchmarkTools ~/.julia/packages/BenchmarkTools/ZtsPk/src/execution.jl:216
  [5] #lineartrial#32
    @ ~/.julia/packages/BenchmarkTools/ZtsPk/src/execution.jl:53 [inlined]
  [6] lineartrial
    @ ~/.julia/packages/BenchmarkTools/ZtsPk/src/execution.jl:52 [inlined]
  [7] tune!(b::BenchmarkTools.Benchmark, p::BenchmarkTools.Parameters; progressid::Nothing, nleaves::Float64, ndone::Float64, verbose::Bool, pad::String, kwargs::@Kwargs{})
    @ BenchmarkTools ~/.julia/packages/BenchmarkTools/ZtsPk/src/execution.jl:341
  [8] tune! (repeats 2 times)
    @ ~/.julia/packages/BenchmarkTools/ZtsPk/src/execution.jl:330 [inlined]
  [9] macro expansion
    @ ~/.julia/packages/BenchmarkTools/ZtsPk/src/execution.jl:503 [inlined]
 [10] test()
    @ ShannonSwitchingGame ~/Documents/computerorientierte_Mathematik_II/Programmierprojekt/ShannonSwitchingGame/src/Wettbewerbsstrategie_Hilfsfunktionen.jl:532
 [11] top-level scope
    @ REPL[7]:1
 [12] eval(m::Module, e::Any)
    @ Core ./boot.jl:489
 [13] eval
    @ ./Base_compiler.jl:146 [inlined]
 [14] repleval(m::Module, code::Expr, ::String)
    @ VSCodeServer ~/.vscode/extensions/julialang.language-julia-1.219.2/scripts/packages/VSCodeServer/src/repl.jl:278
 [15] #evalrepl##2
    @ ~/.vscode/extensions/julialang.language-julia-1.219.2/scripts/packages/VSCodeServer/src/repl.jl:241 [inlined]
 [16] with_logstate(f::VSCodeServer.var"#evalrepl##2#evalrepl##3"{Module, Expr, REPL.LineEditREPL, REPL.LineEdit.Prompt}, logstate::Base.CoreLogging.LogState)
    @ Base.CoreLogging ./logging/logging.jl:542
 [17] with_logger
    @ ./logging/logging.jl:653 [inlined]
 [18] (::VSCodeServer.var"#evalrepl##0#evalrepl##1"{Module, Expr, REPL.LineEditREPL, REPL.LineEdit.Prompt})()
    @ VSCodeServer ~/.vscode/extensions/julialang.language-julia-1.219.2/scripts/packages/VSCodeServer/src/repl.jl:242
 [19] (::VSCodeServer.var"#start_eval_backend##0#start_eval_backend##1")()
    @ VSCodeServer ~/.vscode/extensions/julialang.language-julia-1.219.2/scripts/packages/VSCodeServer/src/eval.jl:34


ERROR in weighted_cut (Spiel 3)
n=22, m=43
UndefVarError: `game` not defined in `ShannonSwitchingGame`
Suggestion: check for spelling errors or missing imports.
Stacktrace:
  [1] var"##core#279"()
    @ ShannonSwitchingGame ~/.julia/packages/BenchmarkTools/ZtsPk/src/execution.jl:647
  [2] var"##sample#280"(::Tuple{}, __params::BenchmarkTools.Parameters, __sample_ref::Base.RefValue{Tuple{Float64, Float64, Int64, Int64}}, __result_ref::Nothing)
    @ ShannonSwitchingGame ~/.julia/packages/BenchmarkTools/ZtsPk/src/execution.jl:659
  [3] _lineartrial(b::BenchmarkTools.Benchmark, p::BenchmarkTools.Parameters; maxevals::Int64, kwargs::@Kwargs{})
    @ BenchmarkTools ~/.julia/packages/BenchmarkTools/ZtsPk/src/execution.jl:222
  [4] _lineartrial(b::BenchmarkTools.Benchmark, p::BenchmarkTools.Parameters)
    @ BenchmarkTools ~/.julia/packages/BenchmarkTools/ZtsPk/src/execution.jl:216
  [5] #lineartrial#32
    @ ~/.julia/packages/BenchmarkTools/ZtsPk/src/execution.jl:53 [inlined]
  [6] lineartrial
    @ ~/.julia/packages/BenchmarkTools/ZtsPk/src/execution.jl:52 [inlined]
  [7] tune!(b::BenchmarkTools.Benchmark, p::BenchmarkTools.Parameters; progressid::Nothing, nleaves::Float64, ndone::Float64, verbose::Bool, pad::String, kwargs::@Kwargs{})
    @ BenchmarkTools ~/.julia/packages/BenchmarkTools/ZtsPk/src/execution.jl:341
  [8] tune! (repeats 2 times)
    @ ~/.julia/packages/BenchmarkTools/ZtsPk/src/execution.jl:330 [inlined]
  [9] macro expansion
    @ ~/.julia/packages/BenchmarkTools/ZtsPk/src/execution.jl:503 [inlined]
 [10] test()
    @ ShannonSwitchingGame ~/Documents/computerorientierte_Mathematik_II/Programmierprojekt/ShannonSwitchingGame/src/Wettbewerbsstrategie_Hilfsfunktionen.jl:532
 [11] top-level scope
    @ REPL[7]:1
 [12] eval(m::Module, e::Any)
    @ Core ./boot.jl:489
 [13] eval
    @ ./Base_compiler.jl:146 [inlined]
 [14] repleval(m::Module, code::Expr, ::String)
    @ VSCodeServer ~/.vscode/extensions/julialang.language-julia-1.219.2/scripts/packages/VSCodeServer/src/repl.jl:278
 [15] #evalrepl##2
    @ ~/.vscode/extensions/julialang.language-julia-1.219.2/scripts/packages/VSCodeServer/src/repl.jl:241 [inlined]
 [16] with_logstate(f::VSCodeServer.var"#evalrepl##2#evalrepl##3"{Module, Expr, REPL.LineEditREPL, REPL.LineEdit.Prompt}, logstate::Base.CoreLogging.LogState)
    @ Base.CoreLogging ./logging/logging.jl:542
 [17] with_logger
    @ ./logging/logging.jl:653 [inlined]
 [18] (::VSCodeServer.var"#evalrepl##0#evalrepl##1"{Module, Expr, REPL.LineEditREPL, REPL.LineEdit.Prompt})()
    @ VSCodeServer ~/.vscode/extensions/julialang.language-julia-1.219.2/scripts/packages/VSCodeServer/src/repl.jl:242
 [19] (::VSCodeServer.var"#start_eval_backend##0#start_eval_backend##1")()
    @ VSCodeServer ~/.vscode/extensions/julialang.language-julia-1.219.2/scripts/packages/VSCodeServer/src/eval.jl:34


ERROR in weighted_cut (Spiel 3)
n=22, m=43
UndefVarError: `game` not defined in `ShannonSwitchingGame`
Suggestion: check for spelling errors or missing imports.
Stacktrace:
  [1] var"##core#279"()
    @ ShannonSwitchingGame ~/.julia/packages/BenchmarkTools/ZtsPk/src/execution.jl:647
  [2] var"##sample#280"(::Tuple{}, __params::BenchmarkTools.Parameters, __sample_ref::Base.RefValue{Tuple{Float64, Float64, Int64, Int64}}, __result_ref::Nothing)
    @ ShannonSwitchingGame ~/.julia/packages/BenchmarkTools/ZtsPk/src/execution.jl:659
  [3] _lineartrial(b::BenchmarkTools.Benchmark, p::BenchmarkTools.Parameters; maxevals::Int64, kwargs::@Kwargs{})
    @ BenchmarkTools ~/.julia/packages/BenchmarkTools/ZtsPk/src/execution.jl:222
  [4] _lineartrial(b::BenchmarkTools.Benchmark, p::BenchmarkTools.Parameters)
    @ BenchmarkTools ~/.julia/packages/BenchmarkTools/ZtsPk/src/execution.jl:216
  [5] #lineartrial#32
    @ ~/.julia/packages/BenchmarkTools/ZtsPk/src/execution.jl:53 [inlined]
  [6] lineartrial
    @ ~/.julia/packages/BenchmarkTools/ZtsPk/src/execution.jl:52 [inlined]
  [7] tune!(b::BenchmarkTools.Benchmark, p::BenchmarkTools.Parameters; progressid::Nothing, nleaves::Float64, ndone::Float64, verbose::Bool, pad::String, kwargs::@Kwargs{})
    @ BenchmarkTools ~/.julia/packages/BenchmarkTools/ZtsPk/src/execution.jl:341
  [8] tune! (repeats 2 times)
    @ ~/.julia/packages/BenchmarkTools/ZtsPk/src/execution.jl:330 [inlined]
  [9] macro expansion
    @ ~/.julia/packages/BenchmarkTools/ZtsPk/src/execution.jl:503 [inlined]
 [10] test()
    @ ShannonSwitchingGame ~/Documents/computerorientierte_Mathematik_II/Programmierprojekt/ShannonSwitchingGame/src/Wettbewerbsstrategie_Hilfsfunktionen.jl:532
 [11] top-level scope
    @ REPL[7]:1
 [12] eval(m::Module, e::Any)
    @ Core ./boot.jl:489
 [13] eval
    @ ./Base_compiler.jl:146 [inlined]
 [14] repleval(m::Module, code::Expr, ::String)
    @ VSCodeServer ~/.vscode/extensions/julialang.language-julia-1.219.2/scripts/packages/VSCodeServer/src/repl.jl:278
 [15] #evalrepl##2
    @ ~/.vscode/extensions/julialang.language-julia-1.219.2/scripts/packages/VSCodeServer/src/repl.jl:241 [inlined]
 [16] with_logstate(f::VSCodeServer.var"#evalrepl##2#evalrepl##3"{Module, Expr, REPL.LineEditREPL, REPL.LineEdit.Prompt}, logstate::Base.CoreLogging.LogState)
    @ Base.CoreLogging ./logging/logging.jl:542
 [17] with_logger
    @ ./logging/logging.jl:653 [inlined]
 [18] (::VSCodeServer.var"#evalrepl##0#evalrepl##1"{Module, Expr, REPL.LineEditREPL, REPL.LineEdit.Prompt})()
    @ VSCodeServer ~/.vscode/extensions/julialang.language-julia-1.219.2/scripts/packages/VSCodeServer/src/repl.jl:242
 [19] (::VSCodeServer.var"#start_eval_backend##0#start_eval_backend##1")()
    @ VSCodeServer ~/.vscode/extensions/julialang.language-julia-1.219.2/scripts/packages/VSCodeServer/src/eval.jl:34


ERROR in weighted_cut (Spiel 3)
n=22, m=43
UndefVarError: `game` not defined in `ShannonSwitchingGame`
Suggestion: check for spelling errors or missing imports.
Stacktrace:
  [1] var"##core#279"()
    @ ShannonSwitchingGame ~/.julia/packages/BenchmarkTools/ZtsPk/src/execution.jl:647
  [2] var"##sample#280"(::Tuple{}, __params::BenchmarkTools.Parameters, __sample_ref::Base.RefValue{Tuple{Float64, Float64, Int64, Int64}}, __result_ref::Nothing)
    @ ShannonSwitchingGame ~/.julia/packages/BenchmarkTools/ZtsPk/src/execution.jl:659
  [3] _lineartrial(b::BenchmarkTools.Benchmark, p::BenchmarkTools.Parameters; maxevals::Int64, kwargs::@Kwargs{})
    @ BenchmarkTools ~/.julia/packages/BenchmarkTools/ZtsPk/src/execution.jl:222
  [4] _lineartrial(b::BenchmarkTools.Benchmark, p::BenchmarkTools.Parameters)
    @ BenchmarkTools ~/.julia/packages/BenchmarkTools/ZtsPk/src/execution.jl:216
  [5] #lineartrial#32
    @ ~/.julia/packages/BenchmarkTools/ZtsPk/src/execution.jl:53 [inlined]
  [6] lineartrial
    @ ~/.julia/packages/BenchmarkTools/ZtsPk/src/execution.jl:52 [inlined]
  [7] tune!(b::BenchmarkTools.Benchmark, p::BenchmarkTools.Parameters; progressid::Nothing, nleaves::Float64, ndone::Float64, verbose::Bool, pad::String, kwargs::@Kwargs{})
    @ BenchmarkTools ~/.julia/packages/BenchmarkTools/ZtsPk/src/execution.jl:341
  [8] tune! (repeats 2 times)
    @ ~/.julia/packages/BenchmarkTools/ZtsPk/src/execution.jl:330 [inlined]
  [9] macro expansion
    @ ~/.julia/packages/BenchmarkTools/ZtsPk/src/execution.jl:503 [inlined]
 [10] test()
    @ ShannonSwitchingGame ~/Documents/computerorientierte_Mathematik_II/Programmierprojekt/ShannonSwitchingGame/src/Wettbewerbsstrategie_Hilfsfunktionen.jl:532
 [11] top-level scope
    @ REPL[7]:1
 [12] eval(m::Module, e::Any)
    @ Core ./boot.jl:489
 [13] eval
    @ ./Base_compiler.jl:146 [inlined]
 [14] repleval(m::Module, code::Expr, ::String)
    @ VSCodeServer ~/.vscode/extensions/julialang.language-julia-1.219.2/scripts/packages/VSCodeServer/src/repl.jl:278
 [15] #evalrepl##2
    @ ~/.vscode/extensions/julialang.language-julia-1.219.2/scripts/packages/VSCodeServer/src/repl.jl:241 [inlined]
 [16] with_logstate(f::VSCodeServer.var"#evalrepl##2#evalrepl##3"{Module, Expr, REPL.LineEditREPL, REPL.LineEdit.Prompt}, logstate::Base.CoreLogging.LogState)
    @ Base.CoreLogging ./logging/logging.jl:542
 [17] with_logger
    @ ./logging/logging.jl:653 [inlined]
 [18] (::VSCodeServer.var"#evalrepl##0#evalrepl##1"{Module, Expr, REPL.LineEditREPL, REPL.LineEdit.Prompt})()
    @ VSCodeServer ~/.vscode/extensions/julialang.language-julia-1.219.2/scripts/packages/VSCodeServer/src/repl.jl:242
 [19] (::VSCodeServer.var"#start_eval_backend##0#start_eval_backend##1")()
    @ VSCodeServer ~/.vscode/extensions/julialang.language-julia-1.219.2/scripts/packages/VSCodeServer/src/eval.jl:34


ERROR in weighted_cut (Spiel 3)
n=22, m=43
UndefVarError: `game` not defined in `ShannonSwitchingGame`
Suggestion: check for spelling errors or missing imports.
Stacktrace:
  [1] var"##core#279"()
    @ ShannonSwitchingGame ~/.julia/packages/BenchmarkTools/ZtsPk/src/execution.jl:647
  [2] var"##sample#280"(::Tuple{}, __params::BenchmarkTools.Parameters, __sample_ref::Base.RefValue{Tuple{Float64, Float64, Int64, Int64}}, __result_ref::Nothing)
    @ ShannonSwitchingGame ~/.julia/packages/BenchmarkTools/ZtsPk/src/execution.jl:659
  [3] _lineartrial(b::BenchmarkTools.Benchmark, p::BenchmarkTools.Parameters; maxevals::Int64, kwargs::@Kwargs{})
    @ BenchmarkTools ~/.julia/packages/BenchmarkTools/ZtsPk/src/execution.jl:222
  [4] _lineartrial(b::BenchmarkTools.Benchmark, p::BenchmarkTools.Parameters)
    @ BenchmarkTools ~/.julia/packages/BenchmarkTools/ZtsPk/src/execution.jl:216
  [5] #lineartrial#32
    @ ~/.julia/packages/BenchmarkTools/ZtsPk/src/execution.jl:53 [inlined]
  [6] lineartrial
    @ ~/.julia/packages/BenchmarkTools/ZtsPk/src/execution.jl:52 [inlined]
  [7] tune!(b::BenchmarkTools.Benchmark, p::BenchmarkTools.Parameters; progressid::Nothing, nleaves::Float64, ndone::Float64, verbose::Bool, pad::String, kwargs::@Kwargs{})
    @ BenchmarkTools ~/.julia/packages/BenchmarkTools/ZtsPk/src/execution.jl:341
  [8] tune! (repeats 2 times)
    @ ~/.julia/packages/BenchmarkTools/ZtsPk/src/execution.jl:330 [inlined]
  [9] macro expansion
    @ ~/.julia/packages/BenchmarkTools/ZtsPk/src/execution.jl:503 [inlined]
 [10] test()
    @ ShannonSwitchingGame ~/Documents/computerorientierte_Mathematik_II/Programmierprojekt/ShannonSwitchingGame/src/Wettbewerbsstrategie_Hilfsfunktionen.jl:532
 [11] top-level scope
    @ REPL[7]:1
 [12] eval(m::Module, e::Any)
    @ Core ./boot.jl:489
 [13] eval
    @ ./Base_compiler.jl:146 [inlined]
 [14] repleval(m::Module, code::Expr, ::String)
    @ VSCodeServer ~/.vscode/extensions/julialang.language-julia-1.219.2/scripts/packages/VSCodeServer/src/repl.jl:278
 [15] #evalrepl##2
    @ ~/.vscode/extensions/julialang.language-julia-1.219.2/scripts/packages/VSCodeServer/src/repl.jl:241 [inlined]
 [16] with_logstate(f::VSCodeServer.var"#evalrepl##2#evalrepl##3"{Module, Expr, REPL.LineEditREPL, REPL.LineEdit.Prompt}, logstate::Base.CoreLogging.LogState)
    @ Base.CoreLogging ./logging/logging.jl:542
 [17] with_logger
    @ ./logging/logging.jl:653 [inlined]
 [18] (::VSCodeServer.var"#evalrepl##0#evalrepl##1"{Module, Expr, REPL.LineEditREPL, REPL.LineEdit.Prompt})()
    @ VSCodeServer ~/.vscode/extensions/julialang.language-julia-1.219.2/scripts/packages/VSCodeServer/src/repl.jl:242
 [19] (::VSCodeServer.var"#start_eval_backend##0#start_eval_backend##1")()
    @ VSCodeServer ~/.vscode/extensions/julialang.language-julia-1.219.2/scripts/packages/VSCodeServer/src/eval.jl:34


ERROR in weighted_cut (Spiel 3)
n=22, m=43
UndefVarError: `game` not defined in `ShannonSwitchingGame`
Suggestion: check for spelling errors or missing imports.
Stacktrace:
  [1] var"##core#279"()
    @ ShannonSwitchingGame ~/.julia/packages/BenchmarkTools/ZtsPk/src/execution.jl:647
  [2] var"##sample#280"(::Tuple{}, __params::BenchmarkTools.Parameters, __sample_ref::Base.RefValue{Tuple{Float64, Float64, Int64, Int64}}, __result_ref::Nothing)
    @ ShannonSwitchingGame ~/.julia/packages/BenchmarkTools/ZtsPk/src/execution.jl:659
  [3] _lineartrial(b::BenchmarkTools.Benchmark, p::BenchmarkTools.Parameters; maxevals::Int64, kwargs::@Kwargs{})
    @ BenchmarkTools ~/.julia/packages/BenchmarkTools/ZtsPk/src/execution.jl:222
  [4] _lineartrial(b::BenchmarkTools.Benchmark, p::BenchmarkTools.Parameters)
    @ BenchmarkTools ~/.julia/packages/BenchmarkTools/ZtsPk/src/execution.jl:216
  [5] #lineartrial#32
    @ ~/.julia/packages/BenchmarkTools/ZtsPk/src/execution.jl:53 [inlined]
  [6] lineartrial
    @ ~/.julia/packages/BenchmarkTools/ZtsPk/src/execution.jl:52 [inlined]
  [7] tune!(b::BenchmarkTools.Benchmark, p::BenchmarkTools.Parameters; progressid::Nothing, nleaves::Float64, ndone::Float64, verbose::Bool, pad::String, kwargs::@Kwargs{})
    @ BenchmarkTools ~/.julia/packages/BenchmarkTools/ZtsPk/src/execution.jl:341
  [8] tune! (repeats 2 times)
    @ ~/.julia/packages/BenchmarkTools/ZtsPk/src/execution.jl:330 [inlined]
  [9] macro expansion
    @ ~/.julia/packages/BenchmarkTools/ZtsPk/src/execution.jl:503 [inlined]
 [10] test()
    @ ShannonSwitchingGame ~/Documents/computerorientierte_Mathematik_II/Programmierprojekt/ShannonSwitchingGame/src/Wettbewerbsstrategie_Hilfsfunktionen.jl:532
 [11] top-level scope
    @ REPL[7]:1
 [12] eval(m::Module, e::Any)
    @ Core ./boot.jl:489
 [13] eval
    @ ./Base_compiler.jl:146 [inlined]
 [14] repleval(m::Module, code::Expr, ::String)
    @ VSCodeServer ~/.vscode/extensions/julialang.language-julia-1.219.2/scripts/packages/VSCodeServer/src/repl.jl:278
 [15] #evalrepl##2
    @ ~/.vscode/extensions/julialang.language-julia-1.219.2/scripts/packages/VSCodeServer/src/repl.jl:241 [inlined]
 [16] with_logstate(f::VSCodeServer.var"#evalrepl##2#evalrepl##3"{Module, Expr, REPL.LineEditREPL, REPL.LineEdit.Prompt}, logstate::Base.CoreLogging.LogState)
    @ Base.CoreLogging ./logging/logging.jl:542
 [17] with_logger
    @ ./logging/logging.jl:653 [inlined]
 [18] (::VSCodeServer.var"#evalrepl##0#evalrepl##1"{Module, Expr, REPL.LineEditREPL, REPL.LineEdit.Prompt})()
    @ VSCodeServer ~/.vscode/extensions/julialang.language-julia-1.219.2/scripts/packages/VSCodeServer/src/repl.jl:242
 [19] (::VSCodeServer.var"#start_eval_backend##0#start_eval_backend##1")()
    @ VSCodeServer ~/.vscode/extensions/julialang.language-julia-1.219.2/scripts/packages/VSCodeServer/src/eval.jl:34


ERROR in weighted_cut (Spiel 3)
n=22, m=43
UndefVarError: `game` not defined in `ShannonSwitchingGame`
Suggestion: check for spelling errors or missing imports.
Stacktrace:
  [1] var"##core#279"()
    @ ShannonSwitchingGame ~/.julia/packages/BenchmarkTools/ZtsPk/src/execution.jl:647
  [2] var"##sample#280"(::Tuple{}, __params::BenchmarkTools.Parameters, __sample_ref::Base.RefValue{Tuple{Float64, Float64, Int64, Int64}}, __result_ref::Nothing)
    @ ShannonSwitchingGame ~/.julia/packages/BenchmarkTools/ZtsPk/src/execution.jl:659
  [3] _lineartrial(b::BenchmarkTools.Benchmark, p::BenchmarkTools.Parameters; maxevals::Int64, kwargs::@Kwargs{})
    @ BenchmarkTools ~/.julia/packages/BenchmarkTools/ZtsPk/src/execution.jl:222
  [4] _lineartrial(b::BenchmarkTools.Benchmark, p::BenchmarkTools.Parameters)
    @ BenchmarkTools ~/.julia/packages/BenchmarkTools/ZtsPk/src/execution.jl:216
  [5] #lineartrial#32
    @ ~/.julia/packages/BenchmarkTools/ZtsPk/src/execution.jl:53 [inlined]
  [6] lineartrial
    @ ~/.julia/packages/BenchmarkTools/ZtsPk/src/execution.jl:52 [inlined]
  [7] tune!(b::BenchmarkTools.Benchmark, p::BenchmarkTools.Parameters; progressid::Nothing, nleaves::Float64, ndone::Float64, verbose::Bool, pad::String, kwargs::@Kwargs{})
    @ BenchmarkTools ~/.julia/packages/BenchmarkTools/ZtsPk/src/execution.jl:341
  [8] tune! (repeats 2 times)
    @ ~/.julia/packages/BenchmarkTools/ZtsPk/src/execution.jl:330 [inlined]
  [9] macro expansion
    @ ~/.julia/packages/BenchmarkTools/ZtsPk/src/execution.jl:503 [inlined]
 [10] test()
    @ ShannonSwitchingGame ~/Documents/computerorientierte_Mathematik_II/Programmierprojekt/ShannonSwitchingGame/src/Wettbewerbsstrategie_Hilfsfunktionen.jl:532
 [11] top-level scope
    @ REPL[7]:1
 [12] eval(m::Module, e::Any)
    @ Core ./boot.jl:489
 [13] eval
    @ ./Base_compiler.jl:146 [inlined]
 [14] repleval(m::Module, code::Expr, ::String)
    @ VSCodeServer ~/.vscode/extensions/julialang.language-julia-1.219.2/scripts/packages/VSCodeServer/src/repl.jl:278
 [15] #evalrepl##2
    @ ~/.vscode/extensions/julialang.language-julia-1.219.2/scripts/packages/VSCodeServer/src/repl.jl:241 [inlined]
 [16] with_logstate(f::VSCodeServer.var"#evalrepl##2#evalrepl##3"{Module, Expr, REPL.LineEditREPL, REPL.LineEdit.Prompt}, logstate::Base.CoreLogging.LogState)
    @ Base.CoreLogging ./logging/logging.jl:542
 [17] with_logger
    @ ./logging/logging.jl:653 [inlined]
 [18] (::VSCodeServer.var"#evalrepl##0#evalrepl##1"{Module, Expr, REPL.LineEditREPL, REPL.LineEdit.Prompt})()
    @ VSCodeServer ~/.vscode/extensions/julialang.language-julia-1.219.2/scripts/packages/VSCodeServer/src/repl.jl:242
 [19] (::VSCodeServer.var"#start_eval_backend##0#start_eval_backend##1")()
    @ VSCodeServer ~/.vscode/extensions/julialang.language-julia-1.219.2/scripts/packages/VSCodeServer/src/eval.jl:34


ERROR in weighted_cut (Spiel 3)
n=22, m=43
UndefVarError: `game` not defined in `ShannonSwitchingGame`
Suggestion: check for spelling errors or missing imports.
Stacktrace:
  [1] var"##core#279"()
    @ ShannonSwitchingGame ~/.julia/packages/BenchmarkTools/ZtsPk/src/execution.jl:647
  [2] var"##sample#280"(::Tuple{}, __params::BenchmarkTools.Parameters, __sample_ref::Base.RefValue{Tuple{Float64, Float64, Int64, Int64}}, __result_ref::Nothing)
    @ ShannonSwitchingGame ~/.julia/packages/BenchmarkTools/ZtsPk/src/execution.jl:659
  [3] _lineartrial(b::BenchmarkTools.Benchmark, p::BenchmarkTools.Parameters; maxevals::Int64, kwargs::@Kwargs{})
    @ BenchmarkTools ~/.julia/packages/BenchmarkTools/ZtsPk/src/execution.jl:222
  [4] _lineartrial(b::BenchmarkTools.Benchmark, p::BenchmarkTools.Parameters)
    @ BenchmarkTools ~/.julia/packages/BenchmarkTools/ZtsPk/src/execution.jl:216
  [5] #lineartrial#32
    @ ~/.julia/packages/BenchmarkTools/ZtsPk/src/execution.jl:53 [inlined]
  [6] lineartrial
    @ ~/.julia/packages/BenchmarkTools/ZtsPk/src/execution.jl:52 [inlined]
  [7] tune!(b::BenchmarkTools.Benchmark, p::BenchmarkTools.Parameters; progressid::Nothing, nleaves::Float64, ndone::Float64, verbose::Bool, pad::String, kwargs::@Kwargs{})
    @ BenchmarkTools ~/.julia/packages/BenchmarkTools/ZtsPk/src/execution.jl:341
  [8] tune! (repeats 2 times)
    @ ~/.julia/packages/BenchmarkTools/ZtsPk/src/execution.jl:330 [inlined]
  [9] macro expansion
    @ ~/.julia/packages/BenchmarkTools/ZtsPk/src/execution.jl:503 [inlined]
 [10] test()
    @ ShannonSwitchingGame ~/Documents/computerorientierte_Mathematik_II/Programmierprojekt/ShannonSwitchingGame/src/Wettbewerbsstrategie_Hilfsfunktionen.jl:532
 [11] top-level scope
    @ REPL[7]:1
 [12] eval(m::Module, e::Any)
    @ Core ./boot.jl:489
 [13] eval
    @ ./Base_compiler.jl:146 [inlined]
 [14] repleval(m::Module, code::Expr, ::String)
    @ VSCodeServer ~/.vscode/extensions/julialang.language-julia-1.219.2/scripts/packages/VSCodeServer/src/repl.jl:278
 [15] #evalrepl##2
    @ ~/.vscode/extensions/julialang.language-julia-1.219.2/scripts/packages/VSCodeServer/src/repl.jl:241 [inlined]
 [16] with_logstate(f::VSCodeServer.var"#evalrepl##2#evalrepl##3"{Module, Expr, REPL.LineEditREPL, REPL.LineEdit.Prompt}, logstate::Base.CoreLogging.LogState)
    @ Base.CoreLogging ./logging/logging.jl:542
 [17] with_logger
    @ ./logging/logging.jl:653 [inlined]
 [18] (::VSCodeServer.var"#evalrepl##0#evalrepl##1"{Module, Expr, REPL.LineEditREPL, REPL.LineEdit.Prompt})()
    @ VSCodeServer ~/.vscode/extensions/julialang.language-julia-1.219.2/scripts/packages/VSCodeServer/src/repl.jl:242
 [19] (::VSCodeServer.var"#start_eval_backend##0#start_eval_backend##1")()
    @ VSCodeServer ~/.vscode/extensions/julialang.language-julia-1.219.2/scripts/packages/VSCodeServer/src/eval.jl:34


ERROR in weighted_cut (Spiel 3)
n=22, m=43
UndefVarError: `game` not defined in `ShannonSwitchingGame`
Suggestion: check for spelling errors or missing imports.
Stacktrace:
  [1] var"##core#279"()
    @ ShannonSwitchingGame ~/.julia/packages/BenchmarkTools/ZtsPk/src/execution.jl:647
  [2] var"##sample#280"(::Tuple{}, __params::BenchmarkTools.Parameters, __sample_ref::Base.RefValue{Tuple{Float64, Float64, Int64, Int64}}, __result_ref::Nothing)
    @ ShannonSwitchingGame ~/.julia/packages/BenchmarkTools/ZtsPk/src/execution.jl:659
  [3] _lineartrial(b::BenchmarkTools.Benchmark, p::BenchmarkTools.Parameters; maxevals::Int64, kwargs::@Kwargs{})
    @ BenchmarkTools ~/.julia/packages/BenchmarkTools/ZtsPk/src/execution.jl:222
  [4] _lineartrial(b::BenchmarkTools.Benchmark, p::BenchmarkTools.Parameters)
    @ BenchmarkTools ~/.julia/packages/BenchmarkTools/ZtsPk/src/execution.jl:216
  [5] #lineartrial#32
    @ ~/.julia/packages/BenchmarkTools/ZtsPk/src/execution.jl:53 [inlined]
  [6] lineartrial
    @ ~/.julia/packages/BenchmarkTools/ZtsPk/src/execution.jl:52 [inlined]
  [7] tune!(b::BenchmarkTools.Benchmark, p::BenchmarkTools.Parameters; progressid::Nothing, nleaves::Float64, ndone::Float64, verbose::Bool, pad::String, kwargs::@Kwargs{})
    @ BenchmarkTools ~/.julia/packages/BenchmarkTools/ZtsPk/src/execution.jl:341
  [8] tune! (repeats 2 times)
    @ ~/.julia/packages/BenchmarkTools/ZtsPk/src/execution.jl:330 [inlined]
  [9] macro expansion
    @ ~/.julia/packages/BenchmarkTools/ZtsPk/src/execution.jl:503 [inlined]
 [10] test()
    @ ShannonSwitchingGame ~/Documents/computerorientierte_Mathematik_II/Programmierprojekt/ShannonSwitchingGame/src/Wettbewerbsstrategie_Hilfsfunktionen.jl:532
 [11] top-level scope
    @ REPL[7]:1
 [12] eval(m::Module, e::Any)
    @ Core ./boot.jl:489
 [13] eval
    @ ./Base_compiler.jl:146 [inlined]
 [14] repleval(m::Module, code::Expr, ::String)
    @ VSCodeServer ~/.vscode/extensions/julialang.language-julia-1.219.2/scripts/packages/VSCodeServer/src/repl.jl:278
 [15] #evalrepl##2
    @ ~/.vscode/extensions/julialang.language-julia-1.219.2/scripts/packages/VSCodeServer/src/repl.jl:241 [inlined]
 [16] with_logstate(f::VSCodeServer.var"#evalrepl##2#evalrepl##3"{Module, Expr, REPL.LineEditREPL, REPL.LineEdit.Prompt}, logstate::Base.CoreLogging.LogState)
    @ Base.CoreLogging ./logging/logging.jl:542
 [17] with_logger
    @ ./logging/logging.jl:653 [inlined]
 [18] (::VSCodeServer.var"#evalrepl##0#evalrepl##1"{Module, Expr, REPL.LineEditREPL, REPL.LineEdit.Prompt})()
    @ VSCodeServer ~/.vscode/extensions/julialang.language-julia-1.219.2/scripts/packages/VSCodeServer/src/repl.jl:242
 [19] (::VSCodeServer.var"#start_eval_backend##0#start_eval_backend##1")()
    @ VSCodeServer ~/.vscode/extensions/julialang.language-julia-1.219.2/scripts/packages/VSCodeServer/src/eval.jl:34


ERROR in weighted_cut (Spiel 3)
n=22, m=43
UndefVarError: `game` not defined in `ShannonSwitchingGame`
Suggestion: check for spelling errors or missing imports.
Stacktrace:
  [1] var"##core#279"()
    @ ShannonSwitchingGame ~/.julia/packages/BenchmarkTools/ZtsPk/src/execution.jl:647
  [2] var"##sample#280"(::Tuple{}, __params::BenchmarkTools.Parameters, __sample_ref::Base.RefValue{Tuple{Float64, Float64, Int64, Int64}}, __result_ref::Nothing)
    @ ShannonSwitchingGame ~/.julia/packages/BenchmarkTools/ZtsPk/src/execution.jl:659
  [3] _lineartrial(b::BenchmarkTools.Benchmark, p::BenchmarkTools.Parameters; maxevals::Int64, kwargs::@Kwargs{})
    @ BenchmarkTools ~/.julia/packages/BenchmarkTools/ZtsPk/src/execution.jl:222
  [4] _lineartrial(b::BenchmarkTools.Benchmark, p::BenchmarkTools.Parameters)
    @ BenchmarkTools ~/.julia/packages/BenchmarkTools/ZtsPk/src/execution.jl:216
  [5] #lineartrial#32
    @ ~/.julia/packages/BenchmarkTools/ZtsPk/src/execution.jl:53 [inlined]
  [6] lineartrial
    @ ~/.julia/packages/BenchmarkTools/ZtsPk/src/execution.jl:52 [inlined]
  [7] tune!(b::BenchmarkTools.Benchmark, p::BenchmarkTools.Parameters; progressid::Nothing, nleaves::Float64, ndone::Float64, verbose::Bool, pad::String, kwargs::@Kwargs{})
    @ BenchmarkTools ~/.julia/packages/BenchmarkTools/ZtsPk/src/execution.jl:341
  [8] tune! (repeats 2 times)
    @ ~/.julia/packages/BenchmarkTools/ZtsPk/src/execution.jl:330 [inlined]
  [9] macro expansion
    @ ~/.julia/packages/BenchmarkTools/ZtsPk/src/execution.jl:503 [inlined]
 [10] test()
    @ ShannonSwitchingGame ~/Documents/computerorientierte_Mathematik_II/Programmierprojekt/ShannonSwitchingGame/src/Wettbewerbsstrategie_Hilfsfunktionen.jl:532
 [11] top-level scope
    @ REPL[7]:1
 [12] eval(m::Module, e::Any)
    @ Core ./boot.jl:489
 [13] eval
    @ ./Base_compiler.jl:146 [inlined]
 [14] repleval(m::Module, code::Expr, ::String)
    @ VSCodeServer ~/.vscode/extensions/julialang.language-julia-1.219.2/scripts/packages/VSCodeServer/src/repl.jl:278
 [15] #evalrepl##2
    @ ~/.vscode/extensions/julialang.language-julia-1.219.2/scripts/packages/VSCodeServer/src/repl.jl:241 [inlined]
 [16] with_logstate(f::VSCodeServer.var"#evalrepl##2#evalrepl##3"{Module, Expr, REPL.LineEditREPL, REPL.LineEdit.Prompt}, logstate::Base.CoreLogging.LogState)
    @ Base.CoreLogging ./logging/logging.jl:542
 [17] with_logger
    @ ./logging/logging.jl:653 [inlined]
 [18] (::VSCodeServer.var"#evalrepl##0#evalrepl##1"{Module, Expr, REPL.LineEditREPL, REPL.LineEdit.Prompt})()
    @ VSCodeServer ~/.vscode/extensions/julialang.language-julia-1.219.2/scripts/packages/VSCodeServer/src/repl.jl:242
 [19] (::VSCodeServer.var"#start_eval_backend##0#start_eval_backend##1")()
    @ VSCodeServer ~/.vscode/extensions/julialang.language-julia-1.219.2/scripts/packages/VSCodeServer/src/eval.jl:34


ERROR in weighted_cut (Spiel 3)
n=22, m=43
UndefVarError: `game` not defined in `ShannonSwitchingGame`
Suggestion: check for spelling errors or missing imports.
Stacktrace:
  [1] var"##core#279"()
    @ ShannonSwitchingGame ~/.julia/packages/BenchmarkTools/ZtsPk/src/execution.jl:647
  [2] var"##sample#280"(::Tuple{}, __params::BenchmarkTools.Parameters, __sample_ref::Base.RefValue{Tuple{Float64, Float64, Int64, Int64}}, __result_ref::Nothing)
    @ ShannonSwitchingGame ~/.julia/packages/BenchmarkTools/ZtsPk/src/execution.jl:659
  [3] _lineartrial(b::BenchmarkTools.Benchmark, p::BenchmarkTools.Parameters; maxevals::Int64, kwargs::@Kwargs{})
    @ BenchmarkTools ~/.julia/packages/BenchmarkTools/ZtsPk/src/execution.jl:222
  [4] _lineartrial(b::BenchmarkTools.Benchmark, p::BenchmarkTools.Parameters)
    @ BenchmarkTools ~/.julia/packages/BenchmarkTools/ZtsPk/src/execution.jl:216
  [5] #lineartrial#32
    @ ~/.julia/packages/BenchmarkTools/ZtsPk/src/execution.jl:53 [inlined]
  [6] lineartrial
    @ ~/.julia/packages/BenchmarkTools/ZtsPk/src/execution.jl:52 [inlined]
  [7] tune!(b::BenchmarkTools.Benchmark, p::BenchmarkTools.Parameters; progressid::Nothing, nleaves::Float64, ndone::Float64, verbose::Bool, pad::String, kwargs::@Kwargs{})
    @ BenchmarkTools ~/.julia/packages/BenchmarkTools/ZtsPk/src/execution.jl:341
  [8] tune! (repeats 2 times)
    @ ~/.julia/packages/BenchmarkTools/ZtsPk/src/execution.jl:330 [inlined]
  [9] macro expansion
    @ ~/.julia/packages/BenchmarkTools/ZtsPk/src/execution.jl:503 [inlined]
 [10] test()
    @ ShannonSwitchingGame ~/Documents/computerorientierte_Mathematik_II/Programmierprojekt/ShannonSwitchingGame/src/Wettbewerbsstrategie_Hilfsfunktionen.jl:532
 [11] top-level scope
    @ REPL[7]:1
 [12] eval(m::Module, e::Any)
    @ Core ./boot.jl:489
 [13] eval
    @ ./Base_compiler.jl:146 [inlined]
 [14] repleval(m::Module, code::Expr, ::String)
    @ VSCodeServer ~/.vscode/extensions/julialang.language-julia-1.219.2/scripts/packages/VSCodeServer/src/repl.jl:278
 [15] #evalrepl##2
    @ ~/.vscode/extensions/julialang.language-julia-1.219.2/scripts/packages/VSCodeServer/src/repl.jl:241 [inlined]
 [16] with_logstate(f::VSCodeServer.var"#evalrepl##2#evalrepl##3"{Module, Expr, REPL.LineEditREPL, REPL.LineEdit.Prompt}, logstate::Base.CoreLogging.LogState)
    @ Base.CoreLogging ./logging/logging.jl:542
 [17] with_logger
    @ ./logging/logging.jl:653 [inlined]
 [18] (::VSCodeServer.var"#evalrepl##0#evalrepl##1"{Module, Expr, REPL.LineEditREPL, REPL.LineEdit.Prompt})()
    @ VSCodeServer ~/.vscode/extensions/julialang.language-julia-1.219.2/scripts/packages/VSCodeServer/src/repl.jl:242
 [19] (::VSCodeServer.var"#start_eval_backend##0#start_eval_backend##1")()
    @ VSCodeServer ~/.vscode/extensions/julialang.language-julia-1.219.2/scripts/packages/VSCodeServer/src/eval.jl:34


ERROR in weighted_cut (Spiel 3)
n=22, m=43
UndefVarError: `game` not defined in `ShannonSwitchingGame`
Suggestion: check for spelling errors or missing imports.
Stacktrace:
  [1] var"##core#279"()
    @ ShannonSwitchingGame ~/.julia/packages/BenchmarkTools/ZtsPk/src/execution.jl:647
  [2] var"##sample#280"(::Tuple{}, __params::BenchmarkTools.Parameters, __sample_ref::Base.RefValue{Tuple{Float64, Float64, Int64, Int64}}, __result_ref::Nothing)
    @ ShannonSwitchingGame ~/.julia/packages/BenchmarkTools/ZtsPk/src/execution.jl:659
  [3] _lineartrial(b::BenchmarkTools.Benchmark, p::BenchmarkTools.Parameters; maxevals::Int64, kwargs::@Kwargs{})
    @ BenchmarkTools ~/.julia/packages/BenchmarkTools/ZtsPk/src/execution.jl:222
  [4] _lineartrial(b::BenchmarkTools.Benchmark, p::BenchmarkTools.Parameters)
    @ BenchmarkTools ~/.julia/packages/BenchmarkTools/ZtsPk/src/execution.jl:216
  [5] #lineartrial#32
    @ ~/.julia/packages/BenchmarkTools/ZtsPk/src/execution.jl:53 [inlined]
  [6] lineartrial
    @ ~/.julia/packages/BenchmarkTools/ZtsPk/src/execution.jl:52 [inlined]
  [7] tune!(b::BenchmarkTools.Benchmark, p::BenchmarkTools.Parameters; progressid::Nothing, nleaves::Float64, ndone::Float64, verbose::Bool, pad::String, kwargs::@Kwargs{})
    @ BenchmarkTools ~/.julia/packages/BenchmarkTools/ZtsPk/src/execution.jl:341
  [8] tune! (repeats 2 times)
    @ ~/.julia/packages/BenchmarkTools/ZtsPk/src/execution.jl:330 [inlined]
  [9] macro expansion
    @ ~/.julia/packages/BenchmarkTools/ZtsPk/src/execution.jl:503 [inlined]
 [10] test()
    @ ShannonSwitchingGame ~/Documents/computerorientierte_Mathematik_II/Programmierprojekt/ShannonSwitchingGame/src/Wettbewerbsstrategie_Hilfsfunktionen.jl:532
 [11] top-level scope
    @ REPL[7]:1
 [12] eval(m::Module, e::Any)
    @ Core ./boot.jl:489
 [13] eval
    @ ./Base_compiler.jl:146 [inlined]
 [14] repleval(m::Module, code::Expr, ::String)
    @ VSCodeServer ~/.vscode/extensions/julialang.language-julia-1.219.2/scripts/packages/VSCodeServer/src/repl.jl:278
 [15] #evalrepl##2
    @ ~/.vscode/extensions/julialang.language-julia-1.219.2/scripts/packages/VSCodeServer/src/repl.jl:241 [inlined]
 [16] with_logstate(f::VSCodeServer.var"#evalrepl##2#evalrepl##3"{Module, Expr, REPL.LineEditREPL, REPL.LineEdit.Prompt}, logstate::Base.CoreLogging.LogState)
    @ Base.CoreLogging ./logging/logging.jl:542
 [17] with_logger
    @ ./logging/logging.jl:653 [inlined]
 [18] (::VSCodeServer.var"#evalrepl##0#evalrepl##1"{Module, Expr, REPL.LineEditREPL, REPL.LineEdit.Prompt})()
    @ VSCodeServer ~/.vscode/extensions/julialang.language-julia-1.219.2/scripts/packages/VSCodeServer/src/repl.jl:242
 [19] (::VSCodeServer.var"#start_eval_backend##0#start_eval_backend##1")()
    @ VSCodeServer ~/.vscode/extensions/julialang.language-julia-1.219.2/scripts/packages/VSCodeServer/src/eval.jl:34


ERROR in weighted_cut (Spiel 3)
n=22, m=43
UndefVarError: `game` not defined in `ShannonSwitchingGame`
Suggestion: check for spelling errors or missing imports.
Stacktrace:
  [1] var"##core#279"()
    @ ShannonSwitchingGame ~/.julia/packages/BenchmarkTools/ZtsPk/src/execution.jl:647
  [2] var"##sample#280"(::Tuple{}, __params::BenchmarkTools.Parameters, __sample_ref::Base.RefValue{Tuple{Float64, Float64, Int64, Int64}}, __result_ref::Nothing)
    @ ShannonSwitchingGame ~/.julia/packages/BenchmarkTools/ZtsPk/src/execution.jl:659
  [3] _lineartrial(b::BenchmarkTools.Benchmark, p::BenchmarkTools.Parameters; maxevals::Int64, kwargs::@Kwargs{})
    @ BenchmarkTools ~/.julia/packages/BenchmarkTools/ZtsPk/src/execution.jl:222
  [4] _lineartrial(b::BenchmarkTools.Benchmark, p::BenchmarkTools.Parameters)
    @ BenchmarkTools ~/.julia/packages/BenchmarkTools/ZtsPk/src/execution.jl:216
  [5] #lineartrial#32
    @ ~/.julia/packages/BenchmarkTools/ZtsPk/src/execution.jl:53 [inlined]
  [6] lineartrial
    @ ~/.julia/packages/BenchmarkTools/ZtsPk/src/execution.jl:52 [inlined]
  [7] tune!(b::BenchmarkTools.Benchmark, p::BenchmarkTools.Parameters; progressid::Nothing, nleaves::Float64, ndone::Float64, verbose::Bool, pad::String, kwargs::@Kwargs{})
    @ BenchmarkTools ~/.julia/packages/BenchmarkTools/ZtsPk/src/execution.jl:341
  [8] tune! (repeats 2 times)
    @ ~/.julia/packages/BenchmarkTools/ZtsPk/src/execution.jl:330 [inlined]
  [9] macro expansion
    @ ~/.julia/packages/BenchmarkTools/ZtsPk/src/execution.jl:503 [inlined]
 [10] test()
    @ ShannonSwitchingGame ~/Documents/computerorientierte_Mathematik_II/Programmierprojekt/ShannonSwitchingGame/src/Wettbewerbsstrategie_Hilfsfunktionen.jl:532
 [11] top-level scope
    @ REPL[7]:1
 [12] eval(m::Module, e::Any)
    @ Core ./boot.jl:489
 [13] eval
    @ ./Base_compiler.jl:146 [inlined]
 [14] repleval(m::Module, code::Expr, ::String)
    @ VSCodeServer ~/.vscode/extensions/julialang.language-julia-1.219.2/scripts/packages/VSCodeServer/src/repl.jl:278
 [15] #evalrepl##2
    @ ~/.vscode/extensions/julialang.language-julia-1.219.2/scripts/packages/VSCodeServer/src/repl.jl:241 [inlined]
 [16] with_logstate(f::VSCodeServer.var"#evalrepl##2#evalrepl##3"{Module, Expr, REPL.LineEditREPL, REPL.LineEdit.Prompt}, logstate::Base.CoreLogging.LogState)
    @ Base.CoreLogging ./logging/logging.jl:542
 [17] with_logger
    @ ./logging/logging.jl:653 [inlined]
 [18] (::VSCodeServer.var"#evalrepl##0#evalrepl##1"{Module, Expr, REPL.LineEditREPL, REPL.LineEdit.Prompt})()
    @ VSCodeServer ~/.vscode/extensions/julialang.language-julia-1.219.2/scripts/packages/VSCodeServer/src/repl.jl:242
 [19] (::VSCodeServer.var"#start_eval_backend##0#start_eval_backend##1")()
    @ VSCodeServer ~/.vscode/extensions/julialang.language-julia-1.219.2/scripts/packages/VSCodeServer/src/eval.jl:34


ERROR in weighted_cut (Spiel 3)
n=22, m=43
UndefVarError: `game` not defined in `ShannonSwitchingGame`
Suggestion: check for spelling errors or missing imports.
Stacktrace:
  [1] var"##core#279"()
    @ ShannonSwitchingGame ~/.julia/packages/BenchmarkTools/ZtsPk/src/execution.jl:647
  [2] var"##sample#280"(::Tuple{}, __params::BenchmarkTools.Parameters, __sample_ref::Base.RefValue{Tuple{Float64, Float64, Int64, Int64}}, __result_ref::Nothing)
    @ ShannonSwitchingGame ~/.julia/packages/BenchmarkTools/ZtsPk/src/execution.jl:659
  [3] _lineartrial(b::BenchmarkTools.Benchmark, p::BenchmarkTools.Parameters; maxevals::Int64, kwargs::@Kwargs{})
    @ BenchmarkTools ~/.julia/packages/BenchmarkTools/ZtsPk/src/execution.jl:222
  [4] _lineartrial(b::BenchmarkTools.Benchmark, p::BenchmarkTools.Parameters)
    @ BenchmarkTools ~/.julia/packages/BenchmarkTools/ZtsPk/src/execution.jl:216
  [5] #lineartrial#32
    @ ~/.julia/packages/BenchmarkTools/ZtsPk/src/execution.jl:53 [inlined]
  [6] lineartrial
    @ ~/.julia/packages/BenchmarkTools/ZtsPk/src/execution.jl:52 [inlined]
  [7] tune!(b::BenchmarkTools.Benchmark, p::BenchmarkTools.Parameters; progressid::Nothing, nleaves::Float64, ndone::Float64, verbose::Bool, pad::String, kwargs::@Kwargs{})
    @ BenchmarkTools ~/.julia/packages/BenchmarkTools/ZtsPk/src/execution.jl:341
  [8] tune! (repeats 2 times)
    @ ~/.julia/packages/BenchmarkTools/ZtsPk/src/execution.jl:330 [inlined]
  [9] macro expansion
    @ ~/.julia/packages/BenchmarkTools/ZtsPk/src/execution.jl:503 [inlined]
 [10] test()
    @ ShannonSwitchingGame ~/Documents/computerorientierte_Mathematik_II/Programmierprojekt/ShannonSwitchingGame/src/Wettbewerbsstrategie_Hilfsfunktionen.jl:532
 [11] top-level scope
    @ REPL[7]:1
 [12] eval(m::Module, e::Any)
    @ Core ./boot.jl:489
 [13] eval
    @ ./Base_compiler.jl:146 [inlined]
 [14] repleval(m::Module, code::Expr, ::String)
    @ VSCodeServer ~/.vscode/extensions/julialang.language-julia-1.219.2/scripts/packages/VSCodeServer/src/repl.jl:278
 [15] #evalrepl##2
    @ ~/.vscode/extensions/julialang.language-julia-1.219.2/scripts/packages/VSCodeServer/src/repl.jl:241 [inlined]
 [16] with_logstate(f::VSCodeServer.var"#evalrepl##2#evalrepl##3"{Module, Expr, REPL.LineEditREPL, REPL.LineEdit.Prompt}, logstate::Base.CoreLogging.LogState)
    @ Base.CoreLogging ./logging/logging.jl:542
 [17] with_logger
    @ ./logging/logging.jl:653 [inlined]
 [18] (::VSCodeServer.var"#evalrepl##0#evalrepl##1"{Module, Expr, REPL.LineEditREPL, REPL.LineEdit.Prompt})()
    @ VSCodeServer ~/.vscode/extensions/julialang.language-julia-1.219.2/scripts/packages/VSCodeServer/src/repl.jl:242
 [19] (::VSCodeServer.var"#start_eval_backend##0#start_eval_backend##1")()
    @ VSCodeServer ~/.vscode/extensions/julialang.language-julia-1.219.2/scripts/packages/VSCodeServer/src/eval.jl:34


ERROR in weighted_cut (Spiel 3)
n=22, m=43
UndefVarError: `game` not defined in `ShannonSwitchingGame`
Suggestion: check for spelling errors or missing imports.
Stacktrace:
  [1] var"##core#279"()
    @ ShannonSwitchingGame ~/.julia/packages/BenchmarkTools/ZtsPk/src/execution.jl:647
  [2] var"##sample#280"(::Tuple{}, __params::BenchmarkTools.Parameters, __sample_ref::Base.RefValue{Tuple{Float64, Float64, Int64, Int64}}, __result_ref::Nothing)
    @ ShannonSwitchingGame ~/.julia/packages/BenchmarkTools/ZtsPk/src/execution.jl:659
  [3] _lineartrial(b::BenchmarkTools.Benchmark, p::BenchmarkTools.Parameters; maxevals::Int64, kwargs::@Kwargs{})
    @ BenchmarkTools ~/.julia/packages/BenchmarkTools/ZtsPk/src/execution.jl:222
  [4] _lineartrial(b::BenchmarkTools.Benchmark, p::BenchmarkTools.Parameters)
    @ BenchmarkTools ~/.julia/packages/BenchmarkTools/ZtsPk/src/execution.jl:216
  [5] #lineartrial#32
    @ ~/.julia/packages/BenchmarkTools/ZtsPk/src/execution.jl:53 [inlined]
  [6] lineartrial
    @ ~/.julia/packages/BenchmarkTools/ZtsPk/src/execution.jl:52 [inlined]
  [7] tune!(b::BenchmarkTools.Benchmark, p::BenchmarkTools.Parameters; progressid::Nothing, nleaves::Float64, ndone::Float64, verbose::Bool, pad::String, kwargs::@Kwargs{})
    @ BenchmarkTools ~/.julia/packages/BenchmarkTools/ZtsPk/src/execution.jl:341
  [8] tune! (repeats 2 times)
    @ ~/.julia/packages/BenchmarkTools/ZtsPk/src/execution.jl:330 [inlined]
  [9] macro expansion
    @ ~/.julia/packages/BenchmarkTools/ZtsPk/src/execution.jl:503 [inlined]
 [10] test()
    @ ShannonSwitchingGame ~/Documents/computerorientierte_Mathematik_II/Programmierprojekt/ShannonSwitchingGame/src/Wettbewerbsstrategie_Hilfsfunktionen.jl:532
 [11] top-level scope
    @ REPL[7]:1
 [12] eval(m::Module, e::Any)
    @ Core ./boot.jl:489
 [13] eval
    @ ./Base_compiler.jl:146 [inlined]
 [14] repleval(m::Module, code::Expr, ::String)
    @ VSCodeServer ~/.vscode/extensions/julialang.language-julia-1.219.2/scripts/packages/VSCodeServer/src/repl.jl:278
 [15] #evalrepl##2
    @ ~/.vscode/extensions/julialang.language-julia-1.219.2/scripts/packages/VSCodeServer/src/repl.jl:241 [inlined]
 [16] with_logstate(f::VSCodeServer.var"#evalrepl##2#evalrepl##3"{Module, Expr, REPL.LineEditREPL, REPL.LineEdit.Prompt}, logstate::Base.CoreLogging.LogState)
    @ Base.CoreLogging ./logging/logging.jl:542
 [17] with_logger
    @ ./logging/logging.jl:653 [inlined]
 [18] (::VSCodeServer.var"#evalrepl##0#evalrepl##1"{Module, Expr, REPL.LineEditREPL, REPL.LineEdit.Prompt})()
    @ VSCodeServer ~/.vscode/extensions/julialang.language-julia-1.219.2/scripts/packages/VSCodeServer/src/repl.jl:242
 [19] (::VSCodeServer.var"#start_eval_backend##0#start_eval_backend##1")()
    @ VSCodeServer ~/.vscode/extensions/julialang.language-julia-1.219.2/scripts/packages/VSCodeServer/src/eval.jl:34


ERROR in weighted_cut (Spiel 3)
n=22, m=43
UndefVarError: `game` not defined in `ShannonSwitchingGame`
Suggestion: check for spelling errors or missing imports.
Stacktrace:
  [1] var"##core#279"()
    @ ShannonSwitchingGame ~/.julia/packages/BenchmarkTools/ZtsPk/src/execution.jl:647
  [2] var"##sample#280"(::Tuple{}, __params::BenchmarkTools.Parameters, __sample_ref::Base.RefValue{Tuple{Float64, Float64, Int64, Int64}}, __result_ref::Nothing)
    @ ShannonSwitchingGame ~/.julia/packages/BenchmarkTools/ZtsPk/src/execution.jl:659
  [3] _lineartrial(b::BenchmarkTools.Benchmark, p::BenchmarkTools.Parameters; maxevals::Int64, kwargs::@Kwargs{})
    @ BenchmarkTools ~/.julia/packages/BenchmarkTools/ZtsPk/src/execution.jl:222
  [4] _lineartrial(b::BenchmarkTools.Benchmark, p::BenchmarkTools.Parameters)
    @ BenchmarkTools ~/.julia/packages/BenchmarkTools/ZtsPk/src/execution.jl:216
  [5] #lineartrial#32
    @ ~/.julia/packages/BenchmarkTools/ZtsPk/src/execution.jl:53 [inlined]
  [6] lineartrial
    @ ~/.julia/packages/BenchmarkTools/ZtsPk/src/execution.jl:52 [inlined]
  [7] tune!(b::BenchmarkTools.Benchmark, p::BenchmarkTools.Parameters; progressid::Nothing, nleaves::Float64, ndone::Float64, verbose::Bool, pad::String, kwargs::@Kwargs{})
    @ BenchmarkTools ~/.julia/packages/BenchmarkTools/ZtsPk/src/execution.jl:341
  [8] tune! (repeats 2 times)
    @ ~/.julia/packages/BenchmarkTools/ZtsPk/src/execution.jl:330 [inlined]
  [9] macro expansion
    @ ~/.julia/packages/BenchmarkTools/ZtsPk/src/execution.jl:503 [inlined]
 [10] test()
    @ ShannonSwitchingGame ~/Documents/computerorientierte_Mathematik_II/Programmierprojekt/ShannonSwitchingGame/src/Wettbewerbsstrategie_Hilfsfunktionen.jl:532
 [11] top-level scope
    @ REPL[7]:1
 [12] eval(m::Module, e::Any)
    @ Core ./boot.jl:489
 [13] eval
    @ ./Base_compiler.jl:146 [inlined]
 [14] repleval(m::Module, code::Expr, ::String)
    @ VSCodeServer ~/.vscode/extensions/julialang.language-julia-1.219.2/scripts/packages/VSCodeServer/src/repl.jl:278
 [15] #evalrepl##2
    @ ~/.vscode/extensions/julialang.language-julia-1.219.2/scripts/packages/VSCodeServer/src/repl.jl:241 [inlined]
 [16] with_logstate(f::VSCodeServer.var"#evalrepl##2#evalrepl##3"{Module, Expr, REPL.LineEditREPL, REPL.LineEdit.Prompt}, logstate::Base.CoreLogging.LogState)
    @ Base.CoreLogging ./logging/logging.jl:542
 [17] with_logger
    @ ./logging/logging.jl:653 [inlined]
 [18] (::VSCodeServer.var"#evalrepl##0#evalrepl##1"{Module, Expr, REPL.LineEditREPL, REPL.LineEdit.Prompt})()
    @ VSCodeServer ~/.vscode/extensions/julialang.language-julia-1.219.2/scripts/packages/VSCodeServer/src/repl.jl:242
 [19] (::VSCodeServer.var"#start_eval_backend##0#start_eval_backend##1")()
    @ VSCodeServer ~/.vscode/extensions/julialang.language-julia-1.219.2/scripts/packages/VSCodeServer/src/eval.jl:34


ERROR in weighted_short (Spiel 3)
n=22, m=43
UndefVarError: `game` not defined in `ShannonSwitchingGame`
Suggestion: check for spelling errors or missing imports.
Stacktrace:
  [1] var"##core#281"()
    @ ShannonSwitchingGame ~/.julia/packages/BenchmarkTools/ZtsPk/src/execution.jl:647
  [2] var"##sample#282"(::Tuple{}, __params::BenchmarkTools.Parameters, __sample_ref::Base.RefValue{Tuple{Float64, Float64, Int64, Int64}}, __result_ref::Nothing)
    @ ShannonSwitchingGame ~/.julia/packages/BenchmarkTools/ZtsPk/src/execution.jl:659
  [3] _lineartrial(b::BenchmarkTools.Benchmark, p::BenchmarkTools.Parameters; maxevals::Int64, kwargs::@Kwargs{})
    @ BenchmarkTools ~/.julia/packages/BenchmarkTools/ZtsPk/src/execution.jl:222
  [4] _lineartrial(b::BenchmarkTools.Benchmark, p::BenchmarkTools.Parameters)
    @ BenchmarkTools ~/.julia/packages/BenchmarkTools/ZtsPk/src/execution.jl:216
  [5] #lineartrial#32
    @ ~/.julia/packages/BenchmarkTools/ZtsPk/src/execution.jl:53 [inlined]
  [6] lineartrial
    @ ~/.julia/packages/BenchmarkTools/ZtsPk/src/execution.jl:52 [inlined]
  [7] tune!(b::BenchmarkTools.Benchmark, p::BenchmarkTools.Parameters; progressid::Nothing, nleaves::Float64, ndone::Float64, verbose::Bool, pad::String, kwargs::@Kwargs{})
    @ BenchmarkTools ~/.julia/packages/BenchmarkTools/ZtsPk/src/execution.jl:341
  [8] tune! (repeats 2 times)
    @ ~/.julia/packages/BenchmarkTools/ZtsPk/src/execution.jl:330 [inlined]
  [9] macro expansion
    @ ~/.julia/packages/BenchmarkTools/ZtsPk/src/execution.jl:503 [inlined]
 [10] test()
    @ ShannonSwitchingGame ~/Documents/computerorientierte_Mathematik_II/Programmierprojekt/ShannonSwitchingGame/src/Wettbewerbsstrategie_Hilfsfunktionen.jl:581
 [11] top-level scope
    @ REPL[7]:1
 [12] eval(m::Module, e::Any)
    @ Core ./boot.jl:489
 [13] eval
    @ ./Base_compiler.jl:146 [inlined]
 [14] repleval(m::Module, code::Expr, ::String)
    @ VSCodeServer ~/.vscode/extensions/julialang.language-julia-1.219.2/scripts/packages/VSCodeServer/src/repl.jl:278
 [15] #evalrepl##2
    @ ~/.vscode/extensions/julialang.language-julia-1.219.2/scripts/packages/VSCodeServer/src/repl.jl:241 [inlined]
 [16] with_logstate(f::VSCodeServer.var"#evalrepl##2#evalrepl##3"{Module, Expr, REPL.LineEditREPL, REPL.LineEdit.Prompt}, logstate::Base.CoreLogging.LogState)
    @ Base.CoreLogging ./logging/logging.jl:542
 [17] with_logger
    @ ./logging/logging.jl:653 [inlined]
 [18] (::VSCodeServer.var"#evalrepl##0#evalrepl##1"{Module, Expr, REPL.LineEditREPL, REPL.LineEdit.Prompt})()
    @ VSCodeServer ~/.vscode/extensions/julialang.language-julia-1.219.2/scripts/packages/VSCodeServer/src/repl.jl:242
 [19] (::VSCodeServer.var"#start_eval_backend##0#start_eval_backend##1")()
    @ VSCodeServer ~/.vscode/extensions/julialang.language-julia-1.219.2/scripts/packages/VSCodeServer/src/eval.jl:34

ERROR in weighted_short (Spiel 3)
n=22, m=43
UndefVarError: `game` not defined in `ShannonSwitchingGame`
Suggestion: check for spelling errors or missing imports.
Stacktrace:
  [1] var"##core#281"()
    @ ShannonSwitchingGame ~/.julia/packages/BenchmarkTools/ZtsPk/src/execution.jl:647
  [2] var"##sample#282"(::Tuple{}, __params::BenchmarkTools.Parameters, __sample_ref::Base.RefValue{Tuple{Float64, Float64, Int64, Int64}}, __result_ref::Nothing)
    @ ShannonSwitchingGame ~/.julia/packages/BenchmarkTools/ZtsPk/src/execution.jl:659
  [3] _lineartrial(b::BenchmarkTools.Benchmark, p::BenchmarkTools.Parameters; maxevals::Int64, kwargs::@Kwargs{})
    @ BenchmarkTools ~/.julia/packages/BenchmarkTools/ZtsPk/src/execution.jl:222
  [4] _lineartrial(b::BenchmarkTools.Benchmark, p::BenchmarkTools.Parameters)
    @ BenchmarkTools ~/.julia/packages/BenchmarkTools/ZtsPk/src/execution.jl:216
  [5] #lineartrial#32
    @ ~/.julia/packages/BenchmarkTools/ZtsPk/src/execution.jl:53 [inlined]
  [6] lineartrial
    @ ~/.julia/packages/BenchmarkTools/ZtsPk/src/execution.jl:52 [inlined]
  [7] tune!(b::BenchmarkTools.Benchmark, p::BenchmarkTools.Parameters; progressid::Nothing, nleaves::Float64, ndone::Float64, verbose::Bool, pad::String, kwargs::@Kwargs{})
    @ BenchmarkTools ~/.julia/packages/BenchmarkTools/ZtsPk/src/execution.jl:341
  [8] tune! (repeats 2 times)
    @ ~/.julia/packages/BenchmarkTools/ZtsPk/src/execution.jl:330 [inlined]
  [9] macro expansion
    @ ~/.julia/packages/BenchmarkTools/ZtsPk/src/execution.jl:503 [inlined]
 [10] test()
    @ ShannonSwitchingGame ~/Documents/computerorientierte_Mathematik_II/Programmierprojekt/ShannonSwitchingGame/src/Wettbewerbsstrategie_Hilfsfunktionen.jl:581
 [11] top-level scope
    @ REPL[7]:1
 [12] eval(m::Module, e::Any)
    @ Core ./boot.jl:489
 [13] eval
    @ ./Base_compiler.jl:146 [inlined]
 [14] repleval(m::Module, code::Expr, ::String)
    @ VSCodeServer ~/.vscode/extensions/julialang.language-julia-1.219.2/scripts/packages/VSCodeServer/src/repl.jl:278
 [15] #evalrepl##2
    @ ~/.vscode/extensions/julialang.language-julia-1.219.2/scripts/packages/VSCodeServer/src/repl.jl:241 [inlined]
 [16] with_logstate(f::VSCodeServer.var"#evalrepl##2#evalrepl##3"{Module, Expr, REPL.LineEditREPL, REPL.LineEdit.Prompt}, logstate::Base.CoreLogging.LogState)
    @ Base.CoreLogging ./logging/logging.jl:542
 [17] with_logger
    @ ./logging/logging.jl:653 [inlined]
 [18] (::VSCodeServer.var"#evalrepl##0#evalrepl##1"{Module, Expr, REPL.LineEditREPL, REPL.LineEdit.Prompt})()
    @ VSCodeServer ~/.vscode/extensions/julialang.language-julia-1.219.2/scripts/packages/VSCodeServer/src/repl.jl:242
 [19] (::VSCodeServer.var"#start_eval_backend##0#start_eval_backend##1")()
    @ VSCodeServer ~/.vscode/extensions/julialang.language-julia-1.219.2/scripts/packages/VSCodeServer/src/eval.jl:34

ERROR in weighted_short (Spiel 3)
n=22, m=43
UndefVarError: `game` not defined in `ShannonSwitchingGame`
Suggestion: check for spelling errors or missing imports.
Stacktrace:
  [1] var"##core#281"()
    @ ShannonSwitchingGame ~/.julia/packages/BenchmarkTools/ZtsPk/src/execution.jl:647
  [2] var"##sample#282"(::Tuple{}, __params::BenchmarkTools.Parameters, __sample_ref::Base.RefValue{Tuple{Float64, Float64, Int64, Int64}}, __result_ref::Nothing)
    @ ShannonSwitchingGame ~/.julia/packages/BenchmarkTools/ZtsPk/src/execution.jl:659
  [3] _lineartrial(b::BenchmarkTools.Benchmark, p::BenchmarkTools.Parameters; maxevals::Int64, kwargs::@Kwargs{})
    @ BenchmarkTools ~/.julia/packages/BenchmarkTools/ZtsPk/src/execution.jl:222
  [4] _lineartrial(b::BenchmarkTools.Benchmark, p::BenchmarkTools.Parameters)
    @ BenchmarkTools ~/.julia/packages/BenchmarkTools/ZtsPk/src/execution.jl:216
  [5] #lineartrial#32
    @ ~/.julia/packages/BenchmarkTools/ZtsPk/src/execution.jl:53 [inlined]
  [6] lineartrial
    @ ~/.julia/packages/BenchmarkTools/ZtsPk/src/execution.jl:52 [inlined]
  [7] tune!(b::BenchmarkTools.Benchmark, p::BenchmarkTools.Parameters; progressid::Nothing, nleaves::Float64, ndone::Float64, verbose::Bool, pad::String, kwargs::@Kwargs{})
    @ BenchmarkTools ~/.julia/packages/BenchmarkTools/ZtsPk/src/execution.jl:341
  [8] tune! (repeats 2 times)
    @ ~/.julia/packages/BenchmarkTools/ZtsPk/src/execution.jl:330 [inlined]
  [9] macro expansion
    @ ~/.julia/packages/BenchmarkTools/ZtsPk/src/execution.jl:503 [inlined]
 [10] test()
    @ ShannonSwitchingGame ~/Documents/computerorientierte_Mathematik_II/Programmierprojekt/ShannonSwitchingGame/src/Wettbewerbsstrategie_Hilfsfunktionen.jl:581
 [11] top-level scope
    @ REPL[7]:1
 [12] eval(m::Module, e::Any)
    @ Core ./boot.jl:489
 [13] eval
    @ ./Base_compiler.jl:146 [inlined]
 [14] repleval(m::Module, code::Expr, ::String)
    @ VSCodeServer ~/.vscode/extensions/julialang.language-julia-1.219.2/scripts/packages/VSCodeServer/src/repl.jl:278
 [15] #evalrepl##2
    @ ~/.vscode/extensions/julialang.language-julia-1.219.2/scripts/packages/VSCodeServer/src/repl.jl:241 [inlined]
 [16] with_logstate(f::VSCodeServer.var"#evalrepl##2#evalrepl##3"{Module, Expr, REPL.LineEditREPL, REPL.LineEdit.Prompt}, logstate::Base.CoreLogging.LogState)
    @ Base.CoreLogging ./logging/logging.jl:542
 [17] with_logger
    @ ./logging/logging.jl:653 [inlined]
 [18] (::VSCodeServer.var"#evalrepl##0#evalrepl##1"{Module, Expr, REPL.LineEditREPL, REPL.LineEdit.Prompt})()
    @ VSCodeServer ~/.vscode/extensions/julialang.language-julia-1.219.2/scripts/packages/VSCodeServer/src/repl.jl:242
 [19] (::VSCodeServer.var"#start_eval_backend##0#start_eval_backend##1")()
    @ VSCodeServer ~/.vscode/extensions/julialang.language-julia-1.219.2/scripts/packages/VSCodeServer/src/eval.jl:34

ERROR in weighted_short (Spiel 3)
n=22, m=43
UndefVarError: `game` not defined in `ShannonSwitchingGame`
Suggestion: check for spelling errors or missing imports.
Stacktrace:
  [1] var"##core#281"()
    @ ShannonSwitchingGame ~/.julia/packages/BenchmarkTools/ZtsPk/src/execution.jl:647
  [2] var"##sample#282"(::Tuple{}, __params::BenchmarkTools.Parameters, __sample_ref::Base.RefValue{Tuple{Float64, Float64, Int64, Int64}}, __result_ref::Nothing)
    @ ShannonSwitchingGame ~/.julia/packages/BenchmarkTools/ZtsPk/src/execution.jl:659
  [3] _lineartrial(b::BenchmarkTools.Benchmark, p::BenchmarkTools.Parameters; maxevals::Int64, kwargs::@Kwargs{})
    @ BenchmarkTools ~/.julia/packages/BenchmarkTools/ZtsPk/src/execution.jl:222
  [4] _lineartrial(b::BenchmarkTools.Benchmark, p::BenchmarkTools.Parameters)
    @ BenchmarkTools ~/.julia/packages/BenchmarkTools/ZtsPk/src/execution.jl:216
  [5] #lineartrial#32
    @ ~/.julia/packages/BenchmarkTools/ZtsPk/src/execution.jl:53 [inlined]
  [6] lineartrial
    @ ~/.julia/packages/BenchmarkTools/ZtsPk/src/execution.jl:52 [inlined]
  [7] tune!(b::BenchmarkTools.Benchmark, p::BenchmarkTools.Parameters; progressid::Nothing, nleaves::Float64, ndone::Float64, verbose::Bool, pad::String, kwargs::@Kwargs{})
    @ BenchmarkTools ~/.julia/packages/BenchmarkTools/ZtsPk/src/execution.jl:341
  [8] tune! (repeats 2 times)
    @ ~/.julia/packages/BenchmarkTools/ZtsPk/src/execution.jl:330 [inlined]
  [9] macro expansion
    @ ~/.julia/packages/BenchmarkTools/ZtsPk/src/execution.jl:503 [inlined]
 [10] test()
    @ ShannonSwitchingGame ~/Documents/computerorientierte_Mathematik_II/Programmierprojekt/ShannonSwitchingGame/src/Wettbewerbsstrategie_Hilfsfunktionen.jl:581
 [11] top-level scope
    @ REPL[7]:1
 [12] eval(m::Module, e::Any)
    @ Core ./boot.jl:489
 [13] eval
    @ ./Base_compiler.jl:146 [inlined]
 [14] repleval(m::Module, code::Expr, ::String)
    @ VSCodeServer ~/.vscode/extensions/julialang.language-julia-1.219.2/scripts/packages/VSCodeServer/src/repl.jl:278
 [15] #evalrepl##2
    @ ~/.vscode/extensions/julialang.language-julia-1.219.2/scripts/packages/VSCodeServer/src/repl.jl:241 [inlined]
 [16] with_logstate(f::VSCodeServer.var"#evalrepl##2#evalrepl##3"{Module, Expr, REPL.LineEditREPL, REPL.LineEdit.Prompt}, logstate::Base.CoreLogging.LogState)
    @ Base.CoreLogging ./logging/logging.jl:542
 [17] with_logger
    @ ./logging/logging.jl:653 [inlined]
 [18] (::VSCodeServer.var"#evalrepl##0#evalrepl##1"{Module, Expr, REPL.LineEditREPL, REPL.LineEdit.Prompt})()
    @ VSCodeServer ~/.vscode/extensions/julialang.language-julia-1.219.2/scripts/packages/VSCodeServer/src/repl.jl:242
 [19] (::VSCodeServer.var"#start_eval_backend##0#start_eval_backend##1")()
    @ VSCodeServer ~/.vscode/extensions/julialang.language-julia-1.219.2/scripts/packages/VSCodeServer/src/eval.jl:34

ERROR in weighted_short (Spiel 3)
n=22, m=43
UndefVarError: `game` not defined in `ShannonSwitchingGame`
Suggestion: check for spelling errors or missing imports.
Stacktrace:
  [1] var"##core#281"()
    @ ShannonSwitchingGame ~/.julia/packages/BenchmarkTools/ZtsPk/src/execution.jl:647
  [2] var"##sample#282"(::Tuple{}, __params::BenchmarkTools.Parameters, __sample_ref::Base.RefValue{Tuple{Float64, Float64, Int64, Int64}}, __result_ref::Nothing)
    @ ShannonSwitchingGame ~/.julia/packages/BenchmarkTools/ZtsPk/src/execution.jl:659
  [3] _lineartrial(b::BenchmarkTools.Benchmark, p::BenchmarkTools.Parameters; maxevals::Int64, kwargs::@Kwargs{})
    @ BenchmarkTools ~/.julia/packages/BenchmarkTools/ZtsPk/src/execution.jl:222
  [4] _lineartrial(b::BenchmarkTools.Benchmark, p::BenchmarkTools.Parameters)
    @ BenchmarkTools ~/.julia/packages/BenchmarkTools/ZtsPk/src/execution.jl:216
  [5] #lineartrial#32
    @ ~/.julia/packages/BenchmarkTools/ZtsPk/src/execution.jl:53 [inlined]
  [6] lineartrial
    @ ~/.julia/packages/BenchmarkTools/ZtsPk/src/execution.jl:52 [inlined]
  [7] tune!(b::BenchmarkTools.Benchmark, p::BenchmarkTools.Parameters; progressid::Nothing, nleaves::Float64, ndone::Float64, verbose::Bool, pad::String, kwargs::@Kwargs{})
    @ BenchmarkTools ~/.julia/packages/BenchmarkTools/ZtsPk/src/execution.jl:341
  [8] tune! (repeats 2 times)
    @ ~/.julia/packages/BenchmarkTools/ZtsPk/src/execution.jl:330 [inlined]
  [9] macro expansion
    @ ~/.julia/packages/BenchmarkTools/ZtsPk/src/execution.jl:503 [inlined]
 [10] test()
    @ ShannonSwitchingGame ~/Documents/computerorientierte_Mathematik_II/Programmierprojekt/ShannonSwitchingGame/src/Wettbewerbsstrategie_Hilfsfunktionen.jl:581
 [11] top-level scope
    @ REPL[7]:1
 [12] eval(m::Module, e::Any)
    @ Core ./boot.jl:489
 [13] eval
    @ ./Base_compiler.jl:146 [inlined]
 [14] repleval(m::Module, code::Expr, ::String)
    @ VSCodeServer ~/.vscode/extensions/julialang.language-julia-1.219.2/scripts/packages/VSCodeServer/src/repl.jl:278
 [15] #evalrepl##2
    @ ~/.vscode/extensions/julialang.language-julia-1.219.2/scripts/packages/VSCodeServer/src/repl.jl:241 [inlined]
 [16] with_logstate(f::VSCodeServer.var"#evalrepl##2#evalrepl##3"{Module, Expr, REPL.LineEditREPL, REPL.LineEdit.Prompt}, logstate::Base.CoreLogging.LogState)
    @ Base.CoreLogging ./logging/logging.jl:542
 [17] with_logger
    @ ./logging/logging.jl:653 [inlined]
 [18] (::VSCodeServer.var"#evalrepl##0#evalrepl##1"{Module, Expr, REPL.LineEditREPL, REPL.LineEdit.Prompt})()
    @ VSCodeServer ~/.vscode/extensions/julialang.language-julia-1.219.2/scripts/packages/VSCodeServer/src/repl.jl:242
 [19] (::VSCodeServer.var"#start_eval_backend##0#start_eval_backend##1")()
    @ VSCodeServer ~/.vscode/extensions/julialang.language-julia-1.219.2/scripts/packages/VSCodeServer/src/eval.jl:34

ERROR in weighted_short (Spiel 3)
n=22, m=43
UndefVarError: `game` not defined in `ShannonSwitchingGame`
Suggestion: check for spelling errors or missing imports.
Stacktrace:
  [1] var"##core#281"()
    @ ShannonSwitchingGame ~/.julia/packages/BenchmarkTools/ZtsPk/src/execution.jl:647
  [2] var"##sample#282"(::Tuple{}, __params::BenchmarkTools.Parameters, __sample_ref::Base.RefValue{Tuple{Float64, Float64, Int64, Int64}}, __result_ref::Nothing)
    @ ShannonSwitchingGame ~/.julia/packages/BenchmarkTools/ZtsPk/src/execution.jl:659
  [3] _lineartrial(b::BenchmarkTools.Benchmark, p::BenchmarkTools.Parameters; maxevals::Int64, kwargs::@Kwargs{})
    @ BenchmarkTools ~/.julia/packages/BenchmarkTools/ZtsPk/src/execution.jl:222
  [4] _lineartrial(b::BenchmarkTools.Benchmark, p::BenchmarkTools.Parameters)
    @ BenchmarkTools ~/.julia/packages/BenchmarkTools/ZtsPk/src/execution.jl:216
  [5] #lineartrial#32
    @ ~/.julia/packages/BenchmarkTools/ZtsPk/src/execution.jl:53 [inlined]
  [6] lineartrial
    @ ~/.julia/packages/BenchmarkTools/ZtsPk/src/execution.jl:52 [inlined]
  [7] tune!(b::BenchmarkTools.Benchmark, p::BenchmarkTools.Parameters; progressid::Nothing, nleaves::Float64, ndone::Float64, verbose::Bool, pad::String, kwargs::@Kwargs{})
    @ BenchmarkTools ~/.julia/packages/BenchmarkTools/ZtsPk/src/execution.jl:341
  [8] tune! (repeats 2 times)
    @ ~/.julia/packages/BenchmarkTools/ZtsPk/src/execution.jl:330 [inlined]
  [9] macro expansion
    @ ~/.julia/packages/BenchmarkTools/ZtsPk/src/execution.jl:503 [inlined]
 [10] test()
    @ ShannonSwitchingGame ~/Documents/computerorientierte_Mathematik_II/Programmierprojekt/ShannonSwitchingGame/src/Wettbewerbsstrategie_Hilfsfunktionen.jl:581
 [11] top-level scope
    @ REPL[7]:1
 [12] eval(m::Module, e::Any)
    @ Core ./boot.jl:489
 [13] eval
    @ ./Base_compiler.jl:146 [inlined]
 [14] repleval(m::Module, code::Expr, ::String)
    @ VSCodeServer ~/.vscode/extensions/julialang.language-julia-1.219.2/scripts/packages/VSCodeServer/src/repl.jl:278
 [15] #evalrepl##2
    @ ~/.vscode/extensions/julialang.language-julia-1.219.2/scripts/packages/VSCodeServer/src/repl.jl:241 [inlined]
 [16] with_logstate(f::VSCodeServer.var"#evalrepl##2#evalrepl##3"{Module, Expr, REPL.LineEditREPL, REPL.LineEdit.Prompt}, logstate::Base.CoreLogging.LogState)
    @ Base.CoreLogging ./logging/logging.jl:542
 [17] with_logger
    @ ./logging/logging.jl:653 [inlined]
 [18] (::VSCodeServer.var"#evalrepl##0#evalrepl##1"{Module, Expr, REPL.LineEditREPL, REPL.LineEdit.Prompt})()
    @ VSCodeServer ~/.vscode/extensions/julialang.language-julia-1.219.2/scripts/packages/VSCodeServer/src/repl.jl:242
 [19] (::VSCodeServer.var"#start_eval_backend##0#start_eval_backend##1")()
    @ VSCodeServer ~/.vscode/extensions/julialang.language-julia-1.219.2/scripts/packages/VSCodeServer/src/eval.jl:34

ERROR in weighted_short (Spiel 3)
n=22, m=43
UndefVarError: `game` not defined in `ShannonSwitchingGame`
Suggestion: check for spelling errors or missing imports.
Stacktrace:
  [1] var"##core#281"()
    @ ShannonSwitchingGame ~/.julia/packages/BenchmarkTools/ZtsPk/src/execution.jl:647
  [2] var"##sample#282"(::Tuple{}, __params::BenchmarkTools.Parameters, __sample_ref::Base.RefValue{Tuple{Float64, Float64, Int64, Int64}}, __result_ref::Nothing)
    @ ShannonSwitchingGame ~/.julia/packages/BenchmarkTools/ZtsPk/src/execution.jl:659
  [3] _lineartrial(b::BenchmarkTools.Benchmark, p::BenchmarkTools.Parameters; maxevals::Int64, kwargs::@Kwargs{})
    @ BenchmarkTools ~/.julia/packages/BenchmarkTools/ZtsPk/src/execution.jl:222
  [4] _lineartrial(b::BenchmarkTools.Benchmark, p::BenchmarkTools.Parameters)
    @ BenchmarkTools ~/.julia/packages/BenchmarkTools/ZtsPk/src/execution.jl:216
  [5] #lineartrial#32
    @ ~/.julia/packages/BenchmarkTools/ZtsPk/src/execution.jl:53 [inlined]
  [6] lineartrial
    @ ~/.julia/packages/BenchmarkTools/ZtsPk/src/execution.jl:52 [inlined]
  [7] tune!(b::BenchmarkTools.Benchmark, p::BenchmarkTools.Parameters; progressid::Nothing, nleaves::Float64, ndone::Float64, verbose::Bool, pad::String, kwargs::@Kwargs{})
    @ BenchmarkTools ~/.julia/packages/BenchmarkTools/ZtsPk/src/execution.jl:341
  [8] tune! (repeats 2 times)
    @ ~/.julia/packages/BenchmarkTools/ZtsPk/src/execution.jl:330 [inlined]
  [9] macro expansion
    @ ~/.julia/packages/BenchmarkTools/ZtsPk/src/execution.jl:503 [inlined]
 [10] test()
    @ ShannonSwitchingGame ~/Documents/computerorientierte_Mathematik_II/Programmierprojekt/ShannonSwitchingGame/src/Wettbewerbsstrategie_Hilfsfunktionen.jl:581
 [11] top-level scope
    @ REPL[7]:1
 [12] eval(m::Module, e::Any)
    @ Core ./boot.jl:489
 [13] eval
    @ ./Base_compiler.jl:146 [inlined]
 [14] repleval(m::Module, code::Expr, ::String)
    @ VSCodeServer ~/.vscode/extensions/julialang.language-julia-1.219.2/scripts/packages/VSCodeServer/src/repl.jl:278
 [15] #evalrepl##2
    @ ~/.vscode/extensions/julialang.language-julia-1.219.2/scripts/packages/VSCodeServer/src/repl.jl:241 [inlined]
 [16] with_logstate(f::VSCodeServer.var"#evalrepl##2#evalrepl##3"{Module, Expr, REPL.LineEditREPL, REPL.LineEdit.Prompt}, logstate::Base.CoreLogging.LogState)
    @ Base.CoreLogging ./logging/logging.jl:542
 [17] with_logger
    @ ./logging/logging.jl:653 [inlined]
 [18] (::VSCodeServer.var"#evalrepl##0#evalrepl##1"{Module, Expr, REPL.LineEditREPL, REPL.LineEdit.Prompt})()
    @ VSCodeServer ~/.vscode/extensions/julialang.language-julia-1.219.2/scripts/packages/VSCodeServer/src/repl.jl:242
 [19] (::VSCodeServer.var"#start_eval_backend##0#start_eval_backend##1")()
    @ VSCodeServer ~/.vscode/extensions/julialang.language-julia-1.219.2/scripts/packages/VSCodeServer/src/eval.jl:34

ERROR in weighted_short (Spiel 3)
n=22, m=43
UndefVarError: `game` not defined in `ShannonSwitchingGame`
Suggestion: check for spelling errors or missing imports.
Stacktrace:
  [1] var"##core#281"()
    @ ShannonSwitchingGame ~/.julia/packages/BenchmarkTools/ZtsPk/src/execution.jl:647
  [2] var"##sample#282"(::Tuple{}, __params::BenchmarkTools.Parameters, __sample_ref::Base.RefValue{Tuple{Float64, Float64, Int64, Int64}}, __result_ref::Nothing)
    @ ShannonSwitchingGame ~/.julia/packages/BenchmarkTools/ZtsPk/src/execution.jl:659
  [3] _lineartrial(b::BenchmarkTools.Benchmark, p::BenchmarkTools.Parameters; maxevals::Int64, kwargs::@Kwargs{})
    @ BenchmarkTools ~/.julia/packages/BenchmarkTools/ZtsPk/src/execution.jl:222
  [4] _lineartrial(b::BenchmarkTools.Benchmark, p::BenchmarkTools.Parameters)
    @ BenchmarkTools ~/.julia/packages/BenchmarkTools/ZtsPk/src/execution.jl:216
  [5] #lineartrial#32
    @ ~/.julia/packages/BenchmarkTools/ZtsPk/src/execution.jl:53 [inlined]
  [6] lineartrial
    @ ~/.julia/packages/BenchmarkTools/ZtsPk/src/execution.jl:52 [inlined]
  [7] tune!(b::BenchmarkTools.Benchmark, p::BenchmarkTools.Parameters; progressid::Nothing, nleaves::Float64, ndone::Float64, verbose::Bool, pad::String, kwargs::@Kwargs{})
    @ BenchmarkTools ~/.julia/packages/BenchmarkTools/ZtsPk/src/execution.jl:341
  [8] tune! (repeats 2 times)
    @ ~/.julia/packages/BenchmarkTools/ZtsPk/src/execution.jl:330 [inlined]
  [9] macro expansion
    @ ~/.julia/packages/BenchmarkTools/ZtsPk/src/execution.jl:503 [inlined]
 [10] test()
    @ ShannonSwitchingGame ~/Documents/computerorientierte_Mathematik_II/Programmierprojekt/ShannonSwitchingGame/src/Wettbewerbsstrategie_Hilfsfunktionen.jl:581
 [11] top-level scope
    @ REPL[7]:1
 [12] eval(m::Module, e::Any)
    @ Core ./boot.jl:489
 [13] eval
    @ ./Base_compiler.jl:146 [inlined]
 [14] repleval(m::Module, code::Expr, ::String)
    @ VSCodeServer ~/.vscode/extensions/julialang.language-julia-1.219.2/scripts/packages/VSCodeServer/src/repl.jl:278
 [15] #evalrepl##2
    @ ~/.vscode/extensions/julialang.language-julia-1.219.2/scripts/packages/VSCodeServer/src/repl.jl:241 [inlined]
 [16] with_logstate(f::VSCodeServer.var"#evalrepl##2#evalrepl##3"{Module, Expr, REPL.LineEditREPL, REPL.LineEdit.Prompt}, logstate::Base.CoreLogging.LogState)
    @ Base.CoreLogging ./logging/logging.jl:542
 [17] with_logger
    @ ./logging/logging.jl:653 [inlined]
 [18] (::VSCodeServer.var"#evalrepl##0#evalrepl##1"{Module, Expr, REPL.LineEditREPL, REPL.LineEdit.Prompt})()
    @ VSCodeServer ~/.vscode/extensions/julialang.language-julia-1.219.2/scripts/packages/VSCodeServer/src/repl.jl:242
 [19] (::VSCodeServer.var"#start_eval_backend##0#start_eval_backend##1")()
    @ VSCodeServer ~/.vscode/extensions/julialang.language-julia-1.219.2/scripts/packages/VSCodeServer/src/eval.jl:34

ERROR in weighted_short (Spiel 3)
n=22, m=43
UndefVarError: `game` not defined in `ShannonSwitchingGame`
Suggestion: check for spelling errors or missing imports.
Stacktrace:
  [1] var"##core#281"()
    @ ShannonSwitchingGame ~/.julia/packages/BenchmarkTools/ZtsPk/src/execution.jl:647
  [2] var"##sample#282"(::Tuple{}, __params::BenchmarkTools.Parameters, __sample_ref::Base.RefValue{Tuple{Float64, Float64, Int64, Int64}}, __result_ref::Nothing)
    @ ShannonSwitchingGame ~/.julia/packages/BenchmarkTools/ZtsPk/src/execution.jl:659
  [3] _lineartrial(b::BenchmarkTools.Benchmark, p::BenchmarkTools.Parameters; maxevals::Int64, kwargs::@Kwargs{})
    @ BenchmarkTools ~/.julia/packages/BenchmarkTools/ZtsPk/src/execution.jl:222
  [4] _lineartrial(b::BenchmarkTools.Benchmark, p::BenchmarkTools.Parameters)
    @ BenchmarkTools ~/.julia/packages/BenchmarkTools/ZtsPk/src/execution.jl:216
  [5] #lineartrial#32
    @ ~/.julia/packages/BenchmarkTools/ZtsPk/src/execution.jl:53 [inlined]
  [6] lineartrial
    @ ~/.julia/packages/BenchmarkTools/ZtsPk/src/execution.jl:52 [inlined]
  [7] tune!(b::BenchmarkTools.Benchmark, p::BenchmarkTools.Parameters; progressid::Nothing, nleaves::Float64, ndone::Float64, verbose::Bool, pad::String, kwargs::@Kwargs{})
    @ BenchmarkTools ~/.julia/packages/BenchmarkTools/ZtsPk/src/execution.jl:341
  [8] tune! (repeats 2 times)
    @ ~/.julia/packages/BenchmarkTools/ZtsPk/src/execution.jl:330 [inlined]
  [9] macro expansion
    @ ~/.julia/packages/BenchmarkTools/ZtsPk/src/execution.jl:503 [inlined]
 [10] test()
    @ ShannonSwitchingGame ~/Documents/computerorientierte_Mathematik_II/Programmierprojekt/ShannonSwitchingGame/src/Wettbewerbsstrategie_Hilfsfunktionen.jl:581
 [11] top-level scope
    @ REPL[7]:1
 [12] eval(m::Module, e::Any)
    @ Core ./boot.jl:489
 [13] eval
    @ ./Base_compiler.jl:146 [inlined]
 [14] repleval(m::Module, code::Expr, ::String)
    @ VSCodeServer ~/.vscode/extensions/julialang.language-julia-1.219.2/scripts/packages/VSCodeServer/src/repl.jl:278
 [15] #evalrepl##2
    @ ~/.vscode/extensions/julialang.language-julia-1.219.2/scripts/packages/VSCodeServer/src/repl.jl:241 [inlined]
 [16] with_logstate(f::VSCodeServer.var"#evalrepl##2#evalrepl##3"{Module, Expr, REPL.LineEditREPL, REPL.LineEdit.Prompt}, logstate::Base.CoreLogging.LogState)
    @ Base.CoreLogging ./logging/logging.jl:542
 [17] with_logger
    @ ./logging/logging.jl:653 [inlined]
 [18] (::VSCodeServer.var"#evalrepl##0#evalrepl##1"{Module, Expr, REPL.LineEditREPL, REPL.LineEdit.Prompt})()
    @ VSCodeServer ~/.vscode/extensions/julialang.language-julia-1.219.2/scripts/packages/VSCodeServer/src/repl.jl:242
 [19] (::VSCodeServer.var"#start_eval_backend##0#start_eval_backend##1")()
    @ VSCodeServer ~/.vscode/extensions/julialang.language-julia-1.219.2/scripts/packages/VSCodeServer/src/eval.jl:34

ERROR in weighted_short (Spiel 3)
n=22, m=43
UndefVarError: `game` not defined in `ShannonSwitchingGame`
Suggestion: check for spelling errors or missing imports.
Stacktrace:
  [1] var"##core#281"()
    @ ShannonSwitchingGame ~/.julia/packages/BenchmarkTools/ZtsPk/src/execution.jl:647
  [2] var"##sample#282"(::Tuple{}, __params::BenchmarkTools.Parameters, __sample_ref::Base.RefValue{Tuple{Float64, Float64, Int64, Int64}}, __result_ref::Nothing)
    @ ShannonSwitchingGame ~/.julia/packages/BenchmarkTools/ZtsPk/src/execution.jl:659
  [3] _lineartrial(b::BenchmarkTools.Benchmark, p::BenchmarkTools.Parameters; maxevals::Int64, kwargs::@Kwargs{})
    @ BenchmarkTools ~/.julia/packages/BenchmarkTools/ZtsPk/src/execution.jl:222
  [4] _lineartrial(b::BenchmarkTools.Benchmark, p::BenchmarkTools.Parameters)
    @ BenchmarkTools ~/.julia/packages/BenchmarkTools/ZtsPk/src/execution.jl:216
  [5] #lineartrial#32
    @ ~/.julia/packages/BenchmarkTools/ZtsPk/src/execution.jl:53 [inlined]
  [6] lineartrial
    @ ~/.julia/packages/BenchmarkTools/ZtsPk/src/execution.jl:52 [inlined]
  [7] tune!(b::BenchmarkTools.Benchmark, p::BenchmarkTools.Parameters; progressid::Nothing, nleaves::Float64, ndone::Float64, verbose::Bool, pad::String, kwargs::@Kwargs{})
    @ BenchmarkTools ~/.julia/packages/BenchmarkTools/ZtsPk/src/execution.jl:341
  [8] tune! (repeats 2 times)
    @ ~/.julia/packages/BenchmarkTools/ZtsPk/src/execution.jl:330 [inlined]
  [9] macro expansion
    @ ~/.julia/packages/BenchmarkTools/ZtsPk/src/execution.jl:503 [inlined]
 [10] test()
    @ ShannonSwitchingGame ~/Documents/computerorientierte_Mathematik_II/Programmierprojekt/ShannonSwitchingGame/src/Wettbewerbsstrategie_Hilfsfunktionen.jl:581
 [11] top-level scope
    @ REPL[7]:1
 [12] eval(m::Module, e::Any)
    @ Core ./boot.jl:489
 [13] eval
    @ ./Base_compiler.jl:146 [inlined]
 [14] repleval(m::Module, code::Expr, ::String)
    @ VSCodeServer ~/.vscode/extensions/julialang.language-julia-1.219.2/scripts/packages/VSCodeServer/src/repl.jl:278
 [15] #evalrepl##2
    @ ~/.vscode/extensions/julialang.language-julia-1.219.2/scripts/packages/VSCodeServer/src/repl.jl:241 [inlined]
 [16] with_logstate(f::VSCodeServer.var"#evalrepl##2#evalrepl##3"{Module, Expr, REPL.LineEditREPL, REPL.LineEdit.Prompt}, logstate::Base.CoreLogging.LogState)
    @ Base.CoreLogging ./logging/logging.jl:542
 [17] with_logger
    @ ./logging/logging.jl:653 [inlined]
 [18] (::VSCodeServer.var"#evalrepl##0#evalrepl##1"{Module, Expr, REPL.LineEditREPL, REPL.LineEdit.Prompt})()
    @ VSCodeServer ~/.vscode/extensions/julialang.language-julia-1.219.2/scripts/packages/VSCodeServer/src/repl.jl:242
 [19] (::VSCodeServer.var"#start_eval_backend##0#start_eval_backend##1")()
    @ VSCodeServer ~/.vscode/extensions/julialang.language-julia-1.219.2/scripts/packages/VSCodeServer/src/eval.jl:34

ERROR in weighted_short (Spiel 3)
n=22, m=43
UndefVarError: `game` not defined in `ShannonSwitchingGame`
Suggestion: check for spelling errors or missing imports.
Stacktrace:
  [1] var"##core#281"()
    @ ShannonSwitchingGame ~/.julia/packages/BenchmarkTools/ZtsPk/src/execution.jl:647
  [2] var"##sample#282"(::Tuple{}, __params::BenchmarkTools.Parameters, __sample_ref::Base.RefValue{Tuple{Float64, Float64, Int64, Int64}}, __result_ref::Nothing)
    @ ShannonSwitchingGame ~/.julia/packages/BenchmarkTools/ZtsPk/src/execution.jl:659
  [3] _lineartrial(b::BenchmarkTools.Benchmark, p::BenchmarkTools.Parameters; maxevals::Int64, kwargs::@Kwargs{})
    @ BenchmarkTools ~/.julia/packages/BenchmarkTools/ZtsPk/src/execution.jl:222
  [4] _lineartrial(b::BenchmarkTools.Benchmark, p::BenchmarkTools.Parameters)
    @ BenchmarkTools ~/.julia/packages/BenchmarkTools/ZtsPk/src/execution.jl:216
  [5] #lineartrial#32
    @ ~/.julia/packages/BenchmarkTools/ZtsPk/src/execution.jl:53 [inlined]
  [6] lineartrial
    @ ~/.julia/packages/BenchmarkTools/ZtsPk/src/execution.jl:52 [inlined]
  [7] tune!(b::BenchmarkTools.Benchmark, p::BenchmarkTools.Parameters; progressid::Nothing, nleaves::Float64, ndone::Float64, verbose::Bool, pad::String, kwargs::@Kwargs{})
    @ BenchmarkTools ~/.julia/packages/BenchmarkTools/ZtsPk/src/execution.jl:341
  [8] tune! (repeats 2 times)
    @ ~/.julia/packages/BenchmarkTools/ZtsPk/src/execution.jl:330 [inlined]
  [9] macro expansion
    @ ~/.julia/packages/BenchmarkTools/ZtsPk/src/execution.jl:503 [inlined]
 [10] test()
    @ ShannonSwitchingGame ~/Documents/computerorientierte_Mathematik_II/Programmierprojekt/ShannonSwitchingGame/src/Wettbewerbsstrategie_Hilfsfunktionen.jl:581
 [11] top-level scope
    @ REPL[7]:1
 [12] eval(m::Module, e::Any)
    @ Core ./boot.jl:489
 [13] eval
    @ ./Base_compiler.jl:146 [inlined]
 [14] repleval(m::Module, code::Expr, ::String)
    @ VSCodeServer ~/.vscode/extensions/julialang.language-julia-1.219.2/scripts/packages/VSCodeServer/src/repl.jl:278
 [15] #evalrepl##2
    @ ~/.vscode/extensions/julialang.language-julia-1.219.2/scripts/packages/VSCodeServer/src/repl.jl:241 [inlined]
 [16] with_logstate(f::VSCodeServer.var"#evalrepl##2#evalrepl##3"{Module, Expr, REPL.LineEditREPL, REPL.LineEdit.Prompt}, logstate::Base.CoreLogging.LogState)
    @ Base.CoreLogging ./logging/logging.jl:542
 [17] with_logger
    @ ./logging/logging.jl:653 [inlined]
 [18] (::VSCodeServer.var"#evalrepl##0#evalrepl##1"{Module, Expr, REPL.LineEditREPL, REPL.LineEdit.Prompt})()
    @ VSCodeServer ~/.vscode/extensions/julialang.language-julia-1.219.2/scripts/packages/VSCodeServer/src/repl.jl:242
 [19] (::VSCodeServer.var"#start_eval_backend##0#start_eval_backend##1")()
    @ VSCodeServer ~/.vscode/extensions/julialang.language-julia-1.219.2/scripts/packages/VSCodeServer/src/eval.jl:34

ERROR in weighted_short (Spiel 3)
n=22, m=43
UndefVarError: `game` not defined in `ShannonSwitchingGame`
Suggestion: check for spelling errors or missing imports.
Stacktrace:
  [1] var"##core#281"()
    @ ShannonSwitchingGame ~/.julia/packages/BenchmarkTools/ZtsPk/src/execution.jl:647
  [2] var"##sample#282"(::Tuple{}, __params::BenchmarkTools.Parameters, __sample_ref::Base.RefValue{Tuple{Float64, Float64, Int64, Int64}}, __result_ref::Nothing)
    @ ShannonSwitchingGame ~/.julia/packages/BenchmarkTools/ZtsPk/src/execution.jl:659
  [3] _lineartrial(b::BenchmarkTools.Benchmark, p::BenchmarkTools.Parameters; maxevals::Int64, kwargs::@Kwargs{})
    @ BenchmarkTools ~/.julia/packages/BenchmarkTools/ZtsPk/src/execution.jl:222
  [4] _lineartrial(b::BenchmarkTools.Benchmark, p::BenchmarkTools.Parameters)
    @ BenchmarkTools ~/.julia/packages/BenchmarkTools/ZtsPk/src/execution.jl:216
  [5] #lineartrial#32
    @ ~/.julia/packages/BenchmarkTools/ZtsPk/src/execution.jl:53 [inlined]
  [6] lineartrial
    @ ~/.julia/packages/BenchmarkTools/ZtsPk/src/execution.jl:52 [inlined]
  [7] tune!(b::BenchmarkTools.Benchmark, p::BenchmarkTools.Parameters; progressid::Nothing, nleaves::Float64, ndone::Float64, verbose::Bool, pad::String, kwargs::@Kwargs{})
    @ BenchmarkTools ~/.julia/packages/BenchmarkTools/ZtsPk/src/execution.jl:341
  [8] tune! (repeats 2 times)
    @ ~/.julia/packages/BenchmarkTools/ZtsPk/src/execution.jl:330 [inlined]
  [9] macro expansion
    @ ~/.julia/packages/BenchmarkTools/ZtsPk/src/execution.jl:503 [inlined]
 [10] test()
    @ ShannonSwitchingGame ~/Documents/computerorientierte_Mathematik_II/Programmierprojekt/ShannonSwitchingGame/src/Wettbewerbsstrategie_Hilfsfunktionen.jl:581
 [11] top-level scope
    @ REPL[7]:1
 [12] eval(m::Module, e::Any)
    @ Core ./boot.jl:489
 [13] eval
    @ ./Base_compiler.jl:146 [inlined]
 [14] repleval(m::Module, code::Expr, ::String)
    @ VSCodeServer ~/.vscode/extensions/julialang.language-julia-1.219.2/scripts/packages/VSCodeServer/src/repl.jl:278
 [15] #evalrepl##2
    @ ~/.vscode/extensions/julialang.language-julia-1.219.2/scripts/packages/VSCodeServer/src/repl.jl:241 [inlined]
 [16] with_logstate(f::VSCodeServer.var"#evalrepl##2#evalrepl##3"{Module, Expr, REPL.LineEditREPL, REPL.LineEdit.Prompt}, logstate::Base.CoreLogging.LogState)
    @ Base.CoreLogging ./logging/logging.jl:542
 [17] with_logger
    @ ./logging/logging.jl:653 [inlined]
 [18] (::VSCodeServer.var"#evalrepl##0#evalrepl##1"{Module, Expr, REPL.LineEditREPL, REPL.LineEdit.Prompt})()
    @ VSCodeServer ~/.vscode/extensions/julialang.language-julia-1.219.2/scripts/packages/VSCodeServer/src/repl.jl:242
 [19] (::VSCodeServer.var"#start_eval_backend##0#start_eval_backend##1")()
    @ VSCodeServer ~/.vscode/extensions/julialang.language-julia-1.219.2/scripts/packages/VSCodeServer/src/eval.jl:34

ERROR in weighted_short (Spiel 3)
n=22, m=43
UndefVarError: `game` not defined in `ShannonSwitchingGame`
Suggestion: check for spelling errors or missing imports.
Stacktrace:
  [1] var"##core#281"()
    @ ShannonSwitchingGame ~/.julia/packages/BenchmarkTools/ZtsPk/src/execution.jl:647
  [2] var"##sample#282"(::Tuple{}, __params::BenchmarkTools.Parameters, __sample_ref::Base.RefValue{Tuple{Float64, Float64, Int64, Int64}}, __result_ref::Nothing)
    @ ShannonSwitchingGame ~/.julia/packages/BenchmarkTools/ZtsPk/src/execution.jl:659
  [3] _lineartrial(b::BenchmarkTools.Benchmark, p::BenchmarkTools.Parameters; maxevals::Int64, kwargs::@Kwargs{})
    @ BenchmarkTools ~/.julia/packages/BenchmarkTools/ZtsPk/src/execution.jl:222
  [4] _lineartrial(b::BenchmarkTools.Benchmark, p::BenchmarkTools.Parameters)
    @ BenchmarkTools ~/.julia/packages/BenchmarkTools/ZtsPk/src/execution.jl:216
  [5] #lineartrial#32
    @ ~/.julia/packages/BenchmarkTools/ZtsPk/src/execution.jl:53 [inlined]
  [6] lineartrial
    @ ~/.julia/packages/BenchmarkTools/ZtsPk/src/execution.jl:52 [inlined]
  [7] tune!(b::BenchmarkTools.Benchmark, p::BenchmarkTools.Parameters; progressid::Nothing, nleaves::Float64, ndone::Float64, verbose::Bool, pad::String, kwargs::@Kwargs{})
    @ BenchmarkTools ~/.julia/packages/BenchmarkTools/ZtsPk/src/execution.jl:341
  [8] tune! (repeats 2 times)
    @ ~/.julia/packages/BenchmarkTools/ZtsPk/src/execution.jl:330 [inlined]
  [9] macro expansion
    @ ~/.julia/packages/BenchmarkTools/ZtsPk/src/execution.jl:503 [inlined]
 [10] test()
    @ ShannonSwitchingGame ~/Documents/computerorientierte_Mathematik_II/Programmierprojekt/ShannonSwitchingGame/src/Wettbewerbsstrategie_Hilfsfunktionen.jl:581
 [11] top-level scope
    @ REPL[7]:1
 [12] eval(m::Module, e::Any)
    @ Core ./boot.jl:489
 [13] eval
    @ ./Base_compiler.jl:146 [inlined]
 [14] repleval(m::Module, code::Expr, ::String)
    @ VSCodeServer ~/.vscode/extensions/julialang.language-julia-1.219.2/scripts/packages/VSCodeServer/src/repl.jl:278
 [15] #evalrepl##2
    @ ~/.vscode/extensions/julialang.language-julia-1.219.2/scripts/packages/VSCodeServer/src/repl.jl:241 [inlined]
 [16] with_logstate(f::VSCodeServer.var"#evalrepl##2#evalrepl##3"{Module, Expr, REPL.LineEditREPL, REPL.LineEdit.Prompt}, logstate::Base.CoreLogging.LogState)
    @ Base.CoreLogging ./logging/logging.jl:542
 [17] with_logger
    @ ./logging/logging.jl:653 [inlined]
 [18] (::VSCodeServer.var"#evalrepl##0#evalrepl##1"{Module, Expr, REPL.LineEditREPL, REPL.LineEdit.Prompt})()
    @ VSCodeServer ~/.vscode/extensions/julialang.language-julia-1.219.2/scripts/packages/VSCodeServer/src/repl.jl:242
 [19] (::VSCodeServer.var"#start_eval_backend##0#start_eval_backend##1")()
    @ VSCodeServer ~/.vscode/extensions/julialang.language-julia-1.219.2/scripts/packages/VSCodeServer/src/eval.jl:34

ERROR in weighted_short (Spiel 3)
n=22, m=43
UndefVarError: `game` not defined in `ShannonSwitchingGame`
Suggestion: check for spelling errors or missing imports.
Stacktrace:
  [1] var"##core#281"()
    @ ShannonSwitchingGame ~/.julia/packages/BenchmarkTools/ZtsPk/src/execution.jl:647
  [2] var"##sample#282"(::Tuple{}, __params::BenchmarkTools.Parameters, __sample_ref::Base.RefValue{Tuple{Float64, Float64, Int64, Int64}}, __result_ref::Nothing)
    @ ShannonSwitchingGame ~/.julia/packages/BenchmarkTools/ZtsPk/src/execution.jl:659
  [3] _lineartrial(b::BenchmarkTools.Benchmark, p::BenchmarkTools.Parameters; maxevals::Int64, kwargs::@Kwargs{})
    @ BenchmarkTools ~/.julia/packages/BenchmarkTools/ZtsPk/src/execution.jl:222
  [4] _lineartrial(b::BenchmarkTools.Benchmark, p::BenchmarkTools.Parameters)
    @ BenchmarkTools ~/.julia/packages/BenchmarkTools/ZtsPk/src/execution.jl:216
  [5] #lineartrial#32
    @ ~/.julia/packages/BenchmarkTools/ZtsPk/src/execution.jl:53 [inlined]
  [6] lineartrial
    @ ~/.julia/packages/BenchmarkTools/ZtsPk/src/execution.jl:52 [inlined]
  [7] tune!(b::BenchmarkTools.Benchmark, p::BenchmarkTools.Parameters; progressid::Nothing, nleaves::Float64, ndone::Float64, verbose::Bool, pad::String, kwargs::@Kwargs{})
    @ BenchmarkTools ~/.julia/packages/BenchmarkTools/ZtsPk/src/execution.jl:341
  [8] tune! (repeats 2 times)
    @ ~/.julia/packages/BenchmarkTools/ZtsPk/src/execution.jl:330 [inlined]
  [9] macro expansion
    @ ~/.julia/packages/BenchmarkTools/ZtsPk/src/execution.jl:503 [inlined]
 [10] test()
    @ ShannonSwitchingGame ~/Documents/computerorientierte_Mathematik_II/Programmierprojekt/ShannonSwitchingGame/src/Wettbewerbsstrategie_Hilfsfunktionen.jl:581
 [11] top-level scope
    @ REPL[7]:1
 [12] eval(m::Module, e::Any)
    @ Core ./boot.jl:489
 [13] eval
    @ ./Base_compiler.jl:146 [inlined]
 [14] repleval(m::Module, code::Expr, ::String)
    @ VSCodeServer ~/.vscode/extensions/julialang.language-julia-1.219.2/scripts/packages/VSCodeServer/src/repl.jl:278
 [15] #evalrepl##2
    @ ~/.vscode/extensions/julialang.language-julia-1.219.2/scripts/packages/VSCodeServer/src/repl.jl:241 [inlined]
 [16] with_logstate(f::VSCodeServer.var"#evalrepl##2#evalrepl##3"{Module, Expr, REPL.LineEditREPL, REPL.LineEdit.Prompt}, logstate::Base.CoreLogging.LogState)
    @ Base.CoreLogging ./logging/logging.jl:542
 [17] with_logger
    @ ./logging/logging.jl:653 [inlined]
 [18] (::VSCodeServer.var"#evalrepl##0#evalrepl##1"{Module, Expr, REPL.LineEditREPL, REPL.LineEdit.Prompt})()
    @ VSCodeServer ~/.vscode/extensions/julialang.language-julia-1.219.2/scripts/packages/VSCodeServer/src/repl.jl:242
 [19] (::VSCodeServer.var"#start_eval_backend##0#start_eval_backend##1")()
    @ VSCodeServer ~/.vscode/extensions/julialang.language-julia-1.219.2/scripts/packages/VSCodeServer/src/eval.jl:34

ERROR in weighted_short (Spiel 3)
n=22, m=43
UndefVarError: `game` not defined in `ShannonSwitchingGame`
Suggestion: check for spelling errors or missing imports.
Stacktrace:
  [1] var"##core#281"()
    @ ShannonSwitchingGame ~/.julia/packages/BenchmarkTools/ZtsPk/src/execution.jl:647
  [2] var"##sample#282"(::Tuple{}, __params::BenchmarkTools.Parameters, __sample_ref::Base.RefValue{Tuple{Float64, Float64, Int64, Int64}}, __result_ref::Nothing)
    @ ShannonSwitchingGame ~/.julia/packages/BenchmarkTools/ZtsPk/src/execution.jl:659
  [3] _lineartrial(b::BenchmarkTools.Benchmark, p::BenchmarkTools.Parameters; maxevals::Int64, kwargs::@Kwargs{})
    @ BenchmarkTools ~/.julia/packages/BenchmarkTools/ZtsPk/src/execution.jl:222
  [4] _lineartrial(b::BenchmarkTools.Benchmark, p::BenchmarkTools.Parameters)
    @ BenchmarkTools ~/.julia/packages/BenchmarkTools/ZtsPk/src/execution.jl:216
  [5] #lineartrial#32
    @ ~/.julia/packages/BenchmarkTools/ZtsPk/src/execution.jl:53 [inlined]
  [6] lineartrial
    @ ~/.julia/packages/BenchmarkTools/ZtsPk/src/execution.jl:52 [inlined]
  [7] tune!(b::BenchmarkTools.Benchmark, p::BenchmarkTools.Parameters; progressid::Nothing, nleaves::Float64, ndone::Float64, verbose::Bool, pad::String, kwargs::@Kwargs{})
    @ BenchmarkTools ~/.julia/packages/BenchmarkTools/ZtsPk/src/execution.jl:341
  [8] tune! (repeats 2 times)
    @ ~/.julia/packages/BenchmarkTools/ZtsPk/src/execution.jl:330 [inlined]
  [9] macro expansion
    @ ~/.julia/packages/BenchmarkTools/ZtsPk/src/execution.jl:503 [inlined]
 [10] test()
    @ ShannonSwitchingGame ~/Documents/computerorientierte_Mathematik_II/Programmierprojekt/ShannonSwitchingGame/src/Wettbewerbsstrategie_Hilfsfunktionen.jl:581
 [11] top-level scope
    @ REPL[7]:1
 [12] eval(m::Module, e::Any)
    @ Core ./boot.jl:489
 [13] eval
    @ ./Base_compiler.jl:146 [inlined]
 [14] repleval(m::Module, code::Expr, ::String)
    @ VSCodeServer ~/.vscode/extensions/julialang.language-julia-1.219.2/scripts/packages/VSCodeServer/src/repl.jl:278
 [15] #evalrepl##2
    @ ~/.vscode/extensions/julialang.language-julia-1.219.2/scripts/packages/VSCodeServer/src/repl.jl:241 [inlined]
 [16] with_logstate(f::VSCodeServer.var"#evalrepl##2#evalrepl##3"{Module, Expr, REPL.LineEditREPL, REPL.LineEdit.Prompt}, logstate::Base.CoreLogging.LogState)
    @ Base.CoreLogging ./logging/logging.jl:542
 [17] with_logger
    @ ./logging/logging.jl:653 [inlined]
 [18] (::VSCodeServer.var"#evalrepl##0#evalrepl##1"{Module, Expr, REPL.LineEditREPL, REPL.LineEdit.Prompt})()
    @ VSCodeServer ~/.vscode/extensions/julialang.language-julia-1.219.2/scripts/packages/VSCodeServer/src/repl.jl:242
 [19] (::VSCodeServer.var"#start_eval_backend##0#start_eval_backend##1")()
    @ VSCodeServer ~/.vscode/extensions/julialang.language-julia-1.219.2/scripts/packages/VSCodeServer/src/eval.jl:34

ERROR in weighted_short (Spiel 3)
n=22, m=43
UndefVarError: `game` not defined in `ShannonSwitchingGame`
Suggestion: check for spelling errors or missing imports.
Stacktrace:
  [1] var"##core#281"()
    @ ShannonSwitchingGame ~/.julia/packages/BenchmarkTools/ZtsPk/src/execution.jl:647
  [2] var"##sample#282"(::Tuple{}, __params::BenchmarkTools.Parameters, __sample_ref::Base.RefValue{Tuple{Float64, Float64, Int64, Int64}}, __result_ref::Nothing)
    @ ShannonSwitchingGame ~/.julia/packages/BenchmarkTools/ZtsPk/src/execution.jl:659
  [3] _lineartrial(b::BenchmarkTools.Benchmark, p::BenchmarkTools.Parameters; maxevals::Int64, kwargs::@Kwargs{})
    @ BenchmarkTools ~/.julia/packages/BenchmarkTools/ZtsPk/src/execution.jl:222
  [4] _lineartrial(b::BenchmarkTools.Benchmark, p::BenchmarkTools.Parameters)
    @ BenchmarkTools ~/.julia/packages/BenchmarkTools/ZtsPk/src/execution.jl:216
  [5] #lineartrial#32
    @ ~/.julia/packages/BenchmarkTools/ZtsPk/src/execution.jl:53 [inlined]
  [6] lineartrial
    @ ~/.julia/packages/BenchmarkTools/ZtsPk/src/execution.jl:52 [inlined]
  [7] tune!(b::BenchmarkTools.Benchmark, p::BenchmarkTools.Parameters; progressid::Nothing, nleaves::Float64, ndone::Float64, verbose::Bool, pad::String, kwargs::@Kwargs{})
    @ BenchmarkTools ~/.julia/packages/BenchmarkTools/ZtsPk/src/execution.jl:341
  [8] tune! (repeats 2 times)
    @ ~/.julia/packages/BenchmarkTools/ZtsPk/src/execution.jl:330 [inlined]
  [9] macro expansion
    @ ~/.julia/packages/BenchmarkTools/ZtsPk/src/execution.jl:503 [inlined]
 [10] test()
    @ ShannonSwitchingGame ~/Documents/computerorientierte_Mathematik_II/Programmierprojekt/ShannonSwitchingGame/src/Wettbewerbsstrategie_Hilfsfunktionen.jl:581
 [11] top-level scope
    @ REPL[7]:1
 [12] eval(m::Module, e::Any)
    @ Core ./boot.jl:489
 [13] eval
    @ ./Base_compiler.jl:146 [inlined]
 [14] repleval(m::Module, code::Expr, ::String)
    @ VSCodeServer ~/.vscode/extensions/julialang.language-julia-1.219.2/scripts/packages/VSCodeServer/src/repl.jl:278
 [15] #evalrepl##2
    @ ~/.vscode/extensions/julialang.language-julia-1.219.2/scripts/packages/VSCodeServer/src/repl.jl:241 [inlined]
 [16] with_logstate(f::VSCodeServer.var"#evalrepl##2#evalrepl##3"{Module, Expr, REPL.LineEditREPL, REPL.LineEdit.Prompt}, logstate::Base.CoreLogging.LogState)
    @ Base.CoreLogging ./logging/logging.jl:542
 [17] with_logger
    @ ./logging/logging.jl:653 [inlined]
 [18] (::VSCodeServer.var"#evalrepl##0#evalrepl##1"{Module, Expr, REPL.LineEditREPL, REPL.LineEdit.Prompt})()
    @ VSCodeServer ~/.vscode/extensions/julialang.language-julia-1.219.2/scripts/packages/VSCodeServer/src/repl.jl:242
 [19] (::VSCodeServer.var"#start_eval_backend##0#start_eval_backend##1")()
    @ VSCodeServer ~/.vscode/extensions/julialang.language-julia-1.219.2/scripts/packages/VSCodeServer/src/eval.jl:34

ERROR in weighted_short (Spiel 3)
n=22, m=43
UndefVarError: `game` not defined in `ShannonSwitchingGame`
Suggestion: check for spelling errors or missing imports.
Stacktrace:
  [1] var"##core#281"()
    @ ShannonSwitchingGame ~/.julia/packages/BenchmarkTools/ZtsPk/src/execution.jl:647
  [2] var"##sample#282"(::Tuple{}, __params::BenchmarkTools.Parameters, __sample_ref::Base.RefValue{Tuple{Float64, Float64, Int64, Int64}}, __result_ref::Nothing)
    @ ShannonSwitchingGame ~/.julia/packages/BenchmarkTools/ZtsPk/src/execution.jl:659
  [3] _lineartrial(b::BenchmarkTools.Benchmark, p::BenchmarkTools.Parameters; maxevals::Int64, kwargs::@Kwargs{})
    @ BenchmarkTools ~/.julia/packages/BenchmarkTools/ZtsPk/src/execution.jl:222
  [4] _lineartrial(b::BenchmarkTools.Benchmark, p::BenchmarkTools.Parameters)
    @ BenchmarkTools ~/.julia/packages/BenchmarkTools/ZtsPk/src/execution.jl:216
  [5] #lineartrial#32
    @ ~/.julia/packages/BenchmarkTools/ZtsPk/src/execution.jl:53 [inlined]
  [6] lineartrial
    @ ~/.julia/packages/BenchmarkTools/ZtsPk/src/execution.jl:52 [inlined]
  [7] tune!(b::BenchmarkTools.Benchmark, p::BenchmarkTools.Parameters; progressid::Nothing, nleaves::Float64, ndone::Float64, verbose::Bool, pad::String, kwargs::@Kwargs{})
    @ BenchmarkTools ~/.julia/packages/BenchmarkTools/ZtsPk/src/execution.jl:341
  [8] tune! (repeats 2 times)
    @ ~/.julia/packages/BenchmarkTools/ZtsPk/src/execution.jl:330 [inlined]
  [9] macro expansion
    @ ~/.julia/packages/BenchmarkTools/ZtsPk/src/execution.jl:503 [inlined]
 [10] test()
    @ ShannonSwitchingGame ~/Documents/computerorientierte_Mathematik_II/Programmierprojekt/ShannonSwitchingGame/src/Wettbewerbsstrategie_Hilfsfunktionen.jl:581
 [11] top-level scope
    @ REPL[7]:1
 [12] eval(m::Module, e::Any)
    @ Core ./boot.jl:489
 [13] eval
    @ ./Base_compiler.jl:146 [inlined]
 [14] repleval(m::Module, code::Expr, ::String)
    @ VSCodeServer ~/.vscode/extensions/julialang.language-julia-1.219.2/scripts/packages/VSCodeServer/src/repl.jl:278
 [15] #evalrepl##2
    @ ~/.vscode/extensions/julialang.language-julia-1.219.2/scripts/packages/VSCodeServer/src/repl.jl:241 [inlined]
 [16] with_logstate(f::VSCodeServer.var"#evalrepl##2#evalrepl##3"{Module, Expr, REPL.LineEditREPL, REPL.LineEdit.Prompt}, logstate::Base.CoreLogging.LogState)
    @ Base.CoreLogging ./logging/logging.jl:542
 [17] with_logger
    @ ./logging/logging.jl:653 [inlined]
 [18] (::VSCodeServer.var"#evalrepl##0#evalrepl##1"{Module, Expr, REPL.LineEditREPL, REPL.LineEdit.Prompt})()
    @ VSCodeServer ~/.vscode/extensions/julialang.language-julia-1.219.2/scripts/packages/VSCodeServer/src/repl.jl:242
 [19] (::VSCodeServer.var"#start_eval_backend##0#start_eval_backend##1")()
    @ VSCodeServer ~/.vscode/extensions/julialang.language-julia-1.219.2/scripts/packages/VSCodeServer/src/eval.jl:34

ERROR in weighted_short (Spiel 3)
n=22, m=43
UndefVarError: `game` not defined in `ShannonSwitchingGame`
Suggestion: check for spelling errors or missing imports.
Stacktrace:
  [1] var"##core#281"()
    @ ShannonSwitchingGame ~/.julia/packages/BenchmarkTools/ZtsPk/src/execution.jl:647
  [2] var"##sample#282"(::Tuple{}, __params::BenchmarkTools.Parameters, __sample_ref::Base.RefValue{Tuple{Float64, Float64, Int64, Int64}}, __result_ref::Nothing)
    @ ShannonSwitchingGame ~/.julia/packages/BenchmarkTools/ZtsPk/src/execution.jl:659
  [3] _lineartrial(b::BenchmarkTools.Benchmark, p::BenchmarkTools.Parameters; maxevals::Int64, kwargs::@Kwargs{})
    @ BenchmarkTools ~/.julia/packages/BenchmarkTools/ZtsPk/src/execution.jl:222
  [4] _lineartrial(b::BenchmarkTools.Benchmark, p::BenchmarkTools.Parameters)
    @ BenchmarkTools ~/.julia/packages/BenchmarkTools/ZtsPk/src/execution.jl:216
  [5] #lineartrial#32
    @ ~/.julia/packages/BenchmarkTools/ZtsPk/src/execution.jl:53 [inlined]
  [6] lineartrial
    @ ~/.julia/packages/BenchmarkTools/ZtsPk/src/execution.jl:52 [inlined]
  [7] tune!(b::BenchmarkTools.Benchmark, p::BenchmarkTools.Parameters; progressid::Nothing, nleaves::Float64, ndone::Float64, verbose::Bool, pad::String, kwargs::@Kwargs{})
    @ BenchmarkTools ~/.julia/packages/BenchmarkTools/ZtsPk/src/execution.jl:341
  [8] tune! (repeats 2 times)
    @ ~/.julia/packages/BenchmarkTools/ZtsPk/src/execution.jl:330 [inlined]
  [9] macro expansion
    @ ~/.julia/packages/BenchmarkTools/ZtsPk/src/execution.jl:503 [inlined]
 [10] test()
    @ ShannonSwitchingGame ~/Documents/computerorientierte_Mathematik_II/Programmierprojekt/ShannonSwitchingGame/src/Wettbewerbsstrategie_Hilfsfunktionen.jl:581
 [11] top-level scope
    @ REPL[7]:1
 [12] eval(m::Module, e::Any)
    @ Core ./boot.jl:489
 [13] eval
    @ ./Base_compiler.jl:146 [inlined]
 [14] repleval(m::Module, code::Expr, ::String)
    @ VSCodeServer ~/.vscode/extensions/julialang.language-julia-1.219.2/scripts/packages/VSCodeServer/src/repl.jl:278
 [15] #evalrepl##2
    @ ~/.vscode/extensions/julialang.language-julia-1.219.2/scripts/packages/VSCodeServer/src/repl.jl:241 [inlined]
 [16] with_logstate(f::VSCodeServer.var"#evalrepl##2#evalrepl##3"{Module, Expr, REPL.LineEditREPL, REPL.LineEdit.Prompt}, logstate::Base.CoreLogging.LogState)
    @ Base.CoreLogging ./logging/logging.jl:542
 [17] with_logger
    @ ./logging/logging.jl:653 [inlined]
 [18] (::VSCodeServer.var"#evalrepl##0#evalrepl##1"{Module, Expr, REPL.LineEditREPL, REPL.LineEdit.Prompt})()
    @ VSCodeServer ~/.vscode/extensions/julialang.language-julia-1.219.2/scripts/packages/VSCodeServer/src/repl.jl:242
 [19] (::VSCodeServer.var"#start_eval_backend##0#start_eval_backend##1")()
    @ VSCodeServer ~/.vscode/extensions/julialang.language-julia-1.219.2/scripts/packages/VSCodeServer/src/eval.jl:34

ERROR in weighted_short (Spiel 3)
n=22, m=43
UndefVarError: `game` not defined in `ShannonSwitchingGame`
Suggestion: check for spelling errors or missing imports.
Stacktrace:
  [1] var"##core#281"()
    @ ShannonSwitchingGame ~/.julia/packages/BenchmarkTools/ZtsPk/src/execution.jl:647
  [2] var"##sample#282"(::Tuple{}, __params::BenchmarkTools.Parameters, __sample_ref::Base.RefValue{Tuple{Float64, Float64, Int64, Int64}}, __result_ref::Nothing)
    @ ShannonSwitchingGame ~/.julia/packages/BenchmarkTools/ZtsPk/src/execution.jl:659
  [3] _lineartrial(b::BenchmarkTools.Benchmark, p::BenchmarkTools.Parameters; maxevals::Int64, kwargs::@Kwargs{})
    @ BenchmarkTools ~/.julia/packages/BenchmarkTools/ZtsPk/src/execution.jl:222
  [4] _lineartrial(b::BenchmarkTools.Benchmark, p::BenchmarkTools.Parameters)
    @ BenchmarkTools ~/.julia/packages/BenchmarkTools/ZtsPk/src/execution.jl:216
  [5] #lineartrial#32
    @ ~/.julia/packages/BenchmarkTools/ZtsPk/src/execution.jl:53 [inlined]
  [6] lineartrial
    @ ~/.julia/packages/BenchmarkTools/ZtsPk/src/execution.jl:52 [inlined]
  [7] tune!(b::BenchmarkTools.Benchmark, p::BenchmarkTools.Parameters; progressid::Nothing, nleaves::Float64, ndone::Float64, verbose::Bool, pad::String, kwargs::@Kwargs{})
    @ BenchmarkTools ~/.julia/packages/BenchmarkTools/ZtsPk/src/execution.jl:341
  [8] tune! (repeats 2 times)
    @ ~/.julia/packages/BenchmarkTools/ZtsPk/src/execution.jl:330 [inlined]
  [9] macro expansion
    @ ~/.julia/packages/BenchmarkTools/ZtsPk/src/execution.jl:503 [inlined]
 [10] test()
    @ ShannonSwitchingGame ~/Documents/computerorientierte_Mathematik_II/Programmierprojekt/ShannonSwitchingGame/src/Wettbewerbsstrategie_Hilfsfunktionen.jl:581
 [11] top-level scope
    @ REPL[7]:1
 [12] eval(m::Module, e::Any)
    @ Core ./boot.jl:489
 [13] eval
    @ ./Base_compiler.jl:146 [inlined]
 [14] repleval(m::Module, code::Expr, ::String)
    @ VSCodeServer ~/.vscode/extensions/julialang.language-julia-1.219.2/scripts/packages/VSCodeServer/src/repl.jl:278
 [15] #evalrepl##2
    @ ~/.vscode/extensions/julialang.language-julia-1.219.2/scripts/packages/VSCodeServer/src/repl.jl:241 [inlined]
 [16] with_logstate(f::VSCodeServer.var"#evalrepl##2#evalrepl##3"{Module, Expr, REPL.LineEditREPL, REPL.LineEdit.Prompt}, logstate::Base.CoreLogging.LogState)
    @ Base.CoreLogging ./logging/logging.jl:542
 [17] with_logger
    @ ./logging/logging.jl:653 [inlined]
 [18] (::VSCodeServer.var"#evalrepl##0#evalrepl##1"{Module, Expr, REPL.LineEditREPL, REPL.LineEdit.Prompt})()
    @ VSCodeServer ~/.vscode/extensions/julialang.language-julia-1.219.2/scripts/packages/VSCodeServer/src/repl.jl:242
 [19] (::VSCodeServer.var"#start_eval_backend##0#start_eval_backend##1")()
    @ VSCodeServer ~/.vscode/extensions/julialang.language-julia-1.219.2/scripts/packages/VSCodeServer/src/eval.jl:34

ERROR in weighted_short (Spiel 3)
n=22, m=43
UndefVarError: `game` not defined in `ShannonSwitchingGame`
Suggestion: check for spelling errors or missing imports.
Stacktrace:
  [1] var"##core#281"()
    @ ShannonSwitchingGame ~/.julia/packages/BenchmarkTools/ZtsPk/src/execution.jl:647
  [2] var"##sample#282"(::Tuple{}, __params::BenchmarkTools.Parameters, __sample_ref::Base.RefValue{Tuple{Float64, Float64, Int64, Int64}}, __result_ref::Nothing)
    @ ShannonSwitchingGame ~/.julia/packages/BenchmarkTools/ZtsPk/src/execution.jl:659
  [3] _lineartrial(b::BenchmarkTools.Benchmark, p::BenchmarkTools.Parameters; maxevals::Int64, kwargs::@Kwargs{})
    @ BenchmarkTools ~/.julia/packages/BenchmarkTools/ZtsPk/src/execution.jl:222
  [4] _lineartrial(b::BenchmarkTools.Benchmark, p::BenchmarkTools.Parameters)
    @ BenchmarkTools ~/.julia/packages/BenchmarkTools/ZtsPk/src/execution.jl:216
  [5] #lineartrial#32
    @ ~/.julia/packages/BenchmarkTools/ZtsPk/src/execution.jl:53 [inlined]
  [6] lineartrial
    @ ~/.julia/packages/BenchmarkTools/ZtsPk/src/execution.jl:52 [inlined]
  [7] tune!(b::BenchmarkTools.Benchmark, p::BenchmarkTools.Parameters; progressid::Nothing, nleaves::Float64, ndone::Float64, verbose::Bool, pad::String, kwargs::@Kwargs{})
    @ BenchmarkTools ~/.julia/packages/BenchmarkTools/ZtsPk/src/execution.jl:341
  [8] tune! (repeats 2 times)
    @ ~/.julia/packages/BenchmarkTools/ZtsPk/src/execution.jl:330 [inlined]
  [9] macro expansion
    @ ~/.julia/packages/BenchmarkTools/ZtsPk/src/execution.jl:503 [inlined]
 [10] test()
    @ ShannonSwitchingGame ~/Documents/computerorientierte_Mathematik_II/Programmierprojekt/ShannonSwitchingGame/src/Wettbewerbsstrategie_Hilfsfunktionen.jl:581
 [11] top-level scope
    @ REPL[7]:1
 [12] eval(m::Module, e::Any)
    @ Core ./boot.jl:489
 [13] eval
    @ ./Base_compiler.jl:146 [inlined]
 [14] repleval(m::Module, code::Expr, ::String)
    @ VSCodeServer ~/.vscode/extensions/julialang.language-julia-1.219.2/scripts/packages/VSCodeServer/src/repl.jl:278
 [15] #evalrepl##2
    @ ~/.vscode/extensions/julialang.language-julia-1.219.2/scripts/packages/VSCodeServer/src/repl.jl:241 [inlined]
 [16] with_logstate(f::VSCodeServer.var"#evalrepl##2#evalrepl##3"{Module, Expr, REPL.LineEditREPL, REPL.LineEdit.Prompt}, logstate::Base.CoreLogging.LogState)
    @ Base.CoreLogging ./logging/logging.jl:542
 [17] with_logger
    @ ./logging/logging.jl:653 [inlined]
 [18] (::VSCodeServer.var"#evalrepl##0#evalrepl##1"{Module, Expr, REPL.LineEditREPL, REPL.LineEdit.Prompt})()
    @ VSCodeServer ~/.vscode/extensions/julialang.language-julia-1.219.2/scripts/packages/VSCodeServer/src/repl.jl:242
 [19] (::VSCodeServer.var"#start_eval_backend##0#start_eval_backend##1")()
    @ VSCodeServer ~/.vscode/extensions/julialang.language-julia-1.219.2/scripts/packages/VSCodeServer/src/eval.jl:34

ERROR in weighted_short (Spiel 3)
n=22, m=43
UndefVarError: `game` not defined in `ShannonSwitchingGame`
Suggestion: check for spelling errors or missing imports.
Stacktrace:
  [1] var"##core#281"()
    @ ShannonSwitchingGame ~/.julia/packages/BenchmarkTools/ZtsPk/src/execution.jl:647
  [2] var"##sample#282"(::Tuple{}, __params::BenchmarkTools.Parameters, __sample_ref::Base.RefValue{Tuple{Float64, Float64, Int64, Int64}}, __result_ref::Nothing)
    @ ShannonSwitchingGame ~/.julia/packages/BenchmarkTools/ZtsPk/src/execution.jl:659
  [3] _lineartrial(b::BenchmarkTools.Benchmark, p::BenchmarkTools.Parameters; maxevals::Int64, kwargs::@Kwargs{})
    @ BenchmarkTools ~/.julia/packages/BenchmarkTools/ZtsPk/src/execution.jl:222
  [4] _lineartrial(b::BenchmarkTools.Benchmark, p::BenchmarkTools.Parameters)
    @ BenchmarkTools ~/.julia/packages/BenchmarkTools/ZtsPk/src/execution.jl:216
  [5] #lineartrial#32
    @ ~/.julia/packages/BenchmarkTools/ZtsPk/src/execution.jl:53 [inlined]
  [6] lineartrial
    @ ~/.julia/packages/BenchmarkTools/ZtsPk/src/execution.jl:52 [inlined]
  [7] tune!(b::BenchmarkTools.Benchmark, p::BenchmarkTools.Parameters; progressid::Nothing, nleaves::Float64, ndone::Float64, verbose::Bool, pad::String, kwargs::@Kwargs{})
    @ BenchmarkTools ~/.julia/packages/BenchmarkTools/ZtsPk/src/execution.jl:341
  [8] tune! (repeats 2 times)
    @ ~/.julia/packages/BenchmarkTools/ZtsPk/src/execution.jl:330 [inlined]
  [9] macro expansion
    @ ~/.julia/packages/BenchmarkTools/ZtsPk/src/execution.jl:503 [inlined]
 [10] test()
    @ ShannonSwitchingGame ~/Documents/computerorientierte_Mathematik_II/Programmierprojekt/ShannonSwitchingGame/src/Wettbewerbsstrategie_Hilfsfunktionen.jl:581
 [11] top-level scope
    @ REPL[7]:1
 [12] eval(m::Module, e::Any)
    @ Core ./boot.jl:489
 [13] eval
    @ ./Base_compiler.jl:146 [inlined]
 [14] repleval(m::Module, code::Expr, ::String)
    @ VSCodeServer ~/.vscode/extensions/julialang.language-julia-1.219.2/scripts/packages/VSCodeServer/src/repl.jl:278
 [15] #evalrepl##2
    @ ~/.vscode/extensions/julialang.language-julia-1.219.2/scripts/packages/VSCodeServer/src/repl.jl:241 [inlined]
 [16] with_logstate(f::VSCodeServer.var"#evalrepl##2#evalrepl##3"{Module, Expr, REPL.LineEditREPL, REPL.LineEdit.Prompt}, logstate::Base.CoreLogging.LogState)
    @ Base.CoreLogging ./logging/logging.jl:542
 [17] with_logger
    @ ./logging/logging.jl:653 [inlined]
 [18] (::VSCodeServer.var"#evalrepl##0#evalrepl##1"{Module, Expr, REPL.LineEditREPL, REPL.LineEdit.Prompt})()
    @ VSCodeServer ~/.vscode/extensions/julialang.language-julia-1.219.2/scripts/packages/VSCodeServer/src/repl.jl:242
 [19] (::VSCodeServer.var"#start_eval_backend##0#start_eval_backend##1")()
    @ VSCodeServer ~/.vscode/extensions/julialang.language-julia-1.219.2/scripts/packages/VSCodeServer/src/eval.jl:34

ERROR in weighted_short (Spiel 3)
n=22, m=43
UndefVarError: `game` not defined in `ShannonSwitchingGame`
Suggestion: check for spelling errors or missing imports.
Stacktrace:
  [1] var"##core#281"()
    @ ShannonSwitchingGame ~/.julia/packages/BenchmarkTools/ZtsPk/src/execution.jl:647
  [2] var"##sample#282"(::Tuple{}, __params::BenchmarkTools.Parameters, __sample_ref::Base.RefValue{Tuple{Float64, Float64, Int64, Int64}}, __result_ref::Nothing)
    @ ShannonSwitchingGame ~/.julia/packages/BenchmarkTools/ZtsPk/src/execution.jl:659
  [3] _lineartrial(b::BenchmarkTools.Benchmark, p::BenchmarkTools.Parameters; maxevals::Int64, kwargs::@Kwargs{})
    @ BenchmarkTools ~/.julia/packages/BenchmarkTools/ZtsPk/src/execution.jl:222
  [4] _lineartrial(b::BenchmarkTools.Benchmark, p::BenchmarkTools.Parameters)
    @ BenchmarkTools ~/.julia/packages/BenchmarkTools/ZtsPk/src/execution.jl:216
  [5] #lineartrial#32
    @ ~/.julia/packages/BenchmarkTools/ZtsPk/src/execution.jl:53 [inlined]
  [6] lineartrial
    @ ~/.julia/packages/BenchmarkTools/ZtsPk/src/execution.jl:52 [inlined]
  [7] tune!(b::BenchmarkTools.Benchmark, p::BenchmarkTools.Parameters; progressid::Nothing, nleaves::Float64, ndone::Float64, verbose::Bool, pad::String, kwargs::@Kwargs{})
    @ BenchmarkTools ~/.julia/packages/BenchmarkTools/ZtsPk/src/execution.jl:341
  [8] tune! (repeats 2 times)
    @ ~/.julia/packages/BenchmarkTools/ZtsPk/src/execution.jl:330 [inlined]
  [9] macro expansion
    @ ~/.julia/packages/BenchmarkTools/ZtsPk/src/execution.jl:503 [inlined]
 [10] test()
    @ ShannonSwitchingGame ~/Documents/computerorientierte_Mathematik_II/Programmierprojekt/ShannonSwitchingGame/src/Wettbewerbsstrategie_Hilfsfunktionen.jl:581
 [11] top-level scope
    @ REPL[7]:1
 [12] eval(m::Module, e::Any)
    @ Core ./boot.jl:489
 [13] eval
    @ ./Base_compiler.jl:146 [inlined]
 [14] repleval(m::Module, code::Expr, ::String)
    @ VSCodeServer ~/.vscode/extensions/julialang.language-julia-1.219.2/scripts/packages/VSCodeServer/src/repl.jl:278
 [15] #evalrepl##2
    @ ~/.vscode/extensions/julialang.language-julia-1.219.2/scripts/packages/VSCodeServer/src/repl.jl:241 [inlined]
 [16] with_logstate(f::VSCodeServer.var"#evalrepl##2#evalrepl##3"{Module, Expr, REPL.LineEditREPL, REPL.LineEdit.Prompt}, logstate::Base.CoreLogging.LogState)
    @ Base.CoreLogging ./logging/logging.jl:542
 [17] with_logger
    @ ./logging/logging.jl:653 [inlined]
 [18] (::VSCodeServer.var"#evalrepl##0#evalrepl##1"{Module, Expr, REPL.LineEditREPL, REPL.LineEdit.Prompt})()
    @ VSCodeServer ~/.vscode/extensions/julialang.language-julia-1.219.2/scripts/packages/VSCodeServer/src/repl.jl:242
 [19] (::VSCodeServer.var"#start_eval_backend##0#start_eval_backend##1")()
    @ VSCodeServer ~/.vscode/extensions/julialang.language-julia-1.219.2/scripts/packages/VSCodeServer/src/eval.jl:34

ERROR in weighted_cut (Spiel 4)
n=17, m=20
UndefVarError: `game` not defined in `ShannonSwitchingGame`
Suggestion: check for spelling errors or missing imports.
Stacktrace:
  [1] var"##core#279"()
    @ ShannonSwitchingGame ~/.julia/packages/BenchmarkTools/ZtsPk/src/execution.jl:647
  [2] var"##sample#280"(::Tuple{}, __params::BenchmarkTools.Parameters, __sample_ref::Base.RefValue{Tuple{Float64, Float64, Int64, Int64}}, __result_ref::Nothing)
    @ ShannonSwitchingGame ~/.julia/packages/BenchmarkTools/ZtsPk/src/execution.jl:659
  [3] _lineartrial(b::BenchmarkTools.Benchmark, p::BenchmarkTools.Parameters; maxevals::Int64, kwargs::@Kwargs{})
    @ BenchmarkTools ~/.julia/packages/BenchmarkTools/ZtsPk/src/execution.jl:222
  [4] _lineartrial(b::BenchmarkTools.Benchmark, p::BenchmarkTools.Parameters)
    @ BenchmarkTools ~/.julia/packages/BenchmarkTools/ZtsPk/src/execution.jl:216
  [5] #lineartrial#32
    @ ~/.julia/packages/BenchmarkTools/ZtsPk/src/execution.jl:53 [inlined]
  [6] lineartrial
    @ ~/.julia/packages/BenchmarkTools/ZtsPk/src/execution.jl:52 [inlined]
  [7] tune!(b::BenchmarkTools.Benchmark, p::BenchmarkTools.Parameters; progressid::Nothing, nleaves::Float64, ndone::Float64, verbose::Bool, pad::String, kwargs::@Kwargs{})
    @ BenchmarkTools ~/.julia/packages/BenchmarkTools/ZtsPk/src/execution.jl:341
  [8] tune! (repeats 2 times)
    @ ~/.julia/packages/BenchmarkTools/ZtsPk/src/execution.jl:330 [inlined]
  [9] macro expansion
    @ ~/.julia/packages/BenchmarkTools/ZtsPk/src/execution.jl:503 [inlined]
 [10] test()
    @ ShannonSwitchingGame ~/Documents/computerorientierte_Mathematik_II/Programmierprojekt/ShannonSwitchingGame/src/Wettbewerbsstrategie_Hilfsfunktionen.jl:532
 [11] top-level scope
    @ REPL[7]:1
 [12] eval(m::Module, e::Any)
    @ Core ./boot.jl:489
 [13] eval
    @ ./Base_compiler.jl:146 [inlined]
 [14] repleval(m::Module, code::Expr, ::String)
    @ VSCodeServer ~/.vscode/extensions/julialang.language-julia-1.219.2/scripts/packages/VSCodeServer/src/repl.jl:278
 [15] #evalrepl##2
    @ ~/.vscode/extensions/julialang.language-julia-1.219.2/scripts/packages/VSCodeServer/src/repl.jl:241 [inlined]
 [16] with_logstate(f::VSCodeServer.var"#evalrepl##2#evalrepl##3"{Module, Expr, REPL.LineEditREPL, REPL.LineEdit.Prompt}, logstate::Base.CoreLogging.LogState)
    @ Base.CoreLogging ./logging/logging.jl:542
 [17] with_logger
    @ ./logging/logging.jl:653 [inlined]
 [18] (::VSCodeServer.var"#evalrepl##0#evalrepl##1"{Module, Expr, REPL.LineEditREPL, REPL.LineEdit.Prompt})()
    @ VSCodeServer ~/.vscode/extensions/julialang.language-julia-1.219.2/scripts/packages/VSCodeServer/src/repl.jl:242
 [19] (::VSCodeServer.var"#start_eval_backend##0#start_eval_backend##1")()
    @ VSCodeServer ~/.vscode/extensions/julialang.language-julia-1.219.2/scripts/packages/VSCodeServer/src/eval.jl:34


ERROR in weighted_cut (Spiel 4)
n=17, m=20
UndefVarError: `game` not defined in `ShannonSwitchingGame`
Suggestion: check for spelling errors or missing imports.
Stacktrace:
  [1] var"##core#279"()
    @ ShannonSwitchingGame ~/.julia/packages/BenchmarkTools/ZtsPk/src/execution.jl:647
  [2] var"##sample#280"(::Tuple{}, __params::BenchmarkTools.Parameters, __sample_ref::Base.RefValue{Tuple{Float64, Float64, Int64, Int64}}, __result_ref::Nothing)
    @ ShannonSwitchingGame ~/.julia/packages/BenchmarkTools/ZtsPk/src/execution.jl:659
  [3] _lineartrial(b::BenchmarkTools.Benchmark, p::BenchmarkTools.Parameters; maxevals::Int64, kwargs::@Kwargs{})
    @ BenchmarkTools ~/.julia/packages/BenchmarkTools/ZtsPk/src/execution.jl:222
  [4] _lineartrial(b::BenchmarkTools.Benchmark, p::BenchmarkTools.Parameters)
    @ BenchmarkTools ~/.julia/packages/BenchmarkTools/ZtsPk/src/execution.jl:216
  [5] #lineartrial#32
    @ ~/.julia/packages/BenchmarkTools/ZtsPk/src/execution.jl:53 [inlined]
  [6] lineartrial
    @ ~/.julia/packages/BenchmarkTools/ZtsPk/src/execution.jl:52 [inlined]
  [7] tune!(b::BenchmarkTools.Benchmark, p::BenchmarkTools.Parameters; progressid::Nothing, nleaves::Float64, ndone::Float64, verbose::Bool, pad::String, kwargs::@Kwargs{})
    @ BenchmarkTools ~/.julia/packages/BenchmarkTools/ZtsPk/src/execution.jl:341
  [8] tune! (repeats 2 times)
    @ ~/.julia/packages/BenchmarkTools/ZtsPk/src/execution.jl:330 [inlined]
  [9] macro expansion
    @ ~/.julia/packages/BenchmarkTools/ZtsPk/src/execution.jl:503 [inlined]
 [10] test()
    @ ShannonSwitchingGame ~/Documents/computerorientierte_Mathematik_II/Programmierprojekt/ShannonSwitchingGame/src/Wettbewerbsstrategie_Hilfsfunktionen.jl:532
 [11] top-level scope
    @ REPL[7]:1
 [12] eval(m::Module, e::Any)
    @ Core ./boot.jl:489
 [13] eval
    @ ./Base_compiler.jl:146 [inlined]
 [14] repleval(m::Module, code::Expr, ::String)
    @ VSCodeServer ~/.vscode/extensions/julialang.language-julia-1.219.2/scripts/packages/VSCodeServer/src/repl.jl:278
 [15] #evalrepl##2
    @ ~/.vscode/extensions/julialang.language-julia-1.219.2/scripts/packages/VSCodeServer/src/repl.jl:241 [inlined]
 [16] with_logstate(f::VSCodeServer.var"#evalrepl##2#evalrepl##3"{Module, Expr, REPL.LineEditREPL, REPL.LineEdit.Prompt}, logstate::Base.CoreLogging.LogState)
    @ Base.CoreLogging ./logging/logging.jl:542
 [17] with_logger
    @ ./logging/logging.jl:653 [inlined]
 [18] (::VSCodeServer.var"#evalrepl##0#evalrepl##1"{Module, Expr, REPL.LineEditREPL, REPL.LineEdit.Prompt})()
    @ VSCodeServer ~/.vscode/extensions/julialang.language-julia-1.219.2/scripts/packages/VSCodeServer/src/repl.jl:242
 [19] (::VSCodeServer.var"#start_eval_backend##0#start_eval_backend##1")()
    @ VSCodeServer ~/.vscode/extensions/julialang.language-julia-1.219.2/scripts/packages/VSCodeServer/src/eval.jl:34


ERROR in weighted_cut (Spiel 4)
n=17, m=20
UndefVarError: `game` not defined in `ShannonSwitchingGame`
Suggestion: check for spelling errors or missing imports.
Stacktrace:
  [1] var"##core#279"()
    @ ShannonSwitchingGame ~/.julia/packages/BenchmarkTools/ZtsPk/src/execution.jl:647
  [2] var"##sample#280"(::Tuple{}, __params::BenchmarkTools.Parameters, __sample_ref::Base.RefValue{Tuple{Float64, Float64, Int64, Int64}}, __result_ref::Nothing)
    @ ShannonSwitchingGame ~/.julia/packages/BenchmarkTools/ZtsPk/src/execution.jl:659
  [3] _lineartrial(b::BenchmarkTools.Benchmark, p::BenchmarkTools.Parameters; maxevals::Int64, kwargs::@Kwargs{})
    @ BenchmarkTools ~/.julia/packages/BenchmarkTools/ZtsPk/src/execution.jl:222
  [4] _lineartrial(b::BenchmarkTools.Benchmark, p::BenchmarkTools.Parameters)
    @ BenchmarkTools ~/.julia/packages/BenchmarkTools/ZtsPk/src/execution.jl:216
  [5] #lineartrial#32
    @ ~/.julia/packages/BenchmarkTools/ZtsPk/src/execution.jl:53 [inlined]
  [6] lineartrial
    @ ~/.julia/packages/BenchmarkTools/ZtsPk/src/execution.jl:52 [inlined]
  [7] tune!(b::BenchmarkTools.Benchmark, p::BenchmarkTools.Parameters; progressid::Nothing, nleaves::Float64, ndone::Float64, verbose::Bool, pad::String, kwargs::@Kwargs{})
    @ BenchmarkTools ~/.julia/packages/BenchmarkTools/ZtsPk/src/execution.jl:341
  [8] tune! (repeats 2 times)
    @ ~/.julia/packages/BenchmarkTools/ZtsPk/src/execution.jl:330 [inlined]
  [9] macro expansion
    @ ~/.julia/packages/BenchmarkTools/ZtsPk/src/execution.jl:503 [inlined]
 [10] test()
    @ ShannonSwitchingGame ~/Documents/computerorientierte_Mathematik_II/Programmierprojekt/ShannonSwitchingGame/src/Wettbewerbsstrategie_Hilfsfunktionen.jl:532
 [11] top-level scope
    @ REPL[7]:1
 [12] eval(m::Module, e::Any)
    @ Core ./boot.jl:489
 [13] eval
    @ ./Base_compiler.jl:146 [inlined]
 [14] repleval(m::Module, code::Expr, ::String)
    @ VSCodeServer ~/.vscode/extensions/julialang.language-julia-1.219.2/scripts/packages/VSCodeServer/src/repl.jl:278
 [15] #evalrepl##2
    @ ~/.vscode/extensions/julialang.language-julia-1.219.2/scripts/packages/VSCodeServer/src/repl.jl:241 [inlined]
 [16] with_logstate(f::VSCodeServer.var"#evalrepl##2#evalrepl##3"{Module, Expr, REPL.LineEditREPL, REPL.LineEdit.Prompt}, logstate::Base.CoreLogging.LogState)
    @ Base.CoreLogging ./logging/logging.jl:542
 [17] with_logger
    @ ./logging/logging.jl:653 [inlined]
 [18] (::VSCodeServer.var"#evalrepl##0#evalrepl##1"{Module, Expr, REPL.LineEditREPL, REPL.LineEdit.Prompt})()
    @ VSCodeServer ~/.vscode/extensions/julialang.language-julia-1.219.2/scripts/packages/VSCodeServer/src/repl.jl:242
 [19] (::VSCodeServer.var"#start_eval_backend##0#start_eval_backend##1")()
    @ VSCodeServer ~/.vscode/extensions/julialang.language-julia-1.219.2/scripts/packages/VSCodeServer/src/eval.jl:34


ERROR in weighted_cut (Spiel 4)
n=17, m=20
UndefVarError: `game` not defined in `ShannonSwitchingGame`
Suggestion: check for spelling errors or missing imports.
Stacktrace:
  [1] var"##core#279"()
    @ ShannonSwitchingGame ~/.julia/packages/BenchmarkTools/ZtsPk/src/execution.jl:647
  [2] var"##sample#280"(::Tuple{}, __params::BenchmarkTools.Parameters, __sample_ref::Base.RefValue{Tuple{Float64, Float64, Int64, Int64}}, __result_ref::Nothing)
    @ ShannonSwitchingGame ~/.julia/packages/BenchmarkTools/ZtsPk/src/execution.jl:659
  [3] _lineartrial(b::BenchmarkTools.Benchmark, p::BenchmarkTools.Parameters; maxevals::Int64, kwargs::@Kwargs{})
    @ BenchmarkTools ~/.julia/packages/BenchmarkTools/ZtsPk/src/execution.jl:222
  [4] _lineartrial(b::BenchmarkTools.Benchmark, p::BenchmarkTools.Parameters)
    @ BenchmarkTools ~/.julia/packages/BenchmarkTools/ZtsPk/src/execution.jl:216
  [5] #lineartrial#32
    @ ~/.julia/packages/BenchmarkTools/ZtsPk/src/execution.jl:53 [inlined]
  [6] lineartrial
    @ ~/.julia/packages/BenchmarkTools/ZtsPk/src/execution.jl:52 [inlined]
  [7] tune!(b::BenchmarkTools.Benchmark, p::BenchmarkTools.Parameters; progressid::Nothing, nleaves::Float64, ndone::Float64, verbose::Bool, pad::String, kwargs::@Kwargs{})
    @ BenchmarkTools ~/.julia/packages/BenchmarkTools/ZtsPk/src/execution.jl:341
  [8] tune! (repeats 2 times)
    @ ~/.julia/packages/BenchmarkTools/ZtsPk/src/execution.jl:330 [inlined]
  [9] macro expansion
    @ ~/.julia/packages/BenchmarkTools/ZtsPk/src/execution.jl:503 [inlined]
 [10] test()
    @ ShannonSwitchingGame ~/Documents/computerorientierte_Mathematik_II/Programmierprojekt/ShannonSwitchingGame/src/Wettbewerbsstrategie_Hilfsfunktionen.jl:532
 [11] top-level scope
    @ REPL[7]:1
 [12] eval(m::Module, e::Any)
    @ Core ./boot.jl:489
 [13] eval
    @ ./Base_compiler.jl:146 [inlined]
 [14] repleval(m::Module, code::Expr, ::String)
    @ VSCodeServer ~/.vscode/extensions/julialang.language-julia-1.219.2/scripts/packages/VSCodeServer/src/repl.jl:278
 [15] #evalrepl##2
    @ ~/.vscode/extensions/julialang.language-julia-1.219.2/scripts/packages/VSCodeServer/src/repl.jl:241 [inlined]
 [16] with_logstate(f::VSCodeServer.var"#evalrepl##2#evalrepl##3"{Module, Expr, REPL.LineEditREPL, REPL.LineEdit.Prompt}, logstate::Base.CoreLogging.LogState)
    @ Base.CoreLogging ./logging/logging.jl:542
 [17] with_logger
    @ ./logging/logging.jl:653 [inlined]
 [18] (::VSCodeServer.var"#evalrepl##0#evalrepl##1"{Module, Expr, REPL.LineEditREPL, REPL.LineEdit.Prompt})()
    @ VSCodeServer ~/.vscode/extensions/julialang.language-julia-1.219.2/scripts/packages/VSCodeServer/src/repl.jl:242
 [19] (::VSCodeServer.var"#start_eval_backend##0#start_eval_backend##1")()
    @ VSCodeServer ~/.vscode/extensions/julialang.language-julia-1.219.2/scripts/packages/VSCodeServer/src/eval.jl:34


ERROR in weighted_cut (Spiel 4)
n=17, m=20
UndefVarError: `game` not defined in `ShannonSwitchingGame`
Suggestion: check for spelling errors or missing imports.
Stacktrace:
  [1] var"##core#279"()
    @ ShannonSwitchingGame ~/.julia/packages/BenchmarkTools/ZtsPk/src/execution.jl:647
  [2] var"##sample#280"(::Tuple{}, __params::BenchmarkTools.Parameters, __sample_ref::Base.RefValue{Tuple{Float64, Float64, Int64, Int64}}, __result_ref::Nothing)
    @ ShannonSwitchingGame ~/.julia/packages/BenchmarkTools/ZtsPk/src/execution.jl:659
  [3] _lineartrial(b::BenchmarkTools.Benchmark, p::BenchmarkTools.Parameters; maxevals::Int64, kwargs::@Kwargs{})
    @ BenchmarkTools ~/.julia/packages/BenchmarkTools/ZtsPk/src/execution.jl:222
  [4] _lineartrial(b::BenchmarkTools.Benchmark, p::BenchmarkTools.Parameters)
    @ BenchmarkTools ~/.julia/packages/BenchmarkTools/ZtsPk/src/execution.jl:216
  [5] #lineartrial#32
    @ ~/.julia/packages/BenchmarkTools/ZtsPk/src/execution.jl:53 [inlined]
  [6] lineartrial
    @ ~/.julia/packages/BenchmarkTools/ZtsPk/src/execution.jl:52 [inlined]
  [7] tune!(b::BenchmarkTools.Benchmark, p::BenchmarkTools.Parameters; progressid::Nothing, nleaves::Float64, ndone::Float64, verbose::Bool, pad::String, kwargs::@Kwargs{})
    @ BenchmarkTools ~/.julia/packages/BenchmarkTools/ZtsPk/src/execution.jl:341
  [8] tune! (repeats 2 times)
    @ ~/.julia/packages/BenchmarkTools/ZtsPk/src/execution.jl:330 [inlined]
  [9] macro expansion
    @ ~/.julia/packages/BenchmarkTools/ZtsPk/src/execution.jl:503 [inlined]
 [10] test()
    @ ShannonSwitchingGame ~/Documents/computerorientierte_Mathematik_II/Programmierprojekt/ShannonSwitchingGame/src/Wettbewerbsstrategie_Hilfsfunktionen.jl:532
 [11] top-level scope
    @ REPL[7]:1
 [12] eval(m::Module, e::Any)
    @ Core ./boot.jl:489
 [13] eval
    @ ./Base_compiler.jl:146 [inlined]
 [14] repleval(m::Module, code::Expr, ::String)
    @ VSCodeServer ~/.vscode/extensions/julialang.language-julia-1.219.2/scripts/packages/VSCodeServer/src/repl.jl:278
 [15] #evalrepl##2
    @ ~/.vscode/extensions/julialang.language-julia-1.219.2/scripts/packages/VSCodeServer/src/repl.jl:241 [inlined]
 [16] with_logstate(f::VSCodeServer.var"#evalrepl##2#evalrepl##3"{Module, Expr, REPL.LineEditREPL, REPL.LineEdit.Prompt}, logstate::Base.CoreLogging.LogState)
    @ Base.CoreLogging ./logging/logging.jl:542
 [17] with_logger
    @ ./logging/logging.jl:653 [inlined]
 [18] (::VSCodeServer.var"#evalrepl##0#evalrepl##1"{Module, Expr, REPL.LineEditREPL, REPL.LineEdit.Prompt})()
    @ VSCodeServer ~/.vscode/extensions/julialang.language-julia-1.219.2/scripts/packages/VSCodeServer/src/repl.jl:242
 [19] (::VSCodeServer.var"#start_eval_backend##0#start_eval_backend##1")()
    @ VSCodeServer ~/.vscode/extensions/julialang.language-julia-1.219.2/scripts/packages/VSCodeServer/src/eval.jl:34


ERROR in weighted_cut (Spiel 4)
n=17, m=20
UndefVarError: `game` not defined in `ShannonSwitchingGame`
Suggestion: check for spelling errors or missing imports.
Stacktrace:
  [1] var"##core#279"()
    @ ShannonSwitchingGame ~/.julia/packages/BenchmarkTools/ZtsPk/src/execution.jl:647
  [2] var"##sample#280"(::Tuple{}, __params::BenchmarkTools.Parameters, __sample_ref::Base.RefValue{Tuple{Float64, Float64, Int64, Int64}}, __result_ref::Nothing)
    @ ShannonSwitchingGame ~/.julia/packages/BenchmarkTools/ZtsPk/src/execution.jl:659
  [3] _lineartrial(b::BenchmarkTools.Benchmark, p::BenchmarkTools.Parameters; maxevals::Int64, kwargs::@Kwargs{})
    @ BenchmarkTools ~/.julia/packages/BenchmarkTools/ZtsPk/src/execution.jl:222
  [4] _lineartrial(b::BenchmarkTools.Benchmark, p::BenchmarkTools.Parameters)
    @ BenchmarkTools ~/.julia/packages/BenchmarkTools/ZtsPk/src/execution.jl:216
  [5] #lineartrial#32
    @ ~/.julia/packages/BenchmarkTools/ZtsPk/src/execution.jl:53 [inlined]
  [6] lineartrial
    @ ~/.julia/packages/BenchmarkTools/ZtsPk/src/execution.jl:52 [inlined]
  [7] tune!(b::BenchmarkTools.Benchmark, p::BenchmarkTools.Parameters; progressid::Nothing, nleaves::Float64, ndone::Float64, verbose::Bool, pad::String, kwargs::@Kwargs{})
    @ BenchmarkTools ~/.julia/packages/BenchmarkTools/ZtsPk/src/execution.jl:341
  [8] tune! (repeats 2 times)
    @ ~/.julia/packages/BenchmarkTools/ZtsPk/src/execution.jl:330 [inlined]
  [9] macro expansion
    @ ~/.julia/packages/BenchmarkTools/ZtsPk/src/execution.jl:503 [inlined]
 [10] test()
    @ ShannonSwitchingGame ~/Documents/computerorientierte_Mathematik_II/Programmierprojekt/ShannonSwitchingGame/src/Wettbewerbsstrategie_Hilfsfunktionen.jl:532
 [11] top-level scope
    @ REPL[7]:1
 [12] eval(m::Module, e::Any)
    @ Core ./boot.jl:489
 [13] eval
    @ ./Base_compiler.jl:146 [inlined]
 [14] repleval(m::Module, code::Expr, ::String)
    @ VSCodeServer ~/.vscode/extensions/julialang.language-julia-1.219.2/scripts/packages/VSCodeServer/src/repl.jl:278
 [15] #evalrepl##2
    @ ~/.vscode/extensions/julialang.language-julia-1.219.2/scripts/packages/VSCodeServer/src/repl.jl:241 [inlined]
 [16] with_logstate(f::VSCodeServer.var"#evalrepl##2#evalrepl##3"{Module, Expr, REPL.LineEditREPL, REPL.LineEdit.Prompt}, logstate::Base.CoreLogging.LogState)
    @ Base.CoreLogging ./logging/logging.jl:542
 [17] with_logger
    @ ./logging/logging.jl:653 [inlined]
 [18] (::VSCodeServer.var"#evalrepl##0#evalrepl##1"{Module, Expr, REPL.LineEditREPL, REPL.LineEdit.Prompt})()
    @ VSCodeServer ~/.vscode/extensions/julialang.language-julia-1.219.2/scripts/packages/VSCodeServer/src/repl.jl:242
 [19] (::VSCodeServer.var"#start_eval_backend##0#start_eval_backend##1")()
    @ VSCodeServer ~/.vscode/extensions/julialang.language-julia-1.219.2/scripts/packages/VSCodeServer/src/eval.jl:34


ERROR in weighted_cut (Spiel 4)
n=17, m=20
UndefVarError: `game` not defined in `ShannonSwitchingGame`
Suggestion: check for spelling errors or missing imports.
Stacktrace:
  [1] var"##core#279"()
    @ ShannonSwitchingGame ~/.julia/packages/BenchmarkTools/ZtsPk/src/execution.jl:647
  [2] var"##sample#280"(::Tuple{}, __params::BenchmarkTools.Parameters, __sample_ref::Base.RefValue{Tuple{Float64, Float64, Int64, Int64}}, __result_ref::Nothing)
    @ ShannonSwitchingGame ~/.julia/packages/BenchmarkTools/ZtsPk/src/execution.jl:659
  [3] _lineartrial(b::BenchmarkTools.Benchmark, p::BenchmarkTools.Parameters; maxevals::Int64, kwargs::@Kwargs{})
    @ BenchmarkTools ~/.julia/packages/BenchmarkTools/ZtsPk/src/execution.jl:222
  [4] _lineartrial(b::BenchmarkTools.Benchmark, p::BenchmarkTools.Parameters)
    @ BenchmarkTools ~/.julia/packages/BenchmarkTools/ZtsPk/src/execution.jl:216
  [5] #lineartrial#32
    @ ~/.julia/packages/BenchmarkTools/ZtsPk/src/execution.jl:53 [inlined]
  [6] lineartrial
    @ ~/.julia/packages/BenchmarkTools/ZtsPk/src/execution.jl:52 [inlined]
  [7] tune!(b::BenchmarkTools.Benchmark, p::BenchmarkTools.Parameters; progressid::Nothing, nleaves::Float64, ndone::Float64, verbose::Bool, pad::String, kwargs::@Kwargs{})
    @ BenchmarkTools ~/.julia/packages/BenchmarkTools/ZtsPk/src/execution.jl:341
  [8] tune! (repeats 2 times)
    @ ~/.julia/packages/BenchmarkTools/ZtsPk/src/execution.jl:330 [inlined]
  [9] macro expansion
    @ ~/.julia/packages/BenchmarkTools/ZtsPk/src/execution.jl:503 [inlined]
 [10] test()
    @ ShannonSwitchingGame ~/Documents/computerorientierte_Mathematik_II/Programmierprojekt/ShannonSwitchingGame/src/Wettbewerbsstrategie_Hilfsfunktionen.jl:532
 [11] top-level scope
    @ REPL[7]:1
 [12] eval(m::Module, e::Any)
    @ Core ./boot.jl:489
 [13] eval
    @ ./Base_compiler.jl:146 [inlined]
 [14] repleval(m::Module, code::Expr, ::String)
    @ VSCodeServer ~/.vscode/extensions/julialang.language-julia-1.219.2/scripts/packages/VSCodeServer/src/repl.jl:278
 [15] #evalrepl##2
    @ ~/.vscode/extensions/julialang.language-julia-1.219.2/scripts/packages/VSCodeServer/src/repl.jl:241 [inlined]
 [16] with_logstate(f::VSCodeServer.var"#evalrepl##2#evalrepl##3"{Module, Expr, REPL.LineEditREPL, REPL.LineEdit.Prompt}, logstate::Base.CoreLogging.LogState)
    @ Base.CoreLogging ./logging/logging.jl:542
 [17] with_logger
    @ ./logging/logging.jl:653 [inlined]
 [18] (::VSCodeServer.var"#evalrepl##0#evalrepl##1"{Module, Expr, REPL.LineEditREPL, REPL.LineEdit.Prompt})()
    @ VSCodeServer ~/.vscode/extensions/julialang.language-julia-1.219.2/scripts/packages/VSCodeServer/src/repl.jl:242
 [19] (::VSCodeServer.var"#start_eval_backend##0#start_eval_backend##1")()
    @ VSCodeServer ~/.vscode/extensions/julialang.language-julia-1.219.2/scripts/packages/VSCodeServer/src/eval.jl:34


ERROR in weighted_cut (Spiel 4)
n=17, m=20
UndefVarError: `game` not defined in `ShannonSwitchingGame`
Suggestion: check for spelling errors or missing imports.
Stacktrace:
  [1] var"##core#279"()
    @ ShannonSwitchingGame ~/.julia/packages/BenchmarkTools/ZtsPk/src/execution.jl:647
  [2] var"##sample#280"(::Tuple{}, __params::BenchmarkTools.Parameters, __sample_ref::Base.RefValue{Tuple{Float64, Float64, Int64, Int64}}, __result_ref::Nothing)
    @ ShannonSwitchingGame ~/.julia/packages/BenchmarkTools/ZtsPk/src/execution.jl:659
  [3] _lineartrial(b::BenchmarkTools.Benchmark, p::BenchmarkTools.Parameters; maxevals::Int64, kwargs::@Kwargs{})
    @ BenchmarkTools ~/.julia/packages/BenchmarkTools/ZtsPk/src/execution.jl:222
  [4] _lineartrial(b::BenchmarkTools.Benchmark, p::BenchmarkTools.Parameters)
    @ BenchmarkTools ~/.julia/packages/BenchmarkTools/ZtsPk/src/execution.jl:216
  [5] #lineartrial#32
    @ ~/.julia/packages/BenchmarkTools/ZtsPk/src/execution.jl:53 [inlined]
  [6] lineartrial
    @ ~/.julia/packages/BenchmarkTools/ZtsPk/src/execution.jl:52 [inlined]
  [7] tune!(b::BenchmarkTools.Benchmark, p::BenchmarkTools.Parameters; progressid::Nothing, nleaves::Float64, ndone::Float64, verbose::Bool, pad::String, kwargs::@Kwargs{})
    @ BenchmarkTools ~/.julia/packages/BenchmarkTools/ZtsPk/src/execution.jl:341
  [8] tune! (repeats 2 times)
    @ ~/.julia/packages/BenchmarkTools/ZtsPk/src/execution.jl:330 [inlined]
  [9] macro expansion
    @ ~/.julia/packages/BenchmarkTools/ZtsPk/src/execution.jl:503 [inlined]
 [10] test()
    @ ShannonSwitchingGame ~/Documents/computerorientierte_Mathematik_II/Programmierprojekt/ShannonSwitchingGame/src/Wettbewerbsstrategie_Hilfsfunktionen.jl:532
 [11] top-level scope
    @ REPL[7]:1
 [12] eval(m::Module, e::Any)
    @ Core ./boot.jl:489
 [13] eval
    @ ./Base_compiler.jl:146 [inlined]
 [14] repleval(m::Module, code::Expr, ::String)
    @ VSCodeServer ~/.vscode/extensions/julialang.language-julia-1.219.2/scripts/packages/VSCodeServer/src/repl.jl:278
 [15] #evalrepl##2
    @ ~/.vscode/extensions/julialang.language-julia-1.219.2/scripts/packages/VSCodeServer/src/repl.jl:241 [inlined]
 [16] with_logstate(f::VSCodeServer.var"#evalrepl##2#evalrepl##3"{Module, Expr, REPL.LineEditREPL, REPL.LineEdit.Prompt}, logstate::Base.CoreLogging.LogState)
    @ Base.CoreLogging ./logging/logging.jl:542
 [17] with_logger
    @ ./logging/logging.jl:653 [inlined]
 [18] (::VSCodeServer.var"#evalrepl##0#evalrepl##1"{Module, Expr, REPL.LineEditREPL, REPL.LineEdit.Prompt})()
    @ VSCodeServer ~/.vscode/extensions/julialang.language-julia-1.219.2/scripts/packages/VSCodeServer/src/repl.jl:242
 [19] (::VSCodeServer.var"#start_eval_backend##0#start_eval_backend##1")()
    @ VSCodeServer ~/.vscode/extensions/julialang.language-julia-1.219.2/scripts/packages/VSCodeServer/src/eval.jl:34


ERROR in weighted_cut (Spiel 4)
n=17, m=20
UndefVarError: `game` not defined in `ShannonSwitchingGame`
Suggestion: check for spelling errors or missing imports.
Stacktrace:
  [1] var"##core#279"()
    @ ShannonSwitchingGame ~/.julia/packages/BenchmarkTools/ZtsPk/src/execution.jl:647
  [2] var"##sample#280"(::Tuple{}, __params::BenchmarkTools.Parameters, __sample_ref::Base.RefValue{Tuple{Float64, Float64, Int64, Int64}}, __result_ref::Nothing)
    @ ShannonSwitchingGame ~/.julia/packages/BenchmarkTools/ZtsPk/src/execution.jl:659
  [3] _lineartrial(b::BenchmarkTools.Benchmark, p::BenchmarkTools.Parameters; maxevals::Int64, kwargs::@Kwargs{})
    @ BenchmarkTools ~/.julia/packages/BenchmarkTools/ZtsPk/src/execution.jl:222
  [4] _lineartrial(b::BenchmarkTools.Benchmark, p::BenchmarkTools.Parameters)
    @ BenchmarkTools ~/.julia/packages/BenchmarkTools/ZtsPk/src/execution.jl:216
  [5] #lineartrial#32
    @ ~/.julia/packages/BenchmarkTools/ZtsPk/src/execution.jl:53 [inlined]
  [6] lineartrial
    @ ~/.julia/packages/BenchmarkTools/ZtsPk/src/execution.jl:52 [inlined]
  [7] tune!(b::BenchmarkTools.Benchmark, p::BenchmarkTools.Parameters; progressid::Nothing, nleaves::Float64, ndone::Float64, verbose::Bool, pad::String, kwargs::@Kwargs{})
    @ BenchmarkTools ~/.julia/packages/BenchmarkTools/ZtsPk/src/execution.jl:341
  [8] tune! (repeats 2 times)
    @ ~/.julia/packages/BenchmarkTools/ZtsPk/src/execution.jl:330 [inlined]
  [9] macro expansion
    @ ~/.julia/packages/BenchmarkTools/ZtsPk/src/execution.jl:503 [inlined]
 [10] test()
    @ ShannonSwitchingGame ~/Documents/computerorientierte_Mathematik_II/Programmierprojekt/ShannonSwitchingGame/src/Wettbewerbsstrategie_Hilfsfunktionen.jl:532
 [11] top-level scope
    @ REPL[7]:1
 [12] eval(m::Module, e::Any)
    @ Core ./boot.jl:489
 [13] eval
    @ ./Base_compiler.jl:146 [inlined]
 [14] repleval(m::Module, code::Expr, ::String)
    @ VSCodeServer ~/.vscode/extensions/julialang.language-julia-1.219.2/scripts/packages/VSCodeServer/src/repl.jl:278
 [15] #evalrepl##2
    @ ~/.vscode/extensions/julialang.language-julia-1.219.2/scripts/packages/VSCodeServer/src/repl.jl:241 [inlined]
 [16] with_logstate(f::VSCodeServer.var"#evalrepl##2#evalrepl##3"{Module, Expr, REPL.LineEditREPL, REPL.LineEdit.Prompt}, logstate::Base.CoreLogging.LogState)
    @ Base.CoreLogging ./logging/logging.jl:542
 [17] with_logger
    @ ./logging/logging.jl:653 [inlined]
 [18] (::VSCodeServer.var"#evalrepl##0#evalrepl##1"{Module, Expr, REPL.LineEditREPL, REPL.LineEdit.Prompt})()
    @ VSCodeServer ~/.vscode/extensions/julialang.language-julia-1.219.2/scripts/packages/VSCodeServer/src/repl.jl:242
 [19] (::VSCodeServer.var"#start_eval_backend##0#start_eval_backend##1")()
    @ VSCodeServer ~/.vscode/extensions/julialang.language-julia-1.219.2/scripts/packages/VSCodeServer/src/eval.jl:34


ERROR in weighted_cut (Spiel 4)
n=17, m=20
UndefVarError: `game` not defined in `ShannonSwitchingGame`
Suggestion: check for spelling errors or missing imports.
Stacktrace:
  [1] var"##core#279"()
    @ ShannonSwitchingGame ~/.julia/packages/BenchmarkTools/ZtsPk/src/execution.jl:647
  [2] var"##sample#280"(::Tuple{}, __params::BenchmarkTools.Parameters, __sample_ref::Base.RefValue{Tuple{Float64, Float64, Int64, Int64}}, __result_ref::Nothing)
    @ ShannonSwitchingGame ~/.julia/packages/BenchmarkTools/ZtsPk/src/execution.jl:659
  [3] _lineartrial(b::BenchmarkTools.Benchmark, p::BenchmarkTools.Parameters; maxevals::Int64, kwargs::@Kwargs{})
    @ BenchmarkTools ~/.julia/packages/BenchmarkTools/ZtsPk/src/execution.jl:222
  [4] _lineartrial(b::BenchmarkTools.Benchmark, p::BenchmarkTools.Parameters)
    @ BenchmarkTools ~/.julia/packages/BenchmarkTools/ZtsPk/src/execution.jl:216
  [5] #lineartrial#32
    @ ~/.julia/packages/BenchmarkTools/ZtsPk/src/execution.jl:53 [inlined]
  [6] lineartrial
    @ ~/.julia/packages/BenchmarkTools/ZtsPk/src/execution.jl:52 [inlined]
  [7] tune!(b::BenchmarkTools.Benchmark, p::BenchmarkTools.Parameters; progressid::Nothing, nleaves::Float64, ndone::Float64, verbose::Bool, pad::String, kwargs::@Kwargs{})
    @ BenchmarkTools ~/.julia/packages/BenchmarkTools/ZtsPk/src/execution.jl:341
  [8] tune! (repeats 2 times)
    @ ~/.julia/packages/BenchmarkTools/ZtsPk/src/execution.jl:330 [inlined]
  [9] macro expansion
    @ ~/.julia/packages/BenchmarkTools/ZtsPk/src/execution.jl:503 [inlined]
 [10] test()
    @ ShannonSwitchingGame ~/Documents/computerorientierte_Mathematik_II/Programmierprojekt/ShannonSwitchingGame/src/Wettbewerbsstrategie_Hilfsfunktionen.jl:532
 [11] top-level scope
    @ REPL[7]:1
 [12] eval(m::Module, e::Any)
    @ Core ./boot.jl:489
 [13] eval
    @ ./Base_compiler.jl:146 [inlined]
 [14] repleval(m::Module, code::Expr, ::String)
    @ VSCodeServer ~/.vscode/extensions/julialang.language-julia-1.219.2/scripts/packages/VSCodeServer/src/repl.jl:278
 [15] #evalrepl##2
    @ ~/.vscode/extensions/julialang.language-julia-1.219.2/scripts/packages/VSCodeServer/src/repl.jl:241 [inlined]
 [16] with_logstate(f::VSCodeServer.var"#evalrepl##2#evalrepl##3"{Module, Expr, REPL.LineEditREPL, REPL.LineEdit.Prompt}, logstate::Base.CoreLogging.LogState)
    @ Base.CoreLogging ./logging/logging.jl:542
 [17] with_logger
    @ ./logging/logging.jl:653 [inlined]
 [18] (::VSCodeServer.var"#evalrepl##0#evalrepl##1"{Module, Expr, REPL.LineEditREPL, REPL.LineEdit.Prompt})()
    @ VSCodeServer ~/.vscode/extensions/julialang.language-julia-1.219.2/scripts/packages/VSCodeServer/src/repl.jl:242
 [19] (::VSCodeServer.var"#start_eval_backend##0#start_eval_backend##1")()
    @ VSCodeServer ~/.vscode/extensions/julialang.language-julia-1.219.2/scripts/packages/VSCodeServer/src/eval.jl:34


ERROR in weighted_short (Spiel 4)
n=17, m=20
UndefVarError: `game` not defined in `ShannonSwitchingGame`
Suggestion: check for spelling errors or missing imports.
Stacktrace:
  [1] var"##core#281"()
    @ ShannonSwitchingGame ~/.julia/packages/BenchmarkTools/ZtsPk/src/execution.jl:647
  [2] var"##sample#282"(::Tuple{}, __params::BenchmarkTools.Parameters, __sample_ref::Base.RefValue{Tuple{Float64, Float64, Int64, Int64}}, __result_ref::Nothing)
    @ ShannonSwitchingGame ~/.julia/packages/BenchmarkTools/ZtsPk/src/execution.jl:659
  [3] _lineartrial(b::BenchmarkTools.Benchmark, p::BenchmarkTools.Parameters; maxevals::Int64, kwargs::@Kwargs{})
    @ BenchmarkTools ~/.julia/packages/BenchmarkTools/ZtsPk/src/execution.jl:222
  [4] _lineartrial(b::BenchmarkTools.Benchmark, p::BenchmarkTools.Parameters)
    @ BenchmarkTools ~/.julia/packages/BenchmarkTools/ZtsPk/src/execution.jl:216
  [5] #lineartrial#32
    @ ~/.julia/packages/BenchmarkTools/ZtsPk/src/execution.jl:53 [inlined]
  [6] lineartrial
    @ ~/.julia/packages/BenchmarkTools/ZtsPk/src/execution.jl:52 [inlined]
  [7] tune!(b::BenchmarkTools.Benchmark, p::BenchmarkTools.Parameters; progressid::Nothing, nleaves::Float64, ndone::Float64, verbose::Bool, pad::String, kwargs::@Kwargs{})
    @ BenchmarkTools ~/.julia/packages/BenchmarkTools/ZtsPk/src/execution.jl:341
  [8] tune! (repeats 2 times)
    @ ~/.julia/packages/BenchmarkTools/ZtsPk/src/execution.jl:330 [inlined]
  [9] macro expansion
    @ ~/.julia/packages/BenchmarkTools/ZtsPk/src/execution.jl:503 [inlined]
 [10] test()
    @ ShannonSwitchingGame ~/Documents/computerorientierte_Mathematik_II/Programmierprojekt/ShannonSwitchingGame/src/Wettbewerbsstrategie_Hilfsfunktionen.jl:581
 [11] top-level scope
    @ REPL[7]:1
 [12] eval(m::Module, e::Any)
    @ Core ./boot.jl:489
 [13] eval
    @ ./Base_compiler.jl:146 [inlined]
 [14] repleval(m::Module, code::Expr, ::String)
    @ VSCodeServer ~/.vscode/extensions/julialang.language-julia-1.219.2/scripts/packages/VSCodeServer/src/repl.jl:278
 [15] #evalrepl##2
    @ ~/.vscode/extensions/julialang.language-julia-1.219.2/scripts/packages/VSCodeServer/src/repl.jl:241 [inlined]
 [16] with_logstate(f::VSCodeServer.var"#evalrepl##2#evalrepl##3"{Module, Expr, REPL.LineEditREPL, REPL.LineEdit.Prompt}, logstate::Base.CoreLogging.LogState)
    @ Base.CoreLogging ./logging/logging.jl:542
 [17] with_logger
    @ ./logging/logging.jl:653 [inlined]
 [18] (::VSCodeServer.var"#evalrepl##0#evalrepl##1"{Module, Expr, REPL.LineEditREPL, REPL.LineEdit.Prompt})()
    @ VSCodeServer ~/.vscode/extensions/julialang.language-julia-1.219.2/scripts/packages/VSCodeServer/src/repl.jl:242
 [19] (::VSCodeServer.var"#start_eval_backend##0#start_eval_backend##1")()
    @ VSCodeServer ~/.vscode/extensions/julialang.language-julia-1.219.2/scripts/packages/VSCodeServer/src/eval.jl:34

ERROR in weighted_short (Spiel 4)
n=17, m=20
UndefVarError: `game` not defined in `ShannonSwitchingGame`
Suggestion: check for spelling errors or missing imports.
Stacktrace:
  [1] var"##core#281"()
    @ ShannonSwitchingGame ~/.julia/packages/BenchmarkTools/ZtsPk/src/execution.jl:647
  [2] var"##sample#282"(::Tuple{}, __params::BenchmarkTools.Parameters, __sample_ref::Base.RefValue{Tuple{Float64, Float64, Int64, Int64}}, __result_ref::Nothing)
    @ ShannonSwitchingGame ~/.julia/packages/BenchmarkTools/ZtsPk/src/execution.jl:659
  [3] _lineartrial(b::BenchmarkTools.Benchmark, p::BenchmarkTools.Parameters; maxevals::Int64, kwargs::@Kwargs{})
    @ BenchmarkTools ~/.julia/packages/BenchmarkTools/ZtsPk/src/execution.jl:222
  [4] _lineartrial(b::BenchmarkTools.Benchmark, p::BenchmarkTools.Parameters)
    @ BenchmarkTools ~/.julia/packages/BenchmarkTools/ZtsPk/src/execution.jl:216
  [5] #lineartrial#32
    @ ~/.julia/packages/BenchmarkTools/ZtsPk/src/execution.jl:53 [inlined]
  [6] lineartrial
    @ ~/.julia/packages/BenchmarkTools/ZtsPk/src/execution.jl:52 [inlined]
  [7] tune!(b::BenchmarkTools.Benchmark, p::BenchmarkTools.Parameters; progressid::Nothing, nleaves::Float64, ndone::Float64, verbose::Bool, pad::String, kwargs::@Kwargs{})
    @ BenchmarkTools ~/.julia/packages/BenchmarkTools/ZtsPk/src/execution.jl:341
  [8] tune! (repeats 2 times)
    @ ~/.julia/packages/BenchmarkTools/ZtsPk/src/execution.jl:330 [inlined]
  [9] macro expansion
    @ ~/.julia/packages/BenchmarkTools/ZtsPk/src/execution.jl:503 [inlined]
 [10] test()
    @ ShannonSwitchingGame ~/Documents/computerorientierte_Mathematik_II/Programmierprojekt/ShannonSwitchingGame/src/Wettbewerbsstrategie_Hilfsfunktionen.jl:581
 [11] top-level scope
    @ REPL[7]:1
 [12] eval(m::Module, e::Any)
    @ Core ./boot.jl:489
 [13] eval
    @ ./Base_compiler.jl:146 [inlined]
 [14] repleval(m::Module, code::Expr, ::String)
    @ VSCodeServer ~/.vscode/extensions/julialang.language-julia-1.219.2/scripts/packages/VSCodeServer/src/repl.jl:278
 [15] #evalrepl##2
    @ ~/.vscode/extensions/julialang.language-julia-1.219.2/scripts/packages/VSCodeServer/src/repl.jl:241 [inlined]
 [16] with_logstate(f::VSCodeServer.var"#evalrepl##2#evalrepl##3"{Module, Expr, REPL.LineEditREPL, REPL.LineEdit.Prompt}, logstate::Base.CoreLogging.LogState)
    @ Base.CoreLogging ./logging/logging.jl:542
 [17] with_logger
    @ ./logging/logging.jl:653 [inlined]
 [18] (::VSCodeServer.var"#evalrepl##0#evalrepl##1"{Module, Expr, REPL.LineEditREPL, REPL.LineEdit.Prompt})()
    @ VSCodeServer ~/.vscode/extensions/julialang.language-julia-1.219.2/scripts/packages/VSCodeServer/src/repl.jl:242
 [19] (::VSCodeServer.var"#start_eval_backend##0#start_eval_backend##1")()
    @ VSCodeServer ~/.vscode/extensions/julialang.language-julia-1.219.2/scripts/packages/VSCodeServer/src/eval.jl:34

ERROR in weighted_short (Spiel 4)
n=17, m=20
UndefVarError: `game` not defined in `ShannonSwitchingGame`
Suggestion: check for spelling errors or missing imports.
Stacktrace:
  [1] var"##core#281"()
    @ ShannonSwitchingGame ~/.julia/packages/BenchmarkTools/ZtsPk/src/execution.jl:647
  [2] var"##sample#282"(::Tuple{}, __params::BenchmarkTools.Parameters, __sample_ref::Base.RefValue{Tuple{Float64, Float64, Int64, Int64}}, __result_ref::Nothing)
    @ ShannonSwitchingGame ~/.julia/packages/BenchmarkTools/ZtsPk/src/execution.jl:659
  [3] _lineartrial(b::BenchmarkTools.Benchmark, p::BenchmarkTools.Parameters; maxevals::Int64, kwargs::@Kwargs{})
    @ BenchmarkTools ~/.julia/packages/BenchmarkTools/ZtsPk/src/execution.jl:222
  [4] _lineartrial(b::BenchmarkTools.Benchmark, p::BenchmarkTools.Parameters)
    @ BenchmarkTools ~/.julia/packages/BenchmarkTools/ZtsPk/src/execution.jl:216
  [5] #lineartrial#32
    @ ~/.julia/packages/BenchmarkTools/ZtsPk/src/execution.jl:53 [inlined]
  [6] lineartrial
    @ ~/.julia/packages/BenchmarkTools/ZtsPk/src/execution.jl:52 [inlined]
  [7] tune!(b::BenchmarkTools.Benchmark, p::BenchmarkTools.Parameters; progressid::Nothing, nleaves::Float64, ndone::Float64, verbose::Bool, pad::String, kwargs::@Kwargs{})
    @ BenchmarkTools ~/.julia/packages/BenchmarkTools/ZtsPk/src/execution.jl:341
  [8] tune! (repeats 2 times)
    @ ~/.julia/packages/BenchmarkTools/ZtsPk/src/execution.jl:330 [inlined]
  [9] macro expansion
    @ ~/.julia/packages/BenchmarkTools/ZtsPk/src/execution.jl:503 [inlined]
 [10] test()
    @ ShannonSwitchingGame ~/Documents/computerorientierte_Mathematik_II/Programmierprojekt/ShannonSwitchingGame/src/Wettbewerbsstrategie_Hilfsfunktionen.jl:581
 [11] top-level scope
    @ REPL[7]:1
 [12] eval(m::Module, e::Any)
    @ Core ./boot.jl:489
 [13] eval
    @ ./Base_compiler.jl:146 [inlined]
 [14] repleval(m::Module, code::Expr, ::String)
    @ VSCodeServer ~/.vscode/extensions/julialang.language-julia-1.219.2/scripts/packages/VSCodeServer/src/repl.jl:278
 [15] #evalrepl##2
    @ ~/.vscode/extensions/julialang.language-julia-1.219.2/scripts/packages/VSCodeServer/src/repl.jl:241 [inlined]
 [16] with_logstate(f::VSCodeServer.var"#evalrepl##2#evalrepl##3"{Module, Expr, REPL.LineEditREPL, REPL.LineEdit.Prompt}, logstate::Base.CoreLogging.LogState)
    @ Base.CoreLogging ./logging/logging.jl:542
 [17] with_logger
    @ ./logging/logging.jl:653 [inlined]
 [18] (::VSCodeServer.var"#evalrepl##0#evalrepl##1"{Module, Expr, REPL.LineEditREPL, REPL.LineEdit.Prompt})()
    @ VSCodeServer ~/.vscode/extensions/julialang.language-julia-1.219.2/scripts/packages/VSCodeServer/src/repl.jl:242
 [19] (::VSCodeServer.var"#start_eval_backend##0#start_eval_backend##1")()
    @ VSCodeServer ~/.vscode/extensions/julialang.language-julia-1.219.2/scripts/packages/VSCodeServer/src/eval.jl:34

ERROR in weighted_short (Spiel 4)
n=17, m=20
UndefVarError: `game` not defined in `ShannonSwitchingGame`
Suggestion: check for spelling errors or missing imports.
Stacktrace:
  [1] var"##core#281"()
    @ ShannonSwitchingGame ~/.julia/packages/BenchmarkTools/ZtsPk/src/execution.jl:647
  [2] var"##sample#282"(::Tuple{}, __params::BenchmarkTools.Parameters, __sample_ref::Base.RefValue{Tuple{Float64, Float64, Int64, Int64}}, __result_ref::Nothing)
    @ ShannonSwitchingGame ~/.julia/packages/BenchmarkTools/ZtsPk/src/execution.jl:659
  [3] _lineartrial(b::BenchmarkTools.Benchmark, p::BenchmarkTools.Parameters; maxevals::Int64, kwargs::@Kwargs{})
    @ BenchmarkTools ~/.julia/packages/BenchmarkTools/ZtsPk/src/execution.jl:222
  [4] _lineartrial(b::BenchmarkTools.Benchmark, p::BenchmarkTools.Parameters)
    @ BenchmarkTools ~/.julia/packages/BenchmarkTools/ZtsPk/src/execution.jl:216
  [5] #lineartrial#32
    @ ~/.julia/packages/BenchmarkTools/ZtsPk/src/execution.jl:53 [inlined]
  [6] lineartrial
    @ ~/.julia/packages/BenchmarkTools/ZtsPk/src/execution.jl:52 [inlined]
  [7] tune!(b::BenchmarkTools.Benchmark, p::BenchmarkTools.Parameters; progressid::Nothing, nleaves::Float64, ndone::Float64, verbose::Bool, pad::String, kwargs::@Kwargs{})
    @ BenchmarkTools ~/.julia/packages/BenchmarkTools/ZtsPk/src/execution.jl:341
  [8] tune! (repeats 2 times)
    @ ~/.julia/packages/BenchmarkTools/ZtsPk/src/execution.jl:330 [inlined]
  [9] macro expansion
    @ ~/.julia/packages/BenchmarkTools/ZtsPk/src/execution.jl:503 [inlined]
 [10] test()
    @ ShannonSwitchingGame ~/Documents/computerorientierte_Mathematik_II/Programmierprojekt/ShannonSwitchingGame/src/Wettbewerbsstrategie_Hilfsfunktionen.jl:581
 [11] top-level scope
    @ REPL[7]:1
 [12] eval(m::Module, e::Any)
    @ Core ./boot.jl:489
 [13] eval
    @ ./Base_compiler.jl:146 [inlined]
 [14] repleval(m::Module, code::Expr, ::String)
    @ VSCodeServer ~/.vscode/extensions/julialang.language-julia-1.219.2/scripts/packages/VSCodeServer/src/repl.jl:278
 [15] #evalrepl##2
    @ ~/.vscode/extensions/julialang.language-julia-1.219.2/scripts/packages/VSCodeServer/src/repl.jl:241 [inlined]
 [16] with_logstate(f::VSCodeServer.var"#evalrepl##2#evalrepl##3"{Module, Expr, REPL.LineEditREPL, REPL.LineEdit.Prompt}, logstate::Base.CoreLogging.LogState)
    @ Base.CoreLogging ./logging/logging.jl:542
 [17] with_logger
    @ ./logging/logging.jl:653 [inlined]
 [18] (::VSCodeServer.var"#evalrepl##0#evalrepl##1"{Module, Expr, REPL.LineEditREPL, REPL.LineEdit.Prompt})()
    @ VSCodeServer ~/.vscode/extensions/julialang.language-julia-1.219.2/scripts/packages/VSCodeServer/src/repl.jl:242
 [19] (::VSCodeServer.var"#start_eval_backend##0#start_eval_backend##1")()
    @ VSCodeServer ~/.vscode/extensions/julialang.language-julia-1.219.2/scripts/packages/VSCodeServer/src/eval.jl:34

ERROR in weighted_short (Spiel 4)
n=17, m=20
UndefVarError: `game` not defined in `ShannonSwitchingGame`
Suggestion: check for spelling errors or missing imports.
Stacktrace:
  [1] var"##core#281"()
    @ ShannonSwitchingGame ~/.julia/packages/BenchmarkTools/ZtsPk/src/execution.jl:647
  [2] var"##sample#282"(::Tuple{}, __params::BenchmarkTools.Parameters, __sample_ref::Base.RefValue{Tuple{Float64, Float64, Int64, Int64}}, __result_ref::Nothing)
    @ ShannonSwitchingGame ~/.julia/packages/BenchmarkTools/ZtsPk/src/execution.jl:659
  [3] _lineartrial(b::BenchmarkTools.Benchmark, p::BenchmarkTools.Parameters; maxevals::Int64, kwargs::@Kwargs{})
    @ BenchmarkTools ~/.julia/packages/BenchmarkTools/ZtsPk/src/execution.jl:222
  [4] _lineartrial(b::BenchmarkTools.Benchmark, p::BenchmarkTools.Parameters)
    @ BenchmarkTools ~/.julia/packages/BenchmarkTools/ZtsPk/src/execution.jl:216
  [5] #lineartrial#32
    @ ~/.julia/packages/BenchmarkTools/ZtsPk/src/execution.jl:53 [inlined]
  [6] lineartrial
    @ ~/.julia/packages/BenchmarkTools/ZtsPk/src/execution.jl:52 [inlined]
  [7] tune!(b::BenchmarkTools.Benchmark, p::BenchmarkTools.Parameters; progressid::Nothing, nleaves::Float64, ndone::Float64, verbose::Bool, pad::String, kwargs::@Kwargs{})
    @ BenchmarkTools ~/.julia/packages/BenchmarkTools/ZtsPk/src/execution.jl:341
  [8] tune! (repeats 2 times)
    @ ~/.julia/packages/BenchmarkTools/ZtsPk/src/execution.jl:330 [inlined]
  [9] macro expansion
    @ ~/.julia/packages/BenchmarkTools/ZtsPk/src/execution.jl:503 [inlined]
 [10] test()
    @ ShannonSwitchingGame ~/Documents/computerorientierte_Mathematik_II/Programmierprojekt/ShannonSwitchingGame/src/Wettbewerbsstrategie_Hilfsfunktionen.jl:581
 [11] top-level scope
    @ REPL[7]:1
 [12] eval(m::Module, e::Any)
    @ Core ./boot.jl:489
 [13] eval
    @ ./Base_compiler.jl:146 [inlined]
 [14] repleval(m::Module, code::Expr, ::String)
    @ VSCodeServer ~/.vscode/extensions/julialang.language-julia-1.219.2/scripts/packages/VSCodeServer/src/repl.jl:278
 [15] #evalrepl##2
    @ ~/.vscode/extensions/julialang.language-julia-1.219.2/scripts/packages/VSCodeServer/src/repl.jl:241 [inlined]
 [16] with_logstate(f::VSCodeServer.var"#evalrepl##2#evalrepl##3"{Module, Expr, REPL.LineEditREPL, REPL.LineEdit.Prompt}, logstate::Base.CoreLogging.LogState)
    @ Base.CoreLogging ./logging/logging.jl:542
 [17] with_logger
    @ ./logging/logging.jl:653 [inlined]
 [18] (::VSCodeServer.var"#evalrepl##0#evalrepl##1"{Module, Expr, REPL.LineEditREPL, REPL.LineEdit.Prompt})()
    @ VSCodeServer ~/.vscode/extensions/julialang.language-julia-1.219.2/scripts/packages/VSCodeServer/src/repl.jl:242
 [19] (::VSCodeServer.var"#start_eval_backend##0#start_eval_backend##1")()
    @ VSCodeServer ~/.vscode/extensions/julialang.language-julia-1.219.2/scripts/packages/VSCodeServer/src/eval.jl:34

ERROR in weighted_short (Spiel 4)
n=17, m=20
UndefVarError: `game` not defined in `ShannonSwitchingGame`
Suggestion: check for spelling errors or missing imports.
Stacktrace:
  [1] var"##core#281"()
    @ ShannonSwitchingGame ~/.julia/packages/BenchmarkTools/ZtsPk/src/execution.jl:647
  [2] var"##sample#282"(::Tuple{}, __params::BenchmarkTools.Parameters, __sample_ref::Base.RefValue{Tuple{Float64, Float64, Int64, Int64}}, __result_ref::Nothing)
    @ ShannonSwitchingGame ~/.julia/packages/BenchmarkTools/ZtsPk/src/execution.jl:659
  [3] _lineartrial(b::BenchmarkTools.Benchmark, p::BenchmarkTools.Parameters; maxevals::Int64, kwargs::@Kwargs{})
    @ BenchmarkTools ~/.julia/packages/BenchmarkTools/ZtsPk/src/execution.jl:222
  [4] _lineartrial(b::BenchmarkTools.Benchmark, p::BenchmarkTools.Parameters)
    @ BenchmarkTools ~/.julia/packages/BenchmarkTools/ZtsPk/src/execution.jl:216
  [5] #lineartrial#32
    @ ~/.julia/packages/BenchmarkTools/ZtsPk/src/execution.jl:53 [inlined]
  [6] lineartrial
    @ ~/.julia/packages/BenchmarkTools/ZtsPk/src/execution.jl:52 [inlined]
  [7] tune!(b::BenchmarkTools.Benchmark, p::BenchmarkTools.Parameters; progressid::Nothing, nleaves::Float64, ndone::Float64, verbose::Bool, pad::String, kwargs::@Kwargs{})
    @ BenchmarkTools ~/.julia/packages/BenchmarkTools/ZtsPk/src/execution.jl:341
  [8] tune! (repeats 2 times)
    @ ~/.julia/packages/BenchmarkTools/ZtsPk/src/execution.jl:330 [inlined]
  [9] macro expansion
    @ ~/.julia/packages/BenchmarkTools/ZtsPk/src/execution.jl:503 [inlined]
 [10] test()
    @ ShannonSwitchingGame ~/Documents/computerorientierte_Mathematik_II/Programmierprojekt/ShannonSwitchingGame/src/Wettbewerbsstrategie_Hilfsfunktionen.jl:581
 [11] top-level scope
    @ REPL[7]:1
 [12] eval(m::Module, e::Any)
    @ Core ./boot.jl:489
 [13] eval
    @ ./Base_compiler.jl:146 [inlined]
 [14] repleval(m::Module, code::Expr, ::String)
    @ VSCodeServer ~/.vscode/extensions/julialang.language-julia-1.219.2/scripts/packages/VSCodeServer/src/repl.jl:278
 [15] #evalrepl##2
    @ ~/.vscode/extensions/julialang.language-julia-1.219.2/scripts/packages/VSCodeServer/src/repl.jl:241 [inlined]
 [16] with_logstate(f::VSCodeServer.var"#evalrepl##2#evalrepl##3"{Module, Expr, REPL.LineEditREPL, REPL.LineEdit.Prompt}, logstate::Base.CoreLogging.LogState)
    @ Base.CoreLogging ./logging/logging.jl:542
 [17] with_logger
    @ ./logging/logging.jl:653 [inlined]
 [18] (::VSCodeServer.var"#evalrepl##0#evalrepl##1"{Module, Expr, REPL.LineEditREPL, REPL.LineEdit.Prompt})()
    @ VSCodeServer ~/.vscode/extensions/julialang.language-julia-1.219.2/scripts/packages/VSCodeServer/src/repl.jl:242
 [19] (::VSCodeServer.var"#start_eval_backend##0#start_eval_backend##1")()
    @ VSCodeServer ~/.vscode/extensions/julialang.language-julia-1.219.2/scripts/packages/VSCodeServer/src/eval.jl:34

ERROR in weighted_short (Spiel 4)
n=17, m=20
UndefVarError: `game` not defined in `ShannonSwitchingGame`
Suggestion: check for spelling errors or missing imports.
Stacktrace:
  [1] var"##core#281"()
    @ ShannonSwitchingGame ~/.julia/packages/BenchmarkTools/ZtsPk/src/execution.jl:647
  [2] var"##sample#282"(::Tuple{}, __params::BenchmarkTools.Parameters, __sample_ref::Base.RefValue{Tuple{Float64, Float64, Int64, Int64}}, __result_ref::Nothing)
    @ ShannonSwitchingGame ~/.julia/packages/BenchmarkTools/ZtsPk/src/execution.jl:659
  [3] _lineartrial(b::BenchmarkTools.Benchmark, p::BenchmarkTools.Parameters; maxevals::Int64, kwargs::@Kwargs{})
    @ BenchmarkTools ~/.julia/packages/BenchmarkTools/ZtsPk/src/execution.jl:222
  [4] _lineartrial(b::BenchmarkTools.Benchmark, p::BenchmarkTools.Parameters)
    @ BenchmarkTools ~/.julia/packages/BenchmarkTools/ZtsPk/src/execution.jl:216
  [5] #lineartrial#32
    @ ~/.julia/packages/BenchmarkTools/ZtsPk/src/execution.jl:53 [inlined]
  [6] lineartrial
    @ ~/.julia/packages/BenchmarkTools/ZtsPk/src/execution.jl:52 [inlined]
  [7] tune!(b::BenchmarkTools.Benchmark, p::BenchmarkTools.Parameters; progressid::Nothing, nleaves::Float64, ndone::Float64, verbose::Bool, pad::String, kwargs::@Kwargs{})
    @ BenchmarkTools ~/.julia/packages/BenchmarkTools/ZtsPk/src/execution.jl:341
  [8] tune! (repeats 2 times)
    @ ~/.julia/packages/BenchmarkTools/ZtsPk/src/execution.jl:330 [inlined]
  [9] macro expansion
    @ ~/.julia/packages/BenchmarkTools/ZtsPk/src/execution.jl:503 [inlined]
 [10] test()
    @ ShannonSwitchingGame ~/Documents/computerorientierte_Mathematik_II/Programmierprojekt/ShannonSwitchingGame/src/Wettbewerbsstrategie_Hilfsfunktionen.jl:581
 [11] top-level scope
    @ REPL[7]:1
 [12] eval(m::Module, e::Any)
    @ Core ./boot.jl:489
 [13] eval
    @ ./Base_compiler.jl:146 [inlined]
 [14] repleval(m::Module, code::Expr, ::String)
    @ VSCodeServer ~/.vscode/extensions/julialang.language-julia-1.219.2/scripts/packages/VSCodeServer/src/repl.jl:278
 [15] #evalrepl##2
    @ ~/.vscode/extensions/julialang.language-julia-1.219.2/scripts/packages/VSCodeServer/src/repl.jl:241 [inlined]
 [16] with_logstate(f::VSCodeServer.var"#evalrepl##2#evalrepl##3"{Module, Expr, REPL.LineEditREPL, REPL.LineEdit.Prompt}, logstate::Base.CoreLogging.LogState)
    @ Base.CoreLogging ./logging/logging.jl:542
 [17] with_logger
    @ ./logging/logging.jl:653 [inlined]
 [18] (::VSCodeServer.var"#evalrepl##0#evalrepl##1"{Module, Expr, REPL.LineEditREPL, REPL.LineEdit.Prompt})()
    @ VSCodeServer ~/.vscode/extensions/julialang.language-julia-1.219.2/scripts/packages/VSCodeServer/src/repl.jl:242
 [19] (::VSCodeServer.var"#start_eval_backend##0#start_eval_backend##1")()
    @ VSCodeServer ~/.vscode/extensions/julialang.language-julia-1.219.2/scripts/packages/VSCodeServer/src/eval.jl:34

ERROR in weighted_short (Spiel 4)
n=17, m=20
UndefVarError: `game` not defined in `ShannonSwitchingGame`
Suggestion: check for spelling errors or missing imports.
Stacktrace:
  [1] var"##core#281"()
    @ ShannonSwitchingGame ~/.julia/packages/BenchmarkTools/ZtsPk/src/execution.jl:647
  [2] var"##sample#282"(::Tuple{}, __params::BenchmarkTools.Parameters, __sample_ref::Base.RefValue{Tuple{Float64, Float64, Int64, Int64}}, __result_ref::Nothing)
    @ ShannonSwitchingGame ~/.julia/packages/BenchmarkTools/ZtsPk/src/execution.jl:659
  [3] _lineartrial(b::BenchmarkTools.Benchmark, p::BenchmarkTools.Parameters; maxevals::Int64, kwargs::@Kwargs{})
    @ BenchmarkTools ~/.julia/packages/BenchmarkTools/ZtsPk/src/execution.jl:222
  [4] _lineartrial(b::BenchmarkTools.Benchmark, p::BenchmarkTools.Parameters)
    @ BenchmarkTools ~/.julia/packages/BenchmarkTools/ZtsPk/src/execution.jl:216
  [5] #lineartrial#32
    @ ~/.julia/packages/BenchmarkTools/ZtsPk/src/execution.jl:53 [inlined]
  [6] lineartrial
    @ ~/.julia/packages/BenchmarkTools/ZtsPk/src/execution.jl:52 [inlined]
  [7] tune!(b::BenchmarkTools.Benchmark, p::BenchmarkTools.Parameters; progressid::Nothing, nleaves::Float64, ndone::Float64, verbose::Bool, pad::String, kwargs::@Kwargs{})
    @ BenchmarkTools ~/.julia/packages/BenchmarkTools/ZtsPk/src/execution.jl:341
  [8] tune! (repeats 2 times)
    @ ~/.julia/packages/BenchmarkTools/ZtsPk/src/execution.jl:330 [inlined]
  [9] macro expansion
    @ ~/.julia/packages/BenchmarkTools/ZtsPk/src/execution.jl:503 [inlined]
 [10] test()
    @ ShannonSwitchingGame ~/Documents/computerorientierte_Mathematik_II/Programmierprojekt/ShannonSwitchingGame/src/Wettbewerbsstrategie_Hilfsfunktionen.jl:581
 [11] top-level scope
    @ REPL[7]:1
 [12] eval(m::Module, e::Any)
    @ Core ./boot.jl:489
 [13] eval
    @ ./Base_compiler.jl:146 [inlined]
 [14] repleval(m::Module, code::Expr, ::String)
    @ VSCodeServer ~/.vscode/extensions/julialang.language-julia-1.219.2/scripts/packages/VSCodeServer/src/repl.jl:278
 [15] #evalrepl##2
    @ ~/.vscode/extensions/julialang.language-julia-1.219.2/scripts/packages/VSCodeServer/src/repl.jl:241 [inlined]
 [16] with_logstate(f::VSCodeServer.var"#evalrepl##2#evalrepl##3"{Module, Expr, REPL.LineEditREPL, REPL.LineEdit.Prompt}, logstate::Base.CoreLogging.LogState)
    @ Base.CoreLogging ./logging/logging.jl:542
 [17] with_logger
    @ ./logging/logging.jl:653 [inlined]
 [18] (::VSCodeServer.var"#evalrepl##0#evalrepl##1"{Module, Expr, REPL.LineEditREPL, REPL.LineEdit.Prompt})()
    @ VSCodeServer ~/.vscode/extensions/julialang.language-julia-1.219.2/scripts/packages/VSCodeServer/src/repl.jl:242
 [19] (::VSCodeServer.var"#start_eval_backend##0#start_eval_backend##1")()
    @ VSCodeServer ~/.vscode/extensions/julialang.language-julia-1.219.2/scripts/packages/VSCodeServer/src/eval.jl:34

ERROR in weighted_short (Spiel 4)
n=17, m=20
UndefVarError: `game` not defined in `ShannonSwitchingGame`
Suggestion: check for spelling errors or missing imports.
Stacktrace:
  [1] var"##core#281"()
    @ ShannonSwitchingGame ~/.julia/packages/BenchmarkTools/ZtsPk/src/execution.jl:647
  [2] var"##sample#282"(::Tuple{}, __params::BenchmarkTools.Parameters, __sample_ref::Base.RefValue{Tuple{Float64, Float64, Int64, Int64}}, __result_ref::Nothing)
    @ ShannonSwitchingGame ~/.julia/packages/BenchmarkTools/ZtsPk/src/execution.jl:659
  [3] _lineartrial(b::BenchmarkTools.Benchmark, p::BenchmarkTools.Parameters; maxevals::Int64, kwargs::@Kwargs{})
    @ BenchmarkTools ~/.julia/packages/BenchmarkTools/ZtsPk/src/execution.jl:222
  [4] _lineartrial(b::BenchmarkTools.Benchmark, p::BenchmarkTools.Parameters)
    @ BenchmarkTools ~/.julia/packages/BenchmarkTools/ZtsPk/src/execution.jl:216
  [5] #lineartrial#32
    @ ~/.julia/packages/BenchmarkTools/ZtsPk/src/execution.jl:53 [inlined]
  [6] lineartrial
    @ ~/.julia/packages/BenchmarkTools/ZtsPk/src/execution.jl:52 [inlined]
  [7] tune!(b::BenchmarkTools.Benchmark, p::BenchmarkTools.Parameters; progressid::Nothing, nleaves::Float64, ndone::Float64, verbose::Bool, pad::String, kwargs::@Kwargs{})
    @ BenchmarkTools ~/.julia/packages/BenchmarkTools/ZtsPk/src/execution.jl:341
  [8] tune! (repeats 2 times)
    @ ~/.julia/packages/BenchmarkTools/ZtsPk/src/execution.jl:330 [inlined]
  [9] macro expansion
    @ ~/.julia/packages/BenchmarkTools/ZtsPk/src/execution.jl:503 [inlined]
 [10] test()
    @ ShannonSwitchingGame ~/Documents/computerorientierte_Mathematik_II/Programmierprojekt/ShannonSwitchingGame/src/Wettbewerbsstrategie_Hilfsfunktionen.jl:581
 [11] top-level scope
    @ REPL[7]:1
 [12] eval(m::Module, e::Any)
    @ Core ./boot.jl:489
 [13] eval
    @ ./Base_compiler.jl:146 [inlined]
 [14] repleval(m::Module, code::Expr, ::String)
    @ VSCodeServer ~/.vscode/extensions/julialang.language-julia-1.219.2/scripts/packages/VSCodeServer/src/repl.jl:278
 [15] #evalrepl##2
    @ ~/.vscode/extensions/julialang.language-julia-1.219.2/scripts/packages/VSCodeServer/src/repl.jl:241 [inlined]
 [16] with_logstate(f::VSCodeServer.var"#evalrepl##2#evalrepl##3"{Module, Expr, REPL.LineEditREPL, REPL.LineEdit.Prompt}, logstate::Base.CoreLogging.LogState)
    @ Base.CoreLogging ./logging/logging.jl:542
 [17] with_logger
    @ ./logging/logging.jl:653 [inlined]
 [18] (::VSCodeServer.var"#evalrepl##0#evalrepl##1"{Module, Expr, REPL.LineEditREPL, REPL.LineEdit.Prompt})()
    @ VSCodeServer ~/.vscode/extensions/julialang.language-julia-1.219.2/scripts/packages/VSCodeServer/src/repl.jl:242
 [19] (::VSCodeServer.var"#start_eval_backend##0#start_eval_backend##1")()
    @ VSCodeServer ~/.vscode/extensions/julialang.language-julia-1.219.2/scripts/packages/VSCodeServer/src/eval.jl:34

ERROR in weighted_short (Spiel 4)
n=17, m=20
UndefVarError: `game` not defined in `ShannonSwitchingGame`
Suggestion: check for spelling errors or missing imports.
Stacktrace:
  [1] var"##core#281"()
    @ ShannonSwitchingGame ~/.julia/packages/BenchmarkTools/ZtsPk/src/execution.jl:647
  [2] var"##sample#282"(::Tuple{}, __params::BenchmarkTools.Parameters, __sample_ref::Base.RefValue{Tuple{Float64, Float64, Int64, Int64}}, __result_ref::Nothing)
    @ ShannonSwitchingGame ~/.julia/packages/BenchmarkTools/ZtsPk/src/execution.jl:659
  [3] _lineartrial(b::BenchmarkTools.Benchmark, p::BenchmarkTools.Parameters; maxevals::Int64, kwargs::@Kwargs{})
    @ BenchmarkTools ~/.julia/packages/BenchmarkTools/ZtsPk/src/execution.jl:222
  [4] _lineartrial(b::BenchmarkTools.Benchmark, p::BenchmarkTools.Parameters)
    @ BenchmarkTools ~/.julia/packages/BenchmarkTools/ZtsPk/src/execution.jl:216
  [5] #lineartrial#32
    @ ~/.julia/packages/BenchmarkTools/ZtsPk/src/execution.jl:53 [inlined]
  [6] lineartrial
    @ ~/.julia/packages/BenchmarkTools/ZtsPk/src/execution.jl:52 [inlined]
  [7] tune!(b::BenchmarkTools.Benchmark, p::BenchmarkTools.Parameters; progressid::Nothing, nleaves::Float64, ndone::Float64, verbose::Bool, pad::String, kwargs::@Kwargs{})
    @ BenchmarkTools ~/.julia/packages/BenchmarkTools/ZtsPk/src/execution.jl:341
  [8] tune! (repeats 2 times)
    @ ~/.julia/packages/BenchmarkTools/ZtsPk/src/execution.jl:330 [inlined]
  [9] macro expansion
    @ ~/.julia/packages/BenchmarkTools/ZtsPk/src/execution.jl:503 [inlined]
 [10] test()
    @ ShannonSwitchingGame ~/Documents/computerorientierte_Mathematik_II/Programmierprojekt/ShannonSwitchingGame/src/Wettbewerbsstrategie_Hilfsfunktionen.jl:581
 [11] top-level scope
    @ REPL[7]:1
 [12] eval(m::Module, e::Any)
    @ Core ./boot.jl:489
 [13] eval
    @ ./Base_compiler.jl:146 [inlined]
 [14] repleval(m::Module, code::Expr, ::String)
    @ VSCodeServer ~/.vscode/extensions/julialang.language-julia-1.219.2/scripts/packages/VSCodeServer/src/repl.jl:278
 [15] #evalrepl##2
    @ ~/.vscode/extensions/julialang.language-julia-1.219.2/scripts/packages/VSCodeServer/src/repl.jl:241 [inlined]
 [16] with_logstate(f::VSCodeServer.var"#evalrepl##2#evalrepl##3"{Module, Expr, REPL.LineEditREPL, REPL.LineEdit.Prompt}, logstate::Base.CoreLogging.LogState)
    @ Base.CoreLogging ./logging/logging.jl:542
 [17] with_logger
    @ ./logging/logging.jl:653 [inlined]
 [18] (::VSCodeServer.var"#evalrepl##0#evalrepl##1"{Module, Expr, REPL.LineEditREPL, REPL.LineEdit.Prompt})()
    @ VSCodeServer ~/.vscode/extensions/julialang.language-julia-1.219.2/scripts/packages/VSCodeServer/src/repl.jl:242
 [19] (::VSCodeServer.var"#start_eval_backend##0#start_eval_backend##1")()
    @ VSCodeServer ~/.vscode/extensions/julialang.language-julia-1.219.2/scripts/packages/VSCodeServer/src/eval.jl:34

ERROR in weighted_cut (Spiel 5)
n=14, m=14
UndefVarError: `game` not defined in `ShannonSwitchingGame`
Suggestion: check for spelling errors or missing imports.
Stacktrace:
  [1] var"##core#279"()
    @ ShannonSwitchingGame ~/.julia/packages/BenchmarkTools/ZtsPk/src/execution.jl:647
  [2] var"##sample#280"(::Tuple{}, __params::BenchmarkTools.Parameters, __sample_ref::Base.RefValue{Tuple{Float64, Float64, Int64, Int64}}, __result_ref::Nothing)
    @ ShannonSwitchingGame ~/.julia/packages/BenchmarkTools/ZtsPk/src/execution.jl:659
  [3] _lineartrial(b::BenchmarkTools.Benchmark, p::BenchmarkTools.Parameters; maxevals::Int64, kwargs::@Kwargs{})
    @ BenchmarkTools ~/.julia/packages/BenchmarkTools/ZtsPk/src/execution.jl:222
  [4] _lineartrial(b::BenchmarkTools.Benchmark, p::BenchmarkTools.Parameters)
    @ BenchmarkTools ~/.julia/packages/BenchmarkTools/ZtsPk/src/execution.jl:216
  [5] #lineartrial#32
    @ ~/.julia/packages/BenchmarkTools/ZtsPk/src/execution.jl:53 [inlined]
  [6] lineartrial
    @ ~/.julia/packages/BenchmarkTools/ZtsPk/src/execution.jl:52 [inlined]
  [7] tune!(b::BenchmarkTools.Benchmark, p::BenchmarkTools.Parameters; progressid::Nothing, nleaves::Float64, ndone::Float64, verbose::Bool, pad::String, kwargs::@Kwargs{})
    @ BenchmarkTools ~/.julia/packages/BenchmarkTools/ZtsPk/src/execution.jl:341
  [8] tune! (repeats 2 times)
    @ ~/.julia/packages/BenchmarkTools/ZtsPk/src/execution.jl:330 [inlined]
  [9] macro expansion
    @ ~/.julia/packages/BenchmarkTools/ZtsPk/src/execution.jl:503 [inlined]
 [10] test()
    @ ShannonSwitchingGame ~/Documents/computerorientierte_Mathematik_II/Programmierprojekt/ShannonSwitchingGame/src/Wettbewerbsstrategie_Hilfsfunktionen.jl:532
 [11] top-level scope
    @ REPL[7]:1
 [12] eval(m::Module, e::Any)
    @ Core ./boot.jl:489
 [13] eval
    @ ./Base_compiler.jl:146 [inlined]
 [14] repleval(m::Module, code::Expr, ::String)
    @ VSCodeServer ~/.vscode/extensions/julialang.language-julia-1.219.2/scripts/packages/VSCodeServer/src/repl.jl:278
 [15] #evalrepl##2
    @ ~/.vscode/extensions/julialang.language-julia-1.219.2/scripts/packages/VSCodeServer/src/repl.jl:241 [inlined]
 [16] with_logstate(f::VSCodeServer.var"#evalrepl##2#evalrepl##3"{Module, Expr, REPL.LineEditREPL, REPL.LineEdit.Prompt}, logstate::Base.CoreLogging.LogState)
    @ Base.CoreLogging ./logging/logging.jl:542
 [17] with_logger
    @ ./logging/logging.jl:653 [inlined]
 [18] (::VSCodeServer.var"#evalrepl##0#evalrepl##1"{Module, Expr, REPL.LineEditREPL, REPL.LineEdit.Prompt})()
    @ VSCodeServer ~/.vscode/extensions/julialang.language-julia-1.219.2/scripts/packages/VSCodeServer/src/repl.jl:242
 [19] (::VSCodeServer.var"#start_eval_backend##0#start_eval_backend##1")()
    @ VSCodeServer ~/.vscode/extensions/julialang.language-julia-1.219.2/scripts/packages/VSCodeServer/src/eval.jl:34


ERROR in weighted_cut (Spiel 5)
n=14, m=14
UndefVarError: `game` not defined in `ShannonSwitchingGame`
Suggestion: check for spelling errors or missing imports.
Stacktrace:
  [1] var"##core#279"()
    @ ShannonSwitchingGame ~/.julia/packages/BenchmarkTools/ZtsPk/src/execution.jl:647
  [2] var"##sample#280"(::Tuple{}, __params::BenchmarkTools.Parameters, __sample_ref::Base.RefValue{Tuple{Float64, Float64, Int64, Int64}}, __result_ref::Nothing)
    @ ShannonSwitchingGame ~/.julia/packages/BenchmarkTools/ZtsPk/src/execution.jl:659
  [3] _lineartrial(b::BenchmarkTools.Benchmark, p::BenchmarkTools.Parameters; maxevals::Int64, kwargs::@Kwargs{})
    @ BenchmarkTools ~/.julia/packages/BenchmarkTools/ZtsPk/src/execution.jl:222
  [4] _lineartrial(b::BenchmarkTools.Benchmark, p::BenchmarkTools.Parameters)
    @ BenchmarkTools ~/.julia/packages/BenchmarkTools/ZtsPk/src/execution.jl:216
  [5] #lineartrial#32
    @ ~/.julia/packages/BenchmarkTools/ZtsPk/src/execution.jl:53 [inlined]
  [6] lineartrial
    @ ~/.julia/packages/BenchmarkTools/ZtsPk/src/execution.jl:52 [inlined]
  [7] tune!(b::BenchmarkTools.Benchmark, p::BenchmarkTools.Parameters; progressid::Nothing, nleaves::Float64, ndone::Float64, verbose::Bool, pad::String, kwargs::@Kwargs{})
    @ BenchmarkTools ~/.julia/packages/BenchmarkTools/ZtsPk/src/execution.jl:341
  [8] tune! (repeats 2 times)
    @ ~/.julia/packages/BenchmarkTools/ZtsPk/src/execution.jl:330 [inlined]
  [9] macro expansion
    @ ~/.julia/packages/BenchmarkTools/ZtsPk/src/execution.jl:503 [inlined]
 [10] test()
    @ ShannonSwitchingGame ~/Documents/computerorientierte_Mathematik_II/Programmierprojekt/ShannonSwitchingGame/src/Wettbewerbsstrategie_Hilfsfunktionen.jl:532
 [11] top-level scope
    @ REPL[7]:1
 [12] eval(m::Module, e::Any)
    @ Core ./boot.jl:489
 [13] eval
    @ ./Base_compiler.jl:146 [inlined]
 [14] repleval(m::Module, code::Expr, ::String)
    @ VSCodeServer ~/.vscode/extensions/julialang.language-julia-1.219.2/scripts/packages/VSCodeServer/src/repl.jl:278
 [15] #evalrepl##2
    @ ~/.vscode/extensions/julialang.language-julia-1.219.2/scripts/packages/VSCodeServer/src/repl.jl:241 [inlined]
 [16] with_logstate(f::VSCodeServer.var"#evalrepl##2#evalrepl##3"{Module, Expr, REPL.LineEditREPL, REPL.LineEdit.Prompt}, logstate::Base.CoreLogging.LogState)
    @ Base.CoreLogging ./logging/logging.jl:542
 [17] with_logger
    @ ./logging/logging.jl:653 [inlined]
 [18] (::VSCodeServer.var"#evalrepl##0#evalrepl##1"{Module, Expr, REPL.LineEditREPL, REPL.LineEdit.Prompt})()
    @ VSCodeServer ~/.vscode/extensions/julialang.language-julia-1.219.2/scripts/packages/VSCodeServer/src/repl.jl:242
 [19] (::VSCodeServer.var"#start_eval_backend##0#start_eval_backend##1")()
    @ VSCodeServer ~/.vscode/extensions/julialang.language-julia-1.219.2/scripts/packages/VSCodeServer/src/eval.jl:34


ERROR in weighted_cut (Spiel 5)
n=14, m=14
UndefVarError: `game` not defined in `ShannonSwitchingGame`
Suggestion: check for spelling errors or missing imports.
Stacktrace:
  [1] var"##core#279"()
    @ ShannonSwitchingGame ~/.julia/packages/BenchmarkTools/ZtsPk/src/execution.jl:647
  [2] var"##sample#280"(::Tuple{}, __params::BenchmarkTools.Parameters, __sample_ref::Base.RefValue{Tuple{Float64, Float64, Int64, Int64}}, __result_ref::Nothing)
    @ ShannonSwitchingGame ~/.julia/packages/BenchmarkTools/ZtsPk/src/execution.jl:659
  [3] _lineartrial(b::BenchmarkTools.Benchmark, p::BenchmarkTools.Parameters; maxevals::Int64, kwargs::@Kwargs{})
    @ BenchmarkTools ~/.julia/packages/BenchmarkTools/ZtsPk/src/execution.jl:222
  [4] _lineartrial(b::BenchmarkTools.Benchmark, p::BenchmarkTools.Parameters)
    @ BenchmarkTools ~/.julia/packages/BenchmarkTools/ZtsPk/src/execution.jl:216
  [5] #lineartrial#32
    @ ~/.julia/packages/BenchmarkTools/ZtsPk/src/execution.jl:53 [inlined]
  [6] lineartrial
    @ ~/.julia/packages/BenchmarkTools/ZtsPk/src/execution.jl:52 [inlined]
  [7] tune!(b::BenchmarkTools.Benchmark, p::BenchmarkTools.Parameters; progressid::Nothing, nleaves::Float64, ndone::Float64, verbose::Bool, pad::String, kwargs::@Kwargs{})
    @ BenchmarkTools ~/.julia/packages/BenchmarkTools/ZtsPk/src/execution.jl:341
  [8] tune! (repeats 2 times)
    @ ~/.julia/packages/BenchmarkTools/ZtsPk/src/execution.jl:330 [inlined]
  [9] macro expansion
    @ ~/.julia/packages/BenchmarkTools/ZtsPk/src/execution.jl:503 [inlined]
 [10] test()
    @ ShannonSwitchingGame ~/Documents/computerorientierte_Mathematik_II/Programmierprojekt/ShannonSwitchingGame/src/Wettbewerbsstrategie_Hilfsfunktionen.jl:532
 [11] top-level scope
    @ REPL[7]:1
 [12] eval(m::Module, e::Any)
    @ Core ./boot.jl:489
 [13] eval
    @ ./Base_compiler.jl:146 [inlined]
 [14] repleval(m::Module, code::Expr, ::String)
    @ VSCodeServer ~/.vscode/extensions/julialang.language-julia-1.219.2/scripts/packages/VSCodeServer/src/repl.jl:278
 [15] #evalrepl##2
    @ ~/.vscode/extensions/julialang.language-julia-1.219.2/scripts/packages/VSCodeServer/src/repl.jl:241 [inlined]
 [16] with_logstate(f::VSCodeServer.var"#evalrepl##2#evalrepl##3"{Module, Expr, REPL.LineEditREPL, REPL.LineEdit.Prompt}, logstate::Base.CoreLogging.LogState)
    @ Base.CoreLogging ./logging/logging.jl:542
 [17] with_logger
    @ ./logging/logging.jl:653 [inlined]
 [18] (::VSCodeServer.var"#evalrepl##0#evalrepl##1"{Module, Expr, REPL.LineEditREPL, REPL.LineEdit.Prompt})()
    @ VSCodeServer ~/.vscode/extensions/julialang.language-julia-1.219.2/scripts/packages/VSCodeServer/src/repl.jl:242
 [19] (::VSCodeServer.var"#start_eval_backend##0#start_eval_backend##1")()
    @ VSCodeServer ~/.vscode/extensions/julialang.language-julia-1.219.2/scripts/packages/VSCodeServer/src/eval.jl:34


ERROR in weighted_cut (Spiel 5)
n=14, m=14
UndefVarError: `game` not defined in `ShannonSwitchingGame`
Suggestion: check for spelling errors or missing imports.
Stacktrace:
  [1] var"##core#279"()
    @ ShannonSwitchingGame ~/.julia/packages/BenchmarkTools/ZtsPk/src/execution.jl:647
  [2] var"##sample#280"(::Tuple{}, __params::BenchmarkTools.Parameters, __sample_ref::Base.RefValue{Tuple{Float64, Float64, Int64, Int64}}, __result_ref::Nothing)
    @ ShannonSwitchingGame ~/.julia/packages/BenchmarkTools/ZtsPk/src/execution.jl:659
  [3] _lineartrial(b::BenchmarkTools.Benchmark, p::BenchmarkTools.Parameters; maxevals::Int64, kwargs::@Kwargs{})
    @ BenchmarkTools ~/.julia/packages/BenchmarkTools/ZtsPk/src/execution.jl:222
  [4] _lineartrial(b::BenchmarkTools.Benchmark, p::BenchmarkTools.Parameters)
    @ BenchmarkTools ~/.julia/packages/BenchmarkTools/ZtsPk/src/execution.jl:216
  [5] #lineartrial#32
    @ ~/.julia/packages/BenchmarkTools/ZtsPk/src/execution.jl:53 [inlined]
  [6] lineartrial
    @ ~/.julia/packages/BenchmarkTools/ZtsPk/src/execution.jl:52 [inlined]
  [7] tune!(b::BenchmarkTools.Benchmark, p::BenchmarkTools.Parameters; progressid::Nothing, nleaves::Float64, ndone::Float64, verbose::Bool, pad::String, kwargs::@Kwargs{})
    @ BenchmarkTools ~/.julia/packages/BenchmarkTools/ZtsPk/src/execution.jl:341
  [8] tune! (repeats 2 times)
    @ ~/.julia/packages/BenchmarkTools/ZtsPk/src/execution.jl:330 [inlined]
  [9] macro expansion
    @ ~/.julia/packages/BenchmarkTools/ZtsPk/src/execution.jl:503 [inlined]
 [10] test()
    @ ShannonSwitchingGame ~/Documents/computerorientierte_Mathematik_II/Programmierprojekt/ShannonSwitchingGame/src/Wettbewerbsstrategie_Hilfsfunktionen.jl:532
 [11] top-level scope
    @ REPL[7]:1
 [12] eval(m::Module, e::Any)
    @ Core ./boot.jl:489
 [13] eval
    @ ./Base_compiler.jl:146 [inlined]
 [14] repleval(m::Module, code::Expr, ::String)
    @ VSCodeServer ~/.vscode/extensions/julialang.language-julia-1.219.2/scripts/packages/VSCodeServer/src/repl.jl:278
 [15] #evalrepl##2
    @ ~/.vscode/extensions/julialang.language-julia-1.219.2/scripts/packages/VSCodeServer/src/repl.jl:241 [inlined]
 [16] with_logstate(f::VSCodeServer.var"#evalrepl##2#evalrepl##3"{Module, Expr, REPL.LineEditREPL, REPL.LineEdit.Prompt}, logstate::Base.CoreLogging.LogState)
    @ Base.CoreLogging ./logging/logging.jl:542
 [17] with_logger
    @ ./logging/logging.jl:653 [inlined]
 [18] (::VSCodeServer.var"#evalrepl##0#evalrepl##1"{Module, Expr, REPL.LineEditREPL, REPL.LineEdit.Prompt})()
    @ VSCodeServer ~/.vscode/extensions/julialang.language-julia-1.219.2/scripts/packages/VSCodeServer/src/repl.jl:242
 [19] (::VSCodeServer.var"#start_eval_backend##0#start_eval_backend##1")()
    @ VSCodeServer ~/.vscode/extensions/julialang.language-julia-1.219.2/scripts/packages/VSCodeServer/src/eval.jl:34


ERROR in weighted_cut (Spiel 5)
n=14, m=14
UndefVarError: `game` not defined in `ShannonSwitchingGame`
Suggestion: check for spelling errors or missing imports.
Stacktrace:
  [1] var"##core#279"()
    @ ShannonSwitchingGame ~/.julia/packages/BenchmarkTools/ZtsPk/src/execution.jl:647
  [2] var"##sample#280"(::Tuple{}, __params::BenchmarkTools.Parameters, __sample_ref::Base.RefValue{Tuple{Float64, Float64, Int64, Int64}}, __result_ref::Nothing)
    @ ShannonSwitchingGame ~/.julia/packages/BenchmarkTools/ZtsPk/src/execution.jl:659
  [3] _lineartrial(b::BenchmarkTools.Benchmark, p::BenchmarkTools.Parameters; maxevals::Int64, kwargs::@Kwargs{})
    @ BenchmarkTools ~/.julia/packages/BenchmarkTools/ZtsPk/src/execution.jl:222
  [4] _lineartrial(b::BenchmarkTools.Benchmark, p::BenchmarkTools.Parameters)
    @ BenchmarkTools ~/.julia/packages/BenchmarkTools/ZtsPk/src/execution.jl:216
  [5] #lineartrial#32
    @ ~/.julia/packages/BenchmarkTools/ZtsPk/src/execution.jl:53 [inlined]
  [6] lineartrial
    @ ~/.julia/packages/BenchmarkTools/ZtsPk/src/execution.jl:52 [inlined]
  [7] tune!(b::BenchmarkTools.Benchmark, p::BenchmarkTools.Parameters; progressid::Nothing, nleaves::Float64, ndone::Float64, verbose::Bool, pad::String, kwargs::@Kwargs{})
    @ BenchmarkTools ~/.julia/packages/BenchmarkTools/ZtsPk/src/execution.jl:341
  [8] tune! (repeats 2 times)
    @ ~/.julia/packages/BenchmarkTools/ZtsPk/src/execution.jl:330 [inlined]
  [9] macro expansion
    @ ~/.julia/packages/BenchmarkTools/ZtsPk/src/execution.jl:503 [inlined]
 [10] test()
    @ ShannonSwitchingGame ~/Documents/computerorientierte_Mathematik_II/Programmierprojekt/ShannonSwitchingGame/src/Wettbewerbsstrategie_Hilfsfunktionen.jl:532
 [11] top-level scope
    @ REPL[7]:1
 [12] eval(m::Module, e::Any)
    @ Core ./boot.jl:489
 [13] eval
    @ ./Base_compiler.jl:146 [inlined]
 [14] repleval(m::Module, code::Expr, ::String)
    @ VSCodeServer ~/.vscode/extensions/julialang.language-julia-1.219.2/scripts/packages/VSCodeServer/src/repl.jl:278
 [15] #evalrepl##2
    @ ~/.vscode/extensions/julialang.language-julia-1.219.2/scripts/packages/VSCodeServer/src/repl.jl:241 [inlined]
 [16] with_logstate(f::VSCodeServer.var"#evalrepl##2#evalrepl##3"{Module, Expr, REPL.LineEditREPL, REPL.LineEdit.Prompt}, logstate::Base.CoreLogging.LogState)
    @ Base.CoreLogging ./logging/logging.jl:542
 [17] with_logger
    @ ./logging/logging.jl:653 [inlined]
 [18] (::VSCodeServer.var"#evalrepl##0#evalrepl##1"{Module, Expr, REPL.LineEditREPL, REPL.LineEdit.Prompt})()
    @ VSCodeServer ~/.vscode/extensions/julialang.language-julia-1.219.2/scripts/packages/VSCodeServer/src/repl.jl:242
 [19] (::VSCodeServer.var"#start_eval_backend##0#start_eval_backend##1")()
    @ VSCodeServer ~/.vscode/extensions/julialang.language-julia-1.219.2/scripts/packages/VSCodeServer/src/eval.jl:34


ERROR in weighted_cut (Spiel 5)
n=14, m=14
UndefVarError: `game` not defined in `ShannonSwitchingGame`
Suggestion: check for spelling errors or missing imports.
Stacktrace:
  [1] var"##core#279"()
    @ ShannonSwitchingGame ~/.julia/packages/BenchmarkTools/ZtsPk/src/execution.jl:647
  [2] var"##sample#280"(::Tuple{}, __params::BenchmarkTools.Parameters, __sample_ref::Base.RefValue{Tuple{Float64, Float64, Int64, Int64}}, __result_ref::Nothing)
    @ ShannonSwitchingGame ~/.julia/packages/BenchmarkTools/ZtsPk/src/execution.jl:659
  [3] _lineartrial(b::BenchmarkTools.Benchmark, p::BenchmarkTools.Parameters; maxevals::Int64, kwargs::@Kwargs{})
    @ BenchmarkTools ~/.julia/packages/BenchmarkTools/ZtsPk/src/execution.jl:222
  [4] _lineartrial(b::BenchmarkTools.Benchmark, p::BenchmarkTools.Parameters)
    @ BenchmarkTools ~/.julia/packages/BenchmarkTools/ZtsPk/src/execution.jl:216
  [5] #lineartrial#32
    @ ~/.julia/packages/BenchmarkTools/ZtsPk/src/execution.jl:53 [inlined]
  [6] lineartrial
    @ ~/.julia/packages/BenchmarkTools/ZtsPk/src/execution.jl:52 [inlined]
  [7] tune!(b::BenchmarkTools.Benchmark, p::BenchmarkTools.Parameters; progressid::Nothing, nleaves::Float64, ndone::Float64, verbose::Bool, pad::String, kwargs::@Kwargs{})
    @ BenchmarkTools ~/.julia/packages/BenchmarkTools/ZtsPk/src/execution.jl:341
  [8] tune! (repeats 2 times)
    @ ~/.julia/packages/BenchmarkTools/ZtsPk/src/execution.jl:330 [inlined]
  [9] macro expansion
    @ ~/.julia/packages/BenchmarkTools/ZtsPk/src/execution.jl:503 [inlined]
 [10] test()
    @ ShannonSwitchingGame ~/Documents/computerorientierte_Mathematik_II/Programmierprojekt/ShannonSwitchingGame/src/Wettbewerbsstrategie_Hilfsfunktionen.jl:532
 [11] top-level scope
    @ REPL[7]:1
 [12] eval(m::Module, e::Any)
    @ Core ./boot.jl:489
 [13] eval
    @ ./Base_compiler.jl:146 [inlined]
 [14] repleval(m::Module, code::Expr, ::String)
    @ VSCodeServer ~/.vscode/extensions/julialang.language-julia-1.219.2/scripts/packages/VSCodeServer/src/repl.jl:278
 [15] #evalrepl##2
    @ ~/.vscode/extensions/julialang.language-julia-1.219.2/scripts/packages/VSCodeServer/src/repl.jl:241 [inlined]
 [16] with_logstate(f::VSCodeServer.var"#evalrepl##2#evalrepl##3"{Module, Expr, REPL.LineEditREPL, REPL.LineEdit.Prompt}, logstate::Base.CoreLogging.LogState)
    @ Base.CoreLogging ./logging/logging.jl:542
 [17] with_logger
    @ ./logging/logging.jl:653 [inlined]
 [18] (::VSCodeServer.var"#evalrepl##0#evalrepl##1"{Module, Expr, REPL.LineEditREPL, REPL.LineEdit.Prompt})()
    @ VSCodeServer ~/.vscode/extensions/julialang.language-julia-1.219.2/scripts/packages/VSCodeServer/src/repl.jl:242
 [19] (::VSCodeServer.var"#start_eval_backend##0#start_eval_backend##1")()
    @ VSCodeServer ~/.vscode/extensions/julialang.language-julia-1.219.2/scripts/packages/VSCodeServer/src/eval.jl:34


ERROR in weighted_cut (Spiel 5)
n=14, m=14
UndefVarError: `game` not defined in `ShannonSwitchingGame`
Suggestion: check for spelling errors or missing imports.
Stacktrace:
  [1] var"##core#279"()
    @ ShannonSwitchingGame ~/.julia/packages/BenchmarkTools/ZtsPk/src/execution.jl:647
  [2] var"##sample#280"(::Tuple{}, __params::BenchmarkTools.Parameters, __sample_ref::Base.RefValue{Tuple{Float64, Float64, Int64, Int64}}, __result_ref::Nothing)
    @ ShannonSwitchingGame ~/.julia/packages/BenchmarkTools/ZtsPk/src/execution.jl:659
  [3] _lineartrial(b::BenchmarkTools.Benchmark, p::BenchmarkTools.Parameters; maxevals::Int64, kwargs::@Kwargs{})
    @ BenchmarkTools ~/.julia/packages/BenchmarkTools/ZtsPk/src/execution.jl:222
  [4] _lineartrial(b::BenchmarkTools.Benchmark, p::BenchmarkTools.Parameters)
    @ BenchmarkTools ~/.julia/packages/BenchmarkTools/ZtsPk/src/execution.jl:216
  [5] #lineartrial#32
    @ ~/.julia/packages/BenchmarkTools/ZtsPk/src/execution.jl:53 [inlined]
  [6] lineartrial
    @ ~/.julia/packages/BenchmarkTools/ZtsPk/src/execution.jl:52 [inlined]
  [7] tune!(b::BenchmarkTools.Benchmark, p::BenchmarkTools.Parameters; progressid::Nothing, nleaves::Float64, ndone::Float64, verbose::Bool, pad::String, kwargs::@Kwargs{})
    @ BenchmarkTools ~/.julia/packages/BenchmarkTools/ZtsPk/src/execution.jl:341
  [8] tune! (repeats 2 times)
    @ ~/.julia/packages/BenchmarkTools/ZtsPk/src/execution.jl:330 [inlined]
  [9] macro expansion
    @ ~/.julia/packages/BenchmarkTools/ZtsPk/src/execution.jl:503 [inlined]
 [10] test()
    @ ShannonSwitchingGame ~/Documents/computerorientierte_Mathematik_II/Programmierprojekt/ShannonSwitchingGame/src/Wettbewerbsstrategie_Hilfsfunktionen.jl:532
 [11] top-level scope
    @ REPL[7]:1
 [12] eval(m::Module, e::Any)
    @ Core ./boot.jl:489
 [13] eval
    @ ./Base_compiler.jl:146 [inlined]
 [14] repleval(m::Module, code::Expr, ::String)
    @ VSCodeServer ~/.vscode/extensions/julialang.language-julia-1.219.2/scripts/packages/VSCodeServer/src/repl.jl:278
 [15] #evalrepl##2
    @ ~/.vscode/extensions/julialang.language-julia-1.219.2/scripts/packages/VSCodeServer/src/repl.jl:241 [inlined]
 [16] with_logstate(f::VSCodeServer.var"#evalrepl##2#evalrepl##3"{Module, Expr, REPL.LineEditREPL, REPL.LineEdit.Prompt}, logstate::Base.CoreLogging.LogState)
    @ Base.CoreLogging ./logging/logging.jl:542
 [17] with_logger
    @ ./logging/logging.jl:653 [inlined]
 [18] (::VSCodeServer.var"#evalrepl##0#evalrepl##1"{Module, Expr, REPL.LineEditREPL, REPL.LineEdit.Prompt})()
    @ VSCodeServer ~/.vscode/extensions/julialang.language-julia-1.219.2/scripts/packages/VSCodeServer/src/repl.jl:242
 [19] (::VSCodeServer.var"#start_eval_backend##0#start_eval_backend##1")()
    @ VSCodeServer ~/.vscode/extensions/julialang.language-julia-1.219.2/scripts/packages/VSCodeServer/src/eval.jl:34


ERROR in weighted_short (Spiel 5)
n=14, m=14
UndefVarError: `game` not defined in `ShannonSwitchingGame`
Suggestion: check for spelling errors or missing imports.
Stacktrace:
  [1] var"##core#281"()
    @ ShannonSwitchingGame ~/.julia/packages/BenchmarkTools/ZtsPk/src/execution.jl:647
  [2] var"##sample#282"(::Tuple{}, __params::BenchmarkTools.Parameters, __sample_ref::Base.RefValue{Tuple{Float64, Float64, Int64, Int64}}, __result_ref::Nothing)
    @ ShannonSwitchingGame ~/.julia/packages/BenchmarkTools/ZtsPk/src/execution.jl:659
  [3] _lineartrial(b::BenchmarkTools.Benchmark, p::BenchmarkTools.Parameters; maxevals::Int64, kwargs::@Kwargs{})
    @ BenchmarkTools ~/.julia/packages/BenchmarkTools/ZtsPk/src/execution.jl:222
  [4] _lineartrial(b::BenchmarkTools.Benchmark, p::BenchmarkTools.Parameters)
    @ BenchmarkTools ~/.julia/packages/BenchmarkTools/ZtsPk/src/execution.jl:216
  [5] #lineartrial#32
    @ ~/.julia/packages/BenchmarkTools/ZtsPk/src/execution.jl:53 [inlined]
  [6] lineartrial
    @ ~/.julia/packages/BenchmarkTools/ZtsPk/src/execution.jl:52 [inlined]
  [7] tune!(b::BenchmarkTools.Benchmark, p::BenchmarkTools.Parameters; progressid::Nothing, nleaves::Float64, ndone::Float64, verbose::Bool, pad::String, kwargs::@Kwargs{})
    @ BenchmarkTools ~/.julia/packages/BenchmarkTools/ZtsPk/src/execution.jl:341
  [8] tune! (repeats 2 times)
    @ ~/.julia/packages/BenchmarkTools/ZtsPk/src/execution.jl:330 [inlined]
  [9] macro expansion
    @ ~/.julia/packages/BenchmarkTools/ZtsPk/src/execution.jl:503 [inlined]
 [10] test()
    @ ShannonSwitchingGame ~/Documents/computerorientierte_Mathematik_II/Programmierprojekt/ShannonSwitchingGame/src/Wettbewerbsstrategie_Hilfsfunktionen.jl:581
 [11] top-level scope
    @ REPL[7]:1
 [12] eval(m::Module, e::Any)
    @ Core ./boot.jl:489
 [13] eval
    @ ./Base_compiler.jl:146 [inlined]
 [14] repleval(m::Module, code::Expr, ::String)
    @ VSCodeServer ~/.vscode/extensions/julialang.language-julia-1.219.2/scripts/packages/VSCodeServer/src/repl.jl:278
 [15] #evalrepl##2
    @ ~/.vscode/extensions/julialang.language-julia-1.219.2/scripts/packages/VSCodeServer/src/repl.jl:241 [inlined]
 [16] with_logstate(f::VSCodeServer.var"#evalrepl##2#evalrepl##3"{Module, Expr, REPL.LineEditREPL, REPL.LineEdit.Prompt}, logstate::Base.CoreLogging.LogState)
    @ Base.CoreLogging ./logging/logging.jl:542
 [17] with_logger
    @ ./logging/logging.jl:653 [inlined]
 [18] (::VSCodeServer.var"#evalrepl##0#evalrepl##1"{Module, Expr, REPL.LineEditREPL, REPL.LineEdit.Prompt})()
    @ VSCodeServer ~/.vscode/extensions/julialang.language-julia-1.219.2/scripts/packages/VSCodeServer/src/repl.jl:242
 [19] (::VSCodeServer.var"#start_eval_backend##0#start_eval_backend##1")()
    @ VSCodeServer ~/.vscode/extensions/julialang.language-julia-1.219.2/scripts/packages/VSCodeServer/src/eval.jl:34

ERROR in weighted_short (Spiel 5)
n=14, m=14
UndefVarError: `game` not defined in `ShannonSwitchingGame`
Suggestion: check for spelling errors or missing imports.
Stacktrace:
  [1] var"##core#281"()
    @ ShannonSwitchingGame ~/.julia/packages/BenchmarkTools/ZtsPk/src/execution.jl:647
  [2] var"##sample#282"(::Tuple{}, __params::BenchmarkTools.Parameters, __sample_ref::Base.RefValue{Tuple{Float64, Float64, Int64, Int64}}, __result_ref::Nothing)
    @ ShannonSwitchingGame ~/.julia/packages/BenchmarkTools/ZtsPk/src/execution.jl:659
  [3] _lineartrial(b::BenchmarkTools.Benchmark, p::BenchmarkTools.Parameters; maxevals::Int64, kwargs::@Kwargs{})
    @ BenchmarkTools ~/.julia/packages/BenchmarkTools/ZtsPk/src/execution.jl:222
  [4] _lineartrial(b::BenchmarkTools.Benchmark, p::BenchmarkTools.Parameters)
    @ BenchmarkTools ~/.julia/packages/BenchmarkTools/ZtsPk/src/execution.jl:216
  [5] #lineartrial#32
    @ ~/.julia/packages/BenchmarkTools/ZtsPk/src/execution.jl:53 [inlined]
  [6] lineartrial
    @ ~/.julia/packages/BenchmarkTools/ZtsPk/src/execution.jl:52 [inlined]
  [7] tune!(b::BenchmarkTools.Benchmark, p::BenchmarkTools.Parameters; progressid::Nothing, nleaves::Float64, ndone::Float64, verbose::Bool, pad::String, kwargs::@Kwargs{})
    @ BenchmarkTools ~/.julia/packages/BenchmarkTools/ZtsPk/src/execution.jl:341
  [8] tune! (repeats 2 times)
    @ ~/.julia/packages/BenchmarkTools/ZtsPk/src/execution.jl:330 [inlined]
  [9] macro expansion
    @ ~/.julia/packages/BenchmarkTools/ZtsPk/src/execution.jl:503 [inlined]
 [10] test()
    @ ShannonSwitchingGame ~/Documents/computerorientierte_Mathematik_II/Programmierprojekt/ShannonSwitchingGame/src/Wettbewerbsstrategie_Hilfsfunktionen.jl:581
 [11] top-level scope
    @ REPL[7]:1
 [12] eval(m::Module, e::Any)
    @ Core ./boot.jl:489
 [13] eval
    @ ./Base_compiler.jl:146 [inlined]
 [14] repleval(m::Module, code::Expr, ::String)
    @ VSCodeServer ~/.vscode/extensions/julialang.language-julia-1.219.2/scripts/packages/VSCodeServer/src/repl.jl:278
 [15] #evalrepl##2
    @ ~/.vscode/extensions/julialang.language-julia-1.219.2/scripts/packages/VSCodeServer/src/repl.jl:241 [inlined]
 [16] with_logstate(f::VSCodeServer.var"#evalrepl##2#evalrepl##3"{Module, Expr, REPL.LineEditREPL, REPL.LineEdit.Prompt}, logstate::Base.CoreLogging.LogState)
    @ Base.CoreLogging ./logging/logging.jl:542
 [17] with_logger
    @ ./logging/logging.jl:653 [inlined]
 [18] (::VSCodeServer.var"#evalrepl##0#evalrepl##1"{Module, Expr, REPL.LineEditREPL, REPL.LineEdit.Prompt})()
    @ VSCodeServer ~/.vscode/extensions/julialang.language-julia-1.219.2/scripts/packages/VSCodeServer/src/repl.jl:242
 [19] (::VSCodeServer.var"#start_eval_backend##0#start_eval_backend##1")()
    @ VSCodeServer ~/.vscode/extensions/julialang.language-julia-1.219.2/scripts/packages/VSCodeServer/src/eval.jl:34

ERROR in weighted_short (Spiel 5)
n=14, m=14
UndefVarError: `game` not defined in `ShannonSwitchingGame`
Suggestion: check for spelling errors or missing imports.
Stacktrace:
  [1] var"##core#281"()
    @ ShannonSwitchingGame ~/.julia/packages/BenchmarkTools/ZtsPk/src/execution.jl:647
  [2] var"##sample#282"(::Tuple{}, __params::BenchmarkTools.Parameters, __sample_ref::Base.RefValue{Tuple{Float64, Float64, Int64, Int64}}, __result_ref::Nothing)
    @ ShannonSwitchingGame ~/.julia/packages/BenchmarkTools/ZtsPk/src/execution.jl:659
  [3] _lineartrial(b::BenchmarkTools.Benchmark, p::BenchmarkTools.Parameters; maxevals::Int64, kwargs::@Kwargs{})
    @ BenchmarkTools ~/.julia/packages/BenchmarkTools/ZtsPk/src/execution.jl:222
  [4] _lineartrial(b::BenchmarkTools.Benchmark, p::BenchmarkTools.Parameters)
    @ BenchmarkTools ~/.julia/packages/BenchmarkTools/ZtsPk/src/execution.jl:216
  [5] #lineartrial#32
    @ ~/.julia/packages/BenchmarkTools/ZtsPk/src/execution.jl:53 [inlined]
  [6] lineartrial
    @ ~/.julia/packages/BenchmarkTools/ZtsPk/src/execution.jl:52 [inlined]
  [7] tune!(b::BenchmarkTools.Benchmark, p::BenchmarkTools.Parameters; progressid::Nothing, nleaves::Float64, ndone::Float64, verbose::Bool, pad::String, kwargs::@Kwargs{})
    @ BenchmarkTools ~/.julia/packages/BenchmarkTools/ZtsPk/src/execution.jl:341
  [8] tune! (repeats 2 times)
    @ ~/.julia/packages/BenchmarkTools/ZtsPk/src/execution.jl:330 [inlined]
  [9] macro expansion
    @ ~/.julia/packages/BenchmarkTools/ZtsPk/src/execution.jl:503 [inlined]
 [10] test()
    @ ShannonSwitchingGame ~/Documents/computerorientierte_Mathematik_II/Programmierprojekt/ShannonSwitchingGame/src/Wettbewerbsstrategie_Hilfsfunktionen.jl:581
 [11] top-level scope
    @ REPL[7]:1
 [12] eval(m::Module, e::Any)
    @ Core ./boot.jl:489
 [13] eval
    @ ./Base_compiler.jl:146 [inlined]
 [14] repleval(m::Module, code::Expr, ::String)
    @ VSCodeServer ~/.vscode/extensions/julialang.language-julia-1.219.2/scripts/packages/VSCodeServer/src/repl.jl:278
 [15] #evalrepl##2
    @ ~/.vscode/extensions/julialang.language-julia-1.219.2/scripts/packages/VSCodeServer/src/repl.jl:241 [inlined]
 [16] with_logstate(f::VSCodeServer.var"#evalrepl##2#evalrepl##3"{Module, Expr, REPL.LineEditREPL, REPL.LineEdit.Prompt}, logstate::Base.CoreLogging.LogState)
    @ Base.CoreLogging ./logging/logging.jl:542
 [17] with_logger
    @ ./logging/logging.jl:653 [inlined]
 [18] (::VSCodeServer.var"#evalrepl##0#evalrepl##1"{Module, Expr, REPL.LineEditREPL, REPL.LineEdit.Prompt})()
    @ VSCodeServer ~/.vscode/extensions/julialang.language-julia-1.219.2/scripts/packages/VSCodeServer/src/repl.jl:242
 [19] (::VSCodeServer.var"#start_eval_backend##0#start_eval_backend##1")()
    @ VSCodeServer ~/.vscode/extensions/julialang.language-julia-1.219.2/scripts/packages/VSCodeServer/src/eval.jl:34

ERROR in weighted_short (Spiel 5)
n=14, m=14
UndefVarError: `game` not defined in `ShannonSwitchingGame`
Suggestion: check for spelling errors or missing imports.
Stacktrace:
  [1] var"##core#281"()
    @ ShannonSwitchingGame ~/.julia/packages/BenchmarkTools/ZtsPk/src/execution.jl:647
  [2] var"##sample#282"(::Tuple{}, __params::BenchmarkTools.Parameters, __sample_ref::Base.RefValue{Tuple{Float64, Float64, Int64, Int64}}, __result_ref::Nothing)
    @ ShannonSwitchingGame ~/.julia/packages/BenchmarkTools/ZtsPk/src/execution.jl:659
  [3] _lineartrial(b::BenchmarkTools.Benchmark, p::BenchmarkTools.Parameters; maxevals::Int64, kwargs::@Kwargs{})
    @ BenchmarkTools ~/.julia/packages/BenchmarkTools/ZtsPk/src/execution.jl:222
  [4] _lineartrial(b::BenchmarkTools.Benchmark, p::BenchmarkTools.Parameters)
    @ BenchmarkTools ~/.julia/packages/BenchmarkTools/ZtsPk/src/execution.jl:216
  [5] #lineartrial#32
    @ ~/.julia/packages/BenchmarkTools/ZtsPk/src/execution.jl:53 [inlined]
  [6] lineartrial
    @ ~/.julia/packages/BenchmarkTools/ZtsPk/src/execution.jl:52 [inlined]
  [7] tune!(b::BenchmarkTools.Benchmark, p::BenchmarkTools.Parameters; progressid::Nothing, nleaves::Float64, ndone::Float64, verbose::Bool, pad::String, kwargs::@Kwargs{})
    @ BenchmarkTools ~/.julia/packages/BenchmarkTools/ZtsPk/src/execution.jl:341
  [8] tune! (repeats 2 times)
    @ ~/.julia/packages/BenchmarkTools/ZtsPk/src/execution.jl:330 [inlined]
  [9] macro expansion
    @ ~/.julia/packages/BenchmarkTools/ZtsPk/src/execution.jl:503 [inlined]
 [10] test()
    @ ShannonSwitchingGame ~/Documents/computerorientierte_Mathematik_II/Programmierprojekt/ShannonSwitchingGame/src/Wettbewerbsstrategie_Hilfsfunktionen.jl:581
 [11] top-level scope
    @ REPL[7]:1
 [12] eval(m::Module, e::Any)
    @ Core ./boot.jl:489
 [13] eval
    @ ./Base_compiler.jl:146 [inlined]
 [14] repleval(m::Module, code::Expr, ::String)
    @ VSCodeServer ~/.vscode/extensions/julialang.language-julia-1.219.2/scripts/packages/VSCodeServer/src/repl.jl:278
 [15] #evalrepl##2
    @ ~/.vscode/extensions/julialang.language-julia-1.219.2/scripts/packages/VSCodeServer/src/repl.jl:241 [inlined]
 [16] with_logstate(f::VSCodeServer.var"#evalrepl##2#evalrepl##3"{Module, Expr, REPL.LineEditREPL, REPL.LineEdit.Prompt}, logstate::Base.CoreLogging.LogState)
    @ Base.CoreLogging ./logging/logging.jl:542
 [17] with_logger
    @ ./logging/logging.jl:653 [inlined]
 [18] (::VSCodeServer.var"#evalrepl##0#evalrepl##1"{Module, Expr, REPL.LineEditREPL, REPL.LineEdit.Prompt})()
    @ VSCodeServer ~/.vscode/extensions/julialang.language-julia-1.219.2/scripts/packages/VSCodeServer/src/repl.jl:242
 [19] (::VSCodeServer.var"#start_eval_backend##0#start_eval_backend##1")()
    @ VSCodeServer ~/.vscode/extensions/julialang.language-julia-1.219.2/scripts/packages/VSCodeServer/src/eval.jl:34

ERROR in weighted_short (Spiel 5)
n=14, m=14
UndefVarError: `game` not defined in `ShannonSwitchingGame`
Suggestion: check for spelling errors or missing imports.
Stacktrace:
  [1] var"##core#281"()
    @ ShannonSwitchingGame ~/.julia/packages/BenchmarkTools/ZtsPk/src/execution.jl:647
  [2] var"##sample#282"(::Tuple{}, __params::BenchmarkTools.Parameters, __sample_ref::Base.RefValue{Tuple{Float64, Float64, Int64, Int64}}, __result_ref::Nothing)
    @ ShannonSwitchingGame ~/.julia/packages/BenchmarkTools/ZtsPk/src/execution.jl:659
  [3] _lineartrial(b::BenchmarkTools.Benchmark, p::BenchmarkTools.Parameters; maxevals::Int64, kwargs::@Kwargs{})
    @ BenchmarkTools ~/.julia/packages/BenchmarkTools/ZtsPk/src/execution.jl:222
  [4] _lineartrial(b::BenchmarkTools.Benchmark, p::BenchmarkTools.Parameters)
    @ BenchmarkTools ~/.julia/packages/BenchmarkTools/ZtsPk/src/execution.jl:216
  [5] #lineartrial#32
    @ ~/.julia/packages/BenchmarkTools/ZtsPk/src/execution.jl:53 [inlined]
  [6] lineartrial
    @ ~/.julia/packages/BenchmarkTools/ZtsPk/src/execution.jl:52 [inlined]
  [7] tune!(b::BenchmarkTools.Benchmark, p::BenchmarkTools.Parameters; progressid::Nothing, nleaves::Float64, ndone::Float64, verbose::Bool, pad::String, kwargs::@Kwargs{})
    @ BenchmarkTools ~/.julia/packages/BenchmarkTools/ZtsPk/src/execution.jl:341
  [8] tune! (repeats 2 times)
    @ ~/.julia/packages/BenchmarkTools/ZtsPk/src/execution.jl:330 [inlined]
  [9] macro expansion
    @ ~/.julia/packages/BenchmarkTools/ZtsPk/src/execution.jl:503 [inlined]
 [10] test()
    @ ShannonSwitchingGame ~/Documents/computerorientierte_Mathematik_II/Programmierprojekt/ShannonSwitchingGame/src/Wettbewerbsstrategie_Hilfsfunktionen.jl:581
 [11] top-level scope
    @ REPL[7]:1
 [12] eval(m::Module, e::Any)
    @ Core ./boot.jl:489
 [13] eval
    @ ./Base_compiler.jl:146 [inlined]
 [14] repleval(m::Module, code::Expr, ::String)
    @ VSCodeServer ~/.vscode/extensions/julialang.language-julia-1.219.2/scripts/packages/VSCodeServer/src/repl.jl:278
 [15] #evalrepl##2
    @ ~/.vscode/extensions/julialang.language-julia-1.219.2/scripts/packages/VSCodeServer/src/repl.jl:241 [inlined]
 [16] with_logstate(f::VSCodeServer.var"#evalrepl##2#evalrepl##3"{Module, Expr, REPL.LineEditREPL, REPL.LineEdit.Prompt}, logstate::Base.CoreLogging.LogState)
    @ Base.CoreLogging ./logging/logging.jl:542
 [17] with_logger
    @ ./logging/logging.jl:653 [inlined]
 [18] (::VSCodeServer.var"#evalrepl##0#evalrepl##1"{Module, Expr, REPL.LineEditREPL, REPL.LineEdit.Prompt})()
    @ VSCodeServer ~/.vscode/extensions/julialang.language-julia-1.219.2/scripts/packages/VSCodeServer/src/repl.jl:242
 [19] (::VSCodeServer.var"#start_eval_backend##0#start_eval_backend##1")()
    @ VSCodeServer ~/.vscode/extensions/julialang.language-julia-1.219.2/scripts/packages/VSCodeServer/src/eval.jl:34

ERROR in weighted_short (Spiel 5)
n=14, m=14
UndefVarError: `game` not defined in `ShannonSwitchingGame`
Suggestion: check for spelling errors or missing imports.
Stacktrace:
  [1] var"##core#281"()
    @ ShannonSwitchingGame ~/.julia/packages/BenchmarkTools/ZtsPk/src/execution.jl:647
  [2] var"##sample#282"(::Tuple{}, __params::BenchmarkTools.Parameters, __sample_ref::Base.RefValue{Tuple{Float64, Float64, Int64, Int64}}, __result_ref::Nothing)
    @ ShannonSwitchingGame ~/.julia/packages/BenchmarkTools/ZtsPk/src/execution.jl:659
  [3] _lineartrial(b::BenchmarkTools.Benchmark, p::BenchmarkTools.Parameters; maxevals::Int64, kwargs::@Kwargs{})
    @ BenchmarkTools ~/.julia/packages/BenchmarkTools/ZtsPk/src/execution.jl:222
  [4] _lineartrial(b::BenchmarkTools.Benchmark, p::BenchmarkTools.Parameters)
    @ BenchmarkTools ~/.julia/packages/BenchmarkTools/ZtsPk/src/execution.jl:216
  [5] #lineartrial#32
    @ ~/.julia/packages/BenchmarkTools/ZtsPk/src/execution.jl:53 [inlined]
  [6] lineartrial
    @ ~/.julia/packages/BenchmarkTools/ZtsPk/src/execution.jl:52 [inlined]
  [7] tune!(b::BenchmarkTools.Benchmark, p::BenchmarkTools.Parameters; progressid::Nothing, nleaves::Float64, ndone::Float64, verbose::Bool, pad::String, kwargs::@Kwargs{})
    @ BenchmarkTools ~/.julia/packages/BenchmarkTools/ZtsPk/src/execution.jl:341
  [8] tune! (repeats 2 times)
    @ ~/.julia/packages/BenchmarkTools/ZtsPk/src/execution.jl:330 [inlined]
  [9] macro expansion
    @ ~/.julia/packages/BenchmarkTools/ZtsPk/src/execution.jl:503 [inlined]
 [10] test()
    @ ShannonSwitchingGame ~/Documents/computerorientierte_Mathematik_II/Programmierprojekt/ShannonSwitchingGame/src/Wettbewerbsstrategie_Hilfsfunktionen.jl:581
 [11] top-level scope
    @ REPL[7]:1
 [12] eval(m::Module, e::Any)
    @ Core ./boot.jl:489
 [13] eval
    @ ./Base_compiler.jl:146 [inlined]
 [14] repleval(m::Module, code::Expr, ::String)
    @ VSCodeServer ~/.vscode/extensions/julialang.language-julia-1.219.2/scripts/packages/VSCodeServer/src/repl.jl:278
 [15] #evalrepl##2
    @ ~/.vscode/extensions/julialang.language-julia-1.219.2/scripts/packages/VSCodeServer/src/repl.jl:241 [inlined]
 [16] with_logstate(f::VSCodeServer.var"#evalrepl##2#evalrepl##3"{Module, Expr, REPL.LineEditREPL, REPL.LineEdit.Prompt}, logstate::Base.CoreLogging.LogState)
    @ Base.CoreLogging ./logging/logging.jl:542
 [17] with_logger
    @ ./logging/logging.jl:653 [inlined]
 [18] (::VSCodeServer.var"#evalrepl##0#evalrepl##1"{Module, Expr, REPL.LineEditREPL, REPL.LineEdit.Prompt})()
    @ VSCodeServer ~/.vscode/extensions/julialang.language-julia-1.219.2/scripts/packages/VSCodeServer/src/repl.jl:242
 [19] (::VSCodeServer.var"#start_eval_backend##0#start_eval_backend##1")()
    @ VSCodeServer ~/.vscode/extensions/julialang.language-julia-1.219.2/scripts/packages/VSCodeServer/src/eval.jl:34

ERROR in weighted_short (Spiel 5)
n=14, m=14
UndefVarError: `game` not defined in `ShannonSwitchingGame`
Suggestion: check for spelling errors or missing imports.
Stacktrace:
  [1] var"##core#281"()
    @ ShannonSwitchingGame ~/.julia/packages/BenchmarkTools/ZtsPk/src/execution.jl:647
  [2] var"##sample#282"(::Tuple{}, __params::BenchmarkTools.Parameters, __sample_ref::Base.RefValue{Tuple{Float64, Float64, Int64, Int64}}, __result_ref::Nothing)
    @ ShannonSwitchingGame ~/.julia/packages/BenchmarkTools/ZtsPk/src/execution.jl:659
  [3] _lineartrial(b::BenchmarkTools.Benchmark, p::BenchmarkTools.Parameters; maxevals::Int64, kwargs::@Kwargs{})
    @ BenchmarkTools ~/.julia/packages/BenchmarkTools/ZtsPk/src/execution.jl:222
  [4] _lineartrial(b::BenchmarkTools.Benchmark, p::BenchmarkTools.Parameters)
    @ BenchmarkTools ~/.julia/packages/BenchmarkTools/ZtsPk/src/execution.jl:216
  [5] #lineartrial#32
    @ ~/.julia/packages/BenchmarkTools/ZtsPk/src/execution.jl:53 [inlined]
  [6] lineartrial
    @ ~/.julia/packages/BenchmarkTools/ZtsPk/src/execution.jl:52 [inlined]
  [7] tune!(b::BenchmarkTools.Benchmark, p::BenchmarkTools.Parameters; progressid::Nothing, nleaves::Float64, ndone::Float64, verbose::Bool, pad::String, kwargs::@Kwargs{})
    @ BenchmarkTools ~/.julia/packages/BenchmarkTools/ZtsPk/src/execution.jl:341
  [8] tune! (repeats 2 times)
    @ ~/.julia/packages/BenchmarkTools/ZtsPk/src/execution.jl:330 [inlined]
  [9] macro expansion
    @ ~/.julia/packages/BenchmarkTools/ZtsPk/src/execution.jl:503 [inlined]
 [10] test()
    @ ShannonSwitchingGame ~/Documents/computerorientierte_Mathematik_II/Programmierprojekt/ShannonSwitchingGame/src/Wettbewerbsstrategie_Hilfsfunktionen.jl:581
 [11] top-level scope
    @ REPL[7]:1
 [12] eval(m::Module, e::Any)
    @ Core ./boot.jl:489
 [13] eval
    @ ./Base_compiler.jl:146 [inlined]
 [14] repleval(m::Module, code::Expr, ::String)
    @ VSCodeServer ~/.vscode/extensions/julialang.language-julia-1.219.2/scripts/packages/VSCodeServer/src/repl.jl:278
 [15] #evalrepl##2
    @ ~/.vscode/extensions/julialang.language-julia-1.219.2/scripts/packages/VSCodeServer/src/repl.jl:241 [inlined]
 [16] with_logstate(f::VSCodeServer.var"#evalrepl##2#evalrepl##3"{Module, Expr, REPL.LineEditREPL, REPL.LineEdit.Prompt}, logstate::Base.CoreLogging.LogState)
    @ Base.CoreLogging ./logging/logging.jl:542
 [17] with_logger
    @ ./logging/logging.jl:653 [inlined]
 [18] (::VSCodeServer.var"#evalrepl##0#evalrepl##1"{Module, Expr, REPL.LineEditREPL, REPL.LineEdit.Prompt})()
    @ VSCodeServer ~/.vscode/extensions/julialang.language-julia-1.219.2/scripts/packages/VSCodeServer/src/repl.jl:242
 [19] (::VSCodeServer.var"#start_eval_backend##0#start_eval_backend##1")()
    @ VSCodeServer ~/.vscode/extensions/julialang.language-julia-1.219.2/scripts/packages/VSCodeServer/src/eval.jl:34

ERROR in weighted_cut (Spiel 6)
n=13, m=24
UndefVarError: `game` not defined in `ShannonSwitchingGame`
Suggestion: check for spelling errors or missing imports.
Stacktrace:
  [1] var"##core#279"()
    @ ShannonSwitchingGame ~/.julia/packages/BenchmarkTools/ZtsPk/src/execution.jl:647
  [2] var"##sample#280"(::Tuple{}, __params::BenchmarkTools.Parameters, __sample_ref::Base.RefValue{Tuple{Float64, Float64, Int64, Int64}}, __result_ref::Nothing)
    @ ShannonSwitchingGame ~/.julia/packages/BenchmarkTools/ZtsPk/src/execution.jl:659
  [3] _lineartrial(b::BenchmarkTools.Benchmark, p::BenchmarkTools.Parameters; maxevals::Int64, kwargs::@Kwargs{})
    @ BenchmarkTools ~/.julia/packages/BenchmarkTools/ZtsPk/src/execution.jl:222
  [4] _lineartrial(b::BenchmarkTools.Benchmark, p::BenchmarkTools.Parameters)
    @ BenchmarkTools ~/.julia/packages/BenchmarkTools/ZtsPk/src/execution.jl:216
  [5] #lineartrial#32
    @ ~/.julia/packages/BenchmarkTools/ZtsPk/src/execution.jl:53 [inlined]
  [6] lineartrial
    @ ~/.julia/packages/BenchmarkTools/ZtsPk/src/execution.jl:52 [inlined]
  [7] tune!(b::BenchmarkTools.Benchmark, p::BenchmarkTools.Parameters; progressid::Nothing, nleaves::Float64, ndone::Float64, verbose::Bool, pad::String, kwargs::@Kwargs{})
    @ BenchmarkTools ~/.julia/packages/BenchmarkTools/ZtsPk/src/execution.jl:341
  [8] tune! (repeats 2 times)
    @ ~/.julia/packages/BenchmarkTools/ZtsPk/src/execution.jl:330 [inlined]
  [9] macro expansion
    @ ~/.julia/packages/BenchmarkTools/ZtsPk/src/execution.jl:503 [inlined]
 [10] test()
    @ ShannonSwitchingGame ~/Documents/computerorientierte_Mathematik_II/Programmierprojekt/ShannonSwitchingGame/src/Wettbewerbsstrategie_Hilfsfunktionen.jl:532
 [11] top-level scope
    @ REPL[7]:1
 [12] eval(m::Module, e::Any)
    @ Core ./boot.jl:489
 [13] eval
    @ ./Base_compiler.jl:146 [inlined]
 [14] repleval(m::Module, code::Expr, ::String)
    @ VSCodeServer ~/.vscode/extensions/julialang.language-julia-1.219.2/scripts/packages/VSCodeServer/src/repl.jl:278
 [15] #evalrepl##2
    @ ~/.vscode/extensions/julialang.language-julia-1.219.2/scripts/packages/VSCodeServer/src/repl.jl:241 [inlined]
 [16] with_logstate(f::VSCodeServer.var"#evalrepl##2#evalrepl##3"{Module, Expr, REPL.LineEditREPL, REPL.LineEdit.Prompt}, logstate::Base.CoreLogging.LogState)
    @ Base.CoreLogging ./logging/logging.jl:542
 [17] with_logger
    @ ./logging/logging.jl:653 [inlined]
 [18] (::VSCodeServer.var"#evalrepl##0#evalrepl##1"{Module, Expr, REPL.LineEditREPL, REPL.LineEdit.Prompt})()
    @ VSCodeServer ~/.vscode/extensions/julialang.language-julia-1.219.2/scripts/packages/VSCodeServer/src/repl.jl:242
 [19] (::VSCodeServer.var"#start_eval_backend##0#start_eval_backend##1")()
    @ VSCodeServer ~/.vscode/extensions/julialang.language-julia-1.219.2/scripts/packages/VSCodeServer/src/eval.jl:34


ERROR in weighted_cut (Spiel 6)
n=13, m=24
UndefVarError: `game` not defined in `ShannonSwitchingGame`
Suggestion: check for spelling errors or missing imports.
Stacktrace:
  [1] var"##core#279"()
    @ ShannonSwitchingGame ~/.julia/packages/BenchmarkTools/ZtsPk/src/execution.jl:647
  [2] var"##sample#280"(::Tuple{}, __params::BenchmarkTools.Parameters, __sample_ref::Base.RefValue{Tuple{Float64, Float64, Int64, Int64}}, __result_ref::Nothing)
    @ ShannonSwitchingGame ~/.julia/packages/BenchmarkTools/ZtsPk/src/execution.jl:659
  [3] _lineartrial(b::BenchmarkTools.Benchmark, p::BenchmarkTools.Parameters; maxevals::Int64, kwargs::@Kwargs{})
    @ BenchmarkTools ~/.julia/packages/BenchmarkTools/ZtsPk/src/execution.jl:222
  [4] _lineartrial(b::BenchmarkTools.Benchmark, p::BenchmarkTools.Parameters)
    @ BenchmarkTools ~/.julia/packages/BenchmarkTools/ZtsPk/src/execution.jl:216
  [5] #lineartrial#32
    @ ~/.julia/packages/BenchmarkTools/ZtsPk/src/execution.jl:53 [inlined]
  [6] lineartrial
    @ ~/.julia/packages/BenchmarkTools/ZtsPk/src/execution.jl:52 [inlined]
  [7] tune!(b::BenchmarkTools.Benchmark, p::BenchmarkTools.Parameters; progressid::Nothing, nleaves::Float64, ndone::Float64, verbose::Bool, pad::String, kwargs::@Kwargs{})
    @ BenchmarkTools ~/.julia/packages/BenchmarkTools/ZtsPk/src/execution.jl:341
  [8] tune! (repeats 2 times)
    @ ~/.julia/packages/BenchmarkTools/ZtsPk/src/execution.jl:330 [inlined]
  [9] macro expansion
    @ ~/.julia/packages/BenchmarkTools/ZtsPk/src/execution.jl:503 [inlined]
 [10] test()
    @ ShannonSwitchingGame ~/Documents/computerorientierte_Mathematik_II/Programmierprojekt/ShannonSwitchingGame/src/Wettbewerbsstrategie_Hilfsfunktionen.jl:532
 [11] top-level scope
    @ REPL[7]:1
 [12] eval(m::Module, e::Any)
    @ Core ./boot.jl:489
 [13] eval
    @ ./Base_compiler.jl:146 [inlined]
 [14] repleval(m::Module, code::Expr, ::String)
    @ VSCodeServer ~/.vscode/extensions/julialang.language-julia-1.219.2/scripts/packages/VSCodeServer/src/repl.jl:278
 [15] #evalrepl##2
    @ ~/.vscode/extensions/julialang.language-julia-1.219.2/scripts/packages/VSCodeServer/src/repl.jl:241 [inlined]
 [16] with_logstate(f::VSCodeServer.var"#evalrepl##2#evalrepl##3"{Module, Expr, REPL.LineEditREPL, REPL.LineEdit.Prompt}, logstate::Base.CoreLogging.LogState)
    @ Base.CoreLogging ./logging/logging.jl:542
 [17] with_logger
    @ ./logging/logging.jl:653 [inlined]
 [18] (::VSCodeServer.var"#evalrepl##0#evalrepl##1"{Module, Expr, REPL.LineEditREPL, REPL.LineEdit.Prompt})()
    @ VSCodeServer ~/.vscode/extensions/julialang.language-julia-1.219.2/scripts/packages/VSCodeServer/src/repl.jl:242
 [19] (::VSCodeServer.var"#start_eval_backend##0#start_eval_backend##1")()
    @ VSCodeServer ~/.vscode/extensions/julialang.language-julia-1.219.2/scripts/packages/VSCodeServer/src/eval.jl:34


ERROR in weighted_cut (Spiel 6)
n=13, m=24
UndefVarError: `game` not defined in `ShannonSwitchingGame`
Suggestion: check for spelling errors or missing imports.
Stacktrace:
  [1] var"##core#279"()
    @ ShannonSwitchingGame ~/.julia/packages/BenchmarkTools/ZtsPk/src/execution.jl:647
  [2] var"##sample#280"(::Tuple{}, __params::BenchmarkTools.Parameters, __sample_ref::Base.RefValue{Tuple{Float64, Float64, Int64, Int64}}, __result_ref::Nothing)
    @ ShannonSwitchingGame ~/.julia/packages/BenchmarkTools/ZtsPk/src/execution.jl:659
  [3] _lineartrial(b::BenchmarkTools.Benchmark, p::BenchmarkTools.Parameters; maxevals::Int64, kwargs::@Kwargs{})
    @ BenchmarkTools ~/.julia/packages/BenchmarkTools/ZtsPk/src/execution.jl:222
  [4] _lineartrial(b::BenchmarkTools.Benchmark, p::BenchmarkTools.Parameters)
    @ BenchmarkTools ~/.julia/packages/BenchmarkTools/ZtsPk/src/execution.jl:216
  [5] #lineartrial#32
    @ ~/.julia/packages/BenchmarkTools/ZtsPk/src/execution.jl:53 [inlined]
  [6] lineartrial
    @ ~/.julia/packages/BenchmarkTools/ZtsPk/src/execution.jl:52 [inlined]
  [7] tune!(b::BenchmarkTools.Benchmark, p::BenchmarkTools.Parameters; progressid::Nothing, nleaves::Float64, ndone::Float64, verbose::Bool, pad::String, kwargs::@Kwargs{})
    @ BenchmarkTools ~/.julia/packages/BenchmarkTools/ZtsPk/src/execution.jl:341
  [8] tune! (repeats 2 times)
    @ ~/.julia/packages/BenchmarkTools/ZtsPk/src/execution.jl:330 [inlined]
  [9] macro expansion
    @ ~/.julia/packages/BenchmarkTools/ZtsPk/src/execution.jl:503 [inlined]
 [10] test()
    @ ShannonSwitchingGame ~/Documents/computerorientierte_Mathematik_II/Programmierprojekt/ShannonSwitchingGame/src/Wettbewerbsstrategie_Hilfsfunktionen.jl:532
 [11] top-level scope
    @ REPL[7]:1
 [12] eval(m::Module, e::Any)
    @ Core ./boot.jl:489
 [13] eval
    @ ./Base_compiler.jl:146 [inlined]
 [14] repleval(m::Module, code::Expr, ::String)
    @ VSCodeServer ~/.vscode/extensions/julialang.language-julia-1.219.2/scripts/packages/VSCodeServer/src/repl.jl:278
 [15] #evalrepl##2
    @ ~/.vscode/extensions/julialang.language-julia-1.219.2/scripts/packages/VSCodeServer/src/repl.jl:241 [inlined]
 [16] with_logstate(f::VSCodeServer.var"#evalrepl##2#evalrepl##3"{Module, Expr, REPL.LineEditREPL, REPL.LineEdit.Prompt}, logstate::Base.CoreLogging.LogState)
    @ Base.CoreLogging ./logging/logging.jl:542
 [17] with_logger
    @ ./logging/logging.jl:653 [inlined]
 [18] (::VSCodeServer.var"#evalrepl##0#evalrepl##1"{Module, Expr, REPL.LineEditREPL, REPL.LineEdit.Prompt})()
    @ VSCodeServer ~/.vscode/extensions/julialang.language-julia-1.219.2/scripts/packages/VSCodeServer/src/repl.jl:242
 [19] (::VSCodeServer.var"#start_eval_backend##0#start_eval_backend##1")()
    @ VSCodeServer ~/.vscode/extensions/julialang.language-julia-1.219.2/scripts/packages/VSCodeServer/src/eval.jl:34


ERROR in weighted_cut (Spiel 6)
n=13, m=24
UndefVarError: `game` not defined in `ShannonSwitchingGame`
Suggestion: check for spelling errors or missing imports.
Stacktrace:
  [1] var"##core#279"()
    @ ShannonSwitchingGame ~/.julia/packages/BenchmarkTools/ZtsPk/src/execution.jl:647
  [2] var"##sample#280"(::Tuple{}, __params::BenchmarkTools.Parameters, __sample_ref::Base.RefValue{Tuple{Float64, Float64, Int64, Int64}}, __result_ref::Nothing)
    @ ShannonSwitchingGame ~/.julia/packages/BenchmarkTools/ZtsPk/src/execution.jl:659
  [3] _lineartrial(b::BenchmarkTools.Benchmark, p::BenchmarkTools.Parameters; maxevals::Int64, kwargs::@Kwargs{})
    @ BenchmarkTools ~/.julia/packages/BenchmarkTools/ZtsPk/src/execution.jl:222
  [4] _lineartrial(b::BenchmarkTools.Benchmark, p::BenchmarkTools.Parameters)
    @ BenchmarkTools ~/.julia/packages/BenchmarkTools/ZtsPk/src/execution.jl:216
  [5] #lineartrial#32
    @ ~/.julia/packages/BenchmarkTools/ZtsPk/src/execution.jl:53 [inlined]
  [6] lineartrial
    @ ~/.julia/packages/BenchmarkTools/ZtsPk/src/execution.jl:52 [inlined]
  [7] tune!(b::BenchmarkTools.Benchmark, p::BenchmarkTools.Parameters; progressid::Nothing, nleaves::Float64, ndone::Float64, verbose::Bool, pad::String, kwargs::@Kwargs{})
    @ BenchmarkTools ~/.julia/packages/BenchmarkTools/ZtsPk/src/execution.jl:341
  [8] tune! (repeats 2 times)
    @ ~/.julia/packages/BenchmarkTools/ZtsPk/src/execution.jl:330 [inlined]
  [9] macro expansion
    @ ~/.julia/packages/BenchmarkTools/ZtsPk/src/execution.jl:503 [inlined]
 [10] test()
    @ ShannonSwitchingGame ~/Documents/computerorientierte_Mathematik_II/Programmierprojekt/ShannonSwitchingGame/src/Wettbewerbsstrategie_Hilfsfunktionen.jl:532
 [11] top-level scope
    @ REPL[7]:1
 [12] eval(m::Module, e::Any)
    @ Core ./boot.jl:489
 [13] eval
    @ ./Base_compiler.jl:146 [inlined]
 [14] repleval(m::Module, code::Expr, ::String)
    @ VSCodeServer ~/.vscode/extensions/julialang.language-julia-1.219.2/scripts/packages/VSCodeServer/src/repl.jl:278
 [15] #evalrepl##2
    @ ~/.vscode/extensions/julialang.language-julia-1.219.2/scripts/packages/VSCodeServer/src/repl.jl:241 [inlined]
 [16] with_logstate(f::VSCodeServer.var"#evalrepl##2#evalrepl##3"{Module, Expr, REPL.LineEditREPL, REPL.LineEdit.Prompt}, logstate::Base.CoreLogging.LogState)
    @ Base.CoreLogging ./logging/logging.jl:542
 [17] with_logger
    @ ./logging/logging.jl:653 [inlined]
 [18] (::VSCodeServer.var"#evalrepl##0#evalrepl##1"{Module, Expr, REPL.LineEditREPL, REPL.LineEdit.Prompt})()
    @ VSCodeServer ~/.vscode/extensions/julialang.language-julia-1.219.2/scripts/packages/VSCodeServer/src/repl.jl:242
 [19] (::VSCodeServer.var"#start_eval_backend##0#start_eval_backend##1")()
    @ VSCodeServer ~/.vscode/extensions/julialang.language-julia-1.219.2/scripts/packages/VSCodeServer/src/eval.jl:34


ERROR in weighted_cut (Spiel 6)
n=13, m=24
UndefVarError: `game` not defined in `ShannonSwitchingGame`
Suggestion: check for spelling errors or missing imports.
Stacktrace:
  [1] var"##core#279"()
    @ ShannonSwitchingGame ~/.julia/packages/BenchmarkTools/ZtsPk/src/execution.jl:647
  [2] var"##sample#280"(::Tuple{}, __params::BenchmarkTools.Parameters, __sample_ref::Base.RefValue{Tuple{Float64, Float64, Int64, Int64}}, __result_ref::Nothing)
    @ ShannonSwitchingGame ~/.julia/packages/BenchmarkTools/ZtsPk/src/execution.jl:659
  [3] _lineartrial(b::BenchmarkTools.Benchmark, p::BenchmarkTools.Parameters; maxevals::Int64, kwargs::@Kwargs{})
    @ BenchmarkTools ~/.julia/packages/BenchmarkTools/ZtsPk/src/execution.jl:222
  [4] _lineartrial(b::BenchmarkTools.Benchmark, p::BenchmarkTools.Parameters)
    @ BenchmarkTools ~/.julia/packages/BenchmarkTools/ZtsPk/src/execution.jl:216
  [5] #lineartrial#32
    @ ~/.julia/packages/BenchmarkTools/ZtsPk/src/execution.jl:53 [inlined]
  [6] lineartrial
    @ ~/.julia/packages/BenchmarkTools/ZtsPk/src/execution.jl:52 [inlined]
  [7] tune!(b::BenchmarkTools.Benchmark, p::BenchmarkTools.Parameters; progressid::Nothing, nleaves::Float64, ndone::Float64, verbose::Bool, pad::String, kwargs::@Kwargs{})
    @ BenchmarkTools ~/.julia/packages/BenchmarkTools/ZtsPk/src/execution.jl:341
  [8] tune! (repeats 2 times)
    @ ~/.julia/packages/BenchmarkTools/ZtsPk/src/execution.jl:330 [inlined]
  [9] macro expansion
    @ ~/.julia/packages/BenchmarkTools/ZtsPk/src/execution.jl:503 [inlined]
 [10] test()
    @ ShannonSwitchingGame ~/Documents/computerorientierte_Mathematik_II/Programmierprojekt/ShannonSwitchingGame/src/Wettbewerbsstrategie_Hilfsfunktionen.jl:532
 [11] top-level scope
    @ REPL[7]:1
 [12] eval(m::Module, e::Any)
    @ Core ./boot.jl:489
 [13] eval
    @ ./Base_compiler.jl:146 [inlined]
 [14] repleval(m::Module, code::Expr, ::String)
    @ VSCodeServer ~/.vscode/extensions/julialang.language-julia-1.219.2/scripts/packages/VSCodeServer/src/repl.jl:278
 [15] #evalrepl##2
    @ ~/.vscode/extensions/julialang.language-julia-1.219.2/scripts/packages/VSCodeServer/src/repl.jl:241 [inlined]
 [16] with_logstate(f::VSCodeServer.var"#evalrepl##2#evalrepl##3"{Module, Expr, REPL.LineEditREPL, REPL.LineEdit.Prompt}, logstate::Base.CoreLogging.LogState)
    @ Base.CoreLogging ./logging/logging.jl:542
 [17] with_logger
    @ ./logging/logging.jl:653 [inlined]
 [18] (::VSCodeServer.var"#evalrepl##0#evalrepl##1"{Module, Expr, REPL.LineEditREPL, REPL.LineEdit.Prompt})()
    @ VSCodeServer ~/.vscode/extensions/julialang.language-julia-1.219.2/scripts/packages/VSCodeServer/src/repl.jl:242
 [19] (::VSCodeServer.var"#start_eval_backend##0#start_eval_backend##1")()
    @ VSCodeServer ~/.vscode/extensions/julialang.language-julia-1.219.2/scripts/packages/VSCodeServer/src/eval.jl:34


ERROR in weighted_cut (Spiel 6)
n=13, m=24
UndefVarError: `game` not defined in `ShannonSwitchingGame`
Suggestion: check for spelling errors or missing imports.
Stacktrace:
  [1] var"##core#279"()
    @ ShannonSwitchingGame ~/.julia/packages/BenchmarkTools/ZtsPk/src/execution.jl:647
  [2] var"##sample#280"(::Tuple{}, __params::BenchmarkTools.Parameters, __sample_ref::Base.RefValue{Tuple{Float64, Float64, Int64, Int64}}, __result_ref::Nothing)
    @ ShannonSwitchingGame ~/.julia/packages/BenchmarkTools/ZtsPk/src/execution.jl:659
  [3] _lineartrial(b::BenchmarkTools.Benchmark, p::BenchmarkTools.Parameters; maxevals::Int64, kwargs::@Kwargs{})
    @ BenchmarkTools ~/.julia/packages/BenchmarkTools/ZtsPk/src/execution.jl:222
  [4] _lineartrial(b::BenchmarkTools.Benchmark, p::BenchmarkTools.Parameters)
    @ BenchmarkTools ~/.julia/packages/BenchmarkTools/ZtsPk/src/execution.jl:216
  [5] #lineartrial#32
    @ ~/.julia/packages/BenchmarkTools/ZtsPk/src/execution.jl:53 [inlined]
  [6] lineartrial
    @ ~/.julia/packages/BenchmarkTools/ZtsPk/src/execution.jl:52 [inlined]
  [7] tune!(b::BenchmarkTools.Benchmark, p::BenchmarkTools.Parameters; progressid::Nothing, nleaves::Float64, ndone::Float64, verbose::Bool, pad::String, kwargs::@Kwargs{})
    @ BenchmarkTools ~/.julia/packages/BenchmarkTools/ZtsPk/src/execution.jl:341
  [8] tune! (repeats 2 times)
    @ ~/.julia/packages/BenchmarkTools/ZtsPk/src/execution.jl:330 [inlined]
  [9] macro expansion
    @ ~/.julia/packages/BenchmarkTools/ZtsPk/src/execution.jl:503 [inlined]
 [10] test()
    @ ShannonSwitchingGame ~/Documents/computerorientierte_Mathematik_II/Programmierprojekt/ShannonSwitchingGame/src/Wettbewerbsstrategie_Hilfsfunktionen.jl:532
 [11] top-level scope
    @ REPL[7]:1
 [12] eval(m::Module, e::Any)
    @ Core ./boot.jl:489
 [13] eval
    @ ./Base_compiler.jl:146 [inlined]
 [14] repleval(m::Module, code::Expr, ::String)
    @ VSCodeServer ~/.vscode/extensions/julialang.language-julia-1.219.2/scripts/packages/VSCodeServer/src/repl.jl:278
 [15] #evalrepl##2
    @ ~/.vscode/extensions/julialang.language-julia-1.219.2/scripts/packages/VSCodeServer/src/repl.jl:241 [inlined]
 [16] with_logstate(f::VSCodeServer.var"#evalrepl##2#evalrepl##3"{Module, Expr, REPL.LineEditREPL, REPL.LineEdit.Prompt}, logstate::Base.CoreLogging.LogState)
    @ Base.CoreLogging ./logging/logging.jl:542
 [17] with_logger
    @ ./logging/logging.jl:653 [inlined]
 [18] (::VSCodeServer.var"#evalrepl##0#evalrepl##1"{Module, Expr, REPL.LineEditREPL, REPL.LineEdit.Prompt})()
    @ VSCodeServer ~/.vscode/extensions/julialang.language-julia-1.219.2/scripts/packages/VSCodeServer/src/repl.jl:242
 [19] (::VSCodeServer.var"#start_eval_backend##0#start_eval_backend##1")()
    @ VSCodeServer ~/.vscode/extensions/julialang.language-julia-1.219.2/scripts/packages/VSCodeServer/src/eval.jl:34


ERROR in weighted_cut (Spiel 6)
n=13, m=24
UndefVarError: `game` not defined in `ShannonSwitchingGame`
Suggestion: check for spelling errors or missing imports.
Stacktrace:
  [1] var"##core#279"()
    @ ShannonSwitchingGame ~/.julia/packages/BenchmarkTools/ZtsPk/src/execution.jl:647
  [2] var"##sample#280"(::Tuple{}, __params::BenchmarkTools.Parameters, __sample_ref::Base.RefValue{Tuple{Float64, Float64, Int64, Int64}}, __result_ref::Nothing)
    @ ShannonSwitchingGame ~/.julia/packages/BenchmarkTools/ZtsPk/src/execution.jl:659
  [3] _lineartrial(b::BenchmarkTools.Benchmark, p::BenchmarkTools.Parameters; maxevals::Int64, kwargs::@Kwargs{})
    @ BenchmarkTools ~/.julia/packages/BenchmarkTools/ZtsPk/src/execution.jl:222
  [4] _lineartrial(b::BenchmarkTools.Benchmark, p::BenchmarkTools.Parameters)
    @ BenchmarkTools ~/.julia/packages/BenchmarkTools/ZtsPk/src/execution.jl:216
  [5] #lineartrial#32
    @ ~/.julia/packages/BenchmarkTools/ZtsPk/src/execution.jl:53 [inlined]
  [6] lineartrial
    @ ~/.julia/packages/BenchmarkTools/ZtsPk/src/execution.jl:52 [inlined]
  [7] tune!(b::BenchmarkTools.Benchmark, p::BenchmarkTools.Parameters; progressid::Nothing, nleaves::Float64, ndone::Float64, verbose::Bool, pad::String, kwargs::@Kwargs{})
    @ BenchmarkTools ~/.julia/packages/BenchmarkTools/ZtsPk/src/execution.jl:341
  [8] tune! (repeats 2 times)
    @ ~/.julia/packages/BenchmarkTools/ZtsPk/src/execution.jl:330 [inlined]
  [9] macro expansion
    @ ~/.julia/packages/BenchmarkTools/ZtsPk/src/execution.jl:503 [inlined]
 [10] test()
    @ ShannonSwitchingGame ~/Documents/computerorientierte_Mathematik_II/Programmierprojekt/ShannonSwitchingGame/src/Wettbewerbsstrategie_Hilfsfunktionen.jl:532
 [11] top-level scope
    @ REPL[7]:1
 [12] eval(m::Module, e::Any)
    @ Core ./boot.jl:489
 [13] eval
    @ ./Base_compiler.jl:146 [inlined]
 [14] repleval(m::Module, code::Expr, ::String)
    @ VSCodeServer ~/.vscode/extensions/julialang.language-julia-1.219.2/scripts/packages/VSCodeServer/src/repl.jl:278
 [15] #evalrepl##2
    @ ~/.vscode/extensions/julialang.language-julia-1.219.2/scripts/packages/VSCodeServer/src/repl.jl:241 [inlined]
 [16] with_logstate(f::VSCodeServer.var"#evalrepl##2#evalrepl##3"{Module, Expr, REPL.LineEditREPL, REPL.LineEdit.Prompt}, logstate::Base.CoreLogging.LogState)
    @ Base.CoreLogging ./logging/logging.jl:542
 [17] with_logger
    @ ./logging/logging.jl:653 [inlined]
 [18] (::VSCodeServer.var"#evalrepl##0#evalrepl##1"{Module, Expr, REPL.LineEditREPL, REPL.LineEdit.Prompt})()
    @ VSCodeServer ~/.vscode/extensions/julialang.language-julia-1.219.2/scripts/packages/VSCodeServer/src/repl.jl:242
 [19] (::VSCodeServer.var"#start_eval_backend##0#start_eval_backend##1")()
    @ VSCodeServer ~/.vscode/extensions/julialang.language-julia-1.219.2/scripts/packages/VSCodeServer/src/eval.jl:34


ERROR in weighted_cut (Spiel 6)
n=13, m=24
UndefVarError: `game` not defined in `ShannonSwitchingGame`
Suggestion: check for spelling errors or missing imports.
Stacktrace:
  [1] var"##core#279"()
    @ ShannonSwitchingGame ~/.julia/packages/BenchmarkTools/ZtsPk/src/execution.jl:647
  [2] var"##sample#280"(::Tuple{}, __params::BenchmarkTools.Parameters, __sample_ref::Base.RefValue{Tuple{Float64, Float64, Int64, Int64}}, __result_ref::Nothing)
    @ ShannonSwitchingGame ~/.julia/packages/BenchmarkTools/ZtsPk/src/execution.jl:659
  [3] _lineartrial(b::BenchmarkTools.Benchmark, p::BenchmarkTools.Parameters; maxevals::Int64, kwargs::@Kwargs{})
    @ BenchmarkTools ~/.julia/packages/BenchmarkTools/ZtsPk/src/execution.jl:222
  [4] _lineartrial(b::BenchmarkTools.Benchmark, p::BenchmarkTools.Parameters)
    @ BenchmarkTools ~/.julia/packages/BenchmarkTools/ZtsPk/src/execution.jl:216
  [5] #lineartrial#32
    @ ~/.julia/packages/BenchmarkTools/ZtsPk/src/execution.jl:53 [inlined]
  [6] lineartrial
    @ ~/.julia/packages/BenchmarkTools/ZtsPk/src/execution.jl:52 [inlined]
  [7] tune!(b::BenchmarkTools.Benchmark, p::BenchmarkTools.Parameters; progressid::Nothing, nleaves::Float64, ndone::Float64, verbose::Bool, pad::String, kwargs::@Kwargs{})
    @ BenchmarkTools ~/.julia/packages/BenchmarkTools/ZtsPk/src/execution.jl:341
  [8] tune! (repeats 2 times)
    @ ~/.julia/packages/BenchmarkTools/ZtsPk/src/execution.jl:330 [inlined]
  [9] macro expansion
    @ ~/.julia/packages/BenchmarkTools/ZtsPk/src/execution.jl:503 [inlined]
 [10] test()
    @ ShannonSwitchingGame ~/Documents/computerorientierte_Mathematik_II/Programmierprojekt/ShannonSwitchingGame/src/Wettbewerbsstrategie_Hilfsfunktionen.jl:532
 [11] top-level scope
    @ REPL[7]:1
 [12] eval(m::Module, e::Any)
    @ Core ./boot.jl:489
 [13] eval
    @ ./Base_compiler.jl:146 [inlined]
 [14] repleval(m::Module, code::Expr, ::String)
    @ VSCodeServer ~/.vscode/extensions/julialang.language-julia-1.219.2/scripts/packages/VSCodeServer/src/repl.jl:278
 [15] #evalrepl##2
    @ ~/.vscode/extensions/julialang.language-julia-1.219.2/scripts/packages/VSCodeServer/src/repl.jl:241 [inlined]
 [16] with_logstate(f::VSCodeServer.var"#evalrepl##2#evalrepl##3"{Module, Expr, REPL.LineEditREPL, REPL.LineEdit.Prompt}, logstate::Base.CoreLogging.LogState)
    @ Base.CoreLogging ./logging/logging.jl:542
 [17] with_logger
    @ ./logging/logging.jl:653 [inlined]
 [18] (::VSCodeServer.var"#evalrepl##0#evalrepl##1"{Module, Expr, REPL.LineEditREPL, REPL.LineEdit.Prompt})()
    @ VSCodeServer ~/.vscode/extensions/julialang.language-julia-1.219.2/scripts/packages/VSCodeServer/src/repl.jl:242
 [19] (::VSCodeServer.var"#start_eval_backend##0#start_eval_backend##1")()
    @ VSCodeServer ~/.vscode/extensions/julialang.language-julia-1.219.2/scripts/packages/VSCodeServer/src/eval.jl:34


ERROR in weighted_cut (Spiel 6)
n=13, m=24
UndefVarError: `game` not defined in `ShannonSwitchingGame`
Suggestion: check for spelling errors or missing imports.
Stacktrace:
  [1] var"##core#279"()
    @ ShannonSwitchingGame ~/.julia/packages/BenchmarkTools/ZtsPk/src/execution.jl:647
  [2] var"##sample#280"(::Tuple{}, __params::BenchmarkTools.Parameters, __sample_ref::Base.RefValue{Tuple{Float64, Float64, Int64, Int64}}, __result_ref::Nothing)
    @ ShannonSwitchingGame ~/.julia/packages/BenchmarkTools/ZtsPk/src/execution.jl:659
  [3] _lineartrial(b::BenchmarkTools.Benchmark, p::BenchmarkTools.Parameters; maxevals::Int64, kwargs::@Kwargs{})
    @ BenchmarkTools ~/.julia/packages/BenchmarkTools/ZtsPk/src/execution.jl:222
  [4] _lineartrial(b::BenchmarkTools.Benchmark, p::BenchmarkTools.Parameters)
    @ BenchmarkTools ~/.julia/packages/BenchmarkTools/ZtsPk/src/execution.jl:216
  [5] #lineartrial#32
    @ ~/.julia/packages/BenchmarkTools/ZtsPk/src/execution.jl:53 [inlined]
  [6] lineartrial
    @ ~/.julia/packages/BenchmarkTools/ZtsPk/src/execution.jl:52 [inlined]
  [7] tune!(b::BenchmarkTools.Benchmark, p::BenchmarkTools.Parameters; progressid::Nothing, nleaves::Float64, ndone::Float64, verbose::Bool, pad::String, kwargs::@Kwargs{})
    @ BenchmarkTools ~/.julia/packages/BenchmarkTools/ZtsPk/src/execution.jl:341
  [8] tune! (repeats 2 times)
    @ ~/.julia/packages/BenchmarkTools/ZtsPk/src/execution.jl:330 [inlined]
  [9] macro expansion
    @ ~/.julia/packages/BenchmarkTools/ZtsPk/src/execution.jl:503 [inlined]
 [10] test()
    @ ShannonSwitchingGame ~/Documents/computerorientierte_Mathematik_II/Programmierprojekt/ShannonSwitchingGame/src/Wettbewerbsstrategie_Hilfsfunktionen.jl:532
 [11] top-level scope
    @ REPL[7]:1
 [12] eval(m::Module, e::Any)
    @ Core ./boot.jl:489
 [13] eval
    @ ./Base_compiler.jl:146 [inlined]
 [14] repleval(m::Module, code::Expr, ::String)
    @ VSCodeServer ~/.vscode/extensions/julialang.language-julia-1.219.2/scripts/packages/VSCodeServer/src/repl.jl:278
 [15] #evalrepl##2
    @ ~/.vscode/extensions/julialang.language-julia-1.219.2/scripts/packages/VSCodeServer/src/repl.jl:241 [inlined]
 [16] with_logstate(f::VSCodeServer.var"#evalrepl##2#evalrepl##3"{Module, Expr, REPL.LineEditREPL, REPL.LineEdit.Prompt}, logstate::Base.CoreLogging.LogState)
    @ Base.CoreLogging ./logging/logging.jl:542
 [17] with_logger
    @ ./logging/logging.jl:653 [inlined]
 [18] (::VSCodeServer.var"#evalrepl##0#evalrepl##1"{Module, Expr, REPL.LineEditREPL, REPL.LineEdit.Prompt})()
    @ VSCodeServer ~/.vscode/extensions/julialang.language-julia-1.219.2/scripts/packages/VSCodeServer/src/repl.jl:242
 [19] (::VSCodeServer.var"#start_eval_backend##0#start_eval_backend##1")()
    @ VSCodeServer ~/.vscode/extensions/julialang.language-julia-1.219.2/scripts/packages/VSCodeServer/src/eval.jl:34


ERROR in weighted_cut (Spiel 6)
n=13, m=24
UndefVarError: `game` not defined in `ShannonSwitchingGame`
Suggestion: check for spelling errors or missing imports.
Stacktrace:
  [1] var"##core#279"()
    @ ShannonSwitchingGame ~/.julia/packages/BenchmarkTools/ZtsPk/src/execution.jl:647
  [2] var"##sample#280"(::Tuple{}, __params::BenchmarkTools.Parameters, __sample_ref::Base.RefValue{Tuple{Float64, Float64, Int64, Int64}}, __result_ref::Nothing)
    @ ShannonSwitchingGame ~/.julia/packages/BenchmarkTools/ZtsPk/src/execution.jl:659
  [3] _lineartrial(b::BenchmarkTools.Benchmark, p::BenchmarkTools.Parameters; maxevals::Int64, kwargs::@Kwargs{})
    @ BenchmarkTools ~/.julia/packages/BenchmarkTools/ZtsPk/src/execution.jl:222
  [4] _lineartrial(b::BenchmarkTools.Benchmark, p::BenchmarkTools.Parameters)
    @ BenchmarkTools ~/.julia/packages/BenchmarkTools/ZtsPk/src/execution.jl:216
  [5] #lineartrial#32
    @ ~/.julia/packages/BenchmarkTools/ZtsPk/src/execution.jl:53 [inlined]
  [6] lineartrial
    @ ~/.julia/packages/BenchmarkTools/ZtsPk/src/execution.jl:52 [inlined]
  [7] tune!(b::BenchmarkTools.Benchmark, p::BenchmarkTools.Parameters; progressid::Nothing, nleaves::Float64, ndone::Float64, verbose::Bool, pad::String, kwargs::@Kwargs{})
    @ BenchmarkTools ~/.julia/packages/BenchmarkTools/ZtsPk/src/execution.jl:341
  [8] tune! (repeats 2 times)
    @ ~/.julia/packages/BenchmarkTools/ZtsPk/src/execution.jl:330 [inlined]
  [9] macro expansion
    @ ~/.julia/packages/BenchmarkTools/ZtsPk/src/execution.jl:503 [inlined]
 [10] test()
    @ ShannonSwitchingGame ~/Documents/computerorientierte_Mathematik_II/Programmierprojekt/ShannonSwitchingGame/src/Wettbewerbsstrategie_Hilfsfunktionen.jl:532
 [11] top-level scope
    @ REPL[7]:1
 [12] eval(m::Module, e::Any)
    @ Core ./boot.jl:489
 [13] eval
    @ ./Base_compiler.jl:146 [inlined]
 [14] repleval(m::Module, code::Expr, ::String)
    @ VSCodeServer ~/.vscode/extensions/julialang.language-julia-1.219.2/scripts/packages/VSCodeServer/src/repl.jl:278
 [15] #evalrepl##2
    @ ~/.vscode/extensions/julialang.language-julia-1.219.2/scripts/packages/VSCodeServer/src/repl.jl:241 [inlined]
 [16] with_logstate(f::VSCodeServer.var"#evalrepl##2#evalrepl##3"{Module, Expr, REPL.LineEditREPL, REPL.LineEdit.Prompt}, logstate::Base.CoreLogging.LogState)
    @ Base.CoreLogging ./logging/logging.jl:542
 [17] with_logger
    @ ./logging/logging.jl:653 [inlined]
 [18] (::VSCodeServer.var"#evalrepl##0#evalrepl##1"{Module, Expr, REPL.LineEditREPL, REPL.LineEdit.Prompt})()
    @ VSCodeServer ~/.vscode/extensions/julialang.language-julia-1.219.2/scripts/packages/VSCodeServer/src/repl.jl:242
 [19] (::VSCodeServer.var"#start_eval_backend##0#start_eval_backend##1")()
    @ VSCodeServer ~/.vscode/extensions/julialang.language-julia-1.219.2/scripts/packages/VSCodeServer/src/eval.jl:34


ERROR in weighted_cut (Spiel 6)
n=13, m=24
UndefVarError: `game` not defined in `ShannonSwitchingGame`
Suggestion: check for spelling errors or missing imports.
Stacktrace:
  [1] var"##core#279"()
    @ ShannonSwitchingGame ~/.julia/packages/BenchmarkTools/ZtsPk/src/execution.jl:647
  [2] var"##sample#280"(::Tuple{}, __params::BenchmarkTools.Parameters, __sample_ref::Base.RefValue{Tuple{Float64, Float64, Int64, Int64}}, __result_ref::Nothing)
    @ ShannonSwitchingGame ~/.julia/packages/BenchmarkTools/ZtsPk/src/execution.jl:659
  [3] _lineartrial(b::BenchmarkTools.Benchmark, p::BenchmarkTools.Parameters; maxevals::Int64, kwargs::@Kwargs{})
    @ BenchmarkTools ~/.julia/packages/BenchmarkTools/ZtsPk/src/execution.jl:222
  [4] _lineartrial(b::BenchmarkTools.Benchmark, p::BenchmarkTools.Parameters)
    @ BenchmarkTools ~/.julia/packages/BenchmarkTools/ZtsPk/src/execution.jl:216
  [5] #lineartrial#32
    @ ~/.julia/packages/BenchmarkTools/ZtsPk/src/execution.jl:53 [inlined]
  [6] lineartrial
    @ ~/.julia/packages/BenchmarkTools/ZtsPk/src/execution.jl:52 [inlined]
  [7] tune!(b::BenchmarkTools.Benchmark, p::BenchmarkTools.Parameters; progressid::Nothing, nleaves::Float64, ndone::Float64, verbose::Bool, pad::String, kwargs::@Kwargs{})
    @ BenchmarkTools ~/.julia/packages/BenchmarkTools/ZtsPk/src/execution.jl:341
  [8] tune! (repeats 2 times)
    @ ~/.julia/packages/BenchmarkTools/ZtsPk/src/execution.jl:330 [inlined]
  [9] macro expansion
    @ ~/.julia/packages/BenchmarkTools/ZtsPk/src/execution.jl:503 [inlined]
 [10] test()
    @ ShannonSwitchingGame ~/Documents/computerorientierte_Mathematik_II/Programmierprojekt/ShannonSwitchingGame/src/Wettbewerbsstrategie_Hilfsfunktionen.jl:532
 [11] top-level scope
    @ REPL[7]:1
 [12] eval(m::Module, e::Any)
    @ Core ./boot.jl:489
 [13] eval
    @ ./Base_compiler.jl:146 [inlined]
 [14] repleval(m::Module, code::Expr, ::String)
    @ VSCodeServer ~/.vscode/extensions/julialang.language-julia-1.219.2/scripts/packages/VSCodeServer/src/repl.jl:278
 [15] #evalrepl##2
    @ ~/.vscode/extensions/julialang.language-julia-1.219.2/scripts/packages/VSCodeServer/src/repl.jl:241 [inlined]
 [16] with_logstate(f::VSCodeServer.var"#evalrepl##2#evalrepl##3"{Module, Expr, REPL.LineEditREPL, REPL.LineEdit.Prompt}, logstate::Base.CoreLogging.LogState)
    @ Base.CoreLogging ./logging/logging.jl:542
 [17] with_logger
    @ ./logging/logging.jl:653 [inlined]
 [18] (::VSCodeServer.var"#evalrepl##0#evalrepl##1"{Module, Expr, REPL.LineEditREPL, REPL.LineEdit.Prompt})()
    @ VSCodeServer ~/.vscode/extensions/julialang.language-julia-1.219.2/scripts/packages/VSCodeServer/src/repl.jl:242
 [19] (::VSCodeServer.var"#start_eval_backend##0#start_eval_backend##1")()
    @ VSCodeServer ~/.vscode/extensions/julialang.language-julia-1.219.2/scripts/packages/VSCodeServer/src/eval.jl:34


ERROR in weighted_cut (Spiel 6)
n=13, m=24
UndefVarError: `game` not defined in `ShannonSwitchingGame`
Suggestion: check for spelling errors or missing imports.
Stacktrace:
  [1] var"##core#279"()
    @ ShannonSwitchingGame ~/.julia/packages/BenchmarkTools/ZtsPk/src/execution.jl:647
  [2] var"##sample#280"(::Tuple{}, __params::BenchmarkTools.Parameters, __sample_ref::Base.RefValue{Tuple{Float64, Float64, Int64, Int64}}, __result_ref::Nothing)
    @ ShannonSwitchingGame ~/.julia/packages/BenchmarkTools/ZtsPk/src/execution.jl:659
  [3] _lineartrial(b::BenchmarkTools.Benchmark, p::BenchmarkTools.Parameters; maxevals::Int64, kwargs::@Kwargs{})
    @ BenchmarkTools ~/.julia/packages/BenchmarkTools/ZtsPk/src/execution.jl:222
  [4] _lineartrial(b::BenchmarkTools.Benchmark, p::BenchmarkTools.Parameters)
    @ BenchmarkTools ~/.julia/packages/BenchmarkTools/ZtsPk/src/execution.jl:216
  [5] #lineartrial#32
    @ ~/.julia/packages/BenchmarkTools/ZtsPk/src/execution.jl:53 [inlined]
  [6] lineartrial
    @ ~/.julia/packages/BenchmarkTools/ZtsPk/src/execution.jl:52 [inlined]
  [7] tune!(b::BenchmarkTools.Benchmark, p::BenchmarkTools.Parameters; progressid::Nothing, nleaves::Float64, ndone::Float64, verbose::Bool, pad::String, kwargs::@Kwargs{})
    @ BenchmarkTools ~/.julia/packages/BenchmarkTools/ZtsPk/src/execution.jl:341
  [8] tune! (repeats 2 times)
    @ ~/.julia/packages/BenchmarkTools/ZtsPk/src/execution.jl:330 [inlined]
  [9] macro expansion
    @ ~/.julia/packages/BenchmarkTools/ZtsPk/src/execution.jl:503 [inlined]
 [10] test()
    @ ShannonSwitchingGame ~/Documents/computerorientierte_Mathematik_II/Programmierprojekt/ShannonSwitchingGame/src/Wettbewerbsstrategie_Hilfsfunktionen.jl:532
 [11] top-level scope
    @ REPL[7]:1
 [12] eval(m::Module, e::Any)
    @ Core ./boot.jl:489
 [13] eval
    @ ./Base_compiler.jl:146 [inlined]
 [14] repleval(m::Module, code::Expr, ::String)
    @ VSCodeServer ~/.vscode/extensions/julialang.language-julia-1.219.2/scripts/packages/VSCodeServer/src/repl.jl:278
 [15] #evalrepl##2
    @ ~/.vscode/extensions/julialang.language-julia-1.219.2/scripts/packages/VSCodeServer/src/repl.jl:241 [inlined]
 [16] with_logstate(f::VSCodeServer.var"#evalrepl##2#evalrepl##3"{Module, Expr, REPL.LineEditREPL, REPL.LineEdit.Prompt}, logstate::Base.CoreLogging.LogState)
    @ Base.CoreLogging ./logging/logging.jl:542
 [17] with_logger
    @ ./logging/logging.jl:653 [inlined]
 [18] (::VSCodeServer.var"#evalrepl##0#evalrepl##1"{Module, Expr, REPL.LineEditREPL, REPL.LineEdit.Prompt})()
    @ VSCodeServer ~/.vscode/extensions/julialang.language-julia-1.219.2/scripts/packages/VSCodeServer/src/repl.jl:242
 [19] (::VSCodeServer.var"#start_eval_backend##0#start_eval_backend##1")()
    @ VSCodeServer ~/.vscode/extensions/julialang.language-julia-1.219.2/scripts/packages/VSCodeServer/src/eval.jl:34


ERROR in weighted_short (Spiel 6)
n=13, m=24
UndefVarError: `game` not defined in `ShannonSwitchingGame`
Suggestion: check for spelling errors or missing imports.
Stacktrace:
  [1] var"##core#281"()
    @ ShannonSwitchingGame ~/.julia/packages/BenchmarkTools/ZtsPk/src/execution.jl:647
  [2] var"##sample#282"(::Tuple{}, __params::BenchmarkTools.Parameters, __sample_ref::Base.RefValue{Tuple{Float64, Float64, Int64, Int64}}, __result_ref::Nothing)
    @ ShannonSwitchingGame ~/.julia/packages/BenchmarkTools/ZtsPk/src/execution.jl:659
  [3] _lineartrial(b::BenchmarkTools.Benchmark, p::BenchmarkTools.Parameters; maxevals::Int64, kwargs::@Kwargs{})
    @ BenchmarkTools ~/.julia/packages/BenchmarkTools/ZtsPk/src/execution.jl:222
  [4] _lineartrial(b::BenchmarkTools.Benchmark, p::BenchmarkTools.Parameters)
    @ BenchmarkTools ~/.julia/packages/BenchmarkTools/ZtsPk/src/execution.jl:216
  [5] #lineartrial#32
    @ ~/.julia/packages/BenchmarkTools/ZtsPk/src/execution.jl:53 [inlined]
  [6] lineartrial
    @ ~/.julia/packages/BenchmarkTools/ZtsPk/src/execution.jl:52 [inlined]
  [7] tune!(b::BenchmarkTools.Benchmark, p::BenchmarkTools.Parameters; progressid::Nothing, nleaves::Float64, ndone::Float64, verbose::Bool, pad::String, kwargs::@Kwargs{})
    @ BenchmarkTools ~/.julia/packages/BenchmarkTools/ZtsPk/src/execution.jl:341
  [8] tune! (repeats 2 times)
    @ ~/.julia/packages/BenchmarkTools/ZtsPk/src/execution.jl:330 [inlined]
  [9] macro expansion
    @ ~/.julia/packages/BenchmarkTools/ZtsPk/src/execution.jl:503 [inlined]
 [10] test()
    @ ShannonSwitchingGame ~/Documents/computerorientierte_Mathematik_II/Programmierprojekt/ShannonSwitchingGame/src/Wettbewerbsstrategie_Hilfsfunktionen.jl:581
 [11] top-level scope
    @ REPL[7]:1
 [12] eval(m::Module, e::Any)
    @ Core ./boot.jl:489
 [13] eval
    @ ./Base_compiler.jl:146 [inlined]
 [14] repleval(m::Module, code::Expr, ::String)
    @ VSCodeServer ~/.vscode/extensions/julialang.language-julia-1.219.2/scripts/packages/VSCodeServer/src/repl.jl:278
 [15] #evalrepl##2
    @ ~/.vscode/extensions/julialang.language-julia-1.219.2/scripts/packages/VSCodeServer/src/repl.jl:241 [inlined]
 [16] with_logstate(f::VSCodeServer.var"#evalrepl##2#evalrepl##3"{Module, Expr, REPL.LineEditREPL, REPL.LineEdit.Prompt}, logstate::Base.CoreLogging.LogState)
    @ Base.CoreLogging ./logging/logging.jl:542
 [17] with_logger
    @ ./logging/logging.jl:653 [inlined]
 [18] (::VSCodeServer.var"#evalrepl##0#evalrepl##1"{Module, Expr, REPL.LineEditREPL, REPL.LineEdit.Prompt})()
    @ VSCodeServer ~/.vscode/extensions/julialang.language-julia-1.219.2/scripts/packages/VSCodeServer/src/repl.jl:242
 [19] (::VSCodeServer.var"#start_eval_backend##0#start_eval_backend##1")()
    @ VSCodeServer ~/.vscode/extensions/julialang.language-julia-1.219.2/scripts/packages/VSCodeServer/src/eval.jl:34

ERROR in weighted_short (Spiel 6)
n=13, m=24
UndefVarError: `game` not defined in `ShannonSwitchingGame`
Suggestion: check for spelling errors or missing imports.
Stacktrace:
  [1] var"##core#281"()
    @ ShannonSwitchingGame ~/.julia/packages/BenchmarkTools/ZtsPk/src/execution.jl:647
  [2] var"##sample#282"(::Tuple{}, __params::BenchmarkTools.Parameters, __sample_ref::Base.RefValue{Tuple{Float64, Float64, Int64, Int64}}, __result_ref::Nothing)
    @ ShannonSwitchingGame ~/.julia/packages/BenchmarkTools/ZtsPk/src/execution.jl:659
  [3] _lineartrial(b::BenchmarkTools.Benchmark, p::BenchmarkTools.Parameters; maxevals::Int64, kwargs::@Kwargs{})
    @ BenchmarkTools ~/.julia/packages/BenchmarkTools/ZtsPk/src/execution.jl:222
  [4] _lineartrial(b::BenchmarkTools.Benchmark, p::BenchmarkTools.Parameters)
    @ BenchmarkTools ~/.julia/packages/BenchmarkTools/ZtsPk/src/execution.jl:216
  [5] #lineartrial#32
    @ ~/.julia/packages/BenchmarkTools/ZtsPk/src/execution.jl:53 [inlined]
  [6] lineartrial
    @ ~/.julia/packages/BenchmarkTools/ZtsPk/src/execution.jl:52 [inlined]
  [7] tune!(b::BenchmarkTools.Benchmark, p::BenchmarkTools.Parameters; progressid::Nothing, nleaves::Float64, ndone::Float64, verbose::Bool, pad::String, kwargs::@Kwargs{})
    @ BenchmarkTools ~/.julia/packages/BenchmarkTools/ZtsPk/src/execution.jl:341
  [8] tune! (repeats 2 times)
    @ ~/.julia/packages/BenchmarkTools/ZtsPk/src/execution.jl:330 [inlined]
  [9] macro expansion
    @ ~/.julia/packages/BenchmarkTools/ZtsPk/src/execution.jl:503 [inlined]
 [10] test()
    @ ShannonSwitchingGame ~/Documents/computerorientierte_Mathematik_II/Programmierprojekt/ShannonSwitchingGame/src/Wettbewerbsstrategie_Hilfsfunktionen.jl:581
 [11] top-level scope
    @ REPL[7]:1
 [12] eval(m::Module, e::Any)
    @ Core ./boot.jl:489
 [13] eval
    @ ./Base_compiler.jl:146 [inlined]
 [14] repleval(m::Module, code::Expr, ::String)
    @ VSCodeServer ~/.vscode/extensions/julialang.language-julia-1.219.2/scripts/packages/VSCodeServer/src/repl.jl:278
 [15] #evalrepl##2
    @ ~/.vscode/extensions/julialang.language-julia-1.219.2/scripts/packages/VSCodeServer/src/repl.jl:241 [inlined]
 [16] with_logstate(f::VSCodeServer.var"#evalrepl##2#evalrepl##3"{Module, Expr, REPL.LineEditREPL, REPL.LineEdit.Prompt}, logstate::Base.CoreLogging.LogState)
    @ Base.CoreLogging ./logging/logging.jl:542
 [17] with_logger
    @ ./logging/logging.jl:653 [inlined]
 [18] (::VSCodeServer.var"#evalrepl##0#evalrepl##1"{Module, Expr, REPL.LineEditREPL, REPL.LineEdit.Prompt})()
    @ VSCodeServer ~/.vscode/extensions/julialang.language-julia-1.219.2/scripts/packages/VSCodeServer/src/repl.jl:242
 [19] (::VSCodeServer.var"#start_eval_backend##0#start_eval_backend##1")()
    @ VSCodeServer ~/.vscode/extensions/julialang.language-julia-1.219.2/scripts/packages/VSCodeServer/src/eval.jl:34

ERROR in weighted_short (Spiel 6)
n=13, m=24
UndefVarError: `game` not defined in `ShannonSwitchingGame`
Suggestion: check for spelling errors or missing imports.
Stacktrace:
  [1] var"##core#281"()
    @ ShannonSwitchingGame ~/.julia/packages/BenchmarkTools/ZtsPk/src/execution.jl:647
  [2] var"##sample#282"(::Tuple{}, __params::BenchmarkTools.Parameters, __sample_ref::Base.RefValue{Tuple{Float64, Float64, Int64, Int64}}, __result_ref::Nothing)
    @ ShannonSwitchingGame ~/.julia/packages/BenchmarkTools/ZtsPk/src/execution.jl:659
  [3] _lineartrial(b::BenchmarkTools.Benchmark, p::BenchmarkTools.Parameters; maxevals::Int64, kwargs::@Kwargs{})
    @ BenchmarkTools ~/.julia/packages/BenchmarkTools/ZtsPk/src/execution.jl:222
  [4] _lineartrial(b::BenchmarkTools.Benchmark, p::BenchmarkTools.Parameters)
    @ BenchmarkTools ~/.julia/packages/BenchmarkTools/ZtsPk/src/execution.jl:216
  [5] #lineartrial#32
    @ ~/.julia/packages/BenchmarkTools/ZtsPk/src/execution.jl:53 [inlined]
  [6] lineartrial
    @ ~/.julia/packages/BenchmarkTools/ZtsPk/src/execution.jl:52 [inlined]
  [7] tune!(b::BenchmarkTools.Benchmark, p::BenchmarkTools.Parameters; progressid::Nothing, nleaves::Float64, ndone::Float64, verbose::Bool, pad::String, kwargs::@Kwargs{})
    @ BenchmarkTools ~/.julia/packages/BenchmarkTools/ZtsPk/src/execution.jl:341
  [8] tune! (repeats 2 times)
    @ ~/.julia/packages/BenchmarkTools/ZtsPk/src/execution.jl:330 [inlined]
  [9] macro expansion
    @ ~/.julia/packages/BenchmarkTools/ZtsPk/src/execution.jl:503 [inlined]
 [10] test()
    @ ShannonSwitchingGame ~/Documents/computerorientierte_Mathematik_II/Programmierprojekt/ShannonSwitchingGame/src/Wettbewerbsstrategie_Hilfsfunktionen.jl:581
 [11] top-level scope
    @ REPL[7]:1
 [12] eval(m::Module, e::Any)
    @ Core ./boot.jl:489
 [13] eval
    @ ./Base_compiler.jl:146 [inlined]
 [14] repleval(m::Module, code::Expr, ::String)
    @ VSCodeServer ~/.vscode/extensions/julialang.language-julia-1.219.2/scripts/packages/VSCodeServer/src/repl.jl:278
 [15] #evalrepl##2
    @ ~/.vscode/extensions/julialang.language-julia-1.219.2/scripts/packages/VSCodeServer/src/repl.jl:241 [inlined]
 [16] with_logstate(f::VSCodeServer.var"#evalrepl##2#evalrepl##3"{Module, Expr, REPL.LineEditREPL, REPL.LineEdit.Prompt}, logstate::Base.CoreLogging.LogState)
    @ Base.CoreLogging ./logging/logging.jl:542
 [17] with_logger
    @ ./logging/logging.jl:653 [inlined]
 [18] (::VSCodeServer.var"#evalrepl##0#evalrepl##1"{Module, Expr, REPL.LineEditREPL, REPL.LineEdit.Prompt})()
    @ VSCodeServer ~/.vscode/extensions/julialang.language-julia-1.219.2/scripts/packages/VSCodeServer/src/repl.jl:242
 [19] (::VSCodeServer.var"#start_eval_backend##0#start_eval_backend##1")()
    @ VSCodeServer ~/.vscode/extensions/julialang.language-julia-1.219.2/scripts/packages/VSCodeServer/src/eval.jl:34

ERROR in weighted_short (Spiel 6)
n=13, m=24
UndefVarError: `game` not defined in `ShannonSwitchingGame`
Suggestion: check for spelling errors or missing imports.
Stacktrace:
  [1] var"##core#281"()
    @ ShannonSwitchingGame ~/.julia/packages/BenchmarkTools/ZtsPk/src/execution.jl:647
  [2] var"##sample#282"(::Tuple{}, __params::BenchmarkTools.Parameters, __sample_ref::Base.RefValue{Tuple{Float64, Float64, Int64, Int64}}, __result_ref::Nothing)
    @ ShannonSwitchingGame ~/.julia/packages/BenchmarkTools/ZtsPk/src/execution.jl:659
  [3] _lineartrial(b::BenchmarkTools.Benchmark, p::BenchmarkTools.Parameters; maxevals::Int64, kwargs::@Kwargs{})
    @ BenchmarkTools ~/.julia/packages/BenchmarkTools/ZtsPk/src/execution.jl:222
  [4] _lineartrial(b::BenchmarkTools.Benchmark, p::BenchmarkTools.Parameters)
    @ BenchmarkTools ~/.julia/packages/BenchmarkTools/ZtsPk/src/execution.jl:216
  [5] #lineartrial#32
    @ ~/.julia/packages/BenchmarkTools/ZtsPk/src/execution.jl:53 [inlined]
  [6] lineartrial
    @ ~/.julia/packages/BenchmarkTools/ZtsPk/src/execution.jl:52 [inlined]
  [7] tune!(b::BenchmarkTools.Benchmark, p::BenchmarkTools.Parameters; progressid::Nothing, nleaves::Float64, ndone::Float64, verbose::Bool, pad::String, kwargs::@Kwargs{})
    @ BenchmarkTools ~/.julia/packages/BenchmarkTools/ZtsPk/src/execution.jl:341
  [8] tune! (repeats 2 times)
    @ ~/.julia/packages/BenchmarkTools/ZtsPk/src/execution.jl:330 [inlined]
  [9] macro expansion
    @ ~/.julia/packages/BenchmarkTools/ZtsPk/src/execution.jl:503 [inlined]
 [10] test()
    @ ShannonSwitchingGame ~/Documents/computerorientierte_Mathematik_II/Programmierprojekt/ShannonSwitchingGame/src/Wettbewerbsstrategie_Hilfsfunktionen.jl:581
 [11] top-level scope
    @ REPL[7]:1
 [12] eval(m::Module, e::Any)
    @ Core ./boot.jl:489
 [13] eval
    @ ./Base_compiler.jl:146 [inlined]
 [14] repleval(m::Module, code::Expr, ::String)
    @ VSCodeServer ~/.vscode/extensions/julialang.language-julia-1.219.2/scripts/packages/VSCodeServer/src/repl.jl:278
 [15] #evalrepl##2
    @ ~/.vscode/extensions/julialang.language-julia-1.219.2/scripts/packages/VSCodeServer/src/repl.jl:241 [inlined]
 [16] with_logstate(f::VSCodeServer.var"#evalrepl##2#evalrepl##3"{Module, Expr, REPL.LineEditREPL, REPL.LineEdit.Prompt}, logstate::Base.CoreLogging.LogState)
    @ Base.CoreLogging ./logging/logging.jl:542
 [17] with_logger
    @ ./logging/logging.jl:653 [inlined]
 [18] (::VSCodeServer.var"#evalrepl##0#evalrepl##1"{Module, Expr, REPL.LineEditREPL, REPL.LineEdit.Prompt})()
    @ VSCodeServer ~/.vscode/extensions/julialang.language-julia-1.219.2/scripts/packages/VSCodeServer/src/repl.jl:242
 [19] (::VSCodeServer.var"#start_eval_backend##0#start_eval_backend##1")()
    @ VSCodeServer ~/.vscode/extensions/julialang.language-julia-1.219.2/scripts/packages/VSCodeServer/src/eval.jl:34

ERROR in weighted_short (Spiel 6)
n=13, m=24
UndefVarError: `game` not defined in `ShannonSwitchingGame`
Suggestion: check for spelling errors or missing imports.
Stacktrace:
  [1] var"##core#281"()
    @ ShannonSwitchingGame ~/.julia/packages/BenchmarkTools/ZtsPk/src/execution.jl:647
  [2] var"##sample#282"(::Tuple{}, __params::BenchmarkTools.Parameters, __sample_ref::Base.RefValue{Tuple{Float64, Float64, Int64, Int64}}, __result_ref::Nothing)
    @ ShannonSwitchingGame ~/.julia/packages/BenchmarkTools/ZtsPk/src/execution.jl:659
  [3] _lineartrial(b::BenchmarkTools.Benchmark, p::BenchmarkTools.Parameters; maxevals::Int64, kwargs::@Kwargs{})
    @ BenchmarkTools ~/.julia/packages/BenchmarkTools/ZtsPk/src/execution.jl:222
  [4] _lineartrial(b::BenchmarkTools.Benchmark, p::BenchmarkTools.Parameters)
    @ BenchmarkTools ~/.julia/packages/BenchmarkTools/ZtsPk/src/execution.jl:216
  [5] #lineartrial#32
    @ ~/.julia/packages/BenchmarkTools/ZtsPk/src/execution.jl:53 [inlined]
  [6] lineartrial
    @ ~/.julia/packages/BenchmarkTools/ZtsPk/src/execution.jl:52 [inlined]
  [7] tune!(b::BenchmarkTools.Benchmark, p::BenchmarkTools.Parameters; progressid::Nothing, nleaves::Float64, ndone::Float64, verbose::Bool, pad::String, kwargs::@Kwargs{})
    @ BenchmarkTools ~/.julia/packages/BenchmarkTools/ZtsPk/src/execution.jl:341
  [8] tune! (repeats 2 times)
    @ ~/.julia/packages/BenchmarkTools/ZtsPk/src/execution.jl:330 [inlined]
  [9] macro expansion
    @ ~/.julia/packages/BenchmarkTools/ZtsPk/src/execution.jl:503 [inlined]
 [10] test()
    @ ShannonSwitchingGame ~/Documents/computerorientierte_Mathematik_II/Programmierprojekt/ShannonSwitchingGame/src/Wettbewerbsstrategie_Hilfsfunktionen.jl:581
 [11] top-level scope
    @ REPL[7]:1
 [12] eval(m::Module, e::Any)
    @ Core ./boot.jl:489
 [13] eval
    @ ./Base_compiler.jl:146 [inlined]
 [14] repleval(m::Module, code::Expr, ::String)
    @ VSCodeServer ~/.vscode/extensions/julialang.language-julia-1.219.2/scripts/packages/VSCodeServer/src/repl.jl:278
 [15] #evalrepl##2
    @ ~/.vscode/extensions/julialang.language-julia-1.219.2/scripts/packages/VSCodeServer/src/repl.jl:241 [inlined]
 [16] with_logstate(f::VSCodeServer.var"#evalrepl##2#evalrepl##3"{Module, Expr, REPL.LineEditREPL, REPL.LineEdit.Prompt}, logstate::Base.CoreLogging.LogState)
    @ Base.CoreLogging ./logging/logging.jl:542
 [17] with_logger
    @ ./logging/logging.jl:653 [inlined]
 [18] (::VSCodeServer.var"#evalrepl##0#evalrepl##1"{Module, Expr, REPL.LineEditREPL, REPL.LineEdit.Prompt})()
    @ VSCodeServer ~/.vscode/extensions/julialang.language-julia-1.219.2/scripts/packages/VSCodeServer/src/repl.jl:242
 [19] (::VSCodeServer.var"#start_eval_backend##0#start_eval_backend##1")()
    @ VSCodeServer ~/.vscode/extensions/julialang.language-julia-1.219.2/scripts/packages/VSCodeServer/src/eval.jl:34

ERROR in weighted_short (Spiel 6)
n=13, m=24
UndefVarError: `game` not defined in `ShannonSwitchingGame`
Suggestion: check for spelling errors or missing imports.
Stacktrace:
  [1] var"##core#281"()
    @ ShannonSwitchingGame ~/.julia/packages/BenchmarkTools/ZtsPk/src/execution.jl:647
  [2] var"##sample#282"(::Tuple{}, __params::BenchmarkTools.Parameters, __sample_ref::Base.RefValue{Tuple{Float64, Float64, Int64, Int64}}, __result_ref::Nothing)
    @ ShannonSwitchingGame ~/.julia/packages/BenchmarkTools/ZtsPk/src/execution.jl:659
  [3] _lineartrial(b::BenchmarkTools.Benchmark, p::BenchmarkTools.Parameters; maxevals::Int64, kwargs::@Kwargs{})
    @ BenchmarkTools ~/.julia/packages/BenchmarkTools/ZtsPk/src/execution.jl:222
  [4] _lineartrial(b::BenchmarkTools.Benchmark, p::BenchmarkTools.Parameters)
    @ BenchmarkTools ~/.julia/packages/BenchmarkTools/ZtsPk/src/execution.jl:216
  [5] #lineartrial#32
    @ ~/.julia/packages/BenchmarkTools/ZtsPk/src/execution.jl:53 [inlined]
  [6] lineartrial
    @ ~/.julia/packages/BenchmarkTools/ZtsPk/src/execution.jl:52 [inlined]
  [7] tune!(b::BenchmarkTools.Benchmark, p::BenchmarkTools.Parameters; progressid::Nothing, nleaves::Float64, ndone::Float64, verbose::Bool, pad::String, kwargs::@Kwargs{})
    @ BenchmarkTools ~/.julia/packages/BenchmarkTools/ZtsPk/src/execution.jl:341
  [8] tune! (repeats 2 times)
    @ ~/.julia/packages/BenchmarkTools/ZtsPk/src/execution.jl:330 [inlined]
  [9] macro expansion
    @ ~/.julia/packages/BenchmarkTools/ZtsPk/src/execution.jl:503 [inlined]
 [10] test()
    @ ShannonSwitchingGame ~/Documents/computerorientierte_Mathematik_II/Programmierprojekt/ShannonSwitchingGame/src/Wettbewerbsstrategie_Hilfsfunktionen.jl:581
 [11] top-level scope
    @ REPL[7]:1
 [12] eval(m::Module, e::Any)
    @ Core ./boot.jl:489
 [13] eval
    @ ./Base_compiler.jl:146 [inlined]
 [14] repleval(m::Module, code::Expr, ::String)
    @ VSCodeServer ~/.vscode/extensions/julialang.language-julia-1.219.2/scripts/packages/VSCodeServer/src/repl.jl:278
 [15] #evalrepl##2
    @ ~/.vscode/extensions/julialang.language-julia-1.219.2/scripts/packages/VSCodeServer/src/repl.jl:241 [inlined]
 [16] with_logstate(f::VSCodeServer.var"#evalrepl##2#evalrepl##3"{Module, Expr, REPL.LineEditREPL, REPL.LineEdit.Prompt}, logstate::Base.CoreLogging.LogState)
    @ Base.CoreLogging ./logging/logging.jl:542
 [17] with_logger
    @ ./logging/logging.jl:653 [inlined]
 [18] (::VSCodeServer.var"#evalrepl##0#evalrepl##1"{Module, Expr, REPL.LineEditREPL, REPL.LineEdit.Prompt})()
    @ VSCodeServer ~/.vscode/extensions/julialang.language-julia-1.219.2/scripts/packages/VSCodeServer/src/repl.jl:242
 [19] (::VSCodeServer.var"#start_eval_backend##0#start_eval_backend##1")()
    @ VSCodeServer ~/.vscode/extensions/julialang.language-julia-1.219.2/scripts/packages/VSCodeServer/src/eval.jl:34

ERROR in weighted_short (Spiel 6)
n=13, m=24
UndefVarError: `game` not defined in `ShannonSwitchingGame`
Suggestion: check for spelling errors or missing imports.
Stacktrace:
  [1] var"##core#281"()
    @ ShannonSwitchingGame ~/.julia/packages/BenchmarkTools/ZtsPk/src/execution.jl:647
  [2] var"##sample#282"(::Tuple{}, __params::BenchmarkTools.Parameters, __sample_ref::Base.RefValue{Tuple{Float64, Float64, Int64, Int64}}, __result_ref::Nothing)
    @ ShannonSwitchingGame ~/.julia/packages/BenchmarkTools/ZtsPk/src/execution.jl:659
  [3] _lineartrial(b::BenchmarkTools.Benchmark, p::BenchmarkTools.Parameters; maxevals::Int64, kwargs::@Kwargs{})
    @ BenchmarkTools ~/.julia/packages/BenchmarkTools/ZtsPk/src/execution.jl:222
  [4] _lineartrial(b::BenchmarkTools.Benchmark, p::BenchmarkTools.Parameters)
    @ BenchmarkTools ~/.julia/packages/BenchmarkTools/ZtsPk/src/execution.jl:216
  [5] #lineartrial#32
    @ ~/.julia/packages/BenchmarkTools/ZtsPk/src/execution.jl:53 [inlined]
  [6] lineartrial
    @ ~/.julia/packages/BenchmarkTools/ZtsPk/src/execution.jl:52 [inlined]
  [7] tune!(b::BenchmarkTools.Benchmark, p::BenchmarkTools.Parameters; progressid::Nothing, nleaves::Float64, ndone::Float64, verbose::Bool, pad::String, kwargs::@Kwargs{})
    @ BenchmarkTools ~/.julia/packages/BenchmarkTools/ZtsPk/src/execution.jl:341
  [8] tune! (repeats 2 times)
    @ ~/.julia/packages/BenchmarkTools/ZtsPk/src/execution.jl:330 [inlined]
  [9] macro expansion
    @ ~/.julia/packages/BenchmarkTools/ZtsPk/src/execution.jl:503 [inlined]
 [10] test()
    @ ShannonSwitchingGame ~/Documents/computerorientierte_Mathematik_II/Programmierprojekt/ShannonSwitchingGame/src/Wettbewerbsstrategie_Hilfsfunktionen.jl:581
 [11] top-level scope
    @ REPL[7]:1
 [12] eval(m::Module, e::Any)
    @ Core ./boot.jl:489
 [13] eval
    @ ./Base_compiler.jl:146 [inlined]
 [14] repleval(m::Module, code::Expr, ::String)
    @ VSCodeServer ~/.vscode/extensions/julialang.language-julia-1.219.2/scripts/packages/VSCodeServer/src/repl.jl:278
 [15] #evalrepl##2
    @ ~/.vscode/extensions/julialang.language-julia-1.219.2/scripts/packages/VSCodeServer/src/repl.jl:241 [inlined]
 [16] with_logstate(f::VSCodeServer.var"#evalrepl##2#evalrepl##3"{Module, Expr, REPL.LineEditREPL, REPL.LineEdit.Prompt}, logstate::Base.CoreLogging.LogState)
    @ Base.CoreLogging ./logging/logging.jl:542
 [17] with_logger
    @ ./logging/logging.jl:653 [inlined]
 [18] (::VSCodeServer.var"#evalrepl##0#evalrepl##1"{Module, Expr, REPL.LineEditREPL, REPL.LineEdit.Prompt})()
    @ VSCodeServer ~/.vscode/extensions/julialang.language-julia-1.219.2/scripts/packages/VSCodeServer/src/repl.jl:242
 [19] (::VSCodeServer.var"#start_eval_backend##0#start_eval_backend##1")()
    @ VSCodeServer ~/.vscode/extensions/julialang.language-julia-1.219.2/scripts/packages/VSCodeServer/src/eval.jl:34

ERROR in weighted_short (Spiel 6)
n=13, m=24
UndefVarError: `game` not defined in `ShannonSwitchingGame`
Suggestion: check for spelling errors or missing imports.
Stacktrace:
  [1] var"##core#281"()
    @ ShannonSwitchingGame ~/.julia/packages/BenchmarkTools/ZtsPk/src/execution.jl:647
  [2] var"##sample#282"(::Tuple{}, __params::BenchmarkTools.Parameters, __sample_ref::Base.RefValue{Tuple{Float64, Float64, Int64, Int64}}, __result_ref::Nothing)
    @ ShannonSwitchingGame ~/.julia/packages/BenchmarkTools/ZtsPk/src/execution.jl:659
  [3] _lineartrial(b::BenchmarkTools.Benchmark, p::BenchmarkTools.Parameters; maxevals::Int64, kwargs::@Kwargs{})
    @ BenchmarkTools ~/.julia/packages/BenchmarkTools/ZtsPk/src/execution.jl:222
  [4] _lineartrial(b::BenchmarkTools.Benchmark, p::BenchmarkTools.Parameters)
    @ BenchmarkTools ~/.julia/packages/BenchmarkTools/ZtsPk/src/execution.jl:216
  [5] #lineartrial#32
    @ ~/.julia/packages/BenchmarkTools/ZtsPk/src/execution.jl:53 [inlined]
  [6] lineartrial
    @ ~/.julia/packages/BenchmarkTools/ZtsPk/src/execution.jl:52 [inlined]
  [7] tune!(b::BenchmarkTools.Benchmark, p::BenchmarkTools.Parameters; progressid::Nothing, nleaves::Float64, ndone::Float64, verbose::Bool, pad::String, kwargs::@Kwargs{})
    @ BenchmarkTools ~/.julia/packages/BenchmarkTools/ZtsPk/src/execution.jl:341
  [8] tune! (repeats 2 times)
    @ ~/.julia/packages/BenchmarkTools/ZtsPk/src/execution.jl:330 [inlined]
  [9] macro expansion
    @ ~/.julia/packages/BenchmarkTools/ZtsPk/src/execution.jl:503 [inlined]
 [10] test()
    @ ShannonSwitchingGame ~/Documents/computerorientierte_Mathematik_II/Programmierprojekt/ShannonSwitchingGame/src/Wettbewerbsstrategie_Hilfsfunktionen.jl:581
 [11] top-level scope
    @ REPL[7]:1
 [12] eval(m::Module, e::Any)
    @ Core ./boot.jl:489
 [13] eval
    @ ./Base_compiler.jl:146 [inlined]
 [14] repleval(m::Module, code::Expr, ::String)
    @ VSCodeServer ~/.vscode/extensions/julialang.language-julia-1.219.2/scripts/packages/VSCodeServer/src/repl.jl:278
 [15] #evalrepl##2
    @ ~/.vscode/extensions/julialang.language-julia-1.219.2/scripts/packages/VSCodeServer/src/repl.jl:241 [inlined]
 [16] with_logstate(f::VSCodeServer.var"#evalrepl##2#evalrepl##3"{Module, Expr, REPL.LineEditREPL, REPL.LineEdit.Prompt}, logstate::Base.CoreLogging.LogState)
    @ Base.CoreLogging ./logging/logging.jl:542
 [17] with_logger
    @ ./logging/logging.jl:653 [inlined]
 [18] (::VSCodeServer.var"#evalrepl##0#evalrepl##1"{Module, Expr, REPL.LineEditREPL, REPL.LineEdit.Prompt})()
    @ VSCodeServer ~/.vscode/extensions/julialang.language-julia-1.219.2/scripts/packages/VSCodeServer/src/repl.jl:242
 [19] (::VSCodeServer.var"#start_eval_backend##0#start_eval_backend##1")()
    @ VSCodeServer ~/.vscode/extensions/julialang.language-julia-1.219.2/scripts/packages/VSCodeServer/src/eval.jl:34

ERROR in weighted_short (Spiel 6)
n=13, m=24
UndefVarError: `game` not defined in `ShannonSwitchingGame`
Suggestion: check for spelling errors or missing imports.
Stacktrace:
  [1] var"##core#281"()
    @ ShannonSwitchingGame ~/.julia/packages/BenchmarkTools/ZtsPk/src/execution.jl:647
  [2] var"##sample#282"(::Tuple{}, __params::BenchmarkTools.Parameters, __sample_ref::Base.RefValue{Tuple{Float64, Float64, Int64, Int64}}, __result_ref::Nothing)
    @ ShannonSwitchingGame ~/.julia/packages/BenchmarkTools/ZtsPk/src/execution.jl:659
  [3] _lineartrial(b::BenchmarkTools.Benchmark, p::BenchmarkTools.Parameters; maxevals::Int64, kwargs::@Kwargs{})
    @ BenchmarkTools ~/.julia/packages/BenchmarkTools/ZtsPk/src/execution.jl:222
  [4] _lineartrial(b::BenchmarkTools.Benchmark, p::BenchmarkTools.Parameters)
    @ BenchmarkTools ~/.julia/packages/BenchmarkTools/ZtsPk/src/execution.jl:216
  [5] #lineartrial#32
    @ ~/.julia/packages/BenchmarkTools/ZtsPk/src/execution.jl:53 [inlined]
  [6] lineartrial
    @ ~/.julia/packages/BenchmarkTools/ZtsPk/src/execution.jl:52 [inlined]
  [7] tune!(b::BenchmarkTools.Benchmark, p::BenchmarkTools.Parameters; progressid::Nothing, nleaves::Float64, ndone::Float64, verbose::Bool, pad::String, kwargs::@Kwargs{})
    @ BenchmarkTools ~/.julia/packages/BenchmarkTools/ZtsPk/src/execution.jl:341
  [8] tune! (repeats 2 times)
    @ ~/.julia/packages/BenchmarkTools/ZtsPk/src/execution.jl:330 [inlined]
  [9] macro expansion
    @ ~/.julia/packages/BenchmarkTools/ZtsPk/src/execution.jl:503 [inlined]
 [10] test()
    @ ShannonSwitchingGame ~/Documents/computerorientierte_Mathematik_II/Programmierprojekt/ShannonSwitchingGame/src/Wettbewerbsstrategie_Hilfsfunktionen.jl:581
 [11] top-level scope
    @ REPL[7]:1
 [12] eval(m::Module, e::Any)
    @ Core ./boot.jl:489
 [13] eval
    @ ./Base_compiler.jl:146 [inlined]
 [14] repleval(m::Module, code::Expr, ::String)
    @ VSCodeServer ~/.vscode/extensions/julialang.language-julia-1.219.2/scripts/packages/VSCodeServer/src/repl.jl:278
 [15] #evalrepl##2
    @ ~/.vscode/extensions/julialang.language-julia-1.219.2/scripts/packages/VSCodeServer/src/repl.jl:241 [inlined]
 [16] with_logstate(f::VSCodeServer.var"#evalrepl##2#evalrepl##3"{Module, Expr, REPL.LineEditREPL, REPL.LineEdit.Prompt}, logstate::Base.CoreLogging.LogState)
    @ Base.CoreLogging ./logging/logging.jl:542
 [17] with_logger
    @ ./logging/logging.jl:653 [inlined]
 [18] (::VSCodeServer.var"#evalrepl##0#evalrepl##1"{Module, Expr, REPL.LineEditREPL, REPL.LineEdit.Prompt})()
    @ VSCodeServer ~/.vscode/extensions/julialang.language-julia-1.219.2/scripts/packages/VSCodeServer/src/repl.jl:242
 [19] (::VSCodeServer.var"#start_eval_backend##0#start_eval_backend##1")()
    @ VSCodeServer ~/.vscode/extensions/julialang.language-julia-1.219.2/scripts/packages/VSCodeServer/src/eval.jl:34

ERROR in weighted_short (Spiel 6)
n=13, m=24
UndefVarError: `game` not defined in `ShannonSwitchingGame`
Suggestion: check for spelling errors or missing imports.
Stacktrace:
  [1] var"##core#281"()
    @ ShannonSwitchingGame ~/.julia/packages/BenchmarkTools/ZtsPk/src/execution.jl:647
  [2] var"##sample#282"(::Tuple{}, __params::BenchmarkTools.Parameters, __sample_ref::Base.RefValue{Tuple{Float64, Float64, Int64, Int64}}, __result_ref::Nothing)
    @ ShannonSwitchingGame ~/.julia/packages/BenchmarkTools/ZtsPk/src/execution.jl:659
  [3] _lineartrial(b::BenchmarkTools.Benchmark, p::BenchmarkTools.Parameters; maxevals::Int64, kwargs::@Kwargs{})
    @ BenchmarkTools ~/.julia/packages/BenchmarkTools/ZtsPk/src/execution.jl:222
  [4] _lineartrial(b::BenchmarkTools.Benchmark, p::BenchmarkTools.Parameters)
    @ BenchmarkTools ~/.julia/packages/BenchmarkTools/ZtsPk/src/execution.jl:216
  [5] #lineartrial#32
    @ ~/.julia/packages/BenchmarkTools/ZtsPk/src/execution.jl:53 [inlined]
  [6] lineartrial
    @ ~/.julia/packages/BenchmarkTools/ZtsPk/src/execution.jl:52 [inlined]
  [7] tune!(b::BenchmarkTools.Benchmark, p::BenchmarkTools.Parameters; progressid::Nothing, nleaves::Float64, ndone::Float64, verbose::Bool, pad::String, kwargs::@Kwargs{})
    @ BenchmarkTools ~/.julia/packages/BenchmarkTools/ZtsPk/src/execution.jl:341
  [8] tune! (repeats 2 times)
    @ ~/.julia/packages/BenchmarkTools/ZtsPk/src/execution.jl:330 [inlined]
  [9] macro expansion
    @ ~/.julia/packages/BenchmarkTools/ZtsPk/src/execution.jl:503 [inlined]
 [10] test()
    @ ShannonSwitchingGame ~/Documents/computerorientierte_Mathematik_II/Programmierprojekt/ShannonSwitchingGame/src/Wettbewerbsstrategie_Hilfsfunktionen.jl:581
 [11] top-level scope
    @ REPL[7]:1
 [12] eval(m::Module, e::Any)
    @ Core ./boot.jl:489
 [13] eval
    @ ./Base_compiler.jl:146 [inlined]
 [14] repleval(m::Module, code::Expr, ::String)
    @ VSCodeServer ~/.vscode/extensions/julialang.language-julia-1.219.2/scripts/packages/VSCodeServer/src/repl.jl:278
 [15] #evalrepl##2
    @ ~/.vscode/extensions/julialang.language-julia-1.219.2/scripts/packages/VSCodeServer/src/repl.jl:241 [inlined]
 [16] with_logstate(f::VSCodeServer.var"#evalrepl##2#evalrepl##3"{Module, Expr, REPL.LineEditREPL, REPL.LineEdit.Prompt}, logstate::Base.CoreLogging.LogState)
    @ Base.CoreLogging ./logging/logging.jl:542
 [17] with_logger
    @ ./logging/logging.jl:653 [inlined]
 [18] (::VSCodeServer.var"#evalrepl##0#evalrepl##1"{Module, Expr, REPL.LineEditREPL, REPL.LineEdit.Prompt})()
    @ VSCodeServer ~/.vscode/extensions/julialang.language-julia-1.219.2/scripts/packages/VSCodeServer/src/repl.jl:242
 [19] (::VSCodeServer.var"#start_eval_backend##0#start_eval_backend##1")()
    @ VSCodeServer ~/.vscode/extensions/julialang.language-julia-1.219.2/scripts/packages/VSCodeServer/src/eval.jl:34

ERROR in weighted_short (Spiel 6)
n=13, m=24
UndefVarError: `game` not defined in `ShannonSwitchingGame`
Suggestion: check for spelling errors or missing imports.
Stacktrace:
  [1] var"##core#281"()
    @ ShannonSwitchingGame ~/.julia/packages/BenchmarkTools/ZtsPk/src/execution.jl:647
  [2] var"##sample#282"(::Tuple{}, __params::BenchmarkTools.Parameters, __sample_ref::Base.RefValue{Tuple{Float64, Float64, Int64, Int64}}, __result_ref::Nothing)
    @ ShannonSwitchingGame ~/.julia/packages/BenchmarkTools/ZtsPk/src/execution.jl:659
  [3] _lineartrial(b::BenchmarkTools.Benchmark, p::BenchmarkTools.Parameters; maxevals::Int64, kwargs::@Kwargs{})
    @ BenchmarkTools ~/.julia/packages/BenchmarkTools/ZtsPk/src/execution.jl:222
  [4] _lineartrial(b::BenchmarkTools.Benchmark, p::BenchmarkTools.Parameters)
    @ BenchmarkTools ~/.julia/packages/BenchmarkTools/ZtsPk/src/execution.jl:216
  [5] #lineartrial#32
    @ ~/.julia/packages/BenchmarkTools/ZtsPk/src/execution.jl:53 [inlined]
  [6] lineartrial
    @ ~/.julia/packages/BenchmarkTools/ZtsPk/src/execution.jl:52 [inlined]
  [7] tune!(b::BenchmarkTools.Benchmark, p::BenchmarkTools.Parameters; progressid::Nothing, nleaves::Float64, ndone::Float64, verbose::Bool, pad::String, kwargs::@Kwargs{})
    @ BenchmarkTools ~/.julia/packages/BenchmarkTools/ZtsPk/src/execution.jl:341
  [8] tune! (repeats 2 times)
    @ ~/.julia/packages/BenchmarkTools/ZtsPk/src/execution.jl:330 [inlined]
  [9] macro expansion
    @ ~/.julia/packages/BenchmarkTools/ZtsPk/src/execution.jl:503 [inlined]
 [10] test()
    @ ShannonSwitchingGame ~/Documents/computerorientierte_Mathematik_II/Programmierprojekt/ShannonSwitchingGame/src/Wettbewerbsstrategie_Hilfsfunktionen.jl:581
 [11] top-level scope
    @ REPL[7]:1
 [12] eval(m::Module, e::Any)
    @ Core ./boot.jl:489
 [13] eval
    @ ./Base_compiler.jl:146 [inlined]
 [14] repleval(m::Module, code::Expr, ::String)
    @ VSCodeServer ~/.vscode/extensions/julialang.language-julia-1.219.2/scripts/packages/VSCodeServer/src/repl.jl:278
 [15] #evalrepl##2
    @ ~/.vscode/extensions/julialang.language-julia-1.219.2/scripts/packages/VSCodeServer/src/repl.jl:241 [inlined]
 [16] with_logstate(f::VSCodeServer.var"#evalrepl##2#evalrepl##3"{Module, Expr, REPL.LineEditREPL, REPL.LineEdit.Prompt}, logstate::Base.CoreLogging.LogState)
    @ Base.CoreLogging ./logging/logging.jl:542
 [17] with_logger
    @ ./logging/logging.jl:653 [inlined]
 [18] (::VSCodeServer.var"#evalrepl##0#evalrepl##1"{Module, Expr, REPL.LineEditREPL, REPL.LineEdit.Prompt})()
    @ VSCodeServer ~/.vscode/extensions/julialang.language-julia-1.219.2/scripts/packages/VSCodeServer/src/repl.jl:242
 [19] (::VSCodeServer.var"#start_eval_backend##0#start_eval_backend##1")()
    @ VSCodeServer ~/.vscode/extensions/julialang.language-julia-1.219.2/scripts/packages/VSCodeServer/src/eval.jl:34

ERROR in weighted_short (Spiel 6)
n=13, m=24
UndefVarError: `game` not defined in `ShannonSwitchingGame`
Suggestion: check for spelling errors or missing imports.
Stacktrace:
  [1] var"##core#281"()
    @ ShannonSwitchingGame ~/.julia/packages/BenchmarkTools/ZtsPk/src/execution.jl:647
  [2] var"##sample#282"(::Tuple{}, __params::BenchmarkTools.Parameters, __sample_ref::Base.RefValue{Tuple{Float64, Float64, Int64, Int64}}, __result_ref::Nothing)
    @ ShannonSwitchingGame ~/.julia/packages/BenchmarkTools/ZtsPk/src/execution.jl:659
  [3] _lineartrial(b::BenchmarkTools.Benchmark, p::BenchmarkTools.Parameters; maxevals::Int64, kwargs::@Kwargs{})
    @ BenchmarkTools ~/.julia/packages/BenchmarkTools/ZtsPk/src/execution.jl:222
  [4] _lineartrial(b::BenchmarkTools.Benchmark, p::BenchmarkTools.Parameters)
    @ BenchmarkTools ~/.julia/packages/BenchmarkTools/ZtsPk/src/execution.jl:216
  [5] #lineartrial#32
    @ ~/.julia/packages/BenchmarkTools/ZtsPk/src/execution.jl:53 [inlined]
  [6] lineartrial
    @ ~/.julia/packages/BenchmarkTools/ZtsPk/src/execution.jl:52 [inlined]
  [7] tune!(b::BenchmarkTools.Benchmark, p::BenchmarkTools.Parameters; progressid::Nothing, nleaves::Float64, ndone::Float64, verbose::Bool, pad::String, kwargs::@Kwargs{})
    @ BenchmarkTools ~/.julia/packages/BenchmarkTools/ZtsPk/src/execution.jl:341
  [8] tune! (repeats 2 times)
    @ ~/.julia/packages/BenchmarkTools/ZtsPk/src/execution.jl:330 [inlined]
  [9] macro expansion
    @ ~/.julia/packages/BenchmarkTools/ZtsPk/src/execution.jl:503 [inlined]
 [10] test()
    @ ShannonSwitchingGame ~/Documents/computerorientierte_Mathematik_II/Programmierprojekt/ShannonSwitchingGame/src/Wettbewerbsstrategie_Hilfsfunktionen.jl:581
 [11] top-level scope
    @ REPL[7]:1
 [12] eval(m::Module, e::Any)
    @ Core ./boot.jl:489
 [13] eval
    @ ./Base_compiler.jl:146 [inlined]
 [14] repleval(m::Module, code::Expr, ::String)
    @ VSCodeServer ~/.vscode/extensions/julialang.language-julia-1.219.2/scripts/packages/VSCodeServer/src/repl.jl:278
 [15] #evalrepl##2
    @ ~/.vscode/extensions/julialang.language-julia-1.219.2/scripts/packages/VSCodeServer/src/repl.jl:241 [inlined]
 [16] with_logstate(f::VSCodeServer.var"#evalrepl##2#evalrepl##3"{Module, Expr, REPL.LineEditREPL, REPL.LineEdit.Prompt}, logstate::Base.CoreLogging.LogState)
    @ Base.CoreLogging ./logging/logging.jl:542
 [17] with_logger
    @ ./logging/logging.jl:653 [inlined]
 [18] (::VSCodeServer.var"#evalrepl##0#evalrepl##1"{Module, Expr, REPL.LineEditREPL, REPL.LineEdit.Prompt})()
    @ VSCodeServer ~/.vscode/extensions/julialang.language-julia-1.219.2/scripts/packages/VSCodeServer/src/repl.jl:242
 [19] (::VSCodeServer.var"#start_eval_backend##0#start_eval_backend##1")()
    @ VSCodeServer ~/.vscode/extensions/julialang.language-julia-1.219.2/scripts/packages/VSCodeServer/src/eval.jl:34

ERROR in weighted_cut (Spiel 7)
n=8, m=15
UndefVarError: `game` not defined in `ShannonSwitchingGame`
Suggestion: check for spelling errors or missing imports.
Stacktrace:
  [1] var"##core#279"()
    @ ShannonSwitchingGame ~/.julia/packages/BenchmarkTools/ZtsPk/src/execution.jl:647
  [2] var"##sample#280"(::Tuple{}, __params::BenchmarkTools.Parameters, __sample_ref::Base.RefValue{Tuple{Float64, Float64, Int64, Int64}}, __result_ref::Nothing)
    @ ShannonSwitchingGame ~/.julia/packages/BenchmarkTools/ZtsPk/src/execution.jl:659
  [3] _lineartrial(b::BenchmarkTools.Benchmark, p::BenchmarkTools.Parameters; maxevals::Int64, kwargs::@Kwargs{})
    @ BenchmarkTools ~/.julia/packages/BenchmarkTools/ZtsPk/src/execution.jl:222
  [4] _lineartrial(b::BenchmarkTools.Benchmark, p::BenchmarkTools.Parameters)
    @ BenchmarkTools ~/.julia/packages/BenchmarkTools/ZtsPk/src/execution.jl:216
  [5] #lineartrial#32
    @ ~/.julia/packages/BenchmarkTools/ZtsPk/src/execution.jl:53 [inlined]
  [6] lineartrial
    @ ~/.julia/packages/BenchmarkTools/ZtsPk/src/execution.jl:52 [inlined]
  [7] tune!(b::BenchmarkTools.Benchmark, p::BenchmarkTools.Parameters; progressid::Nothing, nleaves::Float64, ndone::Float64, verbose::Bool, pad::String, kwargs::@Kwargs{})
    @ BenchmarkTools ~/.julia/packages/BenchmarkTools/ZtsPk/src/execution.jl:341
  [8] tune! (repeats 2 times)
    @ ~/.julia/packages/BenchmarkTools/ZtsPk/src/execution.jl:330 [inlined]
  [9] macro expansion
    @ ~/.julia/packages/BenchmarkTools/ZtsPk/src/execution.jl:503 [inlined]
 [10] test()
    @ ShannonSwitchingGame ~/Documents/computerorientierte_Mathematik_II/Programmierprojekt/ShannonSwitchingGame/src/Wettbewerbsstrategie_Hilfsfunktionen.jl:532
 [11] top-level scope
    @ REPL[7]:1
 [12] eval(m::Module, e::Any)
    @ Core ./boot.jl:489
 [13] eval
    @ ./Base_compiler.jl:146 [inlined]
 [14] repleval(m::Module, code::Expr, ::String)
    @ VSCodeServer ~/.vscode/extensions/julialang.language-julia-1.219.2/scripts/packages/VSCodeServer/src/repl.jl:278
 [15] #evalrepl##2
    @ ~/.vscode/extensions/julialang.language-julia-1.219.2/scripts/packages/VSCodeServer/src/repl.jl:241 [inlined]
 [16] with_logstate(f::VSCodeServer.var"#evalrepl##2#evalrepl##3"{Module, Expr, REPL.LineEditREPL, REPL.LineEdit.Prompt}, logstate::Base.CoreLogging.LogState)
    @ Base.CoreLogging ./logging/logging.jl:542
 [17] with_logger
    @ ./logging/logging.jl:653 [inlined]
 [18] (::VSCodeServer.var"#evalrepl##0#evalrepl##1"{Module, Expr, REPL.LineEditREPL, REPL.LineEdit.Prompt})()
    @ VSCodeServer ~/.vscode/extensions/julialang.language-julia-1.219.2/scripts/packages/VSCodeServer/src/repl.jl:242
 [19] (::VSCodeServer.var"#start_eval_backend##0#start_eval_backend##1")()
    @ VSCodeServer ~/.vscode/extensions/julialang.language-julia-1.219.2/scripts/packages/VSCodeServer/src/eval.jl:34


ERROR in weighted_cut (Spiel 7)
n=8, m=15
UndefVarError: `game` not defined in `ShannonSwitchingGame`
Suggestion: check for spelling errors or missing imports.
Stacktrace:
  [1] var"##core#279"()
    @ ShannonSwitchingGame ~/.julia/packages/BenchmarkTools/ZtsPk/src/execution.jl:647
  [2] var"##sample#280"(::Tuple{}, __params::BenchmarkTools.Parameters, __sample_ref::Base.RefValue{Tuple{Float64, Float64, Int64, Int64}}, __result_ref::Nothing)
    @ ShannonSwitchingGame ~/.julia/packages/BenchmarkTools/ZtsPk/src/execution.jl:659
  [3] _lineartrial(b::BenchmarkTools.Benchmark, p::BenchmarkTools.Parameters; maxevals::Int64, kwargs::@Kwargs{})
    @ BenchmarkTools ~/.julia/packages/BenchmarkTools/ZtsPk/src/execution.jl:222
  [4] _lineartrial(b::BenchmarkTools.Benchmark, p::BenchmarkTools.Parameters)
    @ BenchmarkTools ~/.julia/packages/BenchmarkTools/ZtsPk/src/execution.jl:216
  [5] #lineartrial#32
    @ ~/.julia/packages/BenchmarkTools/ZtsPk/src/execution.jl:53 [inlined]
  [6] lineartrial
    @ ~/.julia/packages/BenchmarkTools/ZtsPk/src/execution.jl:52 [inlined]
  [7] tune!(b::BenchmarkTools.Benchmark, p::BenchmarkTools.Parameters; progressid::Nothing, nleaves::Float64, ndone::Float64, verbose::Bool, pad::String, kwargs::@Kwargs{})
    @ BenchmarkTools ~/.julia/packages/BenchmarkTools/ZtsPk/src/execution.jl:341
  [8] tune! (repeats 2 times)
    @ ~/.julia/packages/BenchmarkTools/ZtsPk/src/execution.jl:330 [inlined]
  [9] macro expansion
    @ ~/.julia/packages/BenchmarkTools/ZtsPk/src/execution.jl:503 [inlined]
 [10] test()
    @ ShannonSwitchingGame ~/Documents/computerorientierte_Mathematik_II/Programmierprojekt/ShannonSwitchingGame/src/Wettbewerbsstrategie_Hilfsfunktionen.jl:532
 [11] top-level scope
    @ REPL[7]:1
 [12] eval(m::Module, e::Any)
    @ Core ./boot.jl:489
 [13] eval
    @ ./Base_compiler.jl:146 [inlined]
 [14] repleval(m::Module, code::Expr, ::String)
    @ VSCodeServer ~/.vscode/extensions/julialang.language-julia-1.219.2/scripts/packages/VSCodeServer/src/repl.jl:278
 [15] #evalrepl##2
    @ ~/.vscode/extensions/julialang.language-julia-1.219.2/scripts/packages/VSCodeServer/src/repl.jl:241 [inlined]
 [16] with_logstate(f::VSCodeServer.var"#evalrepl##2#evalrepl##3"{Module, Expr, REPL.LineEditREPL, REPL.LineEdit.Prompt}, logstate::Base.CoreLogging.LogState)
    @ Base.CoreLogging ./logging/logging.jl:542
 [17] with_logger
    @ ./logging/logging.jl:653 [inlined]
 [18] (::VSCodeServer.var"#evalrepl##0#evalrepl##1"{Module, Expr, REPL.LineEditREPL, REPL.LineEdit.Prompt})()
    @ VSCodeServer ~/.vscode/extensions/julialang.language-julia-1.219.2/scripts/packages/VSCodeServer/src/repl.jl:242
 [19] (::VSCodeServer.var"#start_eval_backend##0#start_eval_backend##1")()
    @ VSCodeServer ~/.vscode/extensions/julialang.language-julia-1.219.2/scripts/packages/VSCodeServer/src/eval.jl:34


ERROR in weighted_cut (Spiel 7)
n=8, m=15
UndefVarError: `game` not defined in `ShannonSwitchingGame`
Suggestion: check for spelling errors or missing imports.
Stacktrace:
  [1] var"##core#279"()
    @ ShannonSwitchingGame ~/.julia/packages/BenchmarkTools/ZtsPk/src/execution.jl:647
  [2] var"##sample#280"(::Tuple{}, __params::BenchmarkTools.Parameters, __sample_ref::Base.RefValue{Tuple{Float64, Float64, Int64, Int64}}, __result_ref::Nothing)
    @ ShannonSwitchingGame ~/.julia/packages/BenchmarkTools/ZtsPk/src/execution.jl:659
  [3] _lineartrial(b::BenchmarkTools.Benchmark, p::BenchmarkTools.Parameters; maxevals::Int64, kwargs::@Kwargs{})
    @ BenchmarkTools ~/.julia/packages/BenchmarkTools/ZtsPk/src/execution.jl:222
  [4] _lineartrial(b::BenchmarkTools.Benchmark, p::BenchmarkTools.Parameters)
    @ BenchmarkTools ~/.julia/packages/BenchmarkTools/ZtsPk/src/execution.jl:216
  [5] #lineartrial#32
    @ ~/.julia/packages/BenchmarkTools/ZtsPk/src/execution.jl:53 [inlined]
  [6] lineartrial
    @ ~/.julia/packages/BenchmarkTools/ZtsPk/src/execution.jl:52 [inlined]
  [7] tune!(b::BenchmarkTools.Benchmark, p::BenchmarkTools.Parameters; progressid::Nothing, nleaves::Float64, ndone::Float64, verbose::Bool, pad::String, kwargs::@Kwargs{})
    @ BenchmarkTools ~/.julia/packages/BenchmarkTools/ZtsPk/src/execution.jl:341
  [8] tune! (repeats 2 times)
    @ ~/.julia/packages/BenchmarkTools/ZtsPk/src/execution.jl:330 [inlined]
  [9] macro expansion
    @ ~/.julia/packages/BenchmarkTools/ZtsPk/src/execution.jl:503 [inlined]
 [10] test()
    @ ShannonSwitchingGame ~/Documents/computerorientierte_Mathematik_II/Programmierprojekt/ShannonSwitchingGame/src/Wettbewerbsstrategie_Hilfsfunktionen.jl:532
 [11] top-level scope
    @ REPL[7]:1
 [12] eval(m::Module, e::Any)
    @ Core ./boot.jl:489
 [13] eval
    @ ./Base_compiler.jl:146 [inlined]
 [14] repleval(m::Module, code::Expr, ::String)
    @ VSCodeServer ~/.vscode/extensions/julialang.language-julia-1.219.2/scripts/packages/VSCodeServer/src/repl.jl:278
 [15] #evalrepl##2
    @ ~/.vscode/extensions/julialang.language-julia-1.219.2/scripts/packages/VSCodeServer/src/repl.jl:241 [inlined]
 [16] with_logstate(f::VSCodeServer.var"#evalrepl##2#evalrepl##3"{Module, Expr, REPL.LineEditREPL, REPL.LineEdit.Prompt}, logstate::Base.CoreLogging.LogState)
    @ Base.CoreLogging ./logging/logging.jl:542
 [17] with_logger
    @ ./logging/logging.jl:653 [inlined]
 [18] (::VSCodeServer.var"#evalrepl##0#evalrepl##1"{Module, Expr, REPL.LineEditREPL, REPL.LineEdit.Prompt})()
    @ VSCodeServer ~/.vscode/extensions/julialang.language-julia-1.219.2/scripts/packages/VSCodeServer/src/repl.jl:242
 [19] (::VSCodeServer.var"#start_eval_backend##0#start_eval_backend##1")()
    @ VSCodeServer ~/.vscode/extensions/julialang.language-julia-1.219.2/scripts/packages/VSCodeServer/src/eval.jl:34


ERROR in weighted_cut (Spiel 7)
n=8, m=15
UndefVarError: `game` not defined in `ShannonSwitchingGame`
Suggestion: check for spelling errors or missing imports.
Stacktrace:
  [1] var"##core#279"()
    @ ShannonSwitchingGame ~/.julia/packages/BenchmarkTools/ZtsPk/src/execution.jl:647
  [2] var"##sample#280"(::Tuple{}, __params::BenchmarkTools.Parameters, __sample_ref::Base.RefValue{Tuple{Float64, Float64, Int64, Int64}}, __result_ref::Nothing)
    @ ShannonSwitchingGame ~/.julia/packages/BenchmarkTools/ZtsPk/src/execution.jl:659
  [3] _lineartrial(b::BenchmarkTools.Benchmark, p::BenchmarkTools.Parameters; maxevals::Int64, kwargs::@Kwargs{})
    @ BenchmarkTools ~/.julia/packages/BenchmarkTools/ZtsPk/src/execution.jl:222
  [4] _lineartrial(b::BenchmarkTools.Benchmark, p::BenchmarkTools.Parameters)
    @ BenchmarkTools ~/.julia/packages/BenchmarkTools/ZtsPk/src/execution.jl:216
  [5] #lineartrial#32
    @ ~/.julia/packages/BenchmarkTools/ZtsPk/src/execution.jl:53 [inlined]
  [6] lineartrial
    @ ~/.julia/packages/BenchmarkTools/ZtsPk/src/execution.jl:52 [inlined]
  [7] tune!(b::BenchmarkTools.Benchmark, p::BenchmarkTools.Parameters; progressid::Nothing, nleaves::Float64, ndone::Float64, verbose::Bool, pad::String, kwargs::@Kwargs{})
    @ BenchmarkTools ~/.julia/packages/BenchmarkTools/ZtsPk/src/execution.jl:341
  [8] tune! (repeats 2 times)
    @ ~/.julia/packages/BenchmarkTools/ZtsPk/src/execution.jl:330 [inlined]
  [9] macro expansion
    @ ~/.julia/packages/BenchmarkTools/ZtsPk/src/execution.jl:503 [inlined]
 [10] test()
    @ ShannonSwitchingGame ~/Documents/computerorientierte_Mathematik_II/Programmierprojekt/ShannonSwitchingGame/src/Wettbewerbsstrategie_Hilfsfunktionen.jl:532
 [11] top-level scope
    @ REPL[7]:1
 [12] eval(m::Module, e::Any)
    @ Core ./boot.jl:489
 [13] eval
    @ ./Base_compiler.jl:146 [inlined]
 [14] repleval(m::Module, code::Expr, ::String)
    @ VSCodeServer ~/.vscode/extensions/julialang.language-julia-1.219.2/scripts/packages/VSCodeServer/src/repl.jl:278
 [15] #evalrepl##2
    @ ~/.vscode/extensions/julialang.language-julia-1.219.2/scripts/packages/VSCodeServer/src/repl.jl:241 [inlined]
 [16] with_logstate(f::VSCodeServer.var"#evalrepl##2#evalrepl##3"{Module, Expr, REPL.LineEditREPL, REPL.LineEdit.Prompt}, logstate::Base.CoreLogging.LogState)
    @ Base.CoreLogging ./logging/logging.jl:542
 [17] with_logger
    @ ./logging/logging.jl:653 [inlined]
 [18] (::VSCodeServer.var"#evalrepl##0#evalrepl##1"{Module, Expr, REPL.LineEditREPL, REPL.LineEdit.Prompt})()
    @ VSCodeServer ~/.vscode/extensions/julialang.language-julia-1.219.2/scripts/packages/VSCodeServer/src/repl.jl:242
 [19] (::VSCodeServer.var"#start_eval_backend##0#start_eval_backend##1")()
    @ VSCodeServer ~/.vscode/extensions/julialang.language-julia-1.219.2/scripts/packages/VSCodeServer/src/eval.jl:34


ERROR in weighted_cut (Spiel 7)
n=8, m=15
UndefVarError: `game` not defined in `ShannonSwitchingGame`
Suggestion: check for spelling errors or missing imports.
Stacktrace:
  [1] var"##core#279"()
    @ ShannonSwitchingGame ~/.julia/packages/BenchmarkTools/ZtsPk/src/execution.jl:647
  [2] var"##sample#280"(::Tuple{}, __params::BenchmarkTools.Parameters, __sample_ref::Base.RefValue{Tuple{Float64, Float64, Int64, Int64}}, __result_ref::Nothing)
    @ ShannonSwitchingGame ~/.julia/packages/BenchmarkTools/ZtsPk/src/execution.jl:659
  [3] _lineartrial(b::BenchmarkTools.Benchmark, p::BenchmarkTools.Parameters; maxevals::Int64, kwargs::@Kwargs{})
    @ BenchmarkTools ~/.julia/packages/BenchmarkTools/ZtsPk/src/execution.jl:222
  [4] _lineartrial(b::BenchmarkTools.Benchmark, p::BenchmarkTools.Parameters)
    @ BenchmarkTools ~/.julia/packages/BenchmarkTools/ZtsPk/src/execution.jl:216
  [5] #lineartrial#32
    @ ~/.julia/packages/BenchmarkTools/ZtsPk/src/execution.jl:53 [inlined]
  [6] lineartrial
    @ ~/.julia/packages/BenchmarkTools/ZtsPk/src/execution.jl:52 [inlined]
  [7] tune!(b::BenchmarkTools.Benchmark, p::BenchmarkTools.Parameters; progressid::Nothing, nleaves::Float64, ndone::Float64, verbose::Bool, pad::String, kwargs::@Kwargs{})
    @ BenchmarkTools ~/.julia/packages/BenchmarkTools/ZtsPk/src/execution.jl:341
  [8] tune! (repeats 2 times)
    @ ~/.julia/packages/BenchmarkTools/ZtsPk/src/execution.jl:330 [inlined]
  [9] macro expansion
    @ ~/.julia/packages/BenchmarkTools/ZtsPk/src/execution.jl:503 [inlined]
 [10] test()
    @ ShannonSwitchingGame ~/Documents/computerorientierte_Mathematik_II/Programmierprojekt/ShannonSwitchingGame/src/Wettbewerbsstrategie_Hilfsfunktionen.jl:532
 [11] top-level scope
    @ REPL[7]:1
 [12] eval(m::Module, e::Any)
    @ Core ./boot.jl:489
 [13] eval
    @ ./Base_compiler.jl:146 [inlined]
 [14] repleval(m::Module, code::Expr, ::String)
    @ VSCodeServer ~/.vscode/extensions/julialang.language-julia-1.219.2/scripts/packages/VSCodeServer/src/repl.jl:278
 [15] #evalrepl##2
    @ ~/.vscode/extensions/julialang.language-julia-1.219.2/scripts/packages/VSCodeServer/src/repl.jl:241 [inlined]
 [16] with_logstate(f::VSCodeServer.var"#evalrepl##2#evalrepl##3"{Module, Expr, REPL.LineEditREPL, REPL.LineEdit.Prompt}, logstate::Base.CoreLogging.LogState)
    @ Base.CoreLogging ./logging/logging.jl:542
 [17] with_logger
    @ ./logging/logging.jl:653 [inlined]
 [18] (::VSCodeServer.var"#evalrepl##0#evalrepl##1"{Module, Expr, REPL.LineEditREPL, REPL.LineEdit.Prompt})()
    @ VSCodeServer ~/.vscode/extensions/julialang.language-julia-1.219.2/scripts/packages/VSCodeServer/src/repl.jl:242
 [19] (::VSCodeServer.var"#start_eval_backend##0#start_eval_backend##1")()
    @ VSCodeServer ~/.vscode/extensions/julialang.language-julia-1.219.2/scripts/packages/VSCodeServer/src/eval.jl:34


ERROR in weighted_cut (Spiel 7)
n=8, m=15
UndefVarError: `game` not defined in `ShannonSwitchingGame`
Suggestion: check for spelling errors or missing imports.
Stacktrace:
  [1] var"##core#279"()
    @ ShannonSwitchingGame ~/.julia/packages/BenchmarkTools/ZtsPk/src/execution.jl:647
  [2] var"##sample#280"(::Tuple{}, __params::BenchmarkTools.Parameters, __sample_ref::Base.RefValue{Tuple{Float64, Float64, Int64, Int64}}, __result_ref::Nothing)
    @ ShannonSwitchingGame ~/.julia/packages/BenchmarkTools/ZtsPk/src/execution.jl:659
  [3] _lineartrial(b::BenchmarkTools.Benchmark, p::BenchmarkTools.Parameters; maxevals::Int64, kwargs::@Kwargs{})
    @ BenchmarkTools ~/.julia/packages/BenchmarkTools/ZtsPk/src/execution.jl:222
  [4] _lineartrial(b::BenchmarkTools.Benchmark, p::BenchmarkTools.Parameters)
    @ BenchmarkTools ~/.julia/packages/BenchmarkTools/ZtsPk/src/execution.jl:216
  [5] #lineartrial#32
    @ ~/.julia/packages/BenchmarkTools/ZtsPk/src/execution.jl:53 [inlined]
  [6] lineartrial
    @ ~/.julia/packages/BenchmarkTools/ZtsPk/src/execution.jl:52 [inlined]
  [7] tune!(b::BenchmarkTools.Benchmark, p::BenchmarkTools.Parameters; progressid::Nothing, nleaves::Float64, ndone::Float64, verbose::Bool, pad::String, kwargs::@Kwargs{})
    @ BenchmarkTools ~/.julia/packages/BenchmarkTools/ZtsPk/src/execution.jl:341
  [8] tune! (repeats 2 times)
    @ ~/.julia/packages/BenchmarkTools/ZtsPk/src/execution.jl:330 [inlined]
  [9] macro expansion
    @ ~/.julia/packages/BenchmarkTools/ZtsPk/src/execution.jl:503 [inlined]
 [10] test()
    @ ShannonSwitchingGame ~/Documents/computerorientierte_Mathematik_II/Programmierprojekt/ShannonSwitchingGame/src/Wettbewerbsstrategie_Hilfsfunktionen.jl:532
 [11] top-level scope
    @ REPL[7]:1
 [12] eval(m::Module, e::Any)
    @ Core ./boot.jl:489
 [13] eval
    @ ./Base_compiler.jl:146 [inlined]
 [14] repleval(m::Module, code::Expr, ::String)
    @ VSCodeServer ~/.vscode/extensions/julialang.language-julia-1.219.2/scripts/packages/VSCodeServer/src/repl.jl:278
 [15] #evalrepl##2
    @ ~/.vscode/extensions/julialang.language-julia-1.219.2/scripts/packages/VSCodeServer/src/repl.jl:241 [inlined]
 [16] with_logstate(f::VSCodeServer.var"#evalrepl##2#evalrepl##3"{Module, Expr, REPL.LineEditREPL, REPL.LineEdit.Prompt}, logstate::Base.CoreLogging.LogState)
    @ Base.CoreLogging ./logging/logging.jl:542
 [17] with_logger
    @ ./logging/logging.jl:653 [inlined]
 [18] (::VSCodeServer.var"#evalrepl##0#evalrepl##1"{Module, Expr, REPL.LineEditREPL, REPL.LineEdit.Prompt})()
    @ VSCodeServer ~/.vscode/extensions/julialang.language-julia-1.219.2/scripts/packages/VSCodeServer/src/repl.jl:242
 [19] (::VSCodeServer.var"#start_eval_backend##0#start_eval_backend##1")()
    @ VSCodeServer ~/.vscode/extensions/julialang.language-julia-1.219.2/scripts/packages/VSCodeServer/src/eval.jl:34


ERROR in weighted_cut (Spiel 7)
n=8, m=15
UndefVarError: `game` not defined in `ShannonSwitchingGame`
Suggestion: check for spelling errors or missing imports.
Stacktrace:
  [1] var"##core#279"()
    @ ShannonSwitchingGame ~/.julia/packages/BenchmarkTools/ZtsPk/src/execution.jl:647
  [2] var"##sample#280"(::Tuple{}, __params::BenchmarkTools.Parameters, __sample_ref::Base.RefValue{Tuple{Float64, Float64, Int64, Int64}}, __result_ref::Nothing)
    @ ShannonSwitchingGame ~/.julia/packages/BenchmarkTools/ZtsPk/src/execution.jl:659
  [3] _lineartrial(b::BenchmarkTools.Benchmark, p::BenchmarkTools.Parameters; maxevals::Int64, kwargs::@Kwargs{})
    @ BenchmarkTools ~/.julia/packages/BenchmarkTools/ZtsPk/src/execution.jl:222
  [4] _lineartrial(b::BenchmarkTools.Benchmark, p::BenchmarkTools.Parameters)
    @ BenchmarkTools ~/.julia/packages/BenchmarkTools/ZtsPk/src/execution.jl:216
  [5] #lineartrial#32
    @ ~/.julia/packages/BenchmarkTools/ZtsPk/src/execution.jl:53 [inlined]
  [6] lineartrial
    @ ~/.julia/packages/BenchmarkTools/ZtsPk/src/execution.jl:52 [inlined]
  [7] tune!(b::BenchmarkTools.Benchmark, p::BenchmarkTools.Parameters; progressid::Nothing, nleaves::Float64, ndone::Float64, verbose::Bool, pad::String, kwargs::@Kwargs{})
    @ BenchmarkTools ~/.julia/packages/BenchmarkTools/ZtsPk/src/execution.jl:341
  [8] tune! (repeats 2 times)
    @ ~/.julia/packages/BenchmarkTools/ZtsPk/src/execution.jl:330 [inlined]
  [9] macro expansion
    @ ~/.julia/packages/BenchmarkTools/ZtsPk/src/execution.jl:503 [inlined]
 [10] test()
    @ ShannonSwitchingGame ~/Documents/computerorientierte_Mathematik_II/Programmierprojekt/ShannonSwitchingGame/src/Wettbewerbsstrategie_Hilfsfunktionen.jl:532
 [11] top-level scope
    @ REPL[7]:1
 [12] eval(m::Module, e::Any)
    @ Core ./boot.jl:489
 [13] eval
    @ ./Base_compiler.jl:146 [inlined]
 [14] repleval(m::Module, code::Expr, ::String)
    @ VSCodeServer ~/.vscode/extensions/julialang.language-julia-1.219.2/scripts/packages/VSCodeServer/src/repl.jl:278
 [15] #evalrepl##2
    @ ~/.vscode/extensions/julialang.language-julia-1.219.2/scripts/packages/VSCodeServer/src/repl.jl:241 [inlined]
 [16] with_logstate(f::VSCodeServer.var"#evalrepl##2#evalrepl##3"{Module, Expr, REPL.LineEditREPL, REPL.LineEdit.Prompt}, logstate::Base.CoreLogging.LogState)
    @ Base.CoreLogging ./logging/logging.jl:542
 [17] with_logger
    @ ./logging/logging.jl:653 [inlined]
 [18] (::VSCodeServer.var"#evalrepl##0#evalrepl##1"{Module, Expr, REPL.LineEditREPL, REPL.LineEdit.Prompt})()
    @ VSCodeServer ~/.vscode/extensions/julialang.language-julia-1.219.2/scripts/packages/VSCodeServer/src/repl.jl:242
 [19] (::VSCodeServer.var"#start_eval_backend##0#start_eval_backend##1")()
    @ VSCodeServer ~/.vscode/extensions/julialang.language-julia-1.219.2/scripts/packages/VSCodeServer/src/eval.jl:34


ERROR in weighted_short (Spiel 7)
n=8, m=15
UndefVarError: `game` not defined in `ShannonSwitchingGame`
Suggestion: check for spelling errors or missing imports.
Stacktrace:
  [1] var"##core#281"()
    @ ShannonSwitchingGame ~/.julia/packages/BenchmarkTools/ZtsPk/src/execution.jl:647
  [2] var"##sample#282"(::Tuple{}, __params::BenchmarkTools.Parameters, __sample_ref::Base.RefValue{Tuple{Float64, Float64, Int64, Int64}}, __result_ref::Nothing)
    @ ShannonSwitchingGame ~/.julia/packages/BenchmarkTools/ZtsPk/src/execution.jl:659
  [3] _lineartrial(b::BenchmarkTools.Benchmark, p::BenchmarkTools.Parameters; maxevals::Int64, kwargs::@Kwargs{})
    @ BenchmarkTools ~/.julia/packages/BenchmarkTools/ZtsPk/src/execution.jl:222
  [4] _lineartrial(b::BenchmarkTools.Benchmark, p::BenchmarkTools.Parameters)
    @ BenchmarkTools ~/.julia/packages/BenchmarkTools/ZtsPk/src/execution.jl:216
  [5] #lineartrial#32
    @ ~/.julia/packages/BenchmarkTools/ZtsPk/src/execution.jl:53 [inlined]
  [6] lineartrial
    @ ~/.julia/packages/BenchmarkTools/ZtsPk/src/execution.jl:52 [inlined]
  [7] tune!(b::BenchmarkTools.Benchmark, p::BenchmarkTools.Parameters; progressid::Nothing, nleaves::Float64, ndone::Float64, verbose::Bool, pad::String, kwargs::@Kwargs{})
    @ BenchmarkTools ~/.julia/packages/BenchmarkTools/ZtsPk/src/execution.jl:341
  [8] tune! (repeats 2 times)
    @ ~/.julia/packages/BenchmarkTools/ZtsPk/src/execution.jl:330 [inlined]
  [9] macro expansion
    @ ~/.julia/packages/BenchmarkTools/ZtsPk/src/execution.jl:503 [inlined]
 [10] test()
    @ ShannonSwitchingGame ~/Documents/computerorientierte_Mathematik_II/Programmierprojekt/ShannonSwitchingGame/src/Wettbewerbsstrategie_Hilfsfunktionen.jl:581
 [11] top-level scope
    @ REPL[7]:1
 [12] eval(m::Module, e::Any)
    @ Core ./boot.jl:489
 [13] eval
    @ ./Base_compiler.jl:146 [inlined]
 [14] repleval(m::Module, code::Expr, ::String)
    @ VSCodeServer ~/.vscode/extensions/julialang.language-julia-1.219.2/scripts/packages/VSCodeServer/src/repl.jl:278
 [15] #evalrepl##2
    @ ~/.vscode/extensions/julialang.language-julia-1.219.2/scripts/packages/VSCodeServer/src/repl.jl:241 [inlined]
 [16] with_logstate(f::VSCodeServer.var"#evalrepl##2#evalrepl##3"{Module, Expr, REPL.LineEditREPL, REPL.LineEdit.Prompt}, logstate::Base.CoreLogging.LogState)
    @ Base.CoreLogging ./logging/logging.jl:542
 [17] with_logger
    @ ./logging/logging.jl:653 [inlined]
 [18] (::VSCodeServer.var"#evalrepl##0#evalrepl##1"{Module, Expr, REPL.LineEditREPL, REPL.LineEdit.Prompt})()
    @ VSCodeServer ~/.vscode/extensions/julialang.language-julia-1.219.2/scripts/packages/VSCodeServer/src/repl.jl:242
 [19] (::VSCodeServer.var"#start_eval_backend##0#start_eval_backend##1")()
    @ VSCodeServer ~/.vscode/extensions/julialang.language-julia-1.219.2/scripts/packages/VSCodeServer/src/eval.jl:34

ERROR in weighted_short (Spiel 7)
n=8, m=15
UndefVarError: `game` not defined in `ShannonSwitchingGame`
Suggestion: check for spelling errors or missing imports.
Stacktrace:
  [1] var"##core#281"()
    @ ShannonSwitchingGame ~/.julia/packages/BenchmarkTools/ZtsPk/src/execution.jl:647
  [2] var"##sample#282"(::Tuple{}, __params::BenchmarkTools.Parameters, __sample_ref::Base.RefValue{Tuple{Float64, Float64, Int64, Int64}}, __result_ref::Nothing)
    @ ShannonSwitchingGame ~/.julia/packages/BenchmarkTools/ZtsPk/src/execution.jl:659
  [3] _lineartrial(b::BenchmarkTools.Benchmark, p::BenchmarkTools.Parameters; maxevals::Int64, kwargs::@Kwargs{})
    @ BenchmarkTools ~/.julia/packages/BenchmarkTools/ZtsPk/src/execution.jl:222
  [4] _lineartrial(b::BenchmarkTools.Benchmark, p::BenchmarkTools.Parameters)
    @ BenchmarkTools ~/.julia/packages/BenchmarkTools/ZtsPk/src/execution.jl:216
  [5] #lineartrial#32
    @ ~/.julia/packages/BenchmarkTools/ZtsPk/src/execution.jl:53 [inlined]
  [6] lineartrial
    @ ~/.julia/packages/BenchmarkTools/ZtsPk/src/execution.jl:52 [inlined]
  [7] tune!(b::BenchmarkTools.Benchmark, p::BenchmarkTools.Parameters; progressid::Nothing, nleaves::Float64, ndone::Float64, verbose::Bool, pad::String, kwargs::@Kwargs{})
    @ BenchmarkTools ~/.julia/packages/BenchmarkTools/ZtsPk/src/execution.jl:341
  [8] tune! (repeats 2 times)
    @ ~/.julia/packages/BenchmarkTools/ZtsPk/src/execution.jl:330 [inlined]
  [9] macro expansion
    @ ~/.julia/packages/BenchmarkTools/ZtsPk/src/execution.jl:503 [inlined]
 [10] test()
    @ ShannonSwitchingGame ~/Documents/computerorientierte_Mathematik_II/Programmierprojekt/ShannonSwitchingGame/src/Wettbewerbsstrategie_Hilfsfunktionen.jl:581
 [11] top-level scope
    @ REPL[7]:1
 [12] eval(m::Module, e::Any)
    @ Core ./boot.jl:489
 [13] eval
    @ ./Base_compiler.jl:146 [inlined]
 [14] repleval(m::Module, code::Expr, ::String)
    @ VSCodeServer ~/.vscode/extensions/julialang.language-julia-1.219.2/scripts/packages/VSCodeServer/src/repl.jl:278
 [15] #evalrepl##2
    @ ~/.vscode/extensions/julialang.language-julia-1.219.2/scripts/packages/VSCodeServer/src/repl.jl:241 [inlined]
 [16] with_logstate(f::VSCodeServer.var"#evalrepl##2#evalrepl##3"{Module, Expr, REPL.LineEditREPL, REPL.LineEdit.Prompt}, logstate::Base.CoreLogging.LogState)
    @ Base.CoreLogging ./logging/logging.jl:542
 [17] with_logger
    @ ./logging/logging.jl:653 [inlined]
 [18] (::VSCodeServer.var"#evalrepl##0#evalrepl##1"{Module, Expr, REPL.LineEditREPL, REPL.LineEdit.Prompt})()
    @ VSCodeServer ~/.vscode/extensions/julialang.language-julia-1.219.2/scripts/packages/VSCodeServer/src/repl.jl:242
 [19] (::VSCodeServer.var"#start_eval_backend##0#start_eval_backend##1")()
    @ VSCodeServer ~/.vscode/extensions/julialang.language-julia-1.219.2/scripts/packages/VSCodeServer/src/eval.jl:34

ERROR in weighted_short (Spiel 7)
n=8, m=15
UndefVarError: `game` not defined in `ShannonSwitchingGame`
Suggestion: check for spelling errors or missing imports.
Stacktrace:
  [1] var"##core#281"()
    @ ShannonSwitchingGame ~/.julia/packages/BenchmarkTools/ZtsPk/src/execution.jl:647
  [2] var"##sample#282"(::Tuple{}, __params::BenchmarkTools.Parameters, __sample_ref::Base.RefValue{Tuple{Float64, Float64, Int64, Int64}}, __result_ref::Nothing)
    @ ShannonSwitchingGame ~/.julia/packages/BenchmarkTools/ZtsPk/src/execution.jl:659
  [3] _lineartrial(b::BenchmarkTools.Benchmark, p::BenchmarkTools.Parameters; maxevals::Int64, kwargs::@Kwargs{})
    @ BenchmarkTools ~/.julia/packages/BenchmarkTools/ZtsPk/src/execution.jl:222
  [4] _lineartrial(b::BenchmarkTools.Benchmark, p::BenchmarkTools.Parameters)
    @ BenchmarkTools ~/.julia/packages/BenchmarkTools/ZtsPk/src/execution.jl:216
  [5] #lineartrial#32
    @ ~/.julia/packages/BenchmarkTools/ZtsPk/src/execution.jl:53 [inlined]
  [6] lineartrial
    @ ~/.julia/packages/BenchmarkTools/ZtsPk/src/execution.jl:52 [inlined]
  [7] tune!(b::BenchmarkTools.Benchmark, p::BenchmarkTools.Parameters; progressid::Nothing, nleaves::Float64, ndone::Float64, verbose::Bool, pad::String, kwargs::@Kwargs{})
    @ BenchmarkTools ~/.julia/packages/BenchmarkTools/ZtsPk/src/execution.jl:341
  [8] tune! (repeats 2 times)
    @ ~/.julia/packages/BenchmarkTools/ZtsPk/src/execution.jl:330 [inlined]
  [9] macro expansion
    @ ~/.julia/packages/BenchmarkTools/ZtsPk/src/execution.jl:503 [inlined]
 [10] test()
    @ ShannonSwitchingGame ~/Documents/computerorientierte_Mathematik_II/Programmierprojekt/ShannonSwitchingGame/src/Wettbewerbsstrategie_Hilfsfunktionen.jl:581
 [11] top-level scope
    @ REPL[7]:1
 [12] eval(m::Module, e::Any)
    @ Core ./boot.jl:489
 [13] eval
    @ ./Base_compiler.jl:146 [inlined]
 [14] repleval(m::Module, code::Expr, ::String)
    @ VSCodeServer ~/.vscode/extensions/julialang.language-julia-1.219.2/scripts/packages/VSCodeServer/src/repl.jl:278
 [15] #evalrepl##2
    @ ~/.vscode/extensions/julialang.language-julia-1.219.2/scripts/packages/VSCodeServer/src/repl.jl:241 [inlined]
 [16] with_logstate(f::VSCodeServer.var"#evalrepl##2#evalrepl##3"{Module, Expr, REPL.LineEditREPL, REPL.LineEdit.Prompt}, logstate::Base.CoreLogging.LogState)
    @ Base.CoreLogging ./logging/logging.jl:542
 [17] with_logger
    @ ./logging/logging.jl:653 [inlined]
 [18] (::VSCodeServer.var"#evalrepl##0#evalrepl##1"{Module, Expr, REPL.LineEditREPL, REPL.LineEdit.Prompt})()
    @ VSCodeServer ~/.vscode/extensions/julialang.language-julia-1.219.2/scripts/packages/VSCodeServer/src/repl.jl:242
 [19] (::VSCodeServer.var"#start_eval_backend##0#start_eval_backend##1")()
    @ VSCodeServer ~/.vscode/extensions/julialang.language-julia-1.219.2/scripts/packages/VSCodeServer/src/eval.jl:34

ERROR in weighted_short (Spiel 7)
n=8, m=15
UndefVarError: `game` not defined in `ShannonSwitchingGame`
Suggestion: check for spelling errors or missing imports.
Stacktrace:
  [1] var"##core#281"()
    @ ShannonSwitchingGame ~/.julia/packages/BenchmarkTools/ZtsPk/src/execution.jl:647
  [2] var"##sample#282"(::Tuple{}, __params::BenchmarkTools.Parameters, __sample_ref::Base.RefValue{Tuple{Float64, Float64, Int64, Int64}}, __result_ref::Nothing)
    @ ShannonSwitchingGame ~/.julia/packages/BenchmarkTools/ZtsPk/src/execution.jl:659
  [3] _lineartrial(b::BenchmarkTools.Benchmark, p::BenchmarkTools.Parameters; maxevals::Int64, kwargs::@Kwargs{})
    @ BenchmarkTools ~/.julia/packages/BenchmarkTools/ZtsPk/src/execution.jl:222
  [4] _lineartrial(b::BenchmarkTools.Benchmark, p::BenchmarkTools.Parameters)
    @ BenchmarkTools ~/.julia/packages/BenchmarkTools/ZtsPk/src/execution.jl:216
  [5] #lineartrial#32
    @ ~/.julia/packages/BenchmarkTools/ZtsPk/src/execution.jl:53 [inlined]
  [6] lineartrial
    @ ~/.julia/packages/BenchmarkTools/ZtsPk/src/execution.jl:52 [inlined]
  [7] tune!(b::BenchmarkTools.Benchmark, p::BenchmarkTools.Parameters; progressid::Nothing, nleaves::Float64, ndone::Float64, verbose::Bool, pad::String, kwargs::@Kwargs{})
    @ BenchmarkTools ~/.julia/packages/BenchmarkTools/ZtsPk/src/execution.jl:341
  [8] tune! (repeats 2 times)
    @ ~/.julia/packages/BenchmarkTools/ZtsPk/src/execution.jl:330 [inlined]
  [9] macro expansion
    @ ~/.julia/packages/BenchmarkTools/ZtsPk/src/execution.jl:503 [inlined]
 [10] test()
    @ ShannonSwitchingGame ~/Documents/computerorientierte_Mathematik_II/Programmierprojekt/ShannonSwitchingGame/src/Wettbewerbsstrategie_Hilfsfunktionen.jl:581
 [11] top-level scope
    @ REPL[7]:1
 [12] eval(m::Module, e::Any)
    @ Core ./boot.jl:489
 [13] eval
    @ ./Base_compiler.jl:146 [inlined]
 [14] repleval(m::Module, code::Expr, ::String)
    @ VSCodeServer ~/.vscode/extensions/julialang.language-julia-1.219.2/scripts/packages/VSCodeServer/src/repl.jl:278
 [15] #evalrepl##2
    @ ~/.vscode/extensions/julialang.language-julia-1.219.2/scripts/packages/VSCodeServer/src/repl.jl:241 [inlined]
 [16] with_logstate(f::VSCodeServer.var"#evalrepl##2#evalrepl##3"{Module, Expr, REPL.LineEditREPL, REPL.LineEdit.Prompt}, logstate::Base.CoreLogging.LogState)
    @ Base.CoreLogging ./logging/logging.jl:542
 [17] with_logger
    @ ./logging/logging.jl:653 [inlined]
 [18] (::VSCodeServer.var"#evalrepl##0#evalrepl##1"{Module, Expr, REPL.LineEditREPL, REPL.LineEdit.Prompt})()
    @ VSCodeServer ~/.vscode/extensions/julialang.language-julia-1.219.2/scripts/packages/VSCodeServer/src/repl.jl:242
 [19] (::VSCodeServer.var"#start_eval_backend##0#start_eval_backend##1")()
    @ VSCodeServer ~/.vscode/extensions/julialang.language-julia-1.219.2/scripts/packages/VSCodeServer/src/eval.jl:34

ERROR in weighted_short (Spiel 7)
n=8, m=15
UndefVarError: `game` not defined in `ShannonSwitchingGame`
Suggestion: check for spelling errors or missing imports.
Stacktrace:
  [1] var"##core#281"()
    @ ShannonSwitchingGame ~/.julia/packages/BenchmarkTools/ZtsPk/src/execution.jl:647
  [2] var"##sample#282"(::Tuple{}, __params::BenchmarkTools.Parameters, __sample_ref::Base.RefValue{Tuple{Float64, Float64, Int64, Int64}}, __result_ref::Nothing)
    @ ShannonSwitchingGame ~/.julia/packages/BenchmarkTools/ZtsPk/src/execution.jl:659
  [3] _lineartrial(b::BenchmarkTools.Benchmark, p::BenchmarkTools.Parameters; maxevals::Int64, kwargs::@Kwargs{})
    @ BenchmarkTools ~/.julia/packages/BenchmarkTools/ZtsPk/src/execution.jl:222
  [4] _lineartrial(b::BenchmarkTools.Benchmark, p::BenchmarkTools.Parameters)
    @ BenchmarkTools ~/.julia/packages/BenchmarkTools/ZtsPk/src/execution.jl:216
  [5] #lineartrial#32
    @ ~/.julia/packages/BenchmarkTools/ZtsPk/src/execution.jl:53 [inlined]
  [6] lineartrial
    @ ~/.julia/packages/BenchmarkTools/ZtsPk/src/execution.jl:52 [inlined]
  [7] tune!(b::BenchmarkTools.Benchmark, p::BenchmarkTools.Parameters; progressid::Nothing, nleaves::Float64, ndone::Float64, verbose::Bool, pad::String, kwargs::@Kwargs{})
    @ BenchmarkTools ~/.julia/packages/BenchmarkTools/ZtsPk/src/execution.jl:341
  [8] tune! (repeats 2 times)
    @ ~/.julia/packages/BenchmarkTools/ZtsPk/src/execution.jl:330 [inlined]
  [9] macro expansion
    @ ~/.julia/packages/BenchmarkTools/ZtsPk/src/execution.jl:503 [inlined]
 [10] test()
    @ ShannonSwitchingGame ~/Documents/computerorientierte_Mathematik_II/Programmierprojekt/ShannonSwitchingGame/src/Wettbewerbsstrategie_Hilfsfunktionen.jl:581
 [11] top-level scope
    @ REPL[7]:1
 [12] eval(m::Module, e::Any)
    @ Core ./boot.jl:489
 [13] eval
    @ ./Base_compiler.jl:146 [inlined]
 [14] repleval(m::Module, code::Expr, ::String)
    @ VSCodeServer ~/.vscode/extensions/julialang.language-julia-1.219.2/scripts/packages/VSCodeServer/src/repl.jl:278
 [15] #evalrepl##2
    @ ~/.vscode/extensions/julialang.language-julia-1.219.2/scripts/packages/VSCodeServer/src/repl.jl:241 [inlined]
 [16] with_logstate(f::VSCodeServer.var"#evalrepl##2#evalrepl##3"{Module, Expr, REPL.LineEditREPL, REPL.LineEdit.Prompt}, logstate::Base.CoreLogging.LogState)
    @ Base.CoreLogging ./logging/logging.jl:542
 [17] with_logger
    @ ./logging/logging.jl:653 [inlined]
 [18] (::VSCodeServer.var"#evalrepl##0#evalrepl##1"{Module, Expr, REPL.LineEditREPL, REPL.LineEdit.Prompt})()
    @ VSCodeServer ~/.vscode/extensions/julialang.language-julia-1.219.2/scripts/packages/VSCodeServer/src/repl.jl:242
 [19] (::VSCodeServer.var"#start_eval_backend##0#start_eval_backend##1")()
    @ VSCodeServer ~/.vscode/extensions/julialang.language-julia-1.219.2/scripts/packages/VSCodeServer/src/eval.jl:34

ERROR in weighted_short (Spiel 7)
n=8, m=15
UndefVarError: `game` not defined in `ShannonSwitchingGame`
Suggestion: check for spelling errors or missing imports.
Stacktrace:
  [1] var"##core#281"()
    @ ShannonSwitchingGame ~/.julia/packages/BenchmarkTools/ZtsPk/src/execution.jl:647
  [2] var"##sample#282"(::Tuple{}, __params::BenchmarkTools.Parameters, __sample_ref::Base.RefValue{Tuple{Float64, Float64, Int64, Int64}}, __result_ref::Nothing)
    @ ShannonSwitchingGame ~/.julia/packages/BenchmarkTools/ZtsPk/src/execution.jl:659
  [3] _lineartrial(b::BenchmarkTools.Benchmark, p::BenchmarkTools.Parameters; maxevals::Int64, kwargs::@Kwargs{})
    @ BenchmarkTools ~/.julia/packages/BenchmarkTools/ZtsPk/src/execution.jl:222
  [4] _lineartrial(b::BenchmarkTools.Benchmark, p::BenchmarkTools.Parameters)
    @ BenchmarkTools ~/.julia/packages/BenchmarkTools/ZtsPk/src/execution.jl:216
  [5] #lineartrial#32
    @ ~/.julia/packages/BenchmarkTools/ZtsPk/src/execution.jl:53 [inlined]
  [6] lineartrial
    @ ~/.julia/packages/BenchmarkTools/ZtsPk/src/execution.jl:52 [inlined]
  [7] tune!(b::BenchmarkTools.Benchmark, p::BenchmarkTools.Parameters; progressid::Nothing, nleaves::Float64, ndone::Float64, verbose::Bool, pad::String, kwargs::@Kwargs{})
    @ BenchmarkTools ~/.julia/packages/BenchmarkTools/ZtsPk/src/execution.jl:341
  [8] tune! (repeats 2 times)
    @ ~/.julia/packages/BenchmarkTools/ZtsPk/src/execution.jl:330 [inlined]
  [9] macro expansion
    @ ~/.julia/packages/BenchmarkTools/ZtsPk/src/execution.jl:503 [inlined]
 [10] test()
    @ ShannonSwitchingGame ~/Documents/computerorientierte_Mathematik_II/Programmierprojekt/ShannonSwitchingGame/src/Wettbewerbsstrategie_Hilfsfunktionen.jl:581
 [11] top-level scope
    @ REPL[7]:1
 [12] eval(m::Module, e::Any)
    @ Core ./boot.jl:489
 [13] eval
    @ ./Base_compiler.jl:146 [inlined]
 [14] repleval(m::Module, code::Expr, ::String)
    @ VSCodeServer ~/.vscode/extensions/julialang.language-julia-1.219.2/scripts/packages/VSCodeServer/src/repl.jl:278
 [15] #evalrepl##2
    @ ~/.vscode/extensions/julialang.language-julia-1.219.2/scripts/packages/VSCodeServer/src/repl.jl:241 [inlined]
 [16] with_logstate(f::VSCodeServer.var"#evalrepl##2#evalrepl##3"{Module, Expr, REPL.LineEditREPL, REPL.LineEdit.Prompt}, logstate::Base.CoreLogging.LogState)
    @ Base.CoreLogging ./logging/logging.jl:542
 [17] with_logger
    @ ./logging/logging.jl:653 [inlined]
 [18] (::VSCodeServer.var"#evalrepl##0#evalrepl##1"{Module, Expr, REPL.LineEditREPL, REPL.LineEdit.Prompt})()
    @ VSCodeServer ~/.vscode/extensions/julialang.language-julia-1.219.2/scripts/packages/VSCodeServer/src/repl.jl:242
 [19] (::VSCodeServer.var"#start_eval_backend##0#start_eval_backend##1")()
    @ VSCodeServer ~/.vscode/extensions/julialang.language-julia-1.219.2/scripts/packages/VSCodeServer/src/eval.jl:34

ERROR in weighted_short (Spiel 7)
n=8, m=15
UndefVarError: `game` not defined in `ShannonSwitchingGame`
Suggestion: check for spelling errors or missing imports.
Stacktrace:
  [1] var"##core#281"()
    @ ShannonSwitchingGame ~/.julia/packages/BenchmarkTools/ZtsPk/src/execution.jl:647
  [2] var"##sample#282"(::Tuple{}, __params::BenchmarkTools.Parameters, __sample_ref::Base.RefValue{Tuple{Float64, Float64, Int64, Int64}}, __result_ref::Nothing)
    @ ShannonSwitchingGame ~/.julia/packages/BenchmarkTools/ZtsPk/src/execution.jl:659
  [3] _lineartrial(b::BenchmarkTools.Benchmark, p::BenchmarkTools.Parameters; maxevals::Int64, kwargs::@Kwargs{})
    @ BenchmarkTools ~/.julia/packages/BenchmarkTools/ZtsPk/src/execution.jl:222
  [4] _lineartrial(b::BenchmarkTools.Benchmark, p::BenchmarkTools.Parameters)
    @ BenchmarkTools ~/.julia/packages/BenchmarkTools/ZtsPk/src/execution.jl:216
  [5] #lineartrial#32
    @ ~/.julia/packages/BenchmarkTools/ZtsPk/src/execution.jl:53 [inlined]
  [6] lineartrial
    @ ~/.julia/packages/BenchmarkTools/ZtsPk/src/execution.jl:52 [inlined]
  [7] tune!(b::BenchmarkTools.Benchmark, p::BenchmarkTools.Parameters; progressid::Nothing, nleaves::Float64, ndone::Float64, verbose::Bool, pad::String, kwargs::@Kwargs{})
    @ BenchmarkTools ~/.julia/packages/BenchmarkTools/ZtsPk/src/execution.jl:341
  [8] tune! (repeats 2 times)
    @ ~/.julia/packages/BenchmarkTools/ZtsPk/src/execution.jl:330 [inlined]
  [9] macro expansion
    @ ~/.julia/packages/BenchmarkTools/ZtsPk/src/execution.jl:503 [inlined]
 [10] test()
    @ ShannonSwitchingGame ~/Documents/computerorientierte_Mathematik_II/Programmierprojekt/ShannonSwitchingGame/src/Wettbewerbsstrategie_Hilfsfunktionen.jl:581
 [11] top-level scope
    @ REPL[7]:1
 [12] eval(m::Module, e::Any)
    @ Core ./boot.jl:489
 [13] eval
    @ ./Base_compiler.jl:146 [inlined]
 [14] repleval(m::Module, code::Expr, ::String)
    @ VSCodeServer ~/.vscode/extensions/julialang.language-julia-1.219.2/scripts/packages/VSCodeServer/src/repl.jl:278
 [15] #evalrepl##2
    @ ~/.vscode/extensions/julialang.language-julia-1.219.2/scripts/packages/VSCodeServer/src/repl.jl:241 [inlined]
 [16] with_logstate(f::VSCodeServer.var"#evalrepl##2#evalrepl##3"{Module, Expr, REPL.LineEditREPL, REPL.LineEdit.Prompt}, logstate::Base.CoreLogging.LogState)
    @ Base.CoreLogging ./logging/logging.jl:542
 [17] with_logger
    @ ./logging/logging.jl:653 [inlined]
 [18] (::VSCodeServer.var"#evalrepl##0#evalrepl##1"{Module, Expr, REPL.LineEditREPL, REPL.LineEdit.Prompt})()
    @ VSCodeServer ~/.vscode/extensions/julialang.language-julia-1.219.2/scripts/packages/VSCodeServer/src/repl.jl:242
 [19] (::VSCodeServer.var"#start_eval_backend##0#start_eval_backend##1")()
    @ VSCodeServer ~/.vscode/extensions/julialang.language-julia-1.219.2/scripts/packages/VSCodeServer/src/eval.jl:34

ERROR in weighted_short (Spiel 7)
n=8, m=15
UndefVarError: `game` not defined in `ShannonSwitchingGame`
Suggestion: check for spelling errors or missing imports.
Stacktrace:
  [1] var"##core#281"()
    @ ShannonSwitchingGame ~/.julia/packages/BenchmarkTools/ZtsPk/src/execution.jl:647
  [2] var"##sample#282"(::Tuple{}, __params::BenchmarkTools.Parameters, __sample_ref::Base.RefValue{Tuple{Float64, Float64, Int64, Int64}}, __result_ref::Nothing)
    @ ShannonSwitchingGame ~/.julia/packages/BenchmarkTools/ZtsPk/src/execution.jl:659
  [3] _lineartrial(b::BenchmarkTools.Benchmark, p::BenchmarkTools.Parameters; maxevals::Int64, kwargs::@Kwargs{})
    @ BenchmarkTools ~/.julia/packages/BenchmarkTools/ZtsPk/src/execution.jl:222
  [4] _lineartrial(b::BenchmarkTools.Benchmark, p::BenchmarkTools.Parameters)
    @ BenchmarkTools ~/.julia/packages/BenchmarkTools/ZtsPk/src/execution.jl:216
  [5] #lineartrial#32
    @ ~/.julia/packages/BenchmarkTools/ZtsPk/src/execution.jl:53 [inlined]
  [6] lineartrial
    @ ~/.julia/packages/BenchmarkTools/ZtsPk/src/execution.jl:52 [inlined]
  [7] tune!(b::BenchmarkTools.Benchmark, p::BenchmarkTools.Parameters; progressid::Nothing, nleaves::Float64, ndone::Float64, verbose::Bool, pad::String, kwargs::@Kwargs{})
    @ BenchmarkTools ~/.julia/packages/BenchmarkTools/ZtsPk/src/execution.jl:341
  [8] tune! (repeats 2 times)
    @ ~/.julia/packages/BenchmarkTools/ZtsPk/src/execution.jl:330 [inlined]
  [9] macro expansion
    @ ~/.julia/packages/BenchmarkTools/ZtsPk/src/execution.jl:503 [inlined]
 [10] test()
    @ ShannonSwitchingGame ~/Documents/computerorientierte_Mathematik_II/Programmierprojekt/ShannonSwitchingGame/src/Wettbewerbsstrategie_Hilfsfunktionen.jl:581
 [11] top-level scope
    @ REPL[7]:1
 [12] eval(m::Module, e::Any)
    @ Core ./boot.jl:489
 [13] eval
    @ ./Base_compiler.jl:146 [inlined]
 [14] repleval(m::Module, code::Expr, ::String)
    @ VSCodeServer ~/.vscode/extensions/julialang.language-julia-1.219.2/scripts/packages/VSCodeServer/src/repl.jl:278
 [15] #evalrepl##2
    @ ~/.vscode/extensions/julialang.language-julia-1.219.2/scripts/packages/VSCodeServer/src/repl.jl:241 [inlined]
 [16] with_logstate(f::VSCodeServer.var"#evalrepl##2#evalrepl##3"{Module, Expr, REPL.LineEditREPL, REPL.LineEdit.Prompt}, logstate::Base.CoreLogging.LogState)
    @ Base.CoreLogging ./logging/logging.jl:542
 [17] with_logger
    @ ./logging/logging.jl:653 [inlined]
 [18] (::VSCodeServer.var"#evalrepl##0#evalrepl##1"{Module, Expr, REPL.LineEditREPL, REPL.LineEdit.Prompt})()
    @ VSCodeServer ~/.vscode/extensions/julialang.language-julia-1.219.2/scripts/packages/VSCodeServer/src/repl.jl:242
 [19] (::VSCodeServer.var"#start_eval_backend##0#start_eval_backend##1")()
    @ VSCodeServer ~/.vscode/extensions/julialang.language-julia-1.219.2/scripts/packages/VSCodeServer/src/eval.jl:34

ERROR in weighted_cut (Spiel 8)
n=17, m=17
UndefVarError: `game` not defined in `ShannonSwitchingGame`
Suggestion: check for spelling errors or missing imports.
Stacktrace:
  [1] var"##core#279"()
    @ ShannonSwitchingGame ~/.julia/packages/BenchmarkTools/ZtsPk/src/execution.jl:647
  [2] var"##sample#280"(::Tuple{}, __params::BenchmarkTools.Parameters, __sample_ref::Base.RefValue{Tuple{Float64, Float64, Int64, Int64}}, __result_ref::Nothing)
    @ ShannonSwitchingGame ~/.julia/packages/BenchmarkTools/ZtsPk/src/execution.jl:659
  [3] _lineartrial(b::BenchmarkTools.Benchmark, p::BenchmarkTools.Parameters; maxevals::Int64, kwargs::@Kwargs{})
    @ BenchmarkTools ~/.julia/packages/BenchmarkTools/ZtsPk/src/execution.jl:222
  [4] _lineartrial(b::BenchmarkTools.Benchmark, p::BenchmarkTools.Parameters)
    @ BenchmarkTools ~/.julia/packages/BenchmarkTools/ZtsPk/src/execution.jl:216
  [5] #lineartrial#32
    @ ~/.julia/packages/BenchmarkTools/ZtsPk/src/execution.jl:53 [inlined]
  [6] lineartrial
    @ ~/.julia/packages/BenchmarkTools/ZtsPk/src/execution.jl:52 [inlined]
  [7] tune!(b::BenchmarkTools.Benchmark, p::BenchmarkTools.Parameters; progressid::Nothing, nleaves::Float64, ndone::Float64, verbose::Bool, pad::String, kwargs::@Kwargs{})
    @ BenchmarkTools ~/.julia/packages/BenchmarkTools/ZtsPk/src/execution.jl:341
  [8] tune! (repeats 2 times)
    @ ~/.julia/packages/BenchmarkTools/ZtsPk/src/execution.jl:330 [inlined]
  [9] macro expansion
    @ ~/.julia/packages/BenchmarkTools/ZtsPk/src/execution.jl:503 [inlined]
 [10] test()
    @ ShannonSwitchingGame ~/Documents/computerorientierte_Mathematik_II/Programmierprojekt/ShannonSwitchingGame/src/Wettbewerbsstrategie_Hilfsfunktionen.jl:532
 [11] top-level scope
    @ REPL[7]:1
 [12] eval(m::Module, e::Any)
    @ Core ./boot.jl:489
 [13] eval
    @ ./Base_compiler.jl:146 [inlined]
 [14] repleval(m::Module, code::Expr, ::String)
    @ VSCodeServer ~/.vscode/extensions/julialang.language-julia-1.219.2/scripts/packages/VSCodeServer/src/repl.jl:278
 [15] #evalrepl##2
    @ ~/.vscode/extensions/julialang.language-julia-1.219.2/scripts/packages/VSCodeServer/src/repl.jl:241 [inlined]
 [16] with_logstate(f::VSCodeServer.var"#evalrepl##2#evalrepl##3"{Module, Expr, REPL.LineEditREPL, REPL.LineEdit.Prompt}, logstate::Base.CoreLogging.LogState)
    @ Base.CoreLogging ./logging/logging.jl:542
 [17] with_logger
    @ ./logging/logging.jl:653 [inlined]
 [18] (::VSCodeServer.var"#evalrepl##0#evalrepl##1"{Module, Expr, REPL.LineEditREPL, REPL.LineEdit.Prompt})()
    @ VSCodeServer ~/.vscode/extensions/julialang.language-julia-1.219.2/scripts/packages/VSCodeServer/src/repl.jl:242
 [19] (::VSCodeServer.var"#start_eval_backend##0#start_eval_backend##1")()
    @ VSCodeServer ~/.vscode/extensions/julialang.language-julia-1.219.2/scripts/packages/VSCodeServer/src/eval.jl:34


ERROR in weighted_cut (Spiel 8)
n=17, m=17
UndefVarError: `game` not defined in `ShannonSwitchingGame`
Suggestion: check for spelling errors or missing imports.
Stacktrace:
  [1] var"##core#279"()
    @ ShannonSwitchingGame ~/.julia/packages/BenchmarkTools/ZtsPk/src/execution.jl:647
  [2] var"##sample#280"(::Tuple{}, __params::BenchmarkTools.Parameters, __sample_ref::Base.RefValue{Tuple{Float64, Float64, Int64, Int64}}, __result_ref::Nothing)
    @ ShannonSwitchingGame ~/.julia/packages/BenchmarkTools/ZtsPk/src/execution.jl:659
  [3] _lineartrial(b::BenchmarkTools.Benchmark, p::BenchmarkTools.Parameters; maxevals::Int64, kwargs::@Kwargs{})
    @ BenchmarkTools ~/.julia/packages/BenchmarkTools/ZtsPk/src/execution.jl:222
  [4] _lineartrial(b::BenchmarkTools.Benchmark, p::BenchmarkTools.Parameters)
    @ BenchmarkTools ~/.julia/packages/BenchmarkTools/ZtsPk/src/execution.jl:216
  [5] #lineartrial#32
    @ ~/.julia/packages/BenchmarkTools/ZtsPk/src/execution.jl:53 [inlined]
  [6] lineartrial
    @ ~/.julia/packages/BenchmarkTools/ZtsPk/src/execution.jl:52 [inlined]
  [7] tune!(b::BenchmarkTools.Benchmark, p::BenchmarkTools.Parameters; progressid::Nothing, nleaves::Float64, ndone::Float64, verbose::Bool, pad::String, kwargs::@Kwargs{})
    @ BenchmarkTools ~/.julia/packages/BenchmarkTools/ZtsPk/src/execution.jl:341
  [8] tune! (repeats 2 times)
    @ ~/.julia/packages/BenchmarkTools/ZtsPk/src/execution.jl:330 [inlined]
  [9] macro expansion
    @ ~/.julia/packages/BenchmarkTools/ZtsPk/src/execution.jl:503 [inlined]
 [10] test()
    @ ShannonSwitchingGame ~/Documents/computerorientierte_Mathematik_II/Programmierprojekt/ShannonSwitchingGame/src/Wettbewerbsstrategie_Hilfsfunktionen.jl:532
 [11] top-level scope
    @ REPL[7]:1
 [12] eval(m::Module, e::Any)
    @ Core ./boot.jl:489
 [13] eval
    @ ./Base_compiler.jl:146 [inlined]
 [14] repleval(m::Module, code::Expr, ::String)
    @ VSCodeServer ~/.vscode/extensions/julialang.language-julia-1.219.2/scripts/packages/VSCodeServer/src/repl.jl:278
 [15] #evalrepl##2
    @ ~/.vscode/extensions/julialang.language-julia-1.219.2/scripts/packages/VSCodeServer/src/repl.jl:241 [inlined]
 [16] with_logstate(f::VSCodeServer.var"#evalrepl##2#evalrepl##3"{Module, Expr, REPL.LineEditREPL, REPL.LineEdit.Prompt}, logstate::Base.CoreLogging.LogState)
    @ Base.CoreLogging ./logging/logging.jl:542
 [17] with_logger
    @ ./logging/logging.jl:653 [inlined]
 [18] (::VSCodeServer.var"#evalrepl##0#evalrepl##1"{Module, Expr, REPL.LineEditREPL, REPL.LineEdit.Prompt})()
    @ VSCodeServer ~/.vscode/extensions/julialang.language-julia-1.219.2/scripts/packages/VSCodeServer/src/repl.jl:242
 [19] (::VSCodeServer.var"#start_eval_backend##0#start_eval_backend##1")()
    @ VSCodeServer ~/.vscode/extensions/julialang.language-julia-1.219.2/scripts/packages/VSCodeServer/src/eval.jl:34


ERROR in weighted_cut (Spiel 8)
n=17, m=17
UndefVarError: `game` not defined in `ShannonSwitchingGame`
Suggestion: check for spelling errors or missing imports.
Stacktrace:
  [1] var"##core#279"()
    @ ShannonSwitchingGame ~/.julia/packages/BenchmarkTools/ZtsPk/src/execution.jl:647
  [2] var"##sample#280"(::Tuple{}, __params::BenchmarkTools.Parameters, __sample_ref::Base.RefValue{Tuple{Float64, Float64, Int64, Int64}}, __result_ref::Nothing)
    @ ShannonSwitchingGame ~/.julia/packages/BenchmarkTools/ZtsPk/src/execution.jl:659
  [3] _lineartrial(b::BenchmarkTools.Benchmark, p::BenchmarkTools.Parameters; maxevals::Int64, kwargs::@Kwargs{})
    @ BenchmarkTools ~/.julia/packages/BenchmarkTools/ZtsPk/src/execution.jl:222
  [4] _lineartrial(b::BenchmarkTools.Benchmark, p::BenchmarkTools.Parameters)
    @ BenchmarkTools ~/.julia/packages/BenchmarkTools/ZtsPk/src/execution.jl:216
  [5] #lineartrial#32
    @ ~/.julia/packages/BenchmarkTools/ZtsPk/src/execution.jl:53 [inlined]
  [6] lineartrial
    @ ~/.julia/packages/BenchmarkTools/ZtsPk/src/execution.jl:52 [inlined]
  [7] tune!(b::BenchmarkTools.Benchmark, p::BenchmarkTools.Parameters; progressid::Nothing, nleaves::Float64, ndone::Float64, verbose::Bool, pad::String, kwargs::@Kwargs{})
    @ BenchmarkTools ~/.julia/packages/BenchmarkTools/ZtsPk/src/execution.jl:341
  [8] tune! (repeats 2 times)
    @ ~/.julia/packages/BenchmarkTools/ZtsPk/src/execution.jl:330 [inlined]
  [9] macro expansion
    @ ~/.julia/packages/BenchmarkTools/ZtsPk/src/execution.jl:503 [inlined]
 [10] test()
    @ ShannonSwitchingGame ~/Documents/computerorientierte_Mathematik_II/Programmierprojekt/ShannonSwitchingGame/src/Wettbewerbsstrategie_Hilfsfunktionen.jl:532
 [11] top-level scope
    @ REPL[7]:1
 [12] eval(m::Module, e::Any)
    @ Core ./boot.jl:489
 [13] eval
    @ ./Base_compiler.jl:146 [inlined]
 [14] repleval(m::Module, code::Expr, ::String)
    @ VSCodeServer ~/.vscode/extensions/julialang.language-julia-1.219.2/scripts/packages/VSCodeServer/src/repl.jl:278
 [15] #evalrepl##2
    @ ~/.vscode/extensions/julialang.language-julia-1.219.2/scripts/packages/VSCodeServer/src/repl.jl:241 [inlined]
 [16] with_logstate(f::VSCodeServer.var"#evalrepl##2#evalrepl##3"{Module, Expr, REPL.LineEditREPL, REPL.LineEdit.Prompt}, logstate::Base.CoreLogging.LogState)
    @ Base.CoreLogging ./logging/logging.jl:542
 [17] with_logger
    @ ./logging/logging.jl:653 [inlined]
 [18] (::VSCodeServer.var"#evalrepl##0#evalrepl##1"{Module, Expr, REPL.LineEditREPL, REPL.LineEdit.Prompt})()
    @ VSCodeServer ~/.vscode/extensions/julialang.language-julia-1.219.2/scripts/packages/VSCodeServer/src/repl.jl:242
 [19] (::VSCodeServer.var"#start_eval_backend##0#start_eval_backend##1")()
    @ VSCodeServer ~/.vscode/extensions/julialang.language-julia-1.219.2/scripts/packages/VSCodeServer/src/eval.jl:34


ERROR in weighted_cut (Spiel 8)
n=17, m=17
UndefVarError: `game` not defined in `ShannonSwitchingGame`
Suggestion: check for spelling errors or missing imports.
Stacktrace:
  [1] var"##core#279"()
    @ ShannonSwitchingGame ~/.julia/packages/BenchmarkTools/ZtsPk/src/execution.jl:647
  [2] var"##sample#280"(::Tuple{}, __params::BenchmarkTools.Parameters, __sample_ref::Base.RefValue{Tuple{Float64, Float64, Int64, Int64}}, __result_ref::Nothing)
    @ ShannonSwitchingGame ~/.julia/packages/BenchmarkTools/ZtsPk/src/execution.jl:659
  [3] _lineartrial(b::BenchmarkTools.Benchmark, p::BenchmarkTools.Parameters; maxevals::Int64, kwargs::@Kwargs{})
    @ BenchmarkTools ~/.julia/packages/BenchmarkTools/ZtsPk/src/execution.jl:222
  [4] _lineartrial(b::BenchmarkTools.Benchmark, p::BenchmarkTools.Parameters)
    @ BenchmarkTools ~/.julia/packages/BenchmarkTools/ZtsPk/src/execution.jl:216
  [5] #lineartrial#32
    @ ~/.julia/packages/BenchmarkTools/ZtsPk/src/execution.jl:53 [inlined]
  [6] lineartrial
    @ ~/.julia/packages/BenchmarkTools/ZtsPk/src/execution.jl:52 [inlined]
  [7] tune!(b::BenchmarkTools.Benchmark, p::BenchmarkTools.Parameters; progressid::Nothing, nleaves::Float64, ndone::Float64, verbose::Bool, pad::String, kwargs::@Kwargs{})
    @ BenchmarkTools ~/.julia/packages/BenchmarkTools/ZtsPk/src/execution.jl:341
  [8] tune! (repeats 2 times)
    @ ~/.julia/packages/BenchmarkTools/ZtsPk/src/execution.jl:330 [inlined]
  [9] macro expansion
    @ ~/.julia/packages/BenchmarkTools/ZtsPk/src/execution.jl:503 [inlined]
 [10] test()
    @ ShannonSwitchingGame ~/Documents/computerorientierte_Mathematik_II/Programmierprojekt/ShannonSwitchingGame/src/Wettbewerbsstrategie_Hilfsfunktionen.jl:532
 [11] top-level scope
    @ REPL[7]:1
 [12] eval(m::Module, e::Any)
    @ Core ./boot.jl:489
 [13] eval
    @ ./Base_compiler.jl:146 [inlined]
 [14] repleval(m::Module, code::Expr, ::String)
    @ VSCodeServer ~/.vscode/extensions/julialang.language-julia-1.219.2/scripts/packages/VSCodeServer/src/repl.jl:278
 [15] #evalrepl##2
    @ ~/.vscode/extensions/julialang.language-julia-1.219.2/scripts/packages/VSCodeServer/src/repl.jl:241 [inlined]
 [16] with_logstate(f::VSCodeServer.var"#evalrepl##2#evalrepl##3"{Module, Expr, REPL.LineEditREPL, REPL.LineEdit.Prompt}, logstate::Base.CoreLogging.LogState)
    @ Base.CoreLogging ./logging/logging.jl:542
 [17] with_logger
    @ ./logging/logging.jl:653 [inlined]
 [18] (::VSCodeServer.var"#evalrepl##0#evalrepl##1"{Module, Expr, REPL.LineEditREPL, REPL.LineEdit.Prompt})()
    @ VSCodeServer ~/.vscode/extensions/julialang.language-julia-1.219.2/scripts/packages/VSCodeServer/src/repl.jl:242
 [19] (::VSCodeServer.var"#start_eval_backend##0#start_eval_backend##1")()
    @ VSCodeServer ~/.vscode/extensions/julialang.language-julia-1.219.2/scripts/packages/VSCodeServer/src/eval.jl:34


ERROR in weighted_cut (Spiel 8)
n=17, m=17
UndefVarError: `game` not defined in `ShannonSwitchingGame`
Suggestion: check for spelling errors or missing imports.
Stacktrace:
  [1] var"##core#279"()
    @ ShannonSwitchingGame ~/.julia/packages/BenchmarkTools/ZtsPk/src/execution.jl:647
  [2] var"##sample#280"(::Tuple{}, __params::BenchmarkTools.Parameters, __sample_ref::Base.RefValue{Tuple{Float64, Float64, Int64, Int64}}, __result_ref::Nothing)
    @ ShannonSwitchingGame ~/.julia/packages/BenchmarkTools/ZtsPk/src/execution.jl:659
  [3] _lineartrial(b::BenchmarkTools.Benchmark, p::BenchmarkTools.Parameters; maxevals::Int64, kwargs::@Kwargs{})
    @ BenchmarkTools ~/.julia/packages/BenchmarkTools/ZtsPk/src/execution.jl:222
  [4] _lineartrial(b::BenchmarkTools.Benchmark, p::BenchmarkTools.Parameters)
    @ BenchmarkTools ~/.julia/packages/BenchmarkTools/ZtsPk/src/execution.jl:216
  [5] #lineartrial#32
    @ ~/.julia/packages/BenchmarkTools/ZtsPk/src/execution.jl:53 [inlined]
  [6] lineartrial
    @ ~/.julia/packages/BenchmarkTools/ZtsPk/src/execution.jl:52 [inlined]
  [7] tune!(b::BenchmarkTools.Benchmark, p::BenchmarkTools.Parameters; progressid::Nothing, nleaves::Float64, ndone::Float64, verbose::Bool, pad::String, kwargs::@Kwargs{})
    @ BenchmarkTools ~/.julia/packages/BenchmarkTools/ZtsPk/src/execution.jl:341
  [8] tune! (repeats 2 times)
    @ ~/.julia/packages/BenchmarkTools/ZtsPk/src/execution.jl:330 [inlined]
  [9] macro expansion
    @ ~/.julia/packages/BenchmarkTools/ZtsPk/src/execution.jl:503 [inlined]
 [10] test()
    @ ShannonSwitchingGame ~/Documents/computerorientierte_Mathematik_II/Programmierprojekt/ShannonSwitchingGame/src/Wettbewerbsstrategie_Hilfsfunktionen.jl:532
 [11] top-level scope
    @ REPL[7]:1
 [12] eval(m::Module, e::Any)
    @ Core ./boot.jl:489
 [13] eval
    @ ./Base_compiler.jl:146 [inlined]
 [14] repleval(m::Module, code::Expr, ::String)
    @ VSCodeServer ~/.vscode/extensions/julialang.language-julia-1.219.2/scripts/packages/VSCodeServer/src/repl.jl:278
 [15] #evalrepl##2
    @ ~/.vscode/extensions/julialang.language-julia-1.219.2/scripts/packages/VSCodeServer/src/repl.jl:241 [inlined]
 [16] with_logstate(f::VSCodeServer.var"#evalrepl##2#evalrepl##3"{Module, Expr, REPL.LineEditREPL, REPL.LineEdit.Prompt}, logstate::Base.CoreLogging.LogState)
    @ Base.CoreLogging ./logging/logging.jl:542
 [17] with_logger
    @ ./logging/logging.jl:653 [inlined]
 [18] (::VSCodeServer.var"#evalrepl##0#evalrepl##1"{Module, Expr, REPL.LineEditREPL, REPL.LineEdit.Prompt})()
    @ VSCodeServer ~/.vscode/extensions/julialang.language-julia-1.219.2/scripts/packages/VSCodeServer/src/repl.jl:242
 [19] (::VSCodeServer.var"#start_eval_backend##0#start_eval_backend##1")()
    @ VSCodeServer ~/.vscode/extensions/julialang.language-julia-1.219.2/scripts/packages/VSCodeServer/src/eval.jl:34


ERROR in weighted_cut (Spiel 8)
n=17, m=17
UndefVarError: `game` not defined in `ShannonSwitchingGame`
Suggestion: check for spelling errors or missing imports.
Stacktrace:
  [1] var"##core#279"()
    @ ShannonSwitchingGame ~/.julia/packages/BenchmarkTools/ZtsPk/src/execution.jl:647
  [2] var"##sample#280"(::Tuple{}, __params::BenchmarkTools.Parameters, __sample_ref::Base.RefValue{Tuple{Float64, Float64, Int64, Int64}}, __result_ref::Nothing)
    @ ShannonSwitchingGame ~/.julia/packages/BenchmarkTools/ZtsPk/src/execution.jl:659
  [3] _lineartrial(b::BenchmarkTools.Benchmark, p::BenchmarkTools.Parameters; maxevals::Int64, kwargs::@Kwargs{})
    @ BenchmarkTools ~/.julia/packages/BenchmarkTools/ZtsPk/src/execution.jl:222
  [4] _lineartrial(b::BenchmarkTools.Benchmark, p::BenchmarkTools.Parameters)
    @ BenchmarkTools ~/.julia/packages/BenchmarkTools/ZtsPk/src/execution.jl:216
  [5] #lineartrial#32
    @ ~/.julia/packages/BenchmarkTools/ZtsPk/src/execution.jl:53 [inlined]
  [6] lineartrial
    @ ~/.julia/packages/BenchmarkTools/ZtsPk/src/execution.jl:52 [inlined]
  [7] tune!(b::BenchmarkTools.Benchmark, p::BenchmarkTools.Parameters; progressid::Nothing, nleaves::Float64, ndone::Float64, verbose::Bool, pad::String, kwargs::@Kwargs{})
    @ BenchmarkTools ~/.julia/packages/BenchmarkTools/ZtsPk/src/execution.jl:341
  [8] tune! (repeats 2 times)
    @ ~/.julia/packages/BenchmarkTools/ZtsPk/src/execution.jl:330 [inlined]
  [9] macro expansion
    @ ~/.julia/packages/BenchmarkTools/ZtsPk/src/execution.jl:503 [inlined]
 [10] test()
    @ ShannonSwitchingGame ~/Documents/computerorientierte_Mathematik_II/Programmierprojekt/ShannonSwitchingGame/src/Wettbewerbsstrategie_Hilfsfunktionen.jl:532
 [11] top-level scope
    @ REPL[7]:1
 [12] eval(m::Module, e::Any)
    @ Core ./boot.jl:489
 [13] eval
    @ ./Base_compiler.jl:146 [inlined]
 [14] repleval(m::Module, code::Expr, ::String)
    @ VSCodeServer ~/.vscode/extensions/julialang.language-julia-1.219.2/scripts/packages/VSCodeServer/src/repl.jl:278
 [15] #evalrepl##2
    @ ~/.vscode/extensions/julialang.language-julia-1.219.2/scripts/packages/VSCodeServer/src/repl.jl:241 [inlined]
 [16] with_logstate(f::VSCodeServer.var"#evalrepl##2#evalrepl##3"{Module, Expr, REPL.LineEditREPL, REPL.LineEdit.Prompt}, logstate::Base.CoreLogging.LogState)
    @ Base.CoreLogging ./logging/logging.jl:542
 [17] with_logger
    @ ./logging/logging.jl:653 [inlined]
 [18] (::VSCodeServer.var"#evalrepl##0#evalrepl##1"{Module, Expr, REPL.LineEditREPL, REPL.LineEdit.Prompt})()
    @ VSCodeServer ~/.vscode/extensions/julialang.language-julia-1.219.2/scripts/packages/VSCodeServer/src/repl.jl:242
 [19] (::VSCodeServer.var"#start_eval_backend##0#start_eval_backend##1")()
    @ VSCodeServer ~/.vscode/extensions/julialang.language-julia-1.219.2/scripts/packages/VSCodeServer/src/eval.jl:34


ERROR in weighted_cut (Spiel 8)
n=17, m=17
UndefVarError: `game` not defined in `ShannonSwitchingGame`
Suggestion: check for spelling errors or missing imports.
Stacktrace:
  [1] var"##core#279"()
    @ ShannonSwitchingGame ~/.julia/packages/BenchmarkTools/ZtsPk/src/execution.jl:647
  [2] var"##sample#280"(::Tuple{}, __params::BenchmarkTools.Parameters, __sample_ref::Base.RefValue{Tuple{Float64, Float64, Int64, Int64}}, __result_ref::Nothing)
    @ ShannonSwitchingGame ~/.julia/packages/BenchmarkTools/ZtsPk/src/execution.jl:659
  [3] _lineartrial(b::BenchmarkTools.Benchmark, p::BenchmarkTools.Parameters; maxevals::Int64, kwargs::@Kwargs{})
    @ BenchmarkTools ~/.julia/packages/BenchmarkTools/ZtsPk/src/execution.jl:222
  [4] _lineartrial(b::BenchmarkTools.Benchmark, p::BenchmarkTools.Parameters)
    @ BenchmarkTools ~/.julia/packages/BenchmarkTools/ZtsPk/src/execution.jl:216
  [5] #lineartrial#32
    @ ~/.julia/packages/BenchmarkTools/ZtsPk/src/execution.jl:53 [inlined]
  [6] lineartrial
    @ ~/.julia/packages/BenchmarkTools/ZtsPk/src/execution.jl:52 [inlined]
  [7] tune!(b::BenchmarkTools.Benchmark, p::BenchmarkTools.Parameters; progressid::Nothing, nleaves::Float64, ndone::Float64, verbose::Bool, pad::String, kwargs::@Kwargs{})
    @ BenchmarkTools ~/.julia/packages/BenchmarkTools/ZtsPk/src/execution.jl:341
  [8] tune! (repeats 2 times)
    @ ~/.julia/packages/BenchmarkTools/ZtsPk/src/execution.jl:330 [inlined]
  [9] macro expansion
    @ ~/.julia/packages/BenchmarkTools/ZtsPk/src/execution.jl:503 [inlined]
 [10] test()
    @ ShannonSwitchingGame ~/Documents/computerorientierte_Mathematik_II/Programmierprojekt/ShannonSwitchingGame/src/Wettbewerbsstrategie_Hilfsfunktionen.jl:532
 [11] top-level scope
    @ REPL[7]:1
 [12] eval(m::Module, e::Any)
    @ Core ./boot.jl:489
 [13] eval
    @ ./Base_compiler.jl:146 [inlined]
 [14] repleval(m::Module, code::Expr, ::String)
    @ VSCodeServer ~/.vscode/extensions/julialang.language-julia-1.219.2/scripts/packages/VSCodeServer/src/repl.jl:278
 [15] #evalrepl##2
    @ ~/.vscode/extensions/julialang.language-julia-1.219.2/scripts/packages/VSCodeServer/src/repl.jl:241 [inlined]
 [16] with_logstate(f::VSCodeServer.var"#evalrepl##2#evalrepl##3"{Module, Expr, REPL.LineEditREPL, REPL.LineEdit.Prompt}, logstate::Base.CoreLogging.LogState)
    @ Base.CoreLogging ./logging/logging.jl:542
 [17] with_logger
    @ ./logging/logging.jl:653 [inlined]
 [18] (::VSCodeServer.var"#evalrepl##0#evalrepl##1"{Module, Expr, REPL.LineEditREPL, REPL.LineEdit.Prompt})()
    @ VSCodeServer ~/.vscode/extensions/julialang.language-julia-1.219.2/scripts/packages/VSCodeServer/src/repl.jl:242
 [19] (::VSCodeServer.var"#start_eval_backend##0#start_eval_backend##1")()
    @ VSCodeServer ~/.vscode/extensions/julialang.language-julia-1.219.2/scripts/packages/VSCodeServer/src/eval.jl:34


ERROR in weighted_cut (Spiel 8)
n=17, m=17
UndefVarError: `game` not defined in `ShannonSwitchingGame`
Suggestion: check for spelling errors or missing imports.
Stacktrace:
  [1] var"##core#279"()
    @ ShannonSwitchingGame ~/.julia/packages/BenchmarkTools/ZtsPk/src/execution.jl:647
  [2] var"##sample#280"(::Tuple{}, __params::BenchmarkTools.Parameters, __sample_ref::Base.RefValue{Tuple{Float64, Float64, Int64, Int64}}, __result_ref::Nothing)
    @ ShannonSwitchingGame ~/.julia/packages/BenchmarkTools/ZtsPk/src/execution.jl:659
  [3] _lineartrial(b::BenchmarkTools.Benchmark, p::BenchmarkTools.Parameters; maxevals::Int64, kwargs::@Kwargs{})
    @ BenchmarkTools ~/.julia/packages/BenchmarkTools/ZtsPk/src/execution.jl:222
  [4] _lineartrial(b::BenchmarkTools.Benchmark, p::BenchmarkTools.Parameters)
    @ BenchmarkTools ~/.julia/packages/BenchmarkTools/ZtsPk/src/execution.jl:216
  [5] #lineartrial#32
    @ ~/.julia/packages/BenchmarkTools/ZtsPk/src/execution.jl:53 [inlined]
  [6] lineartrial
    @ ~/.julia/packages/BenchmarkTools/ZtsPk/src/execution.jl:52 [inlined]
  [7] tune!(b::BenchmarkTools.Benchmark, p::BenchmarkTools.Parameters; progressid::Nothing, nleaves::Float64, ndone::Float64, verbose::Bool, pad::String, kwargs::@Kwargs{})
    @ BenchmarkTools ~/.julia/packages/BenchmarkTools/ZtsPk/src/execution.jl:341
  [8] tune! (repeats 2 times)
    @ ~/.julia/packages/BenchmarkTools/ZtsPk/src/execution.jl:330 [inlined]
  [9] macro expansion
    @ ~/.julia/packages/BenchmarkTools/ZtsPk/src/execution.jl:503 [inlined]
 [10] test()
    @ ShannonSwitchingGame ~/Documents/computerorientierte_Mathematik_II/Programmierprojekt/ShannonSwitchingGame/src/Wettbewerbsstrategie_Hilfsfunktionen.jl:532
 [11] top-level scope
    @ REPL[7]:1
 [12] eval(m::Module, e::Any)
    @ Core ./boot.jl:489
 [13] eval
    @ ./Base_compiler.jl:146 [inlined]
 [14] repleval(m::Module, code::Expr, ::String)
    @ VSCodeServer ~/.vscode/extensions/julialang.language-julia-1.219.2/scripts/packages/VSCodeServer/src/repl.jl:278
 [15] #evalrepl##2
    @ ~/.vscode/extensions/julialang.language-julia-1.219.2/scripts/packages/VSCodeServer/src/repl.jl:241 [inlined]
 [16] with_logstate(f::VSCodeServer.var"#evalrepl##2#evalrepl##3"{Module, Expr, REPL.LineEditREPL, REPL.LineEdit.Prompt}, logstate::Base.CoreLogging.LogState)
    @ Base.CoreLogging ./logging/logging.jl:542
 [17] with_logger
    @ ./logging/logging.jl:653 [inlined]
 [18] (::VSCodeServer.var"#evalrepl##0#evalrepl##1"{Module, Expr, REPL.LineEditREPL, REPL.LineEdit.Prompt})()
    @ VSCodeServer ~/.vscode/extensions/julialang.language-julia-1.219.2/scripts/packages/VSCodeServer/src/repl.jl:242
 [19] (::VSCodeServer.var"#start_eval_backend##0#start_eval_backend##1")()
    @ VSCodeServer ~/.vscode/extensions/julialang.language-julia-1.219.2/scripts/packages/VSCodeServer/src/eval.jl:34


ERROR in weighted_short (Spiel 8)
n=17, m=17
UndefVarError: `game` not defined in `ShannonSwitchingGame`
Suggestion: check for spelling errors or missing imports.
Stacktrace:
  [1] var"##core#281"()
    @ ShannonSwitchingGame ~/.julia/packages/BenchmarkTools/ZtsPk/src/execution.jl:647
  [2] var"##sample#282"(::Tuple{}, __params::BenchmarkTools.Parameters, __sample_ref::Base.RefValue{Tuple{Float64, Float64, Int64, Int64}}, __result_ref::Nothing)
    @ ShannonSwitchingGame ~/.julia/packages/BenchmarkTools/ZtsPk/src/execution.jl:659
  [3] _lineartrial(b::BenchmarkTools.Benchmark, p::BenchmarkTools.Parameters; maxevals::Int64, kwargs::@Kwargs{})
    @ BenchmarkTools ~/.julia/packages/BenchmarkTools/ZtsPk/src/execution.jl:222
  [4] _lineartrial(b::BenchmarkTools.Benchmark, p::BenchmarkTools.Parameters)
    @ BenchmarkTools ~/.julia/packages/BenchmarkTools/ZtsPk/src/execution.jl:216
  [5] #lineartrial#32
    @ ~/.julia/packages/BenchmarkTools/ZtsPk/src/execution.jl:53 [inlined]
  [6] lineartrial
    @ ~/.julia/packages/BenchmarkTools/ZtsPk/src/execution.jl:52 [inlined]
  [7] tune!(b::BenchmarkTools.Benchmark, p::BenchmarkTools.Parameters; progressid::Nothing, nleaves::Float64, ndone::Float64, verbose::Bool, pad::String, kwargs::@Kwargs{})
    @ BenchmarkTools ~/.julia/packages/BenchmarkTools/ZtsPk/src/execution.jl:341
  [8] tune! (repeats 2 times)
    @ ~/.julia/packages/BenchmarkTools/ZtsPk/src/execution.jl:330 [inlined]
  [9] macro expansion
    @ ~/.julia/packages/BenchmarkTools/ZtsPk/src/execution.jl:503 [inlined]
 [10] test()
    @ ShannonSwitchingGame ~/Documents/computerorientierte_Mathematik_II/Programmierprojekt/ShannonSwitchingGame/src/Wettbewerbsstrategie_Hilfsfunktionen.jl:581
 [11] top-level scope
    @ REPL[7]:1
 [12] eval(m::Module, e::Any)
    @ Core ./boot.jl:489
 [13] eval
    @ ./Base_compiler.jl:146 [inlined]
 [14] repleval(m::Module, code::Expr, ::String)
    @ VSCodeServer ~/.vscode/extensions/julialang.language-julia-1.219.2/scripts/packages/VSCodeServer/src/repl.jl:278
 [15] #evalrepl##2
    @ ~/.vscode/extensions/julialang.language-julia-1.219.2/scripts/packages/VSCodeServer/src/repl.jl:241 [inlined]
 [16] with_logstate(f::VSCodeServer.var"#evalrepl##2#evalrepl##3"{Module, Expr, REPL.LineEditREPL, REPL.LineEdit.Prompt}, logstate::Base.CoreLogging.LogState)
    @ Base.CoreLogging ./logging/logging.jl:542
 [17] with_logger
    @ ./logging/logging.jl:653 [inlined]
 [18] (::VSCodeServer.var"#evalrepl##0#evalrepl##1"{Module, Expr, REPL.LineEditREPL, REPL.LineEdit.Prompt})()
    @ VSCodeServer ~/.vscode/extensions/julialang.language-julia-1.219.2/scripts/packages/VSCodeServer/src/repl.jl:242
 [19] (::VSCodeServer.var"#start_eval_backend##0#start_eval_backend##1")()
    @ VSCodeServer ~/.vscode/extensions/julialang.language-julia-1.219.2/scripts/packages/VSCodeServer/src/eval.jl:34

ERROR in weighted_short (Spiel 8)
n=17, m=17
UndefVarError: `game` not defined in `ShannonSwitchingGame`
Suggestion: check for spelling errors or missing imports.
Stacktrace:
  [1] var"##core#281"()
    @ ShannonSwitchingGame ~/.julia/packages/BenchmarkTools/ZtsPk/src/execution.jl:647
  [2] var"##sample#282"(::Tuple{}, __params::BenchmarkTools.Parameters, __sample_ref::Base.RefValue{Tuple{Float64, Float64, Int64, Int64}}, __result_ref::Nothing)
    @ ShannonSwitchingGame ~/.julia/packages/BenchmarkTools/ZtsPk/src/execution.jl:659
  [3] _lineartrial(b::BenchmarkTools.Benchmark, p::BenchmarkTools.Parameters; maxevals::Int64, kwargs::@Kwargs{})
    @ BenchmarkTools ~/.julia/packages/BenchmarkTools/ZtsPk/src/execution.jl:222
  [4] _lineartrial(b::BenchmarkTools.Benchmark, p::BenchmarkTools.Parameters)
    @ BenchmarkTools ~/.julia/packages/BenchmarkTools/ZtsPk/src/execution.jl:216
  [5] #lineartrial#32
    @ ~/.julia/packages/BenchmarkTools/ZtsPk/src/execution.jl:53 [inlined]
  [6] lineartrial
    @ ~/.julia/packages/BenchmarkTools/ZtsPk/src/execution.jl:52 [inlined]
  [7] tune!(b::BenchmarkTools.Benchmark, p::BenchmarkTools.Parameters; progressid::Nothing, nleaves::Float64, ndone::Float64, verbose::Bool, pad::String, kwargs::@Kwargs{})
    @ BenchmarkTools ~/.julia/packages/BenchmarkTools/ZtsPk/src/execution.jl:341
  [8] tune! (repeats 2 times)
    @ ~/.julia/packages/BenchmarkTools/ZtsPk/src/execution.jl:330 [inlined]
  [9] macro expansion
    @ ~/.julia/packages/BenchmarkTools/ZtsPk/src/execution.jl:503 [inlined]
 [10] test()
    @ ShannonSwitchingGame ~/Documents/computerorientierte_Mathematik_II/Programmierprojekt/ShannonSwitchingGame/src/Wettbewerbsstrategie_Hilfsfunktionen.jl:581
 [11] top-level scope
    @ REPL[7]:1
 [12] eval(m::Module, e::Any)
    @ Core ./boot.jl:489
 [13] eval
    @ ./Base_compiler.jl:146 [inlined]
 [14] repleval(m::Module, code::Expr, ::String)
    @ VSCodeServer ~/.vscode/extensions/julialang.language-julia-1.219.2/scripts/packages/VSCodeServer/src/repl.jl:278
 [15] #evalrepl##2
    @ ~/.vscode/extensions/julialang.language-julia-1.219.2/scripts/packages/VSCodeServer/src/repl.jl:241 [inlined]
 [16] with_logstate(f::VSCodeServer.var"#evalrepl##2#evalrepl##3"{Module, Expr, REPL.LineEditREPL, REPL.LineEdit.Prompt}, logstate::Base.CoreLogging.LogState)
    @ Base.CoreLogging ./logging/logging.jl:542
 [17] with_logger
    @ ./logging/logging.jl:653 [inlined]
 [18] (::VSCodeServer.var"#evalrepl##0#evalrepl##1"{Module, Expr, REPL.LineEditREPL, REPL.LineEdit.Prompt})()
    @ VSCodeServer ~/.vscode/extensions/julialang.language-julia-1.219.2/scripts/packages/VSCodeServer/src/repl.jl:242
 [19] (::VSCodeServer.var"#start_eval_backend##0#start_eval_backend##1")()
    @ VSCodeServer ~/.vscode/extensions/julialang.language-julia-1.219.2/scripts/packages/VSCodeServer/src/eval.jl:34

ERROR in weighted_short (Spiel 8)
n=17, m=17
UndefVarError: `game` not defined in `ShannonSwitchingGame`
Suggestion: check for spelling errors or missing imports.
Stacktrace:
  [1] var"##core#281"()
    @ ShannonSwitchingGame ~/.julia/packages/BenchmarkTools/ZtsPk/src/execution.jl:647
  [2] var"##sample#282"(::Tuple{}, __params::BenchmarkTools.Parameters, __sample_ref::Base.RefValue{Tuple{Float64, Float64, Int64, Int64}}, __result_ref::Nothing)
    @ ShannonSwitchingGame ~/.julia/packages/BenchmarkTools/ZtsPk/src/execution.jl:659
  [3] _lineartrial(b::BenchmarkTools.Benchmark, p::BenchmarkTools.Parameters; maxevals::Int64, kwargs::@Kwargs{})
    @ BenchmarkTools ~/.julia/packages/BenchmarkTools/ZtsPk/src/execution.jl:222
  [4] _lineartrial(b::BenchmarkTools.Benchmark, p::BenchmarkTools.Parameters)
    @ BenchmarkTools ~/.julia/packages/BenchmarkTools/ZtsPk/src/execution.jl:216
  [5] #lineartrial#32
    @ ~/.julia/packages/BenchmarkTools/ZtsPk/src/execution.jl:53 [inlined]
  [6] lineartrial
    @ ~/.julia/packages/BenchmarkTools/ZtsPk/src/execution.jl:52 [inlined]
  [7] tune!(b::BenchmarkTools.Benchmark, p::BenchmarkTools.Parameters; progressid::Nothing, nleaves::Float64, ndone::Float64, verbose::Bool, pad::String, kwargs::@Kwargs{})
    @ BenchmarkTools ~/.julia/packages/BenchmarkTools/ZtsPk/src/execution.jl:341
  [8] tune! (repeats 2 times)
    @ ~/.julia/packages/BenchmarkTools/ZtsPk/src/execution.jl:330 [inlined]
  [9] macro expansion
    @ ~/.julia/packages/BenchmarkTools/ZtsPk/src/execution.jl:503 [inlined]
 [10] test()
    @ ShannonSwitchingGame ~/Documents/computerorientierte_Mathematik_II/Programmierprojekt/ShannonSwitchingGame/src/Wettbewerbsstrategie_Hilfsfunktionen.jl:581
 [11] top-level scope
    @ REPL[7]:1
 [12] eval(m::Module, e::Any)
    @ Core ./boot.jl:489
 [13] eval
    @ ./Base_compiler.jl:146 [inlined]
 [14] repleval(m::Module, code::Expr, ::String)
    @ VSCodeServer ~/.vscode/extensions/julialang.language-julia-1.219.2/scripts/packages/VSCodeServer/src/repl.jl:278
 [15] #evalrepl##2
    @ ~/.vscode/extensions/julialang.language-julia-1.219.2/scripts/packages/VSCodeServer/src/repl.jl:241 [inlined]
 [16] with_logstate(f::VSCodeServer.var"#evalrepl##2#evalrepl##3"{Module, Expr, REPL.LineEditREPL, REPL.LineEdit.Prompt}, logstate::Base.CoreLogging.LogState)
    @ Base.CoreLogging ./logging/logging.jl:542
 [17] with_logger
    @ ./logging/logging.jl:653 [inlined]
 [18] (::VSCodeServer.var"#evalrepl##0#evalrepl##1"{Module, Expr, REPL.LineEditREPL, REPL.LineEdit.Prompt})()
    @ VSCodeServer ~/.vscode/extensions/julialang.language-julia-1.219.2/scripts/packages/VSCodeServer/src/repl.jl:242
 [19] (::VSCodeServer.var"#start_eval_backend##0#start_eval_backend##1")()
    @ VSCodeServer ~/.vscode/extensions/julialang.language-julia-1.219.2/scripts/packages/VSCodeServer/src/eval.jl:34

ERROR in weighted_short (Spiel 8)
n=17, m=17
UndefVarError: `game` not defined in `ShannonSwitchingGame`
Suggestion: check for spelling errors or missing imports.
Stacktrace:
  [1] var"##core#281"()
    @ ShannonSwitchingGame ~/.julia/packages/BenchmarkTools/ZtsPk/src/execution.jl:647
  [2] var"##sample#282"(::Tuple{}, __params::BenchmarkTools.Parameters, __sample_ref::Base.RefValue{Tuple{Float64, Float64, Int64, Int64}}, __result_ref::Nothing)
    @ ShannonSwitchingGame ~/.julia/packages/BenchmarkTools/ZtsPk/src/execution.jl:659
  [3] _lineartrial(b::BenchmarkTools.Benchmark, p::BenchmarkTools.Parameters; maxevals::Int64, kwargs::@Kwargs{})
    @ BenchmarkTools ~/.julia/packages/BenchmarkTools/ZtsPk/src/execution.jl:222
  [4] _lineartrial(b::BenchmarkTools.Benchmark, p::BenchmarkTools.Parameters)
    @ BenchmarkTools ~/.julia/packages/BenchmarkTools/ZtsPk/src/execution.jl:216
  [5] #lineartrial#32
    @ ~/.julia/packages/BenchmarkTools/ZtsPk/src/execution.jl:53 [inlined]
  [6] lineartrial
    @ ~/.julia/packages/BenchmarkTools/ZtsPk/src/execution.jl:52 [inlined]
  [7] tune!(b::BenchmarkTools.Benchmark, p::BenchmarkTools.Parameters; progressid::Nothing, nleaves::Float64, ndone::Float64, verbose::Bool, pad::String, kwargs::@Kwargs{})
    @ BenchmarkTools ~/.julia/packages/BenchmarkTools/ZtsPk/src/execution.jl:341
  [8] tune! (repeats 2 times)
    @ ~/.julia/packages/BenchmarkTools/ZtsPk/src/execution.jl:330 [inlined]
  [9] macro expansion
    @ ~/.julia/packages/BenchmarkTools/ZtsPk/src/execution.jl:503 [inlined]
 [10] test()
    @ ShannonSwitchingGame ~/Documents/computerorientierte_Mathematik_II/Programmierprojekt/ShannonSwitchingGame/src/Wettbewerbsstrategie_Hilfsfunktionen.jl:581
 [11] top-level scope
    @ REPL[7]:1
 [12] eval(m::Module, e::Any)
    @ Core ./boot.jl:489
 [13] eval
    @ ./Base_compiler.jl:146 [inlined]
 [14] repleval(m::Module, code::Expr, ::String)
    @ VSCodeServer ~/.vscode/extensions/julialang.language-julia-1.219.2/scripts/packages/VSCodeServer/src/repl.jl:278
 [15] #evalrepl##2
    @ ~/.vscode/extensions/julialang.language-julia-1.219.2/scripts/packages/VSCodeServer/src/repl.jl:241 [inlined]
 [16] with_logstate(f::VSCodeServer.var"#evalrepl##2#evalrepl##3"{Module, Expr, REPL.LineEditREPL, REPL.LineEdit.Prompt}, logstate::Base.CoreLogging.LogState)
    @ Base.CoreLogging ./logging/logging.jl:542
 [17] with_logger
    @ ./logging/logging.jl:653 [inlined]
 [18] (::VSCodeServer.var"#evalrepl##0#evalrepl##1"{Module, Expr, REPL.LineEditREPL, REPL.LineEdit.Prompt})()
    @ VSCodeServer ~/.vscode/extensions/julialang.language-julia-1.219.2/scripts/packages/VSCodeServer/src/repl.jl:242
 [19] (::VSCodeServer.var"#start_eval_backend##0#start_eval_backend##1")()
    @ VSCodeServer ~/.vscode/extensions/julialang.language-julia-1.219.2/scripts/packages/VSCodeServer/src/eval.jl:34

ERROR in weighted_short (Spiel 8)
n=17, m=17
UndefVarError: `game` not defined in `ShannonSwitchingGame`
Suggestion: check for spelling errors or missing imports.
Stacktrace:
  [1] var"##core#281"()
    @ ShannonSwitchingGame ~/.julia/packages/BenchmarkTools/ZtsPk/src/execution.jl:647
  [2] var"##sample#282"(::Tuple{}, __params::BenchmarkTools.Parameters, __sample_ref::Base.RefValue{Tuple{Float64, Float64, Int64, Int64}}, __result_ref::Nothing)
    @ ShannonSwitchingGame ~/.julia/packages/BenchmarkTools/ZtsPk/src/execution.jl:659
  [3] _lineartrial(b::BenchmarkTools.Benchmark, p::BenchmarkTools.Parameters; maxevals::Int64, kwargs::@Kwargs{})
    @ BenchmarkTools ~/.julia/packages/BenchmarkTools/ZtsPk/src/execution.jl:222
  [4] _lineartrial(b::BenchmarkTools.Benchmark, p::BenchmarkTools.Parameters)
    @ BenchmarkTools ~/.julia/packages/BenchmarkTools/ZtsPk/src/execution.jl:216
  [5] #lineartrial#32
    @ ~/.julia/packages/BenchmarkTools/ZtsPk/src/execution.jl:53 [inlined]
  [6] lineartrial
    @ ~/.julia/packages/BenchmarkTools/ZtsPk/src/execution.jl:52 [inlined]
  [7] tune!(b::BenchmarkTools.Benchmark, p::BenchmarkTools.Parameters; progressid::Nothing, nleaves::Float64, ndone::Float64, verbose::Bool, pad::String, kwargs::@Kwargs{})
    @ BenchmarkTools ~/.julia/packages/BenchmarkTools/ZtsPk/src/execution.jl:341
  [8] tune! (repeats 2 times)
    @ ~/.julia/packages/BenchmarkTools/ZtsPk/src/execution.jl:330 [inlined]
  [9] macro expansion
    @ ~/.julia/packages/BenchmarkTools/ZtsPk/src/execution.jl:503 [inlined]
 [10] test()
    @ ShannonSwitchingGame ~/Documents/computerorientierte_Mathematik_II/Programmierprojekt/ShannonSwitchingGame/src/Wettbewerbsstrategie_Hilfsfunktionen.jl:581
 [11] top-level scope
    @ REPL[7]:1
 [12] eval(m::Module, e::Any)
    @ Core ./boot.jl:489
 [13] eval
    @ ./Base_compiler.jl:146 [inlined]
 [14] repleval(m::Module, code::Expr, ::String)
    @ VSCodeServer ~/.vscode/extensions/julialang.language-julia-1.219.2/scripts/packages/VSCodeServer/src/repl.jl:278
 [15] #evalrepl##2
    @ ~/.vscode/extensions/julialang.language-julia-1.219.2/scripts/packages/VSCodeServer/src/repl.jl:241 [inlined]
 [16] with_logstate(f::VSCodeServer.var"#evalrepl##2#evalrepl##3"{Module, Expr, REPL.LineEditREPL, REPL.LineEdit.Prompt}, logstate::Base.CoreLogging.LogState)
    @ Base.CoreLogging ./logging/logging.jl:542
 [17] with_logger
    @ ./logging/logging.jl:653 [inlined]
 [18] (::VSCodeServer.var"#evalrepl##0#evalrepl##1"{Module, Expr, REPL.LineEditREPL, REPL.LineEdit.Prompt})()
    @ VSCodeServer ~/.vscode/extensions/julialang.language-julia-1.219.2/scripts/packages/VSCodeServer/src/repl.jl:242
 [19] (::VSCodeServer.var"#start_eval_backend##0#start_eval_backend##1")()
    @ VSCodeServer ~/.vscode/extensions/julialang.language-julia-1.219.2/scripts/packages/VSCodeServer/src/eval.jl:34

ERROR in weighted_short (Spiel 8)
n=17, m=17
UndefVarError: `game` not defined in `ShannonSwitchingGame`
Suggestion: check for spelling errors or missing imports.
Stacktrace:
  [1] var"##core#281"()
    @ ShannonSwitchingGame ~/.julia/packages/BenchmarkTools/ZtsPk/src/execution.jl:647
  [2] var"##sample#282"(::Tuple{}, __params::BenchmarkTools.Parameters, __sample_ref::Base.RefValue{Tuple{Float64, Float64, Int64, Int64}}, __result_ref::Nothing)
    @ ShannonSwitchingGame ~/.julia/packages/BenchmarkTools/ZtsPk/src/execution.jl:659
  [3] _lineartrial(b::BenchmarkTools.Benchmark, p::BenchmarkTools.Parameters; maxevals::Int64, kwargs::@Kwargs{})
    @ BenchmarkTools ~/.julia/packages/BenchmarkTools/ZtsPk/src/execution.jl:222
  [4] _lineartrial(b::BenchmarkTools.Benchmark, p::BenchmarkTools.Parameters)
    @ BenchmarkTools ~/.julia/packages/BenchmarkTools/ZtsPk/src/execution.jl:216
  [5] #lineartrial#32
    @ ~/.julia/packages/BenchmarkTools/ZtsPk/src/execution.jl:53 [inlined]
  [6] lineartrial
    @ ~/.julia/packages/BenchmarkTools/ZtsPk/src/execution.jl:52 [inlined]
  [7] tune!(b::BenchmarkTools.Benchmark, p::BenchmarkTools.Parameters; progressid::Nothing, nleaves::Float64, ndone::Float64, verbose::Bool, pad::String, kwargs::@Kwargs{})
    @ BenchmarkTools ~/.julia/packages/BenchmarkTools/ZtsPk/src/execution.jl:341
  [8] tune! (repeats 2 times)
    @ ~/.julia/packages/BenchmarkTools/ZtsPk/src/execution.jl:330 [inlined]
  [9] macro expansion
    @ ~/.julia/packages/BenchmarkTools/ZtsPk/src/execution.jl:503 [inlined]
 [10] test()
    @ ShannonSwitchingGame ~/Documents/computerorientierte_Mathematik_II/Programmierprojekt/ShannonSwitchingGame/src/Wettbewerbsstrategie_Hilfsfunktionen.jl:581
 [11] top-level scope
    @ REPL[7]:1
 [12] eval(m::Module, e::Any)
    @ Core ./boot.jl:489
 [13] eval
    @ ./Base_compiler.jl:146 [inlined]
 [14] repleval(m::Module, code::Expr, ::String)
    @ VSCodeServer ~/.vscode/extensions/julialang.language-julia-1.219.2/scripts/packages/VSCodeServer/src/repl.jl:278
 [15] #evalrepl##2
    @ ~/.vscode/extensions/julialang.language-julia-1.219.2/scripts/packages/VSCodeServer/src/repl.jl:241 [inlined]
 [16] with_logstate(f::VSCodeServer.var"#evalrepl##2#evalrepl##3"{Module, Expr, REPL.LineEditREPL, REPL.LineEdit.Prompt}, logstate::Base.CoreLogging.LogState)
    @ Base.CoreLogging ./logging/logging.jl:542
 [17] with_logger
    @ ./logging/logging.jl:653 [inlined]
 [18] (::VSCodeServer.var"#evalrepl##0#evalrepl##1"{Module, Expr, REPL.LineEditREPL, REPL.LineEdit.Prompt})()
    @ VSCodeServer ~/.vscode/extensions/julialang.language-julia-1.219.2/scripts/packages/VSCodeServer/src/repl.jl:242
 [19] (::VSCodeServer.var"#start_eval_backend##0#start_eval_backend##1")()
    @ VSCodeServer ~/.vscode/extensions/julialang.language-julia-1.219.2/scripts/packages/VSCodeServer/src/eval.jl:34

ERROR in weighted_short (Spiel 8)
n=17, m=17
UndefVarError: `game` not defined in `ShannonSwitchingGame`
Suggestion: check for spelling errors or missing imports.
Stacktrace:
  [1] var"##core#281"()
    @ ShannonSwitchingGame ~/.julia/packages/BenchmarkTools/ZtsPk/src/execution.jl:647
  [2] var"##sample#282"(::Tuple{}, __params::BenchmarkTools.Parameters, __sample_ref::Base.RefValue{Tuple{Float64, Float64, Int64, Int64}}, __result_ref::Nothing)
    @ ShannonSwitchingGame ~/.julia/packages/BenchmarkTools/ZtsPk/src/execution.jl:659
  [3] _lineartrial(b::BenchmarkTools.Benchmark, p::BenchmarkTools.Parameters; maxevals::Int64, kwargs::@Kwargs{})
    @ BenchmarkTools ~/.julia/packages/BenchmarkTools/ZtsPk/src/execution.jl:222
  [4] _lineartrial(b::BenchmarkTools.Benchmark, p::BenchmarkTools.Parameters)
    @ BenchmarkTools ~/.julia/packages/BenchmarkTools/ZtsPk/src/execution.jl:216
  [5] #lineartrial#32
    @ ~/.julia/packages/BenchmarkTools/ZtsPk/src/execution.jl:53 [inlined]
  [6] lineartrial
    @ ~/.julia/packages/BenchmarkTools/ZtsPk/src/execution.jl:52 [inlined]
  [7] tune!(b::BenchmarkTools.Benchmark, p::BenchmarkTools.Parameters; progressid::Nothing, nleaves::Float64, ndone::Float64, verbose::Bool, pad::String, kwargs::@Kwargs{})
    @ BenchmarkTools ~/.julia/packages/BenchmarkTools/ZtsPk/src/execution.jl:341
  [8] tune! (repeats 2 times)
    @ ~/.julia/packages/BenchmarkTools/ZtsPk/src/execution.jl:330 [inlined]
  [9] macro expansion
    @ ~/.julia/packages/BenchmarkTools/ZtsPk/src/execution.jl:503 [inlined]
 [10] test()
    @ ShannonSwitchingGame ~/Documents/computerorientierte_Mathematik_II/Programmierprojekt/ShannonSwitchingGame/src/Wettbewerbsstrategie_Hilfsfunktionen.jl:581
 [11] top-level scope
    @ REPL[7]:1
 [12] eval(m::Module, e::Any)
    @ Core ./boot.jl:489
 [13] eval
    @ ./Base_compiler.jl:146 [inlined]
 [14] repleval(m::Module, code::Expr, ::String)
    @ VSCodeServer ~/.vscode/extensions/julialang.language-julia-1.219.2/scripts/packages/VSCodeServer/src/repl.jl:278
 [15] #evalrepl##2
    @ ~/.vscode/extensions/julialang.language-julia-1.219.2/scripts/packages/VSCodeServer/src/repl.jl:241 [inlined]
 [16] with_logstate(f::VSCodeServer.var"#evalrepl##2#evalrepl##3"{Module, Expr, REPL.LineEditREPL, REPL.LineEdit.Prompt}, logstate::Base.CoreLogging.LogState)
    @ Base.CoreLogging ./logging/logging.jl:542
 [17] with_logger
    @ ./logging/logging.jl:653 [inlined]
 [18] (::VSCodeServer.var"#evalrepl##0#evalrepl##1"{Module, Expr, REPL.LineEditREPL, REPL.LineEdit.Prompt})()
    @ VSCodeServer ~/.vscode/extensions/julialang.language-julia-1.219.2/scripts/packages/VSCodeServer/src/repl.jl:242
 [19] (::VSCodeServer.var"#start_eval_backend##0#start_eval_backend##1")()
    @ VSCodeServer ~/.vscode/extensions/julialang.language-julia-1.219.2/scripts/packages/VSCodeServer/src/eval.jl:34

ERROR in weighted_short (Spiel 8)
n=17, m=17
UndefVarError: `game` not defined in `ShannonSwitchingGame`
Suggestion: check for spelling errors or missing imports.
Stacktrace:
  [1] var"##core#281"()
    @ ShannonSwitchingGame ~/.julia/packages/BenchmarkTools/ZtsPk/src/execution.jl:647
  [2] var"##sample#282"(::Tuple{}, __params::BenchmarkTools.Parameters, __sample_ref::Base.RefValue{Tuple{Float64, Float64, Int64, Int64}}, __result_ref::Nothing)
    @ ShannonSwitchingGame ~/.julia/packages/BenchmarkTools/ZtsPk/src/execution.jl:659
  [3] _lineartrial(b::BenchmarkTools.Benchmark, p::BenchmarkTools.Parameters; maxevals::Int64, kwargs::@Kwargs{})
    @ BenchmarkTools ~/.julia/packages/BenchmarkTools/ZtsPk/src/execution.jl:222
  [4] _lineartrial(b::BenchmarkTools.Benchmark, p::BenchmarkTools.Parameters)
    @ BenchmarkTools ~/.julia/packages/BenchmarkTools/ZtsPk/src/execution.jl:216
  [5] #lineartrial#32
    @ ~/.julia/packages/BenchmarkTools/ZtsPk/src/execution.jl:53 [inlined]
  [6] lineartrial
    @ ~/.julia/packages/BenchmarkTools/ZtsPk/src/execution.jl:52 [inlined]
  [7] tune!(b::BenchmarkTools.Benchmark, p::BenchmarkTools.Parameters; progressid::Nothing, nleaves::Float64, ndone::Float64, verbose::Bool, pad::String, kwargs::@Kwargs{})
    @ BenchmarkTools ~/.julia/packages/BenchmarkTools/ZtsPk/src/execution.jl:341
  [8] tune! (repeats 2 times)
    @ ~/.julia/packages/BenchmarkTools/ZtsPk/src/execution.jl:330 [inlined]
  [9] macro expansion
    @ ~/.julia/packages/BenchmarkTools/ZtsPk/src/execution.jl:503 [inlined]
 [10] test()
    @ ShannonSwitchingGame ~/Documents/computerorientierte_Mathematik_II/Programmierprojekt/ShannonSwitchingGame/src/Wettbewerbsstrategie_Hilfsfunktionen.jl:581
 [11] top-level scope
    @ REPL[7]:1
 [12] eval(m::Module, e::Any)
    @ Core ./boot.jl:489
 [13] eval
    @ ./Base_compiler.jl:146 [inlined]
 [14] repleval(m::Module, code::Expr, ::String)
    @ VSCodeServer ~/.vscode/extensions/julialang.language-julia-1.219.2/scripts/packages/VSCodeServer/src/repl.jl:278
 [15] #evalrepl##2
    @ ~/.vscode/extensions/julialang.language-julia-1.219.2/scripts/packages/VSCodeServer/src/repl.jl:241 [inlined]
 [16] with_logstate(f::VSCodeServer.var"#evalrepl##2#evalrepl##3"{Module, Expr, REPL.LineEditREPL, REPL.LineEdit.Prompt}, logstate::Base.CoreLogging.LogState)
    @ Base.CoreLogging ./logging/logging.jl:542
 [17] with_logger
    @ ./logging/logging.jl:653 [inlined]
 [18] (::VSCodeServer.var"#evalrepl##0#evalrepl##1"{Module, Expr, REPL.LineEditREPL, REPL.LineEdit.Prompt})()
    @ VSCodeServer ~/.vscode/extensions/julialang.language-julia-1.219.2/scripts/packages/VSCodeServer/src/repl.jl:242
 [19] (::VSCodeServer.var"#start_eval_backend##0#start_eval_backend##1")()
    @ VSCodeServer ~/.vscode/extensions/julialang.language-julia-1.219.2/scripts/packages/VSCodeServer/src/eval.jl:34

ERROR in weighted_short (Spiel 8)
n=17, m=17
UndefVarError: `game` not defined in `ShannonSwitchingGame`
Suggestion: check for spelling errors or missing imports.
Stacktrace:
  [1] var"##core#281"()
    @ ShannonSwitchingGame ~/.julia/packages/BenchmarkTools/ZtsPk/src/execution.jl:647
  [2] var"##sample#282"(::Tuple{}, __params::BenchmarkTools.Parameters, __sample_ref::Base.RefValue{Tuple{Float64, Float64, Int64, Int64}}, __result_ref::Nothing)
    @ ShannonSwitchingGame ~/.julia/packages/BenchmarkTools/ZtsPk/src/execution.jl:659
  [3] _lineartrial(b::BenchmarkTools.Benchmark, p::BenchmarkTools.Parameters; maxevals::Int64, kwargs::@Kwargs{})
    @ BenchmarkTools ~/.julia/packages/BenchmarkTools/ZtsPk/src/execution.jl:222
  [4] _lineartrial(b::BenchmarkTools.Benchmark, p::BenchmarkTools.Parameters)
    @ BenchmarkTools ~/.julia/packages/BenchmarkTools/ZtsPk/src/execution.jl:216
  [5] #lineartrial#32
    @ ~/.julia/packages/BenchmarkTools/ZtsPk/src/execution.jl:53 [inlined]
  [6] lineartrial
    @ ~/.julia/packages/BenchmarkTools/ZtsPk/src/execution.jl:52 [inlined]
  [7] tune!(b::BenchmarkTools.Benchmark, p::BenchmarkTools.Parameters; progressid::Nothing, nleaves::Float64, ndone::Float64, verbose::Bool, pad::String, kwargs::@Kwargs{})
    @ BenchmarkTools ~/.julia/packages/BenchmarkTools/ZtsPk/src/execution.jl:341
  [8] tune! (repeats 2 times)
    @ ~/.julia/packages/BenchmarkTools/ZtsPk/src/execution.jl:330 [inlined]
  [9] macro expansion
    @ ~/.julia/packages/BenchmarkTools/ZtsPk/src/execution.jl:503 [inlined]
 [10] test()
    @ ShannonSwitchingGame ~/Documents/computerorientierte_Mathematik_II/Programmierprojekt/ShannonSwitchingGame/src/Wettbewerbsstrategie_Hilfsfunktionen.jl:581
 [11] top-level scope
    @ REPL[7]:1
 [12] eval(m::Module, e::Any)
    @ Core ./boot.jl:489
 [13] eval
    @ ./Base_compiler.jl:146 [inlined]
 [14] repleval(m::Module, code::Expr, ::String)
    @ VSCodeServer ~/.vscode/extensions/julialang.language-julia-1.219.2/scripts/packages/VSCodeServer/src/repl.jl:278
 [15] #evalrepl##2
    @ ~/.vscode/extensions/julialang.language-julia-1.219.2/scripts/packages/VSCodeServer/src/repl.jl:241 [inlined]
 [16] with_logstate(f::VSCodeServer.var"#evalrepl##2#evalrepl##3"{Module, Expr, REPL.LineEditREPL, REPL.LineEdit.Prompt}, logstate::Base.CoreLogging.LogState)
    @ Base.CoreLogging ./logging/logging.jl:542
 [17] with_logger
    @ ./logging/logging.jl:653 [inlined]
 [18] (::VSCodeServer.var"#evalrepl##0#evalrepl##1"{Module, Expr, REPL.LineEditREPL, REPL.LineEdit.Prompt})()
    @ VSCodeServer ~/.vscode/extensions/julialang.language-julia-1.219.2/scripts/packages/VSCodeServer/src/repl.jl:242
 [19] (::VSCodeServer.var"#start_eval_backend##0#start_eval_backend##1")()
    @ VSCodeServer ~/.vscode/extensions/julialang.language-julia-1.219.2/scripts/packages/VSCodeServer/src/eval.jl:34

ERROR in weighted_cut (Spiel 9)
n=5, m=6
UndefVarError: `game` not defined in `ShannonSwitchingGame`
Suggestion: check for spelling errors or missing imports.
Stacktrace:
  [1] var"##core#279"()
    @ ShannonSwitchingGame ~/.julia/packages/BenchmarkTools/ZtsPk/src/execution.jl:647
  [2] var"##sample#280"(::Tuple{}, __params::BenchmarkTools.Parameters, __sample_ref::Base.RefValue{Tuple{Float64, Float64, Int64, Int64}}, __result_ref::Nothing)
    @ ShannonSwitchingGame ~/.julia/packages/BenchmarkTools/ZtsPk/src/execution.jl:659
  [3] _lineartrial(b::BenchmarkTools.Benchmark, p::BenchmarkTools.Parameters; maxevals::Int64, kwargs::@Kwargs{})
    @ BenchmarkTools ~/.julia/packages/BenchmarkTools/ZtsPk/src/execution.jl:222
  [4] _lineartrial(b::BenchmarkTools.Benchmark, p::BenchmarkTools.Parameters)
    @ BenchmarkTools ~/.julia/packages/BenchmarkTools/ZtsPk/src/execution.jl:216
  [5] #lineartrial#32
    @ ~/.julia/packages/BenchmarkTools/ZtsPk/src/execution.jl:53 [inlined]
  [6] lineartrial
    @ ~/.julia/packages/BenchmarkTools/ZtsPk/src/execution.jl:52 [inlined]
  [7] tune!(b::BenchmarkTools.Benchmark, p::BenchmarkTools.Parameters; progressid::Nothing, nleaves::Float64, ndone::Float64, verbose::Bool, pad::String, kwargs::@Kwargs{})
    @ BenchmarkTools ~/.julia/packages/BenchmarkTools/ZtsPk/src/execution.jl:341
  [8] tune! (repeats 2 times)
    @ ~/.julia/packages/BenchmarkTools/ZtsPk/src/execution.jl:330 [inlined]
  [9] macro expansion
    @ ~/.julia/packages/BenchmarkTools/ZtsPk/src/execution.jl:503 [inlined]
 [10] test()
    @ ShannonSwitchingGame ~/Documents/computerorientierte_Mathematik_II/Programmierprojekt/ShannonSwitchingGame/src/Wettbewerbsstrategie_Hilfsfunktionen.jl:532
 [11] top-level scope
    @ REPL[7]:1
 [12] eval(m::Module, e::Any)
    @ Core ./boot.jl:489
 [13] eval
    @ ./Base_compiler.jl:146 [inlined]
 [14] repleval(m::Module, code::Expr, ::String)
    @ VSCodeServer ~/.vscode/extensions/julialang.language-julia-1.219.2/scripts/packages/VSCodeServer/src/repl.jl:278
 [15] #evalrepl##2
    @ ~/.vscode/extensions/julialang.language-julia-1.219.2/scripts/packages/VSCodeServer/src/repl.jl:241 [inlined]
 [16] with_logstate(f::VSCodeServer.var"#evalrepl##2#evalrepl##3"{Module, Expr, REPL.LineEditREPL, REPL.LineEdit.Prompt}, logstate::Base.CoreLogging.LogState)
    @ Base.CoreLogging ./logging/logging.jl:542
 [17] with_logger
    @ ./logging/logging.jl:653 [inlined]
 [18] (::VSCodeServer.var"#evalrepl##0#evalrepl##1"{Module, Expr, REPL.LineEditREPL, REPL.LineEdit.Prompt})()
    @ VSCodeServer ~/.vscode/extensions/julialang.language-julia-1.219.2/scripts/packages/VSCodeServer/src/repl.jl:242
 [19] (::VSCodeServer.var"#start_eval_backend##0#start_eval_backend##1")()
    @ VSCodeServer ~/.vscode/extensions/julialang.language-julia-1.219.2/scripts/packages/VSCodeServer/src/eval.jl:34


ERROR in weighted_cut (Spiel 9)
n=5, m=6
UndefVarError: `game` not defined in `ShannonSwitchingGame`
Suggestion: check for spelling errors or missing imports.
Stacktrace:
  [1] var"##core#279"()
    @ ShannonSwitchingGame ~/.julia/packages/BenchmarkTools/ZtsPk/src/execution.jl:647
  [2] var"##sample#280"(::Tuple{}, __params::BenchmarkTools.Parameters, __sample_ref::Base.RefValue{Tuple{Float64, Float64, Int64, Int64}}, __result_ref::Nothing)
    @ ShannonSwitchingGame ~/.julia/packages/BenchmarkTools/ZtsPk/src/execution.jl:659
  [3] _lineartrial(b::BenchmarkTools.Benchmark, p::BenchmarkTools.Parameters; maxevals::Int64, kwargs::@Kwargs{})
    @ BenchmarkTools ~/.julia/packages/BenchmarkTools/ZtsPk/src/execution.jl:222
  [4] _lineartrial(b::BenchmarkTools.Benchmark, p::BenchmarkTools.Parameters)
    @ BenchmarkTools ~/.julia/packages/BenchmarkTools/ZtsPk/src/execution.jl:216
  [5] #lineartrial#32
    @ ~/.julia/packages/BenchmarkTools/ZtsPk/src/execution.jl:53 [inlined]
  [6] lineartrial
    @ ~/.julia/packages/BenchmarkTools/ZtsPk/src/execution.jl:52 [inlined]
  [7] tune!(b::BenchmarkTools.Benchmark, p::BenchmarkTools.Parameters; progressid::Nothing, nleaves::Float64, ndone::Float64, verbose::Bool, pad::String, kwargs::@Kwargs{})
    @ BenchmarkTools ~/.julia/packages/BenchmarkTools/ZtsPk/src/execution.jl:341
  [8] tune! (repeats 2 times)
    @ ~/.julia/packages/BenchmarkTools/ZtsPk/src/execution.jl:330 [inlined]
  [9] macro expansion
    @ ~/.julia/packages/BenchmarkTools/ZtsPk/src/execution.jl:503 [inlined]
 [10] test()
    @ ShannonSwitchingGame ~/Documents/computerorientierte_Mathematik_II/Programmierprojekt/ShannonSwitchingGame/src/Wettbewerbsstrategie_Hilfsfunktionen.jl:532
 [11] top-level scope
    @ REPL[7]:1
 [12] eval(m::Module, e::Any)
    @ Core ./boot.jl:489
 [13] eval
    @ ./Base_compiler.jl:146 [inlined]
 [14] repleval(m::Module, code::Expr, ::String)
    @ VSCodeServer ~/.vscode/extensions/julialang.language-julia-1.219.2/scripts/packages/VSCodeServer/src/repl.jl:278
 [15] #evalrepl##2
    @ ~/.vscode/extensions/julialang.language-julia-1.219.2/scripts/packages/VSCodeServer/src/repl.jl:241 [inlined]
 [16] with_logstate(f::VSCodeServer.var"#evalrepl##2#evalrepl##3"{Module, Expr, REPL.LineEditREPL, REPL.LineEdit.Prompt}, logstate::Base.CoreLogging.LogState)
    @ Base.CoreLogging ./logging/logging.jl:542
 [17] with_logger
    @ ./logging/logging.jl:653 [inlined]
 [18] (::VSCodeServer.var"#evalrepl##0#evalrepl##1"{Module, Expr, REPL.LineEditREPL, REPL.LineEdit.Prompt})()
    @ VSCodeServer ~/.vscode/extensions/julialang.language-julia-1.219.2/scripts/packages/VSCodeServer/src/repl.jl:242
 [19] (::VSCodeServer.var"#start_eval_backend##0#start_eval_backend##1")()
    @ VSCodeServer ~/.vscode/extensions/julialang.language-julia-1.219.2/scripts/packages/VSCodeServer/src/eval.jl:34


ERROR in weighted_cut (Spiel 9)
n=5, m=6
UndefVarError: `game` not defined in `ShannonSwitchingGame`
Suggestion: check for spelling errors or missing imports.
Stacktrace:
  [1] var"##core#279"()
    @ ShannonSwitchingGame ~/.julia/packages/BenchmarkTools/ZtsPk/src/execution.jl:647
  [2] var"##sample#280"(::Tuple{}, __params::BenchmarkTools.Parameters, __sample_ref::Base.RefValue{Tuple{Float64, Float64, Int64, Int64}}, __result_ref::Nothing)
    @ ShannonSwitchingGame ~/.julia/packages/BenchmarkTools/ZtsPk/src/execution.jl:659
  [3] _lineartrial(b::BenchmarkTools.Benchmark, p::BenchmarkTools.Parameters; maxevals::Int64, kwargs::@Kwargs{})
    @ BenchmarkTools ~/.julia/packages/BenchmarkTools/ZtsPk/src/execution.jl:222
  [4] _lineartrial(b::BenchmarkTools.Benchmark, p::BenchmarkTools.Parameters)
    @ BenchmarkTools ~/.julia/packages/BenchmarkTools/ZtsPk/src/execution.jl:216
  [5] #lineartrial#32
    @ ~/.julia/packages/BenchmarkTools/ZtsPk/src/execution.jl:53 [inlined]
  [6] lineartrial
    @ ~/.julia/packages/BenchmarkTools/ZtsPk/src/execution.jl:52 [inlined]
  [7] tune!(b::BenchmarkTools.Benchmark, p::BenchmarkTools.Parameters; progressid::Nothing, nleaves::Float64, ndone::Float64, verbose::Bool, pad::String, kwargs::@Kwargs{})
    @ BenchmarkTools ~/.julia/packages/BenchmarkTools/ZtsPk/src/execution.jl:341
  [8] tune! (repeats 2 times)
    @ ~/.julia/packages/BenchmarkTools/ZtsPk/src/execution.jl:330 [inlined]
  [9] macro expansion
    @ ~/.julia/packages/BenchmarkTools/ZtsPk/src/execution.jl:503 [inlined]
 [10] test()
    @ ShannonSwitchingGame ~/Documents/computerorientierte_Mathematik_II/Programmierprojekt/ShannonSwitchingGame/src/Wettbewerbsstrategie_Hilfsfunktionen.jl:532
 [11] top-level scope
    @ REPL[7]:1
 [12] eval(m::Module, e::Any)
    @ Core ./boot.jl:489
 [13] eval
    @ ./Base_compiler.jl:146 [inlined]
 [14] repleval(m::Module, code::Expr, ::String)
    @ VSCodeServer ~/.vscode/extensions/julialang.language-julia-1.219.2/scripts/packages/VSCodeServer/src/repl.jl:278
 [15] #evalrepl##2
    @ ~/.vscode/extensions/julialang.language-julia-1.219.2/scripts/packages/VSCodeServer/src/repl.jl:241 [inlined]
 [16] with_logstate(f::VSCodeServer.var"#evalrepl##2#evalrepl##3"{Module, Expr, REPL.LineEditREPL, REPL.LineEdit.Prompt}, logstate::Base.CoreLogging.LogState)
    @ Base.CoreLogging ./logging/logging.jl:542
 [17] with_logger
    @ ./logging/logging.jl:653 [inlined]
 [18] (::VSCodeServer.var"#evalrepl##0#evalrepl##1"{Module, Expr, REPL.LineEditREPL, REPL.LineEdit.Prompt})()
    @ VSCodeServer ~/.vscode/extensions/julialang.language-julia-1.219.2/scripts/packages/VSCodeServer/src/repl.jl:242
 [19] (::VSCodeServer.var"#start_eval_backend##0#start_eval_backend##1")()
    @ VSCodeServer ~/.vscode/extensions/julialang.language-julia-1.219.2/scripts/packages/VSCodeServer/src/eval.jl:34


ERROR in weighted_short (Spiel 9)
n=5, m=6
UndefVarError: `game` not defined in `ShannonSwitchingGame`
Suggestion: check for spelling errors or missing imports.
Stacktrace:
  [1] var"##core#281"()
    @ ShannonSwitchingGame ~/.julia/packages/BenchmarkTools/ZtsPk/src/execution.jl:647
  [2] var"##sample#282"(::Tuple{}, __params::BenchmarkTools.Parameters, __sample_ref::Base.RefValue{Tuple{Float64, Float64, Int64, Int64}}, __result_ref::Nothing)
    @ ShannonSwitchingGame ~/.julia/packages/BenchmarkTools/ZtsPk/src/execution.jl:659
  [3] _lineartrial(b::BenchmarkTools.Benchmark, p::BenchmarkTools.Parameters; maxevals::Int64, kwargs::@Kwargs{})
    @ BenchmarkTools ~/.julia/packages/BenchmarkTools/ZtsPk/src/execution.jl:222
  [4] _lineartrial(b::BenchmarkTools.Benchmark, p::BenchmarkTools.Parameters)
    @ BenchmarkTools ~/.julia/packages/BenchmarkTools/ZtsPk/src/execution.jl:216
  [5] #lineartrial#32
    @ ~/.julia/packages/BenchmarkTools/ZtsPk/src/execution.jl:53 [inlined]
  [6] lineartrial
    @ ~/.julia/packages/BenchmarkTools/ZtsPk/src/execution.jl:52 [inlined]
  [7] tune!(b::BenchmarkTools.Benchmark, p::BenchmarkTools.Parameters; progressid::Nothing, nleaves::Float64, ndone::Float64, verbose::Bool, pad::String, kwargs::@Kwargs{})
    @ BenchmarkTools ~/.julia/packages/BenchmarkTools/ZtsPk/src/execution.jl:341
  [8] tune! (repeats 2 times)
    @ ~/.julia/packages/BenchmarkTools/ZtsPk/src/execution.jl:330 [inlined]
  [9] macro expansion
    @ ~/.julia/packages/BenchmarkTools/ZtsPk/src/execution.jl:503 [inlined]
 [10] test()
    @ ShannonSwitchingGame ~/Documents/computerorientierte_Mathematik_II/Programmierprojekt/ShannonSwitchingGame/src/Wettbewerbsstrategie_Hilfsfunktionen.jl:581
 [11] top-level scope
    @ REPL[7]:1
 [12] eval(m::Module, e::Any)
    @ Core ./boot.jl:489
 [13] eval
    @ ./Base_compiler.jl:146 [inlined]
 [14] repleval(m::Module, code::Expr, ::String)
    @ VSCodeServer ~/.vscode/extensions/julialang.language-julia-1.219.2/scripts/packages/VSCodeServer/src/repl.jl:278
 [15] #evalrepl##2
    @ ~/.vscode/extensions/julialang.language-julia-1.219.2/scripts/packages/VSCodeServer/src/repl.jl:241 [inlined]
 [16] with_logstate(f::VSCodeServer.var"#evalrepl##2#evalrepl##3"{Module, Expr, REPL.LineEditREPL, REPL.LineEdit.Prompt}, logstate::Base.CoreLogging.LogState)
    @ Base.CoreLogging ./logging/logging.jl:542
 [17] with_logger
    @ ./logging/logging.jl:653 [inlined]
 [18] (::VSCodeServer.var"#evalrepl##0#evalrepl##1"{Module, Expr, REPL.LineEditREPL, REPL.LineEdit.Prompt})()
    @ VSCodeServer ~/.vscode/extensions/julialang.language-julia-1.219.2/scripts/packages/VSCodeServer/src/repl.jl:242
 [19] (::VSCodeServer.var"#start_eval_backend##0#start_eval_backend##1")()
    @ VSCodeServer ~/.vscode/extensions/julialang.language-julia-1.219.2/scripts/packages/VSCodeServer/src/eval.jl:34

ERROR in weighted_short (Spiel 9)
n=5, m=6
UndefVarError: `game` not defined in `ShannonSwitchingGame`
Suggestion: check for spelling errors or missing imports.
Stacktrace:
  [1] var"##core#281"()
    @ ShannonSwitchingGame ~/.julia/packages/BenchmarkTools/ZtsPk/src/execution.jl:647
  [2] var"##sample#282"(::Tuple{}, __params::BenchmarkTools.Parameters, __sample_ref::Base.RefValue{Tuple{Float64, Float64, Int64, Int64}}, __result_ref::Nothing)
    @ ShannonSwitchingGame ~/.julia/packages/BenchmarkTools/ZtsPk/src/execution.jl:659
  [3] _lineartrial(b::BenchmarkTools.Benchmark, p::BenchmarkTools.Parameters; maxevals::Int64, kwargs::@Kwargs{})
    @ BenchmarkTools ~/.julia/packages/BenchmarkTools/ZtsPk/src/execution.jl:222
  [4] _lineartrial(b::BenchmarkTools.Benchmark, p::BenchmarkTools.Parameters)
    @ BenchmarkTools ~/.julia/packages/BenchmarkTools/ZtsPk/src/execution.jl:216
  [5] #lineartrial#32
    @ ~/.julia/packages/BenchmarkTools/ZtsPk/src/execution.jl:53 [inlined]
  [6] lineartrial
    @ ~/.julia/packages/BenchmarkTools/ZtsPk/src/execution.jl:52 [inlined]
  [7] tune!(b::BenchmarkTools.Benchmark, p::BenchmarkTools.Parameters; progressid::Nothing, nleaves::Float64, ndone::Float64, verbose::Bool, pad::String, kwargs::@Kwargs{})
    @ BenchmarkTools ~/.julia/packages/BenchmarkTools/ZtsPk/src/execution.jl:341
  [8] tune! (repeats 2 times)
    @ ~/.julia/packages/BenchmarkTools/ZtsPk/src/execution.jl:330 [inlined]
  [9] macro expansion
    @ ~/.julia/packages/BenchmarkTools/ZtsPk/src/execution.jl:503 [inlined]
 [10] test()
    @ ShannonSwitchingGame ~/Documents/computerorientierte_Mathematik_II/Programmierprojekt/ShannonSwitchingGame/src/Wettbewerbsstrategie_Hilfsfunktionen.jl:581
 [11] top-level scope
    @ REPL[7]:1
 [12] eval(m::Module, e::Any)
    @ Core ./boot.jl:489
 [13] eval
    @ ./Base_compiler.jl:146 [inlined]
 [14] repleval(m::Module, code::Expr, ::String)
    @ VSCodeServer ~/.vscode/extensions/julialang.language-julia-1.219.2/scripts/packages/VSCodeServer/src/repl.jl:278
 [15] #evalrepl##2
    @ ~/.vscode/extensions/julialang.language-julia-1.219.2/scripts/packages/VSCodeServer/src/repl.jl:241 [inlined]
 [16] with_logstate(f::VSCodeServer.var"#evalrepl##2#evalrepl##3"{Module, Expr, REPL.LineEditREPL, REPL.LineEdit.Prompt}, logstate::Base.CoreLogging.LogState)
    @ Base.CoreLogging ./logging/logging.jl:542
 [17] with_logger
    @ ./logging/logging.jl:653 [inlined]
 [18] (::VSCodeServer.var"#evalrepl##0#evalrepl##1"{Module, Expr, REPL.LineEditREPL, REPL.LineEdit.Prompt})()
    @ VSCodeServer ~/.vscode/extensions/julialang.language-julia-1.219.2/scripts/packages/VSCodeServer/src/repl.jl:242
 [19] (::VSCodeServer.var"#start_eval_backend##0#start_eval_backend##1")()
    @ VSCodeServer ~/.vscode/extensions/julialang.language-julia-1.219.2/scripts/packages/VSCodeServer/src/eval.jl:34

ERROR in weighted_short (Spiel 9)
n=5, m=6
UndefVarError: `game` not defined in `ShannonSwitchingGame`
Suggestion: check for spelling errors or missing imports.
Stacktrace:
  [1] var"##core#281"()
    @ ShannonSwitchingGame ~/.julia/packages/BenchmarkTools/ZtsPk/src/execution.jl:647
  [2] var"##sample#282"(::Tuple{}, __params::BenchmarkTools.Parameters, __sample_ref::Base.RefValue{Tuple{Float64, Float64, Int64, Int64}}, __result_ref::Nothing)
    @ ShannonSwitchingGame ~/.julia/packages/BenchmarkTools/ZtsPk/src/execution.jl:659
  [3] _lineartrial(b::BenchmarkTools.Benchmark, p::BenchmarkTools.Parameters; maxevals::Int64, kwargs::@Kwargs{})
    @ BenchmarkTools ~/.julia/packages/BenchmarkTools/ZtsPk/src/execution.jl:222
  [4] _lineartrial(b::BenchmarkTools.Benchmark, p::BenchmarkTools.Parameters)
    @ BenchmarkTools ~/.julia/packages/BenchmarkTools/ZtsPk/src/execution.jl:216
  [5] #lineartrial#32
    @ ~/.julia/packages/BenchmarkTools/ZtsPk/src/execution.jl:53 [inlined]
  [6] lineartrial
    @ ~/.julia/packages/BenchmarkTools/ZtsPk/src/execution.jl:52 [inlined]
  [7] tune!(b::BenchmarkTools.Benchmark, p::BenchmarkTools.Parameters; progressid::Nothing, nleaves::Float64, ndone::Float64, verbose::Bool, pad::String, kwargs::@Kwargs{})
    @ BenchmarkTools ~/.julia/packages/BenchmarkTools/ZtsPk/src/execution.jl:341
  [8] tune! (repeats 2 times)
    @ ~/.julia/packages/BenchmarkTools/ZtsPk/src/execution.jl:330 [inlined]
  [9] macro expansion
    @ ~/.julia/packages/BenchmarkTools/ZtsPk/src/execution.jl:503 [inlined]
 [10] test()
    @ ShannonSwitchingGame ~/Documents/computerorientierte_Mathematik_II/Programmierprojekt/ShannonSwitchingGame/src/Wettbewerbsstrategie_Hilfsfunktionen.jl:581
 [11] top-level scope
    @ REPL[7]:1
 [12] eval(m::Module, e::Any)
    @ Core ./boot.jl:489
 [13] eval
    @ ./Base_compiler.jl:146 [inlined]
 [14] repleval(m::Module, code::Expr, ::String)
    @ VSCodeServer ~/.vscode/extensions/julialang.language-julia-1.219.2/scripts/packages/VSCodeServer/src/repl.jl:278
 [15] #evalrepl##2
    @ ~/.vscode/extensions/julialang.language-julia-1.219.2/scripts/packages/VSCodeServer/src/repl.jl:241 [inlined]
 [16] with_logstate(f::VSCodeServer.var"#evalrepl##2#evalrepl##3"{Module, Expr, REPL.LineEditREPL, REPL.LineEdit.Prompt}, logstate::Base.CoreLogging.LogState)
    @ Base.CoreLogging ./logging/logging.jl:542
 [17] with_logger
    @ ./logging/logging.jl:653 [inlined]
 [18] (::VSCodeServer.var"#evalrepl##0#evalrepl##1"{Module, Expr, REPL.LineEditREPL, REPL.LineEdit.Prompt})()
    @ VSCodeServer ~/.vscode/extensions/julialang.language-julia-1.219.2/scripts/packages/VSCodeServer/src/repl.jl:242
 [19] (::VSCodeServer.var"#start_eval_backend##0#start_eval_backend##1")()
    @ VSCodeServer ~/.vscode/extensions/julialang.language-julia-1.219.2/scripts/packages/VSCodeServer/src/eval.jl:34

ERROR in weighted_cut (Spiel 10)
n=5, m=6
UndefVarError: `game` not defined in `ShannonSwitchingGame`
Suggestion: check for spelling errors or missing imports.
Stacktrace:
  [1] var"##core#279"()
    @ ShannonSwitchingGame ~/.julia/packages/BenchmarkTools/ZtsPk/src/execution.jl:647
  [2] var"##sample#280"(::Tuple{}, __params::BenchmarkTools.Parameters, __sample_ref::Base.RefValue{Tuple{Float64, Float64, Int64, Int64}}, __result_ref::Nothing)
    @ ShannonSwitchingGame ~/.julia/packages/BenchmarkTools/ZtsPk/src/execution.jl:659
  [3] _lineartrial(b::BenchmarkTools.Benchmark, p::BenchmarkTools.Parameters; maxevals::Int64, kwargs::@Kwargs{})
    @ BenchmarkTools ~/.julia/packages/BenchmarkTools/ZtsPk/src/execution.jl:222
  [4] _lineartrial(b::BenchmarkTools.Benchmark, p::BenchmarkTools.Parameters)
    @ BenchmarkTools ~/.julia/packages/BenchmarkTools/ZtsPk/src/execution.jl:216
  [5] #lineartrial#32
    @ ~/.julia/packages/BenchmarkTools/ZtsPk/src/execution.jl:53 [inlined]
  [6] lineartrial
    @ ~/.julia/packages/BenchmarkTools/ZtsPk/src/execution.jl:52 [inlined]
  [7] tune!(b::BenchmarkTools.Benchmark, p::BenchmarkTools.Parameters; progressid::Nothing, nleaves::Float64, ndone::Float64, verbose::Bool, pad::String, kwargs::@Kwargs{})
    @ BenchmarkTools ~/.julia/packages/BenchmarkTools/ZtsPk/src/execution.jl:341
  [8] tune! (repeats 2 times)
    @ ~/.julia/packages/BenchmarkTools/ZtsPk/src/execution.jl:330 [inlined]
  [9] macro expansion
    @ ~/.julia/packages/BenchmarkTools/ZtsPk/src/execution.jl:503 [inlined]
 [10] test()
    @ ShannonSwitchingGame ~/Documents/computerorientierte_Mathematik_II/Programmierprojekt/ShannonSwitchingGame/src/Wettbewerbsstrategie_Hilfsfunktionen.jl:532
 [11] top-level scope
    @ REPL[7]:1
 [12] eval(m::Module, e::Any)
    @ Core ./boot.jl:489
 [13] eval
    @ ./Base_compiler.jl:146 [inlined]
 [14] repleval(m::Module, code::Expr, ::String)
    @ VSCodeServer ~/.vscode/extensions/julialang.language-julia-1.219.2/scripts/packages/VSCodeServer/src/repl.jl:278
 [15] #evalrepl##2
    @ ~/.vscode/extensions/julialang.language-julia-1.219.2/scripts/packages/VSCodeServer/src/repl.jl:241 [inlined]
 [16] with_logstate(f::VSCodeServer.var"#evalrepl##2#evalrepl##3"{Module, Expr, REPL.LineEditREPL, REPL.LineEdit.Prompt}, logstate::Base.CoreLogging.LogState)
    @ Base.CoreLogging ./logging/logging.jl:542
 [17] with_logger
    @ ./logging/logging.jl:653 [inlined]
 [18] (::VSCodeServer.var"#evalrepl##0#evalrepl##1"{Module, Expr, REPL.LineEditREPL, REPL.LineEdit.Prompt})()
    @ VSCodeServer ~/.vscode/extensions/julialang.language-julia-1.219.2/scripts/packages/VSCodeServer/src/repl.jl:242
 [19] (::VSCodeServer.var"#start_eval_backend##0#start_eval_backend##1")()
    @ VSCodeServer ~/.vscode/extensions/julialang.language-julia-1.219.2/scripts/packages/VSCodeServer/src/eval.jl:34


ERROR in weighted_cut (Spiel 10)
n=5, m=6
UndefVarError: `game` not defined in `ShannonSwitchingGame`
Suggestion: check for spelling errors or missing imports.
Stacktrace:
  [1] var"##core#279"()
    @ ShannonSwitchingGame ~/.julia/packages/BenchmarkTools/ZtsPk/src/execution.jl:647
  [2] var"##sample#280"(::Tuple{}, __params::BenchmarkTools.Parameters, __sample_ref::Base.RefValue{Tuple{Float64, Float64, Int64, Int64}}, __result_ref::Nothing)
    @ ShannonSwitchingGame ~/.julia/packages/BenchmarkTools/ZtsPk/src/execution.jl:659
  [3] _lineartrial(b::BenchmarkTools.Benchmark, p::BenchmarkTools.Parameters; maxevals::Int64, kwargs::@Kwargs{})
    @ BenchmarkTools ~/.julia/packages/BenchmarkTools/ZtsPk/src/execution.jl:222
  [4] _lineartrial(b::BenchmarkTools.Benchmark, p::BenchmarkTools.Parameters)
    @ BenchmarkTools ~/.julia/packages/BenchmarkTools/ZtsPk/src/execution.jl:216
  [5] #lineartrial#32
    @ ~/.julia/packages/BenchmarkTools/ZtsPk/src/execution.jl:53 [inlined]
  [6] lineartrial
    @ ~/.julia/packages/BenchmarkTools/ZtsPk/src/execution.jl:52 [inlined]
  [7] tune!(b::BenchmarkTools.Benchmark, p::BenchmarkTools.Parameters; progressid::Nothing, nleaves::Float64, ndone::Float64, verbose::Bool, pad::String, kwargs::@Kwargs{})
    @ BenchmarkTools ~/.julia/packages/BenchmarkTools/ZtsPk/src/execution.jl:341
  [8] tune! (repeats 2 times)
    @ ~/.julia/packages/BenchmarkTools/ZtsPk/src/execution.jl:330 [inlined]
  [9] macro expansion
    @ ~/.julia/packages/BenchmarkTools/ZtsPk/src/execution.jl:503 [inlined]
 [10] test()
    @ ShannonSwitchingGame ~/Documents/computerorientierte_Mathematik_II/Programmierprojekt/ShannonSwitchingGame/src/Wettbewerbsstrategie_Hilfsfunktionen.jl:532
 [11] top-level scope
    @ REPL[7]:1
 [12] eval(m::Module, e::Any)
    @ Core ./boot.jl:489
 [13] eval
    @ ./Base_compiler.jl:146 [inlined]
 [14] repleval(m::Module, code::Expr, ::String)
    @ VSCodeServer ~/.vscode/extensions/julialang.language-julia-1.219.2/scripts/packages/VSCodeServer/src/repl.jl:278
 [15] #evalrepl##2
    @ ~/.vscode/extensions/julialang.language-julia-1.219.2/scripts/packages/VSCodeServer/src/repl.jl:241 [inlined]
 [16] with_logstate(f::VSCodeServer.var"#evalrepl##2#evalrepl##3"{Module, Expr, REPL.LineEditREPL, REPL.LineEdit.Prompt}, logstate::Base.CoreLogging.LogState)
    @ Base.CoreLogging ./logging/logging.jl:542
 [17] with_logger
    @ ./logging/logging.jl:653 [inlined]
 [18] (::VSCodeServer.var"#evalrepl##0#evalrepl##1"{Module, Expr, REPL.LineEditREPL, REPL.LineEdit.Prompt})()
    @ VSCodeServer ~/.vscode/extensions/julialang.language-julia-1.219.2/scripts/packages/VSCodeServer/src/repl.jl:242
 [19] (::VSCodeServer.var"#start_eval_backend##0#start_eval_backend##1")()
    @ VSCodeServer ~/.vscode/extensions/julialang.language-julia-1.219.2/scripts/packages/VSCodeServer/src/eval.jl:34


ERROR in weighted_cut (Spiel 10)
n=5, m=6
UndefVarError: `game` not defined in `ShannonSwitchingGame`
Suggestion: check for spelling errors or missing imports.
Stacktrace:
  [1] var"##core#279"()
    @ ShannonSwitchingGame ~/.julia/packages/BenchmarkTools/ZtsPk/src/execution.jl:647
  [2] var"##sample#280"(::Tuple{}, __params::BenchmarkTools.Parameters, __sample_ref::Base.RefValue{Tuple{Float64, Float64, Int64, Int64}}, __result_ref::Nothing)
    @ ShannonSwitchingGame ~/.julia/packages/BenchmarkTools/ZtsPk/src/execution.jl:659
  [3] _lineartrial(b::BenchmarkTools.Benchmark, p::BenchmarkTools.Parameters; maxevals::Int64, kwargs::@Kwargs{})
    @ BenchmarkTools ~/.julia/packages/BenchmarkTools/ZtsPk/src/execution.jl:222
  [4] _lineartrial(b::BenchmarkTools.Benchmark, p::BenchmarkTools.Parameters)
    @ BenchmarkTools ~/.julia/packages/BenchmarkTools/ZtsPk/src/execution.jl:216
  [5] #lineartrial#32
    @ ~/.julia/packages/BenchmarkTools/ZtsPk/src/execution.jl:53 [inlined]
  [6] lineartrial
    @ ~/.julia/packages/BenchmarkTools/ZtsPk/src/execution.jl:52 [inlined]
  [7] tune!(b::BenchmarkTools.Benchmark, p::BenchmarkTools.Parameters; progressid::Nothing, nleaves::Float64, ndone::Float64, verbose::Bool, pad::String, kwargs::@Kwargs{})
    @ BenchmarkTools ~/.julia/packages/BenchmarkTools/ZtsPk/src/execution.jl:341
  [8] tune! (repeats 2 times)
    @ ~/.julia/packages/BenchmarkTools/ZtsPk/src/execution.jl:330 [inlined]
  [9] macro expansion
    @ ~/.julia/packages/BenchmarkTools/ZtsPk/src/execution.jl:503 [inlined]
 [10] test()
    @ ShannonSwitchingGame ~/Documents/computerorientierte_Mathematik_II/Programmierprojekt/ShannonSwitchingGame/src/Wettbewerbsstrategie_Hilfsfunktionen.jl:532
 [11] top-level scope
    @ REPL[7]:1
 [12] eval(m::Module, e::Any)
    @ Core ./boot.jl:489
 [13] eval
    @ ./Base_compiler.jl:146 [inlined]
 [14] repleval(m::Module, code::Expr, ::String)
    @ VSCodeServer ~/.vscode/extensions/julialang.language-julia-1.219.2/scripts/packages/VSCodeServer/src/repl.jl:278
 [15] #evalrepl##2
    @ ~/.vscode/extensions/julialang.language-julia-1.219.2/scripts/packages/VSCodeServer/src/repl.jl:241 [inlined]
 [16] with_logstate(f::VSCodeServer.var"#evalrepl##2#evalrepl##3"{Module, Expr, REPL.LineEditREPL, REPL.LineEdit.Prompt}, logstate::Base.CoreLogging.LogState)
    @ Base.CoreLogging ./logging/logging.jl:542
 [17] with_logger
    @ ./logging/logging.jl:653 [inlined]
 [18] (::VSCodeServer.var"#evalrepl##0#evalrepl##1"{Module, Expr, REPL.LineEditREPL, REPL.LineEdit.Prompt})()
    @ VSCodeServer ~/.vscode/extensions/julialang.language-julia-1.219.2/scripts/packages/VSCodeServer/src/repl.jl:242
 [19] (::VSCodeServer.var"#start_eval_backend##0#start_eval_backend##1")()
    @ VSCodeServer ~/.vscode/extensions/julialang.language-julia-1.219.2/scripts/packages/VSCodeServer/src/eval.jl:34


ERROR in weighted_short (Spiel 10)
n=5, m=6
UndefVarError: `game` not defined in `ShannonSwitchingGame`
Suggestion: check for spelling errors or missing imports.
Stacktrace:
  [1] var"##core#281"()
    @ ShannonSwitchingGame ~/.julia/packages/BenchmarkTools/ZtsPk/src/execution.jl:647
  [2] var"##sample#282"(::Tuple{}, __params::BenchmarkTools.Parameters, __sample_ref::Base.RefValue{Tuple{Float64, Float64, Int64, Int64}}, __result_ref::Nothing)
    @ ShannonSwitchingGame ~/.julia/packages/BenchmarkTools/ZtsPk/src/execution.jl:659
  [3] _lineartrial(b::BenchmarkTools.Benchmark, p::BenchmarkTools.Parameters; maxevals::Int64, kwargs::@Kwargs{})
    @ BenchmarkTools ~/.julia/packages/BenchmarkTools/ZtsPk/src/execution.jl:222
  [4] _lineartrial(b::BenchmarkTools.Benchmark, p::BenchmarkTools.Parameters)
    @ BenchmarkTools ~/.julia/packages/BenchmarkTools/ZtsPk/src/execution.jl:216
  [5] #lineartrial#32
    @ ~/.julia/packages/BenchmarkTools/ZtsPk/src/execution.jl:53 [inlined]
  [6] lineartrial
    @ ~/.julia/packages/BenchmarkTools/ZtsPk/src/execution.jl:52 [inlined]
  [7] tune!(b::BenchmarkTools.Benchmark, p::BenchmarkTools.Parameters; progressid::Nothing, nleaves::Float64, ndone::Float64, verbose::Bool, pad::String, kwargs::@Kwargs{})
    @ BenchmarkTools ~/.julia/packages/BenchmarkTools/ZtsPk/src/execution.jl:341
  [8] tune! (repeats 2 times)
    @ ~/.julia/packages/BenchmarkTools/ZtsPk/src/execution.jl:330 [inlined]
  [9] macro expansion
    @ ~/.julia/packages/BenchmarkTools/ZtsPk/src/execution.jl:503 [inlined]
 [10] test()
    @ ShannonSwitchingGame ~/Documents/computerorientierte_Mathematik_II/Programmierprojekt/ShannonSwitchingGame/src/Wettbewerbsstrategie_Hilfsfunktionen.jl:581
 [11] top-level scope
    @ REPL[7]:1
 [12] eval(m::Module, e::Any)
    @ Core ./boot.jl:489
 [13] eval
    @ ./Base_compiler.jl:146 [inlined]
 [14] repleval(m::Module, code::Expr, ::String)
    @ VSCodeServer ~/.vscode/extensions/julialang.language-julia-1.219.2/scripts/packages/VSCodeServer/src/repl.jl:278
 [15] #evalrepl##2
    @ ~/.vscode/extensions/julialang.language-julia-1.219.2/scripts/packages/VSCodeServer/src/repl.jl:241 [inlined]
 [16] with_logstate(f::VSCodeServer.var"#evalrepl##2#evalrepl##3"{Module, Expr, REPL.LineEditREPL, REPL.LineEdit.Prompt}, logstate::Base.CoreLogging.LogState)
    @ Base.CoreLogging ./logging/logging.jl:542
 [17] with_logger
    @ ./logging/logging.jl:653 [inlined]
 [18] (::VSCodeServer.var"#evalrepl##0#evalrepl##1"{Module, Expr, REPL.LineEditREPL, REPL.LineEdit.Prompt})()
    @ VSCodeServer ~/.vscode/extensions/julialang.language-julia-1.219.2/scripts/packages/VSCodeServer/src/repl.jl:242
 [19] (::VSCodeServer.var"#start_eval_backend##0#start_eval_backend##1")()
    @ VSCodeServer ~/.vscode/extensions/julialang.language-julia-1.219.2/scripts/packages/VSCodeServer/src/eval.jl:34

ERROR in weighted_short (Spiel 10)
n=5, m=6
UndefVarError: `game` not defined in `ShannonSwitchingGame`
Suggestion: check for spelling errors or missing imports.
Stacktrace:
  [1] var"##core#281"()
    @ ShannonSwitchingGame ~/.julia/packages/BenchmarkTools/ZtsPk/src/execution.jl:647
  [2] var"##sample#282"(::Tuple{}, __params::BenchmarkTools.Parameters, __sample_ref::Base.RefValue{Tuple{Float64, Float64, Int64, Int64}}, __result_ref::Nothing)
    @ ShannonSwitchingGame ~/.julia/packages/BenchmarkTools/ZtsPk/src/execution.jl:659
  [3] _lineartrial(b::BenchmarkTools.Benchmark, p::BenchmarkTools.Parameters; maxevals::Int64, kwargs::@Kwargs{})
    @ BenchmarkTools ~/.julia/packages/BenchmarkTools/ZtsPk/src/execution.jl:222
  [4] _lineartrial(b::BenchmarkTools.Benchmark, p::BenchmarkTools.Parameters)
    @ BenchmarkTools ~/.julia/packages/BenchmarkTools/ZtsPk/src/execution.jl:216
  [5] #lineartrial#32
    @ ~/.julia/packages/BenchmarkTools/ZtsPk/src/execution.jl:53 [inlined]
  [6] lineartrial
    @ ~/.julia/packages/BenchmarkTools/ZtsPk/src/execution.jl:52 [inlined]
  [7] tune!(b::BenchmarkTools.Benchmark, p::BenchmarkTools.Parameters; progressid::Nothing, nleaves::Float64, ndone::Float64, verbose::Bool, pad::String, kwargs::@Kwargs{})
    @ BenchmarkTools ~/.julia/packages/BenchmarkTools/ZtsPk/src/execution.jl:341
  [8] tune! (repeats 2 times)
    @ ~/.julia/packages/BenchmarkTools/ZtsPk/src/execution.jl:330 [inlined]
  [9] macro expansion
    @ ~/.julia/packages/BenchmarkTools/ZtsPk/src/execution.jl:503 [inlined]
 [10] test()
    @ ShannonSwitchingGame ~/Documents/computerorientierte_Mathematik_II/Programmierprojekt/ShannonSwitchingGame/src/Wettbewerbsstrategie_Hilfsfunktionen.jl:581
 [11] top-level scope
    @ REPL[7]:1
 [12] eval(m::Module, e::Any)
    @ Core ./boot.jl:489
 [13] eval
    @ ./Base_compiler.jl:146 [inlined]
 [14] repleval(m::Module, code::Expr, ::String)
    @ VSCodeServer ~/.vscode/extensions/julialang.language-julia-1.219.2/scripts/packages/VSCodeServer/src/repl.jl:278
 [15] #evalrepl##2
    @ ~/.vscode/extensions/julialang.language-julia-1.219.2/scripts/packages/VSCodeServer/src/repl.jl:241 [inlined]
 [16] with_logstate(f::VSCodeServer.var"#evalrepl##2#evalrepl##3"{Module, Expr, REPL.LineEditREPL, REPL.LineEdit.Prompt}, logstate::Base.CoreLogging.LogState)
    @ Base.CoreLogging ./logging/logging.jl:542
 [17] with_logger
    @ ./logging/logging.jl:653 [inlined]
 [18] (::VSCodeServer.var"#evalrepl##0#evalrepl##1"{Module, Expr, REPL.LineEditREPL, REPL.LineEdit.Prompt})()
    @ VSCodeServer ~/.vscode/extensions/julialang.language-julia-1.219.2/scripts/packages/VSCodeServer/src/repl.jl:242
 [19] (::VSCodeServer.var"#start_eval_backend##0#start_eval_backend##1")()
    @ VSCodeServer ~/.vscode/extensions/julialang.language-julia-1.219.2/scripts/packages/VSCodeServer/src/eval.jl:34

ERROR in weighted_short (Spiel 10)
n=5, m=6
UndefVarError: `game` not defined in `ShannonSwitchingGame`
Suggestion: check for spelling errors or missing imports.
Stacktrace:
  [1] var"##core#281"()
    @ ShannonSwitchingGame ~/.julia/packages/BenchmarkTools/ZtsPk/src/execution.jl:647
  [2] var"##sample#282"(::Tuple{}, __params::BenchmarkTools.Parameters, __sample_ref::Base.RefValue{Tuple{Float64, Float64, Int64, Int64}}, __result_ref::Nothing)
    @ ShannonSwitchingGame ~/.julia/packages/BenchmarkTools/ZtsPk/src/execution.jl:659
  [3] _lineartrial(b::BenchmarkTools.Benchmark, p::BenchmarkTools.Parameters; maxevals::Int64, kwargs::@Kwargs{})
    @ BenchmarkTools ~/.julia/packages/BenchmarkTools/ZtsPk/src/execution.jl:222
  [4] _lineartrial(b::BenchmarkTools.Benchmark, p::BenchmarkTools.Parameters)
    @ BenchmarkTools ~/.julia/packages/BenchmarkTools/ZtsPk/src/execution.jl:216
  [5] #lineartrial#32
    @ ~/.julia/packages/BenchmarkTools/ZtsPk/src/execution.jl:53 [inlined]
  [6] lineartrial
    @ ~/.julia/packages/BenchmarkTools/ZtsPk/src/execution.jl:52 [inlined]
  [7] tune!(b::BenchmarkTools.Benchmark, p::BenchmarkTools.Parameters; progressid::Nothing, nleaves::Float64, ndone::Float64, verbose::Bool, pad::String, kwargs::@Kwargs{})
    @ BenchmarkTools ~/.julia/packages/BenchmarkTools/ZtsPk/src/execution.jl:341
  [8] tune! (repeats 2 times)
    @ ~/.julia/packages/BenchmarkTools/ZtsPk/src/execution.jl:330 [inlined]
  [9] macro expansion
    @ ~/.julia/packages/BenchmarkTools/ZtsPk/src/execution.jl:503 [inlined]
 [10] test()
    @ ShannonSwitchingGame ~/Documents/computerorientierte_Mathematik_II/Programmierprojekt/ShannonSwitchingGame/src/Wettbewerbsstrategie_Hilfsfunktionen.jl:581
 [11] top-level scope
    @ REPL[7]:1
 [12] eval(m::Module, e::Any)
    @ Core ./boot.jl:489
 [13] eval
    @ ./Base_compiler.jl:146 [inlined]
 [14] repleval(m::Module, code::Expr, ::String)
    @ VSCodeServer ~/.vscode/extensions/julialang.language-julia-1.219.2/scripts/packages/VSCodeServer/src/repl.jl:278
 [15] #evalrepl##2
    @ ~/.vscode/extensions/julialang.language-julia-1.219.2/scripts/packages/VSCodeServer/src/repl.jl:241 [inlined]
 [16] with_logstate(f::VSCodeServer.var"#evalrepl##2#evalrepl##3"{Module, Expr, REPL.LineEditREPL, REPL.LineEdit.Prompt}, logstate::Base.CoreLogging.LogState)
    @ Base.CoreLogging ./logging/logging.jl:542
 [17] with_logger
    @ ./logging/logging.jl:653 [inlined]
 [18] (::VSCodeServer.var"#evalrepl##0#evalrepl##1"{Module, Expr, REPL.LineEditREPL, REPL.LineEdit.Prompt})()
    @ VSCodeServer ~/.vscode/extensions/julialang.language-julia-1.219.2/scripts/packages/VSCodeServer/src/repl.jl:242
 [19] (::VSCodeServer.var"#start_eval_backend##0#start_eval_backend##1")()
    @ VSCodeServer ~/.vscode/extensions/julialang.language-julia-1.219.2/scripts/packages/VSCodeServer/src/eval.jl:34

ERROR in weighted_cut (Spiel 11)
n=16, m=31
UndefVarError: `game` not defined in `ShannonSwitchingGame`
Suggestion: check for spelling errors or missing imports.
Stacktrace:
  [1] var"##core#279"()
    @ ShannonSwitchingGame ~/.julia/packages/BenchmarkTools/ZtsPk/src/execution.jl:647
  [2] var"##sample#280"(::Tuple{}, __params::BenchmarkTools.Parameters, __sample_ref::Base.RefValue{Tuple{Float64, Float64, Int64, Int64}}, __result_ref::Nothing)
    @ ShannonSwitchingGame ~/.julia/packages/BenchmarkTools/ZtsPk/src/execution.jl:659
  [3] _lineartrial(b::BenchmarkTools.Benchmark, p::BenchmarkTools.Parameters; maxevals::Int64, kwargs::@Kwargs{})
    @ BenchmarkTools ~/.julia/packages/BenchmarkTools/ZtsPk/src/execution.jl:222
  [4] _lineartrial(b::BenchmarkTools.Benchmark, p::BenchmarkTools.Parameters)
    @ BenchmarkTools ~/.julia/packages/BenchmarkTools/ZtsPk/src/execution.jl:216
  [5] #lineartrial#32
    @ ~/.julia/packages/BenchmarkTools/ZtsPk/src/execution.jl:53 [inlined]
  [6] lineartrial
    @ ~/.julia/packages/BenchmarkTools/ZtsPk/src/execution.jl:52 [inlined]
  [7] tune!(b::BenchmarkTools.Benchmark, p::BenchmarkTools.Parameters; progressid::Nothing, nleaves::Float64, ndone::Float64, verbose::Bool, pad::String, kwargs::@Kwargs{})
    @ BenchmarkTools ~/.julia/packages/BenchmarkTools/ZtsPk/src/execution.jl:341
  [8] tune! (repeats 2 times)
    @ ~/.julia/packages/BenchmarkTools/ZtsPk/src/execution.jl:330 [inlined]
  [9] macro expansion
    @ ~/.julia/packages/BenchmarkTools/ZtsPk/src/execution.jl:503 [inlined]
 [10] test()
    @ ShannonSwitchingGame ~/Documents/computerorientierte_Mathematik_II/Programmierprojekt/ShannonSwitchingGame/src/Wettbewerbsstrategie_Hilfsfunktionen.jl:532
 [11] top-level scope
    @ REPL[7]:1
 [12] eval(m::Module, e::Any)
    @ Core ./boot.jl:489
 [13] eval
    @ ./Base_compiler.jl:146 [inlined]
 [14] repleval(m::Module, code::Expr, ::String)
    @ VSCodeServer ~/.vscode/extensions/julialang.language-julia-1.219.2/scripts/packages/VSCodeServer/src/repl.jl:278
 [15] #evalrepl##2
    @ ~/.vscode/extensions/julialang.language-julia-1.219.2/scripts/packages/VSCodeServer/src/repl.jl:241 [inlined]
 [16] with_logstate(f::VSCodeServer.var"#evalrepl##2#evalrepl##3"{Module, Expr, REPL.LineEditREPL, REPL.LineEdit.Prompt}, logstate::Base.CoreLogging.LogState)
    @ Base.CoreLogging ./logging/logging.jl:542
 [17] with_logger
    @ ./logging/logging.jl:653 [inlined]
 [18] (::VSCodeServer.var"#evalrepl##0#evalrepl##1"{Module, Expr, REPL.LineEditREPL, REPL.LineEdit.Prompt})()
    @ VSCodeServer ~/.vscode/extensions/julialang.language-julia-1.219.2/scripts/packages/VSCodeServer/src/repl.jl:242
 [19] (::VSCodeServer.var"#start_eval_backend##0#start_eval_backend##1")()
    @ VSCodeServer ~/.vscode/extensions/julialang.language-julia-1.219.2/scripts/packages/VSCodeServer/src/eval.jl:34


ERROR in weighted_cut (Spiel 11)
n=16, m=31
UndefVarError: `game` not defined in `ShannonSwitchingGame`
Suggestion: check for spelling errors or missing imports.
Stacktrace:
  [1] var"##core#279"()
    @ ShannonSwitchingGame ~/.julia/packages/BenchmarkTools/ZtsPk/src/execution.jl:647
  [2] var"##sample#280"(::Tuple{}, __params::BenchmarkTools.Parameters, __sample_ref::Base.RefValue{Tuple{Float64, Float64, Int64, Int64}}, __result_ref::Nothing)
    @ ShannonSwitchingGame ~/.julia/packages/BenchmarkTools/ZtsPk/src/execution.jl:659
  [3] _lineartrial(b::BenchmarkTools.Benchmark, p::BenchmarkTools.Parameters; maxevals::Int64, kwargs::@Kwargs{})
    @ BenchmarkTools ~/.julia/packages/BenchmarkTools/ZtsPk/src/execution.jl:222
  [4] _lineartrial(b::BenchmarkTools.Benchmark, p::BenchmarkTools.Parameters)
    @ BenchmarkTools ~/.julia/packages/BenchmarkTools/ZtsPk/src/execution.jl:216
  [5] #lineartrial#32
    @ ~/.julia/packages/BenchmarkTools/ZtsPk/src/execution.jl:53 [inlined]
  [6] lineartrial
    @ ~/.julia/packages/BenchmarkTools/ZtsPk/src/execution.jl:52 [inlined]
  [7] tune!(b::BenchmarkTools.Benchmark, p::BenchmarkTools.Parameters; progressid::Nothing, nleaves::Float64, ndone::Float64, verbose::Bool, pad::String, kwargs::@Kwargs{})
    @ BenchmarkTools ~/.julia/packages/BenchmarkTools/ZtsPk/src/execution.jl:341
  [8] tune! (repeats 2 times)
    @ ~/.julia/packages/BenchmarkTools/ZtsPk/src/execution.jl:330 [inlined]
  [9] macro expansion
    @ ~/.julia/packages/BenchmarkTools/ZtsPk/src/execution.jl:503 [inlined]
 [10] test()
    @ ShannonSwitchingGame ~/Documents/computerorientierte_Mathematik_II/Programmierprojekt/ShannonSwitchingGame/src/Wettbewerbsstrategie_Hilfsfunktionen.jl:532
 [11] top-level scope
    @ REPL[7]:1
 [12] eval(m::Module, e::Any)
    @ Core ./boot.jl:489
 [13] eval
    @ ./Base_compiler.jl:146 [inlined]
 [14] repleval(m::Module, code::Expr, ::String)
    @ VSCodeServer ~/.vscode/extensions/julialang.language-julia-1.219.2/scripts/packages/VSCodeServer/src/repl.jl:278
 [15] #evalrepl##2
    @ ~/.vscode/extensions/julialang.language-julia-1.219.2/scripts/packages/VSCodeServer/src/repl.jl:241 [inlined]
 [16] with_logstate(f::VSCodeServer.var"#evalrepl##2#evalrepl##3"{Module, Expr, REPL.LineEditREPL, REPL.LineEdit.Prompt}, logstate::Base.CoreLogging.LogState)
    @ Base.CoreLogging ./logging/logging.jl:542
 [17] with_logger
    @ ./logging/logging.jl:653 [inlined]
 [18] (::VSCodeServer.var"#evalrepl##0#evalrepl##1"{Module, Expr, REPL.LineEditREPL, REPL.LineEdit.Prompt})()
    @ VSCodeServer ~/.vscode/extensions/julialang.language-julia-1.219.2/scripts/packages/VSCodeServer/src/repl.jl:242
 [19] (::VSCodeServer.var"#start_eval_backend##0#start_eval_backend##1")()
    @ VSCodeServer ~/.vscode/extensions/julialang.language-julia-1.219.2/scripts/packages/VSCodeServer/src/eval.jl:34


ERROR in weighted_cut (Spiel 11)
n=16, m=31
UndefVarError: `game` not defined in `ShannonSwitchingGame`
Suggestion: check for spelling errors or missing imports.
Stacktrace:
  [1] var"##core#279"()
    @ ShannonSwitchingGame ~/.julia/packages/BenchmarkTools/ZtsPk/src/execution.jl:647
  [2] var"##sample#280"(::Tuple{}, __params::BenchmarkTools.Parameters, __sample_ref::Base.RefValue{Tuple{Float64, Float64, Int64, Int64}}, __result_ref::Nothing)
    @ ShannonSwitchingGame ~/.julia/packages/BenchmarkTools/ZtsPk/src/execution.jl:659
  [3] _lineartrial(b::BenchmarkTools.Benchmark, p::BenchmarkTools.Parameters; maxevals::Int64, kwargs::@Kwargs{})
    @ BenchmarkTools ~/.julia/packages/BenchmarkTools/ZtsPk/src/execution.jl:222
  [4] _lineartrial(b::BenchmarkTools.Benchmark, p::BenchmarkTools.Parameters)
    @ BenchmarkTools ~/.julia/packages/BenchmarkTools/ZtsPk/src/execution.jl:216
  [5] #lineartrial#32
    @ ~/.julia/packages/BenchmarkTools/ZtsPk/src/execution.jl:53 [inlined]
  [6] lineartrial
    @ ~/.julia/packages/BenchmarkTools/ZtsPk/src/execution.jl:52 [inlined]
  [7] tune!(b::BenchmarkTools.Benchmark, p::BenchmarkTools.Parameters; progressid::Nothing, nleaves::Float64, ndone::Float64, verbose::Bool, pad::String, kwargs::@Kwargs{})
    @ BenchmarkTools ~/.julia/packages/BenchmarkTools/ZtsPk/src/execution.jl:341
  [8] tune! (repeats 2 times)
    @ ~/.julia/packages/BenchmarkTools/ZtsPk/src/execution.jl:330 [inlined]
  [9] macro expansion
    @ ~/.julia/packages/BenchmarkTools/ZtsPk/src/execution.jl:503 [inlined]
 [10] test()
    @ ShannonSwitchingGame ~/Documents/computerorientierte_Mathematik_II/Programmierprojekt/ShannonSwitchingGame/src/Wettbewerbsstrategie_Hilfsfunktionen.jl:532
 [11] top-level scope
    @ REPL[7]:1
 [12] eval(m::Module, e::Any)
    @ Core ./boot.jl:489
 [13] eval
    @ ./Base_compiler.jl:146 [inlined]
 [14] repleval(m::Module, code::Expr, ::String)
    @ VSCodeServer ~/.vscode/extensions/julialang.language-julia-1.219.2/scripts/packages/VSCodeServer/src/repl.jl:278
 [15] #evalrepl##2
    @ ~/.vscode/extensions/julialang.language-julia-1.219.2/scripts/packages/VSCodeServer/src/repl.jl:241 [inlined]
 [16] with_logstate(f::VSCodeServer.var"#evalrepl##2#evalrepl##3"{Module, Expr, REPL.LineEditREPL, REPL.LineEdit.Prompt}, logstate::Base.CoreLogging.LogState)
    @ Base.CoreLogging ./logging/logging.jl:542
 [17] with_logger
    @ ./logging/logging.jl:653 [inlined]
 [18] (::VSCodeServer.var"#evalrepl##0#evalrepl##1"{Module, Expr, REPL.LineEditREPL, REPL.LineEdit.Prompt})()
    @ VSCodeServer ~/.vscode/extensions/julialang.language-julia-1.219.2/scripts/packages/VSCodeServer/src/repl.jl:242
 [19] (::VSCodeServer.var"#start_eval_backend##0#start_eval_backend##1")()
    @ VSCodeServer ~/.vscode/extensions/julialang.language-julia-1.219.2/scripts/packages/VSCodeServer/src/eval.jl:34


ERROR in weighted_cut (Spiel 11)
n=16, m=31
UndefVarError: `game` not defined in `ShannonSwitchingGame`
Suggestion: check for spelling errors or missing imports.
Stacktrace:
  [1] var"##core#279"()
    @ ShannonSwitchingGame ~/.julia/packages/BenchmarkTools/ZtsPk/src/execution.jl:647
  [2] var"##sample#280"(::Tuple{}, __params::BenchmarkTools.Parameters, __sample_ref::Base.RefValue{Tuple{Float64, Float64, Int64, Int64}}, __result_ref::Nothing)
    @ ShannonSwitchingGame ~/.julia/packages/BenchmarkTools/ZtsPk/src/execution.jl:659
  [3] _lineartrial(b::BenchmarkTools.Benchmark, p::BenchmarkTools.Parameters; maxevals::Int64, kwargs::@Kwargs{})
    @ BenchmarkTools ~/.julia/packages/BenchmarkTools/ZtsPk/src/execution.jl:222
  [4] _lineartrial(b::BenchmarkTools.Benchmark, p::BenchmarkTools.Parameters)
    @ BenchmarkTools ~/.julia/packages/BenchmarkTools/ZtsPk/src/execution.jl:216
  [5] #lineartrial#32
    @ ~/.julia/packages/BenchmarkTools/ZtsPk/src/execution.jl:53 [inlined]
  [6] lineartrial
    @ ~/.julia/packages/BenchmarkTools/ZtsPk/src/execution.jl:52 [inlined]
  [7] tune!(b::BenchmarkTools.Benchmark, p::BenchmarkTools.Parameters; progressid::Nothing, nleaves::Float64, ndone::Float64, verbose::Bool, pad::String, kwargs::@Kwargs{})
    @ BenchmarkTools ~/.julia/packages/BenchmarkTools/ZtsPk/src/execution.jl:341
  [8] tune! (repeats 2 times)
    @ ~/.julia/packages/BenchmarkTools/ZtsPk/src/execution.jl:330 [inlined]
  [9] macro expansion
    @ ~/.julia/packages/BenchmarkTools/ZtsPk/src/execution.jl:503 [inlined]
 [10] test()
    @ ShannonSwitchingGame ~/Documents/computerorientierte_Mathematik_II/Programmierprojekt/ShannonSwitchingGame/src/Wettbewerbsstrategie_Hilfsfunktionen.jl:532
 [11] top-level scope
    @ REPL[7]:1
 [12] eval(m::Module, e::Any)
    @ Core ./boot.jl:489
 [13] eval
    @ ./Base_compiler.jl:146 [inlined]
 [14] repleval(m::Module, code::Expr, ::String)
    @ VSCodeServer ~/.vscode/extensions/julialang.language-julia-1.219.2/scripts/packages/VSCodeServer/src/repl.jl:278
 [15] #evalrepl##2
    @ ~/.vscode/extensions/julialang.language-julia-1.219.2/scripts/packages/VSCodeServer/src/repl.jl:241 [inlined]
 [16] with_logstate(f::VSCodeServer.var"#evalrepl##2#evalrepl##3"{Module, Expr, REPL.LineEditREPL, REPL.LineEdit.Prompt}, logstate::Base.CoreLogging.LogState)
    @ Base.CoreLogging ./logging/logging.jl:542
 [17] with_logger
    @ ./logging/logging.jl:653 [inlined]
 [18] (::VSCodeServer.var"#evalrepl##0#evalrepl##1"{Module, Expr, REPL.LineEditREPL, REPL.LineEdit.Prompt})()
    @ VSCodeServer ~/.vscode/extensions/julialang.language-julia-1.219.2/scripts/packages/VSCodeServer/src/repl.jl:242
 [19] (::VSCodeServer.var"#start_eval_backend##0#start_eval_backend##1")()
    @ VSCodeServer ~/.vscode/extensions/julialang.language-julia-1.219.2/scripts/packages/VSCodeServer/src/eval.jl:34


ERROR in weighted_cut (Spiel 11)
n=16, m=31
UndefVarError: `game` not defined in `ShannonSwitchingGame`
Suggestion: check for spelling errors or missing imports.
Stacktrace:
  [1] var"##core#279"()
    @ ShannonSwitchingGame ~/.julia/packages/BenchmarkTools/ZtsPk/src/execution.jl:647
  [2] var"##sample#280"(::Tuple{}, __params::BenchmarkTools.Parameters, __sample_ref::Base.RefValue{Tuple{Float64, Float64, Int64, Int64}}, __result_ref::Nothing)
    @ ShannonSwitchingGame ~/.julia/packages/BenchmarkTools/ZtsPk/src/execution.jl:659
  [3] _lineartrial(b::BenchmarkTools.Benchmark, p::BenchmarkTools.Parameters; maxevals::Int64, kwargs::@Kwargs{})
    @ BenchmarkTools ~/.julia/packages/BenchmarkTools/ZtsPk/src/execution.jl:222
  [4] _lineartrial(b::BenchmarkTools.Benchmark, p::BenchmarkTools.Parameters)
    @ BenchmarkTools ~/.julia/packages/BenchmarkTools/ZtsPk/src/execution.jl:216
  [5] #lineartrial#32
    @ ~/.julia/packages/BenchmarkTools/ZtsPk/src/execution.jl:53 [inlined]
  [6] lineartrial
    @ ~/.julia/packages/BenchmarkTools/ZtsPk/src/execution.jl:52 [inlined]
  [7] tune!(b::BenchmarkTools.Benchmark, p::BenchmarkTools.Parameters; progressid::Nothing, nleaves::Float64, ndone::Float64, verbose::Bool, pad::String, kwargs::@Kwargs{})
    @ BenchmarkTools ~/.julia/packages/BenchmarkTools/ZtsPk/src/execution.jl:341
  [8] tune! (repeats 2 times)
    @ ~/.julia/packages/BenchmarkTools/ZtsPk/src/execution.jl:330 [inlined]
  [9] macro expansion
    @ ~/.julia/packages/BenchmarkTools/ZtsPk/src/execution.jl:503 [inlined]
 [10] test()
    @ ShannonSwitchingGame ~/Documents/computerorientierte_Mathematik_II/Programmierprojekt/ShannonSwitchingGame/src/Wettbewerbsstrategie_Hilfsfunktionen.jl:532
 [11] top-level scope
    @ REPL[7]:1
 [12] eval(m::Module, e::Any)
    @ Core ./boot.jl:489
 [13] eval
    @ ./Base_compiler.jl:146 [inlined]
 [14] repleval(m::Module, code::Expr, ::String)
    @ VSCodeServer ~/.vscode/extensions/julialang.language-julia-1.219.2/scripts/packages/VSCodeServer/src/repl.jl:278
 [15] #evalrepl##2
    @ ~/.vscode/extensions/julialang.language-julia-1.219.2/scripts/packages/VSCodeServer/src/repl.jl:241 [inlined]
 [16] with_logstate(f::VSCodeServer.var"#evalrepl##2#evalrepl##3"{Module, Expr, REPL.LineEditREPL, REPL.LineEdit.Prompt}, logstate::Base.CoreLogging.LogState)
    @ Base.CoreLogging ./logging/logging.jl:542
 [17] with_logger
    @ ./logging/logging.jl:653 [inlined]
 [18] (::VSCodeServer.var"#evalrepl##0#evalrepl##1"{Module, Expr, REPL.LineEditREPL, REPL.LineEdit.Prompt})()
    @ VSCodeServer ~/.vscode/extensions/julialang.language-julia-1.219.2/scripts/packages/VSCodeServer/src/repl.jl:242
 [19] (::VSCodeServer.var"#start_eval_backend##0#start_eval_backend##1")()
    @ VSCodeServer ~/.vscode/extensions/julialang.language-julia-1.219.2/scripts/packages/VSCodeServer/src/eval.jl:34


ERROR in weighted_cut (Spiel 11)
n=16, m=31
UndefVarError: `game` not defined in `ShannonSwitchingGame`
Suggestion: check for spelling errors or missing imports.
Stacktrace:
  [1] var"##core#279"()
    @ ShannonSwitchingGame ~/.julia/packages/BenchmarkTools/ZtsPk/src/execution.jl:647
  [2] var"##sample#280"(::Tuple{}, __params::BenchmarkTools.Parameters, __sample_ref::Base.RefValue{Tuple{Float64, Float64, Int64, Int64}}, __result_ref::Nothing)
    @ ShannonSwitchingGame ~/.julia/packages/BenchmarkTools/ZtsPk/src/execution.jl:659
  [3] _lineartrial(b::BenchmarkTools.Benchmark, p::BenchmarkTools.Parameters; maxevals::Int64, kwargs::@Kwargs{})
    @ BenchmarkTools ~/.julia/packages/BenchmarkTools/ZtsPk/src/execution.jl:222
  [4] _lineartrial(b::BenchmarkTools.Benchmark, p::BenchmarkTools.Parameters)
    @ BenchmarkTools ~/.julia/packages/BenchmarkTools/ZtsPk/src/execution.jl:216
  [5] #lineartrial#32
    @ ~/.julia/packages/BenchmarkTools/ZtsPk/src/execution.jl:53 [inlined]
  [6] lineartrial
    @ ~/.julia/packages/BenchmarkTools/ZtsPk/src/execution.jl:52 [inlined]
  [7] tune!(b::BenchmarkTools.Benchmark, p::BenchmarkTools.Parameters; progressid::Nothing, nleaves::Float64, ndone::Float64, verbose::Bool, pad::String, kwargs::@Kwargs{})
    @ BenchmarkTools ~/.julia/packages/BenchmarkTools/ZtsPk/src/execution.jl:341
  [8] tune! (repeats 2 times)
    @ ~/.julia/packages/BenchmarkTools/ZtsPk/src/execution.jl:330 [inlined]
  [9] macro expansion
    @ ~/.julia/packages/BenchmarkTools/ZtsPk/src/execution.jl:503 [inlined]
 [10] test()
    @ ShannonSwitchingGame ~/Documents/computerorientierte_Mathematik_II/Programmierprojekt/ShannonSwitchingGame/src/Wettbewerbsstrategie_Hilfsfunktionen.jl:532
 [11] top-level scope
    @ REPL[7]:1
 [12] eval(m::Module, e::Any)
    @ Core ./boot.jl:489
 [13] eval
    @ ./Base_compiler.jl:146 [inlined]
 [14] repleval(m::Module, code::Expr, ::String)
    @ VSCodeServer ~/.vscode/extensions/julialang.language-julia-1.219.2/scripts/packages/VSCodeServer/src/repl.jl:278
 [15] #evalrepl##2
    @ ~/.vscode/extensions/julialang.language-julia-1.219.2/scripts/packages/VSCodeServer/src/repl.jl:241 [inlined]
 [16] with_logstate(f::VSCodeServer.var"#evalrepl##2#evalrepl##3"{Module, Expr, REPL.LineEditREPL, REPL.LineEdit.Prompt}, logstate::Base.CoreLogging.LogState)
    @ Base.CoreLogging ./logging/logging.jl:542
 [17] with_logger
    @ ./logging/logging.jl:653 [inlined]
 [18] (::VSCodeServer.var"#evalrepl##0#evalrepl##1"{Module, Expr, REPL.LineEditREPL, REPL.LineEdit.Prompt})()
    @ VSCodeServer ~/.vscode/extensions/julialang.language-julia-1.219.2/scripts/packages/VSCodeServer/src/repl.jl:242
 [19] (::VSCodeServer.var"#start_eval_backend##0#start_eval_backend##1")()
    @ VSCodeServer ~/.vscode/extensions/julialang.language-julia-1.219.2/scripts/packages/VSCodeServer/src/eval.jl:34


ERROR in weighted_cut (Spiel 11)
n=16, m=31
UndefVarError: `game` not defined in `ShannonSwitchingGame`
Suggestion: check for spelling errors or missing imports.
Stacktrace:
  [1] var"##core#279"()
    @ ShannonSwitchingGame ~/.julia/packages/BenchmarkTools/ZtsPk/src/execution.jl:647
  [2] var"##sample#280"(::Tuple{}, __params::BenchmarkTools.Parameters, __sample_ref::Base.RefValue{Tuple{Float64, Float64, Int64, Int64}}, __result_ref::Nothing)
    @ ShannonSwitchingGame ~/.julia/packages/BenchmarkTools/ZtsPk/src/execution.jl:659
  [3] _lineartrial(b::BenchmarkTools.Benchmark, p::BenchmarkTools.Parameters; maxevals::Int64, kwargs::@Kwargs{})
    @ BenchmarkTools ~/.julia/packages/BenchmarkTools/ZtsPk/src/execution.jl:222
  [4] _lineartrial(b::BenchmarkTools.Benchmark, p::BenchmarkTools.Parameters)
    @ BenchmarkTools ~/.julia/packages/BenchmarkTools/ZtsPk/src/execution.jl:216
  [5] #lineartrial#32
    @ ~/.julia/packages/BenchmarkTools/ZtsPk/src/execution.jl:53 [inlined]
  [6] lineartrial
    @ ~/.julia/packages/BenchmarkTools/ZtsPk/src/execution.jl:52 [inlined]
  [7] tune!(b::BenchmarkTools.Benchmark, p::BenchmarkTools.Parameters; progressid::Nothing, nleaves::Float64, ndone::Float64, verbose::Bool, pad::String, kwargs::@Kwargs{})
    @ BenchmarkTools ~/.julia/packages/BenchmarkTools/ZtsPk/src/execution.jl:341
  [8] tune! (repeats 2 times)
    @ ~/.julia/packages/BenchmarkTools/ZtsPk/src/execution.jl:330 [inlined]
  [9] macro expansion
    @ ~/.julia/packages/BenchmarkTools/ZtsPk/src/execution.jl:503 [inlined]
 [10] test()
    @ ShannonSwitchingGame ~/Documents/computerorientierte_Mathematik_II/Programmierprojekt/ShannonSwitchingGame/src/Wettbewerbsstrategie_Hilfsfunktionen.jl:532
 [11] top-level scope
    @ REPL[7]:1
 [12] eval(m::Module, e::Any)
    @ Core ./boot.jl:489
 [13] eval
    @ ./Base_compiler.jl:146 [inlined]
 [14] repleval(m::Module, code::Expr, ::String)
    @ VSCodeServer ~/.vscode/extensions/julialang.language-julia-1.219.2/scripts/packages/VSCodeServer/src/repl.jl:278
 [15] #evalrepl##2
    @ ~/.vscode/extensions/julialang.language-julia-1.219.2/scripts/packages/VSCodeServer/src/repl.jl:241 [inlined]
 [16] with_logstate(f::VSCodeServer.var"#evalrepl##2#evalrepl##3"{Module, Expr, REPL.LineEditREPL, REPL.LineEdit.Prompt}, logstate::Base.CoreLogging.LogState)
    @ Base.CoreLogging ./logging/logging.jl:542
 [17] with_logger
    @ ./logging/logging.jl:653 [inlined]
 [18] (::VSCodeServer.var"#evalrepl##0#evalrepl##1"{Module, Expr, REPL.LineEditREPL, REPL.LineEdit.Prompt})()
    @ VSCodeServer ~/.vscode/extensions/julialang.language-julia-1.219.2/scripts/packages/VSCodeServer/src/repl.jl:242
 [19] (::VSCodeServer.var"#start_eval_backend##0#start_eval_backend##1")()
    @ VSCodeServer ~/.vscode/extensions/julialang.language-julia-1.219.2/scripts/packages/VSCodeServer/src/eval.jl:34


ERROR in weighted_cut (Spiel 11)
n=16, m=31
UndefVarError: `game` not defined in `ShannonSwitchingGame`
Suggestion: check for spelling errors or missing imports.
Stacktrace:
  [1] var"##core#279"()
    @ ShannonSwitchingGame ~/.julia/packages/BenchmarkTools/ZtsPk/src/execution.jl:647
  [2] var"##sample#280"(::Tuple{}, __params::BenchmarkTools.Parameters, __sample_ref::Base.RefValue{Tuple{Float64, Float64, Int64, Int64}}, __result_ref::Nothing)
    @ ShannonSwitchingGame ~/.julia/packages/BenchmarkTools/ZtsPk/src/execution.jl:659
  [3] _lineartrial(b::BenchmarkTools.Benchmark, p::BenchmarkTools.Parameters; maxevals::Int64, kwargs::@Kwargs{})
    @ BenchmarkTools ~/.julia/packages/BenchmarkTools/ZtsPk/src/execution.jl:222
  [4] _lineartrial(b::BenchmarkTools.Benchmark, p::BenchmarkTools.Parameters)
    @ BenchmarkTools ~/.julia/packages/BenchmarkTools/ZtsPk/src/execution.jl:216
  [5] #lineartrial#32
    @ ~/.julia/packages/BenchmarkTools/ZtsPk/src/execution.jl:53 [inlined]
  [6] lineartrial
    @ ~/.julia/packages/BenchmarkTools/ZtsPk/src/execution.jl:52 [inlined]
  [7] tune!(b::BenchmarkTools.Benchmark, p::BenchmarkTools.Parameters; progressid::Nothing, nleaves::Float64, ndone::Float64, verbose::Bool, pad::String, kwargs::@Kwargs{})
    @ BenchmarkTools ~/.julia/packages/BenchmarkTools/ZtsPk/src/execution.jl:341
  [8] tune! (repeats 2 times)
    @ ~/.julia/packages/BenchmarkTools/ZtsPk/src/execution.jl:330 [inlined]
  [9] macro expansion
    @ ~/.julia/packages/BenchmarkTools/ZtsPk/src/execution.jl:503 [inlined]
 [10] test()
    @ ShannonSwitchingGame ~/Documents/computerorientierte_Mathematik_II/Programmierprojekt/ShannonSwitchingGame/src/Wettbewerbsstrategie_Hilfsfunktionen.jl:532
 [11] top-level scope
    @ REPL[7]:1
 [12] eval(m::Module, e::Any)
    @ Core ./boot.jl:489
 [13] eval
    @ ./Base_compiler.jl:146 [inlined]
 [14] repleval(m::Module, code::Expr, ::String)
    @ VSCodeServer ~/.vscode/extensions/julialang.language-julia-1.219.2/scripts/packages/VSCodeServer/src/repl.jl:278
 [15] #evalrepl##2
    @ ~/.vscode/extensions/julialang.language-julia-1.219.2/scripts/packages/VSCodeServer/src/repl.jl:241 [inlined]
 [16] with_logstate(f::VSCodeServer.var"#evalrepl##2#evalrepl##3"{Module, Expr, REPL.LineEditREPL, REPL.LineEdit.Prompt}, logstate::Base.CoreLogging.LogState)
    @ Base.CoreLogging ./logging/logging.jl:542
 [17] with_logger
    @ ./logging/logging.jl:653 [inlined]
 [18] (::VSCodeServer.var"#evalrepl##0#evalrepl##1"{Module, Expr, REPL.LineEditREPL, REPL.LineEdit.Prompt})()
    @ VSCodeServer ~/.vscode/extensions/julialang.language-julia-1.219.2/scripts/packages/VSCodeServer/src/repl.jl:242
 [19] (::VSCodeServer.var"#start_eval_backend##0#start_eval_backend##1")()
    @ VSCodeServer ~/.vscode/extensions/julialang.language-julia-1.219.2/scripts/packages/VSCodeServer/src/eval.jl:34


ERROR in weighted_cut (Spiel 11)
n=16, m=31
UndefVarError: `game` not defined in `ShannonSwitchingGame`
Suggestion: check for spelling errors or missing imports.
Stacktrace:
  [1] var"##core#279"()
    @ ShannonSwitchingGame ~/.julia/packages/BenchmarkTools/ZtsPk/src/execution.jl:647
  [2] var"##sample#280"(::Tuple{}, __params::BenchmarkTools.Parameters, __sample_ref::Base.RefValue{Tuple{Float64, Float64, Int64, Int64}}, __result_ref::Nothing)
    @ ShannonSwitchingGame ~/.julia/packages/BenchmarkTools/ZtsPk/src/execution.jl:659
  [3] _lineartrial(b::BenchmarkTools.Benchmark, p::BenchmarkTools.Parameters; maxevals::Int64, kwargs::@Kwargs{})
    @ BenchmarkTools ~/.julia/packages/BenchmarkTools/ZtsPk/src/execution.jl:222
  [4] _lineartrial(b::BenchmarkTools.Benchmark, p::BenchmarkTools.Parameters)
    @ BenchmarkTools ~/.julia/packages/BenchmarkTools/ZtsPk/src/execution.jl:216
  [5] #lineartrial#32
    @ ~/.julia/packages/BenchmarkTools/ZtsPk/src/execution.jl:53 [inlined]
  [6] lineartrial
    @ ~/.julia/packages/BenchmarkTools/ZtsPk/src/execution.jl:52 [inlined]
  [7] tune!(b::BenchmarkTools.Benchmark, p::BenchmarkTools.Parameters; progressid::Nothing, nleaves::Float64, ndone::Float64, verbose::Bool, pad::String, kwargs::@Kwargs{})
    @ BenchmarkTools ~/.julia/packages/BenchmarkTools/ZtsPk/src/execution.jl:341
  [8] tune! (repeats 2 times)
    @ ~/.julia/packages/BenchmarkTools/ZtsPk/src/execution.jl:330 [inlined]
  [9] macro expansion
    @ ~/.julia/packages/BenchmarkTools/ZtsPk/src/execution.jl:503 [inlined]
 [10] test()
    @ ShannonSwitchingGame ~/Documents/computerorientierte_Mathematik_II/Programmierprojekt/ShannonSwitchingGame/src/Wettbewerbsstrategie_Hilfsfunktionen.jl:532
 [11] top-level scope
    @ REPL[7]:1
 [12] eval(m::Module, e::Any)
    @ Core ./boot.jl:489
 [13] eval
    @ ./Base_compiler.jl:146 [inlined]
 [14] repleval(m::Module, code::Expr, ::String)
    @ VSCodeServer ~/.vscode/extensions/julialang.language-julia-1.219.2/scripts/packages/VSCodeServer/src/repl.jl:278
 [15] #evalrepl##2
    @ ~/.vscode/extensions/julialang.language-julia-1.219.2/scripts/packages/VSCodeServer/src/repl.jl:241 [inlined]
 [16] with_logstate(f::VSCodeServer.var"#evalrepl##2#evalrepl##3"{Module, Expr, REPL.LineEditREPL, REPL.LineEdit.Prompt}, logstate::Base.CoreLogging.LogState)
    @ Base.CoreLogging ./logging/logging.jl:542
 [17] with_logger
    @ ./logging/logging.jl:653 [inlined]
 [18] (::VSCodeServer.var"#evalrepl##0#evalrepl##1"{Module, Expr, REPL.LineEditREPL, REPL.LineEdit.Prompt})()
    @ VSCodeServer ~/.vscode/extensions/julialang.language-julia-1.219.2/scripts/packages/VSCodeServer/src/repl.jl:242
 [19] (::VSCodeServer.var"#start_eval_backend##0#start_eval_backend##1")()
    @ VSCodeServer ~/.vscode/extensions/julialang.language-julia-1.219.2/scripts/packages/VSCodeServer/src/eval.jl:34


ERROR in weighted_cut (Spiel 11)
n=16, m=31
UndefVarError: `game` not defined in `ShannonSwitchingGame`
Suggestion: check for spelling errors or missing imports.
Stacktrace:
  [1] var"##core#279"()
    @ ShannonSwitchingGame ~/.julia/packages/BenchmarkTools/ZtsPk/src/execution.jl:647
  [2] var"##sample#280"(::Tuple{}, __params::BenchmarkTools.Parameters, __sample_ref::Base.RefValue{Tuple{Float64, Float64, Int64, Int64}}, __result_ref::Nothing)
    @ ShannonSwitchingGame ~/.julia/packages/BenchmarkTools/ZtsPk/src/execution.jl:659
  [3] _lineartrial(b::BenchmarkTools.Benchmark, p::BenchmarkTools.Parameters; maxevals::Int64, kwargs::@Kwargs{})
    @ BenchmarkTools ~/.julia/packages/BenchmarkTools/ZtsPk/src/execution.jl:222
  [4] _lineartrial(b::BenchmarkTools.Benchmark, p::BenchmarkTools.Parameters)
    @ BenchmarkTools ~/.julia/packages/BenchmarkTools/ZtsPk/src/execution.jl:216
  [5] #lineartrial#32
    @ ~/.julia/packages/BenchmarkTools/ZtsPk/src/execution.jl:53 [inlined]
  [6] lineartrial
    @ ~/.julia/packages/BenchmarkTools/ZtsPk/src/execution.jl:52 [inlined]
  [7] tune!(b::BenchmarkTools.Benchmark, p::BenchmarkTools.Parameters; progressid::Nothing, nleaves::Float64, ndone::Float64, verbose::Bool, pad::String, kwargs::@Kwargs{})
    @ BenchmarkTools ~/.julia/packages/BenchmarkTools/ZtsPk/src/execution.jl:341
  [8] tune! (repeats 2 times)
    @ ~/.julia/packages/BenchmarkTools/ZtsPk/src/execution.jl:330 [inlined]
  [9] macro expansion
    @ ~/.julia/packages/BenchmarkTools/ZtsPk/src/execution.jl:503 [inlined]
 [10] test()
    @ ShannonSwitchingGame ~/Documents/computerorientierte_Mathematik_II/Programmierprojekt/ShannonSwitchingGame/src/Wettbewerbsstrategie_Hilfsfunktionen.jl:532
 [11] top-level scope
    @ REPL[7]:1
 [12] eval(m::Module, e::Any)
    @ Core ./boot.jl:489
 [13] eval
    @ ./Base_compiler.jl:146 [inlined]
 [14] repleval(m::Module, code::Expr, ::String)
    @ VSCodeServer ~/.vscode/extensions/julialang.language-julia-1.219.2/scripts/packages/VSCodeServer/src/repl.jl:278
 [15] #evalrepl##2
    @ ~/.vscode/extensions/julialang.language-julia-1.219.2/scripts/packages/VSCodeServer/src/repl.jl:241 [inlined]
 [16] with_logstate(f::VSCodeServer.var"#evalrepl##2#evalrepl##3"{Module, Expr, REPL.LineEditREPL, REPL.LineEdit.Prompt}, logstate::Base.CoreLogging.LogState)
    @ Base.CoreLogging ./logging/logging.jl:542
 [17] with_logger
    @ ./logging/logging.jl:653 [inlined]
 [18] (::VSCodeServer.var"#evalrepl##0#evalrepl##1"{Module, Expr, REPL.LineEditREPL, REPL.LineEdit.Prompt})()
    @ VSCodeServer ~/.vscode/extensions/julialang.language-julia-1.219.2/scripts/packages/VSCodeServer/src/repl.jl:242
 [19] (::VSCodeServer.var"#start_eval_backend##0#start_eval_backend##1")()
    @ VSCodeServer ~/.vscode/extensions/julialang.language-julia-1.219.2/scripts/packages/VSCodeServer/src/eval.jl:34


ERROR in weighted_cut (Spiel 11)
n=16, m=31
UndefVarError: `game` not defined in `ShannonSwitchingGame`
Suggestion: check for spelling errors or missing imports.
Stacktrace:
  [1] var"##core#279"()
    @ ShannonSwitchingGame ~/.julia/packages/BenchmarkTools/ZtsPk/src/execution.jl:647
  [2] var"##sample#280"(::Tuple{}, __params::BenchmarkTools.Parameters, __sample_ref::Base.RefValue{Tuple{Float64, Float64, Int64, Int64}}, __result_ref::Nothing)
    @ ShannonSwitchingGame ~/.julia/packages/BenchmarkTools/ZtsPk/src/execution.jl:659
  [3] _lineartrial(b::BenchmarkTools.Benchmark, p::BenchmarkTools.Parameters; maxevals::Int64, kwargs::@Kwargs{})
    @ BenchmarkTools ~/.julia/packages/BenchmarkTools/ZtsPk/src/execution.jl:222
  [4] _lineartrial(b::BenchmarkTools.Benchmark, p::BenchmarkTools.Parameters)
    @ BenchmarkTools ~/.julia/packages/BenchmarkTools/ZtsPk/src/execution.jl:216
  [5] #lineartrial#32
    @ ~/.julia/packages/BenchmarkTools/ZtsPk/src/execution.jl:53 [inlined]
  [6] lineartrial
    @ ~/.julia/packages/BenchmarkTools/ZtsPk/src/execution.jl:52 [inlined]
  [7] tune!(b::BenchmarkTools.Benchmark, p::BenchmarkTools.Parameters; progressid::Nothing, nleaves::Float64, ndone::Float64, verbose::Bool, pad::String, kwargs::@Kwargs{})
    @ BenchmarkTools ~/.julia/packages/BenchmarkTools/ZtsPk/src/execution.jl:341
  [8] tune! (repeats 2 times)
    @ ~/.julia/packages/BenchmarkTools/ZtsPk/src/execution.jl:330 [inlined]
  [9] macro expansion
    @ ~/.julia/packages/BenchmarkTools/ZtsPk/src/execution.jl:503 [inlined]
 [10] test()
    @ ShannonSwitchingGame ~/Documents/computerorientierte_Mathematik_II/Programmierprojekt/ShannonSwitchingGame/src/Wettbewerbsstrategie_Hilfsfunktionen.jl:532
 [11] top-level scope
    @ REPL[7]:1
 [12] eval(m::Module, e::Any)
    @ Core ./boot.jl:489
 [13] eval
    @ ./Base_compiler.jl:146 [inlined]
 [14] repleval(m::Module, code::Expr, ::String)
    @ VSCodeServer ~/.vscode/extensions/julialang.language-julia-1.219.2/scripts/packages/VSCodeServer/src/repl.jl:278
 [15] #evalrepl##2
    @ ~/.vscode/extensions/julialang.language-julia-1.219.2/scripts/packages/VSCodeServer/src/repl.jl:241 [inlined]
 [16] with_logstate(f::VSCodeServer.var"#evalrepl##2#evalrepl##3"{Module, Expr, REPL.LineEditREPL, REPL.LineEdit.Prompt}, logstate::Base.CoreLogging.LogState)
    @ Base.CoreLogging ./logging/logging.jl:542
 [17] with_logger
    @ ./logging/logging.jl:653 [inlined]
 [18] (::VSCodeServer.var"#evalrepl##0#evalrepl##1"{Module, Expr, REPL.LineEditREPL, REPL.LineEdit.Prompt})()
    @ VSCodeServer ~/.vscode/extensions/julialang.language-julia-1.219.2/scripts/packages/VSCodeServer/src/repl.jl:242
 [19] (::VSCodeServer.var"#start_eval_backend##0#start_eval_backend##1")()
    @ VSCodeServer ~/.vscode/extensions/julialang.language-julia-1.219.2/scripts/packages/VSCodeServer/src/eval.jl:34


ERROR in weighted_cut (Spiel 11)
n=16, m=31
UndefVarError: `game` not defined in `ShannonSwitchingGame`
Suggestion: check for spelling errors or missing imports.
Stacktrace:
  [1] var"##core#279"()
    @ ShannonSwitchingGame ~/.julia/packages/BenchmarkTools/ZtsPk/src/execution.jl:647
  [2] var"##sample#280"(::Tuple{}, __params::BenchmarkTools.Parameters, __sample_ref::Base.RefValue{Tuple{Float64, Float64, Int64, Int64}}, __result_ref::Nothing)
    @ ShannonSwitchingGame ~/.julia/packages/BenchmarkTools/ZtsPk/src/execution.jl:659
  [3] _lineartrial(b::BenchmarkTools.Benchmark, p::BenchmarkTools.Parameters; maxevals::Int64, kwargs::@Kwargs{})
    @ BenchmarkTools ~/.julia/packages/BenchmarkTools/ZtsPk/src/execution.jl:222
  [4] _lineartrial(b::BenchmarkTools.Benchmark, p::BenchmarkTools.Parameters)
    @ BenchmarkTools ~/.julia/packages/BenchmarkTools/ZtsPk/src/execution.jl:216
  [5] #lineartrial#32
    @ ~/.julia/packages/BenchmarkTools/ZtsPk/src/execution.jl:53 [inlined]
  [6] lineartrial
    @ ~/.julia/packages/BenchmarkTools/ZtsPk/src/execution.jl:52 [inlined]
  [7] tune!(b::BenchmarkTools.Benchmark, p::BenchmarkTools.Parameters; progressid::Nothing, nleaves::Float64, ndone::Float64, verbose::Bool, pad::String, kwargs::@Kwargs{})
    @ BenchmarkTools ~/.julia/packages/BenchmarkTools/ZtsPk/src/execution.jl:341
  [8] tune! (repeats 2 times)
    @ ~/.julia/packages/BenchmarkTools/ZtsPk/src/execution.jl:330 [inlined]
  [9] macro expansion
    @ ~/.julia/packages/BenchmarkTools/ZtsPk/src/execution.jl:503 [inlined]
 [10] test()
    @ ShannonSwitchingGame ~/Documents/computerorientierte_Mathematik_II/Programmierprojekt/ShannonSwitchingGame/src/Wettbewerbsstrategie_Hilfsfunktionen.jl:532
 [11] top-level scope
    @ REPL[7]:1
 [12] eval(m::Module, e::Any)
    @ Core ./boot.jl:489
 [13] eval
    @ ./Base_compiler.jl:146 [inlined]
 [14] repleval(m::Module, code::Expr, ::String)
    @ VSCodeServer ~/.vscode/extensions/julialang.language-julia-1.219.2/scripts/packages/VSCodeServer/src/repl.jl:278
 [15] #evalrepl##2
    @ ~/.vscode/extensions/julialang.language-julia-1.219.2/scripts/packages/VSCodeServer/src/repl.jl:241 [inlined]
 [16] with_logstate(f::VSCodeServer.var"#evalrepl##2#evalrepl##3"{Module, Expr, REPL.LineEditREPL, REPL.LineEdit.Prompt}, logstate::Base.CoreLogging.LogState)
    @ Base.CoreLogging ./logging/logging.jl:542
 [17] with_logger
    @ ./logging/logging.jl:653 [inlined]
 [18] (::VSCodeServer.var"#evalrepl##0#evalrepl##1"{Module, Expr, REPL.LineEditREPL, REPL.LineEdit.Prompt})()
    @ VSCodeServer ~/.vscode/extensions/julialang.language-julia-1.219.2/scripts/packages/VSCodeServer/src/repl.jl:242
 [19] (::VSCodeServer.var"#start_eval_backend##0#start_eval_backend##1")()
    @ VSCodeServer ~/.vscode/extensions/julialang.language-julia-1.219.2/scripts/packages/VSCodeServer/src/eval.jl:34


ERROR in weighted_cut (Spiel 11)
n=16, m=31
UndefVarError: `game` not defined in `ShannonSwitchingGame`
Suggestion: check for spelling errors or missing imports.
Stacktrace:
  [1] var"##core#279"()
    @ ShannonSwitchingGame ~/.julia/packages/BenchmarkTools/ZtsPk/src/execution.jl:647
  [2] var"##sample#280"(::Tuple{}, __params::BenchmarkTools.Parameters, __sample_ref::Base.RefValue{Tuple{Float64, Float64, Int64, Int64}}, __result_ref::Nothing)
    @ ShannonSwitchingGame ~/.julia/packages/BenchmarkTools/ZtsPk/src/execution.jl:659
  [3] _lineartrial(b::BenchmarkTools.Benchmark, p::BenchmarkTools.Parameters; maxevals::Int64, kwargs::@Kwargs{})
    @ BenchmarkTools ~/.julia/packages/BenchmarkTools/ZtsPk/src/execution.jl:222
  [4] _lineartrial(b::BenchmarkTools.Benchmark, p::BenchmarkTools.Parameters)
    @ BenchmarkTools ~/.julia/packages/BenchmarkTools/ZtsPk/src/execution.jl:216
  [5] #lineartrial#32
    @ ~/.julia/packages/BenchmarkTools/ZtsPk/src/execution.jl:53 [inlined]
  [6] lineartrial
    @ ~/.julia/packages/BenchmarkTools/ZtsPk/src/execution.jl:52 [inlined]
  [7] tune!(b::BenchmarkTools.Benchmark, p::BenchmarkTools.Parameters; progressid::Nothing, nleaves::Float64, ndone::Float64, verbose::Bool, pad::String, kwargs::@Kwargs{})
    @ BenchmarkTools ~/.julia/packages/BenchmarkTools/ZtsPk/src/execution.jl:341
  [8] tune! (repeats 2 times)
    @ ~/.julia/packages/BenchmarkTools/ZtsPk/src/execution.jl:330 [inlined]
  [9] macro expansion
    @ ~/.julia/packages/BenchmarkTools/ZtsPk/src/execution.jl:503 [inlined]
 [10] test()
    @ ShannonSwitchingGame ~/Documents/computerorientierte_Mathematik_II/Programmierprojekt/ShannonSwitchingGame/src/Wettbewerbsstrategie_Hilfsfunktionen.jl:532
 [11] top-level scope
    @ REPL[7]:1
 [12] eval(m::Module, e::Any)
    @ Core ./boot.jl:489
 [13] eval
    @ ./Base_compiler.jl:146 [inlined]
 [14] repleval(m::Module, code::Expr, ::String)
    @ VSCodeServer ~/.vscode/extensions/julialang.language-julia-1.219.2/scripts/packages/VSCodeServer/src/repl.jl:278
 [15] #evalrepl##2
    @ ~/.vscode/extensions/julialang.language-julia-1.219.2/scripts/packages/VSCodeServer/src/repl.jl:241 [inlined]
 [16] with_logstate(f::VSCodeServer.var"#evalrepl##2#evalrepl##3"{Module, Expr, REPL.LineEditREPL, REPL.LineEdit.Prompt}, logstate::Base.CoreLogging.LogState)
    @ Base.CoreLogging ./logging/logging.jl:542
 [17] with_logger
    @ ./logging/logging.jl:653 [inlined]
 [18] (::VSCodeServer.var"#evalrepl##0#evalrepl##1"{Module, Expr, REPL.LineEditREPL, REPL.LineEdit.Prompt})()
    @ VSCodeServer ~/.vscode/extensions/julialang.language-julia-1.219.2/scripts/packages/VSCodeServer/src/repl.jl:242
 [19] (::VSCodeServer.var"#start_eval_backend##0#start_eval_backend##1")()
    @ VSCodeServer ~/.vscode/extensions/julialang.language-julia-1.219.2/scripts/packages/VSCodeServer/src/eval.jl:34


ERROR in weighted_cut (Spiel 11)
n=16, m=31
UndefVarError: `game` not defined in `ShannonSwitchingGame`
Suggestion: check for spelling errors or missing imports.
Stacktrace:
  [1] var"##core#279"()
    @ ShannonSwitchingGame ~/.julia/packages/BenchmarkTools/ZtsPk/src/execution.jl:647
  [2] var"##sample#280"(::Tuple{}, __params::BenchmarkTools.Parameters, __sample_ref::Base.RefValue{Tuple{Float64, Float64, Int64, Int64}}, __result_ref::Nothing)
    @ ShannonSwitchingGame ~/.julia/packages/BenchmarkTools/ZtsPk/src/execution.jl:659
  [3] _lineartrial(b::BenchmarkTools.Benchmark, p::BenchmarkTools.Parameters; maxevals::Int64, kwargs::@Kwargs{})
    @ BenchmarkTools ~/.julia/packages/BenchmarkTools/ZtsPk/src/execution.jl:222
  [4] _lineartrial(b::BenchmarkTools.Benchmark, p::BenchmarkTools.Parameters)
    @ BenchmarkTools ~/.julia/packages/BenchmarkTools/ZtsPk/src/execution.jl:216
  [5] #lineartrial#32
    @ ~/.julia/packages/BenchmarkTools/ZtsPk/src/execution.jl:53 [inlined]
  [6] lineartrial
    @ ~/.julia/packages/BenchmarkTools/ZtsPk/src/execution.jl:52 [inlined]
  [7] tune!(b::BenchmarkTools.Benchmark, p::BenchmarkTools.Parameters; progressid::Nothing, nleaves::Float64, ndone::Float64, verbose::Bool, pad::String, kwargs::@Kwargs{})
    @ BenchmarkTools ~/.julia/packages/BenchmarkTools/ZtsPk/src/execution.jl:341
  [8] tune! (repeats 2 times)
    @ ~/.julia/packages/BenchmarkTools/ZtsPk/src/execution.jl:330 [inlined]
  [9] macro expansion
    @ ~/.julia/packages/BenchmarkTools/ZtsPk/src/execution.jl:503 [inlined]
 [10] test()
    @ ShannonSwitchingGame ~/Documents/computerorientierte_Mathematik_II/Programmierprojekt/ShannonSwitchingGame/src/Wettbewerbsstrategie_Hilfsfunktionen.jl:532
 [11] top-level scope
    @ REPL[7]:1
 [12] eval(m::Module, e::Any)
    @ Core ./boot.jl:489
 [13] eval
    @ ./Base_compiler.jl:146 [inlined]
 [14] repleval(m::Module, code::Expr, ::String)
    @ VSCodeServer ~/.vscode/extensions/julialang.language-julia-1.219.2/scripts/packages/VSCodeServer/src/repl.jl:278
 [15] #evalrepl##2
    @ ~/.vscode/extensions/julialang.language-julia-1.219.2/scripts/packages/VSCodeServer/src/repl.jl:241 [inlined]
 [16] with_logstate(f::VSCodeServer.var"#evalrepl##2#evalrepl##3"{Module, Expr, REPL.LineEditREPL, REPL.LineEdit.Prompt}, logstate::Base.CoreLogging.LogState)
    @ Base.CoreLogging ./logging/logging.jl:542
 [17] with_logger
    @ ./logging/logging.jl:653 [inlined]
 [18] (::VSCodeServer.var"#evalrepl##0#evalrepl##1"{Module, Expr, REPL.LineEditREPL, REPL.LineEdit.Prompt})()
    @ VSCodeServer ~/.vscode/extensions/julialang.language-julia-1.219.2/scripts/packages/VSCodeServer/src/repl.jl:242
 [19] (::VSCodeServer.var"#start_eval_backend##0#start_eval_backend##1")()
    @ VSCodeServer ~/.vscode/extensions/julialang.language-julia-1.219.2/scripts/packages/VSCodeServer/src/eval.jl:34


ERROR in weighted_cut (Spiel 11)
n=16, m=31
UndefVarError: `game` not defined in `ShannonSwitchingGame`
Suggestion: check for spelling errors or missing imports.
Stacktrace:
  [1] var"##core#279"()
    @ ShannonSwitchingGame ~/.julia/packages/BenchmarkTools/ZtsPk/src/execution.jl:647
  [2] var"##sample#280"(::Tuple{}, __params::BenchmarkTools.Parameters, __sample_ref::Base.RefValue{Tuple{Float64, Float64, Int64, Int64}}, __result_ref::Nothing)
    @ ShannonSwitchingGame ~/.julia/packages/BenchmarkTools/ZtsPk/src/execution.jl:659
  [3] _lineartrial(b::BenchmarkTools.Benchmark, p::BenchmarkTools.Parameters; maxevals::Int64, kwargs::@Kwargs{})
    @ BenchmarkTools ~/.julia/packages/BenchmarkTools/ZtsPk/src/execution.jl:222
  [4] _lineartrial(b::BenchmarkTools.Benchmark, p::BenchmarkTools.Parameters)
    @ BenchmarkTools ~/.julia/packages/BenchmarkTools/ZtsPk/src/execution.jl:216
  [5] #lineartrial#32
    @ ~/.julia/packages/BenchmarkTools/ZtsPk/src/execution.jl:53 [inlined]
  [6] lineartrial
    @ ~/.julia/packages/BenchmarkTools/ZtsPk/src/execution.jl:52 [inlined]
  [7] tune!(b::BenchmarkTools.Benchmark, p::BenchmarkTools.Parameters; progressid::Nothing, nleaves::Float64, ndone::Float64, verbose::Bool, pad::String, kwargs::@Kwargs{})
    @ BenchmarkTools ~/.julia/packages/BenchmarkTools/ZtsPk/src/execution.jl:341
  [8] tune! (repeats 2 times)
    @ ~/.julia/packages/BenchmarkTools/ZtsPk/src/execution.jl:330 [inlined]
  [9] macro expansion
    @ ~/.julia/packages/BenchmarkTools/ZtsPk/src/execution.jl:503 [inlined]
 [10] test()
    @ ShannonSwitchingGame ~/Documents/computerorientierte_Mathematik_II/Programmierprojekt/ShannonSwitchingGame/src/Wettbewerbsstrategie_Hilfsfunktionen.jl:532
 [11] top-level scope
    @ REPL[7]:1
 [12] eval(m::Module, e::Any)
    @ Core ./boot.jl:489
 [13] eval
    @ ./Base_compiler.jl:146 [inlined]
 [14] repleval(m::Module, code::Expr, ::String)
    @ VSCodeServer ~/.vscode/extensions/julialang.language-julia-1.219.2/scripts/packages/VSCodeServer/src/repl.jl:278
 [15] #evalrepl##2
    @ ~/.vscode/extensions/julialang.language-julia-1.219.2/scripts/packages/VSCodeServer/src/repl.jl:241 [inlined]
 [16] with_logstate(f::VSCodeServer.var"#evalrepl##2#evalrepl##3"{Module, Expr, REPL.LineEditREPL, REPL.LineEdit.Prompt}, logstate::Base.CoreLogging.LogState)
    @ Base.CoreLogging ./logging/logging.jl:542
 [17] with_logger
    @ ./logging/logging.jl:653 [inlined]
 [18] (::VSCodeServer.var"#evalrepl##0#evalrepl##1"{Module, Expr, REPL.LineEditREPL, REPL.LineEdit.Prompt})()
    @ VSCodeServer ~/.vscode/extensions/julialang.language-julia-1.219.2/scripts/packages/VSCodeServer/src/repl.jl:242
 [19] (::VSCodeServer.var"#start_eval_backend##0#start_eval_backend##1")()
    @ VSCodeServer ~/.vscode/extensions/julialang.language-julia-1.219.2/scripts/packages/VSCodeServer/src/eval.jl:34


ERROR in weighted_short (Spiel 11)
n=16, m=31
UndefVarError: `game` not defined in `ShannonSwitchingGame`
Suggestion: check for spelling errors or missing imports.
Stacktrace:
  [1] var"##core#281"()
    @ ShannonSwitchingGame ~/.julia/packages/BenchmarkTools/ZtsPk/src/execution.jl:647
  [2] var"##sample#282"(::Tuple{}, __params::BenchmarkTools.Parameters, __sample_ref::Base.RefValue{Tuple{Float64, Float64, Int64, Int64}}, __result_ref::Nothing)
    @ ShannonSwitchingGame ~/.julia/packages/BenchmarkTools/ZtsPk/src/execution.jl:659
  [3] _lineartrial(b::BenchmarkTools.Benchmark, p::BenchmarkTools.Parameters; maxevals::Int64, kwargs::@Kwargs{})
    @ BenchmarkTools ~/.julia/packages/BenchmarkTools/ZtsPk/src/execution.jl:222
  [4] _lineartrial(b::BenchmarkTools.Benchmark, p::BenchmarkTools.Parameters)
    @ BenchmarkTools ~/.julia/packages/BenchmarkTools/ZtsPk/src/execution.jl:216
  [5] #lineartrial#32
    @ ~/.julia/packages/BenchmarkTools/ZtsPk/src/execution.jl:53 [inlined]
  [6] lineartrial
    @ ~/.julia/packages/BenchmarkTools/ZtsPk/src/execution.jl:52 [inlined]
  [7] tune!(b::BenchmarkTools.Benchmark, p::BenchmarkTools.Parameters; progressid::Nothing, nleaves::Float64, ndone::Float64, verbose::Bool, pad::String, kwargs::@Kwargs{})
    @ BenchmarkTools ~/.julia/packages/BenchmarkTools/ZtsPk/src/execution.jl:341
  [8] tune! (repeats 2 times)
    @ ~/.julia/packages/BenchmarkTools/ZtsPk/src/execution.jl:330 [inlined]
  [9] macro expansion
    @ ~/.julia/packages/BenchmarkTools/ZtsPk/src/execution.jl:503 [inlined]
 [10] test()
    @ ShannonSwitchingGame ~/Documents/computerorientierte_Mathematik_II/Programmierprojekt/ShannonSwitchingGame/src/Wettbewerbsstrategie_Hilfsfunktionen.jl:581
 [11] top-level scope
    @ REPL[7]:1
 [12] eval(m::Module, e::Any)
    @ Core ./boot.jl:489
 [13] eval
    @ ./Base_compiler.jl:146 [inlined]
 [14] repleval(m::Module, code::Expr, ::String)
    @ VSCodeServer ~/.vscode/extensions/julialang.language-julia-1.219.2/scripts/packages/VSCodeServer/src/repl.jl:278
 [15] #evalrepl##2
    @ ~/.vscode/extensions/julialang.language-julia-1.219.2/scripts/packages/VSCodeServer/src/repl.jl:241 [inlined]
 [16] with_logstate(f::VSCodeServer.var"#evalrepl##2#evalrepl##3"{Module, Expr, REPL.LineEditREPL, REPL.LineEdit.Prompt}, logstate::Base.CoreLogging.LogState)
    @ Base.CoreLogging ./logging/logging.jl:542
 [17] with_logger
    @ ./logging/logging.jl:653 [inlined]
 [18] (::VSCodeServer.var"#evalrepl##0#evalrepl##1"{Module, Expr, REPL.LineEditREPL, REPL.LineEdit.Prompt})()
    @ VSCodeServer ~/.vscode/extensions/julialang.language-julia-1.219.2/scripts/packages/VSCodeServer/src/repl.jl:242
 [19] (::VSCodeServer.var"#start_eval_backend##0#start_eval_backend##1")()
    @ VSCodeServer ~/.vscode/extensions/julialang.language-julia-1.219.2/scripts/packages/VSCodeServer/src/eval.jl:34

ERROR in weighted_short (Spiel 11)
n=16, m=31
UndefVarError: `game` not defined in `ShannonSwitchingGame`
Suggestion: check for spelling errors or missing imports.
Stacktrace:
  [1] var"##core#281"()
    @ ShannonSwitchingGame ~/.julia/packages/BenchmarkTools/ZtsPk/src/execution.jl:647
  [2] var"##sample#282"(::Tuple{}, __params::BenchmarkTools.Parameters, __sample_ref::Base.RefValue{Tuple{Float64, Float64, Int64, Int64}}, __result_ref::Nothing)
    @ ShannonSwitchingGame ~/.julia/packages/BenchmarkTools/ZtsPk/src/execution.jl:659
  [3] _lineartrial(b::BenchmarkTools.Benchmark, p::BenchmarkTools.Parameters; maxevals::Int64, kwargs::@Kwargs{})
    @ BenchmarkTools ~/.julia/packages/BenchmarkTools/ZtsPk/src/execution.jl:222
  [4] _lineartrial(b::BenchmarkTools.Benchmark, p::BenchmarkTools.Parameters)
    @ BenchmarkTools ~/.julia/packages/BenchmarkTools/ZtsPk/src/execution.jl:216
  [5] #lineartrial#32
    @ ~/.julia/packages/BenchmarkTools/ZtsPk/src/execution.jl:53 [inlined]
  [6] lineartrial
    @ ~/.julia/packages/BenchmarkTools/ZtsPk/src/execution.jl:52 [inlined]
  [7] tune!(b::BenchmarkTools.Benchmark, p::BenchmarkTools.Parameters; progressid::Nothing, nleaves::Float64, ndone::Float64, verbose::Bool, pad::String, kwargs::@Kwargs{})
    @ BenchmarkTools ~/.julia/packages/BenchmarkTools/ZtsPk/src/execution.jl:341
  [8] tune! (repeats 2 times)
    @ ~/.julia/packages/BenchmarkTools/ZtsPk/src/execution.jl:330 [inlined]
  [9] macro expansion
    @ ~/.julia/packages/BenchmarkTools/ZtsPk/src/execution.jl:503 [inlined]
 [10] test()
    @ ShannonSwitchingGame ~/Documents/computerorientierte_Mathematik_II/Programmierprojekt/ShannonSwitchingGame/src/Wettbewerbsstrategie_Hilfsfunktionen.jl:581
 [11] top-level scope
    @ REPL[7]:1
 [12] eval(m::Module, e::Any)
    @ Core ./boot.jl:489
 [13] eval
    @ ./Base_compiler.jl:146 [inlined]
 [14] repleval(m::Module, code::Expr, ::String)
    @ VSCodeServer ~/.vscode/extensions/julialang.language-julia-1.219.2/scripts/packages/VSCodeServer/src/repl.jl:278
 [15] #evalrepl##2
    @ ~/.vscode/extensions/julialang.language-julia-1.219.2/scripts/packages/VSCodeServer/src/repl.jl:241 [inlined]
 [16] with_logstate(f::VSCodeServer.var"#evalrepl##2#evalrepl##3"{Module, Expr, REPL.LineEditREPL, REPL.LineEdit.Prompt}, logstate::Base.CoreLogging.LogState)
    @ Base.CoreLogging ./logging/logging.jl:542
 [17] with_logger
    @ ./logging/logging.jl:653 [inlined]
 [18] (::VSCodeServer.var"#evalrepl##0#evalrepl##1"{Module, Expr, REPL.LineEditREPL, REPL.LineEdit.Prompt})()
    @ VSCodeServer ~/.vscode/extensions/julialang.language-julia-1.219.2/scripts/packages/VSCodeServer/src/repl.jl:242
 [19] (::VSCodeServer.var"#start_eval_backend##0#start_eval_backend##1")()
    @ VSCodeServer ~/.vscode/extensions/julialang.language-julia-1.219.2/scripts/packages/VSCodeServer/src/eval.jl:34

ERROR in weighted_short (Spiel 11)
n=16, m=31
UndefVarError: `game` not defined in `ShannonSwitchingGame`
Suggestion: check for spelling errors or missing imports.
Stacktrace:
  [1] var"##core#281"()
    @ ShannonSwitchingGame ~/.julia/packages/BenchmarkTools/ZtsPk/src/execution.jl:647
  [2] var"##sample#282"(::Tuple{}, __params::BenchmarkTools.Parameters, __sample_ref::Base.RefValue{Tuple{Float64, Float64, Int64, Int64}}, __result_ref::Nothing)
    @ ShannonSwitchingGame ~/.julia/packages/BenchmarkTools/ZtsPk/src/execution.jl:659
  [3] _lineartrial(b::BenchmarkTools.Benchmark, p::BenchmarkTools.Parameters; maxevals::Int64, kwargs::@Kwargs{})
    @ BenchmarkTools ~/.julia/packages/BenchmarkTools/ZtsPk/src/execution.jl:222
  [4] _lineartrial(b::BenchmarkTools.Benchmark, p::BenchmarkTools.Parameters)
    @ BenchmarkTools ~/.julia/packages/BenchmarkTools/ZtsPk/src/execution.jl:216
  [5] #lineartrial#32
    @ ~/.julia/packages/BenchmarkTools/ZtsPk/src/execution.jl:53 [inlined]
  [6] lineartrial
    @ ~/.julia/packages/BenchmarkTools/ZtsPk/src/execution.jl:52 [inlined]
  [7] tune!(b::BenchmarkTools.Benchmark, p::BenchmarkTools.Parameters; progressid::Nothing, nleaves::Float64, ndone::Float64, verbose::Bool, pad::String, kwargs::@Kwargs{})
    @ BenchmarkTools ~/.julia/packages/BenchmarkTools/ZtsPk/src/execution.jl:341
  [8] tune! (repeats 2 times)
    @ ~/.julia/packages/BenchmarkTools/ZtsPk/src/execution.jl:330 [inlined]
  [9] macro expansion
    @ ~/.julia/packages/BenchmarkTools/ZtsPk/src/execution.jl:503 [inlined]
 [10] test()
    @ ShannonSwitchingGame ~/Documents/computerorientierte_Mathematik_II/Programmierprojekt/ShannonSwitchingGame/src/Wettbewerbsstrategie_Hilfsfunktionen.jl:581
 [11] top-level scope
    @ REPL[7]:1
 [12] eval(m::Module, e::Any)
    @ Core ./boot.jl:489
 [13] eval
    @ ./Base_compiler.jl:146 [inlined]
 [14] repleval(m::Module, code::Expr, ::String)
    @ VSCodeServer ~/.vscode/extensions/julialang.language-julia-1.219.2/scripts/packages/VSCodeServer/src/repl.jl:278
 [15] #evalrepl##2
    @ ~/.vscode/extensions/julialang.language-julia-1.219.2/scripts/packages/VSCodeServer/src/repl.jl:241 [inlined]
 [16] with_logstate(f::VSCodeServer.var"#evalrepl##2#evalrepl##3"{Module, Expr, REPL.LineEditREPL, REPL.LineEdit.Prompt}, logstate::Base.CoreLogging.LogState)
    @ Base.CoreLogging ./logging/logging.jl:542
 [17] with_logger
    @ ./logging/logging.jl:653 [inlined]
 [18] (::VSCodeServer.var"#evalrepl##0#evalrepl##1"{Module, Expr, REPL.LineEditREPL, REPL.LineEdit.Prompt})()
    @ VSCodeServer ~/.vscode/extensions/julialang.language-julia-1.219.2/scripts/packages/VSCodeServer/src/repl.jl:242
 [19] (::VSCodeServer.var"#start_eval_backend##0#start_eval_backend##1")()
    @ VSCodeServer ~/.vscode/extensions/julialang.language-julia-1.219.2/scripts/packages/VSCodeServer/src/eval.jl:34

ERROR in weighted_short (Spiel 11)
n=16, m=31
UndefVarError: `game` not defined in `ShannonSwitchingGame`
Suggestion: check for spelling errors or missing imports.
Stacktrace:
  [1] var"##core#281"()
    @ ShannonSwitchingGame ~/.julia/packages/BenchmarkTools/ZtsPk/src/execution.jl:647
  [2] var"##sample#282"(::Tuple{}, __params::BenchmarkTools.Parameters, __sample_ref::Base.RefValue{Tuple{Float64, Float64, Int64, Int64}}, __result_ref::Nothing)
    @ ShannonSwitchingGame ~/.julia/packages/BenchmarkTools/ZtsPk/src/execution.jl:659
  [3] _lineartrial(b::BenchmarkTools.Benchmark, p::BenchmarkTools.Parameters; maxevals::Int64, kwargs::@Kwargs{})
    @ BenchmarkTools ~/.julia/packages/BenchmarkTools/ZtsPk/src/execution.jl:222
  [4] _lineartrial(b::BenchmarkTools.Benchmark, p::BenchmarkTools.Parameters)
    @ BenchmarkTools ~/.julia/packages/BenchmarkTools/ZtsPk/src/execution.jl:216
  [5] #lineartrial#32
    @ ~/.julia/packages/BenchmarkTools/ZtsPk/src/execution.jl:53 [inlined]
  [6] lineartrial
    @ ~/.julia/packages/BenchmarkTools/ZtsPk/src/execution.jl:52 [inlined]
  [7] tune!(b::BenchmarkTools.Benchmark, p::BenchmarkTools.Parameters; progressid::Nothing, nleaves::Float64, ndone::Float64, verbose::Bool, pad::String, kwargs::@Kwargs{})
    @ BenchmarkTools ~/.julia/packages/BenchmarkTools/ZtsPk/src/execution.jl:341
  [8] tune! (repeats 2 times)
    @ ~/.julia/packages/BenchmarkTools/ZtsPk/src/execution.jl:330 [inlined]
  [9] macro expansion
    @ ~/.julia/packages/BenchmarkTools/ZtsPk/src/execution.jl:503 [inlined]
 [10] test()
    @ ShannonSwitchingGame ~/Documents/computerorientierte_Mathematik_II/Programmierprojekt/ShannonSwitchingGame/src/Wettbewerbsstrategie_Hilfsfunktionen.jl:581
 [11] top-level scope
    @ REPL[7]:1
 [12] eval(m::Module, e::Any)
    @ Core ./boot.jl:489
 [13] eval
    @ ./Base_compiler.jl:146 [inlined]
 [14] repleval(m::Module, code::Expr, ::String)
    @ VSCodeServer ~/.vscode/extensions/julialang.language-julia-1.219.2/scripts/packages/VSCodeServer/src/repl.jl:278
 [15] #evalrepl##2
    @ ~/.vscode/extensions/julialang.language-julia-1.219.2/scripts/packages/VSCodeServer/src/repl.jl:241 [inlined]
 [16] with_logstate(f::VSCodeServer.var"#evalrepl##2#evalrepl##3"{Module, Expr, REPL.LineEditREPL, REPL.LineEdit.Prompt}, logstate::Base.CoreLogging.LogState)
    @ Base.CoreLogging ./logging/logging.jl:542
 [17] with_logger
    @ ./logging/logging.jl:653 [inlined]
 [18] (::VSCodeServer.var"#evalrepl##0#evalrepl##1"{Module, Expr, REPL.LineEditREPL, REPL.LineEdit.Prompt})()
    @ VSCodeServer ~/.vscode/extensions/julialang.language-julia-1.219.2/scripts/packages/VSCodeServer/src/repl.jl:242
 [19] (::VSCodeServer.var"#start_eval_backend##0#start_eval_backend##1")()
    @ VSCodeServer ~/.vscode/extensions/julialang.language-julia-1.219.2/scripts/packages/VSCodeServer/src/eval.jl:34

ERROR in weighted_short (Spiel 11)
n=16, m=31
UndefVarError: `game` not defined in `ShannonSwitchingGame`
Suggestion: check for spelling errors or missing imports.
Stacktrace:
  [1] var"##core#281"()
    @ ShannonSwitchingGame ~/.julia/packages/BenchmarkTools/ZtsPk/src/execution.jl:647
  [2] var"##sample#282"(::Tuple{}, __params::BenchmarkTools.Parameters, __sample_ref::Base.RefValue{Tuple{Float64, Float64, Int64, Int64}}, __result_ref::Nothing)
    @ ShannonSwitchingGame ~/.julia/packages/BenchmarkTools/ZtsPk/src/execution.jl:659
  [3] _lineartrial(b::BenchmarkTools.Benchmark, p::BenchmarkTools.Parameters; maxevals::Int64, kwargs::@Kwargs{})
    @ BenchmarkTools ~/.julia/packages/BenchmarkTools/ZtsPk/src/execution.jl:222
  [4] _lineartrial(b::BenchmarkTools.Benchmark, p::BenchmarkTools.Parameters)
    @ BenchmarkTools ~/.julia/packages/BenchmarkTools/ZtsPk/src/execution.jl:216
  [5] #lineartrial#32
    @ ~/.julia/packages/BenchmarkTools/ZtsPk/src/execution.jl:53 [inlined]
  [6] lineartrial
    @ ~/.julia/packages/BenchmarkTools/ZtsPk/src/execution.jl:52 [inlined]
  [7] tune!(b::BenchmarkTools.Benchmark, p::BenchmarkTools.Parameters; progressid::Nothing, nleaves::Float64, ndone::Float64, verbose::Bool, pad::String, kwargs::@Kwargs{})
    @ BenchmarkTools ~/.julia/packages/BenchmarkTools/ZtsPk/src/execution.jl:341
  [8] tune! (repeats 2 times)
    @ ~/.julia/packages/BenchmarkTools/ZtsPk/src/execution.jl:330 [inlined]
  [9] macro expansion
    @ ~/.julia/packages/BenchmarkTools/ZtsPk/src/execution.jl:503 [inlined]
 [10] test()
    @ ShannonSwitchingGame ~/Documents/computerorientierte_Mathematik_II/Programmierprojekt/ShannonSwitchingGame/src/Wettbewerbsstrategie_Hilfsfunktionen.jl:581
 [11] top-level scope
    @ REPL[7]:1
 [12] eval(m::Module, e::Any)
    @ Core ./boot.jl:489
 [13] eval
    @ ./Base_compiler.jl:146 [inlined]
 [14] repleval(m::Module, code::Expr, ::String)
    @ VSCodeServer ~/.vscode/extensions/julialang.language-julia-1.219.2/scripts/packages/VSCodeServer/src/repl.jl:278
 [15] #evalrepl##2
    @ ~/.vscode/extensions/julialang.language-julia-1.219.2/scripts/packages/VSCodeServer/src/repl.jl:241 [inlined]
 [16] with_logstate(f::VSCodeServer.var"#evalrepl##2#evalrepl##3"{Module, Expr, REPL.LineEditREPL, REPL.LineEdit.Prompt}, logstate::Base.CoreLogging.LogState)
    @ Base.CoreLogging ./logging/logging.jl:542
 [17] with_logger
    @ ./logging/logging.jl:653 [inlined]
 [18] (::VSCodeServer.var"#evalrepl##0#evalrepl##1"{Module, Expr, REPL.LineEditREPL, REPL.LineEdit.Prompt})()
    @ VSCodeServer ~/.vscode/extensions/julialang.language-julia-1.219.2/scripts/packages/VSCodeServer/src/repl.jl:242
 [19] (::VSCodeServer.var"#start_eval_backend##0#start_eval_backend##1")()
    @ VSCodeServer ~/.vscode/extensions/julialang.language-julia-1.219.2/scripts/packages/VSCodeServer/src/eval.jl:34

ERROR in weighted_short (Spiel 11)
n=16, m=31
UndefVarError: `game` not defined in `ShannonSwitchingGame`
Suggestion: check for spelling errors or missing imports.
Stacktrace:
  [1] var"##core#281"()
    @ ShannonSwitchingGame ~/.julia/packages/BenchmarkTools/ZtsPk/src/execution.jl:647
  [2] var"##sample#282"(::Tuple{}, __params::BenchmarkTools.Parameters, __sample_ref::Base.RefValue{Tuple{Float64, Float64, Int64, Int64}}, __result_ref::Nothing)
    @ ShannonSwitchingGame ~/.julia/packages/BenchmarkTools/ZtsPk/src/execution.jl:659
  [3] _lineartrial(b::BenchmarkTools.Benchmark, p::BenchmarkTools.Parameters; maxevals::Int64, kwargs::@Kwargs{})
    @ BenchmarkTools ~/.julia/packages/BenchmarkTools/ZtsPk/src/execution.jl:222
  [4] _lineartrial(b::BenchmarkTools.Benchmark, p::BenchmarkTools.Parameters)
    @ BenchmarkTools ~/.julia/packages/BenchmarkTools/ZtsPk/src/execution.jl:216
  [5] #lineartrial#32
    @ ~/.julia/packages/BenchmarkTools/ZtsPk/src/execution.jl:53 [inlined]
  [6] lineartrial
    @ ~/.julia/packages/BenchmarkTools/ZtsPk/src/execution.jl:52 [inlined]
  [7] tune!(b::BenchmarkTools.Benchmark, p::BenchmarkTools.Parameters; progressid::Nothing, nleaves::Float64, ndone::Float64, verbose::Bool, pad::String, kwargs::@Kwargs{})
    @ BenchmarkTools ~/.julia/packages/BenchmarkTools/ZtsPk/src/execution.jl:341
  [8] tune! (repeats 2 times)
    @ ~/.julia/packages/BenchmarkTools/ZtsPk/src/execution.jl:330 [inlined]
  [9] macro expansion
    @ ~/.julia/packages/BenchmarkTools/ZtsPk/src/execution.jl:503 [inlined]
 [10] test()
    @ ShannonSwitchingGame ~/Documents/computerorientierte_Mathematik_II/Programmierprojekt/ShannonSwitchingGame/src/Wettbewerbsstrategie_Hilfsfunktionen.jl:581
 [11] top-level scope
    @ REPL[7]:1
 [12] eval(m::Module, e::Any)
    @ Core ./boot.jl:489
 [13] eval
    @ ./Base_compiler.jl:146 [inlined]
 [14] repleval(m::Module, code::Expr, ::String)
    @ VSCodeServer ~/.vscode/extensions/julialang.language-julia-1.219.2/scripts/packages/VSCodeServer/src/repl.jl:278
 [15] #evalrepl##2
    @ ~/.vscode/extensions/julialang.language-julia-1.219.2/scripts/packages/VSCodeServer/src/repl.jl:241 [inlined]
 [16] with_logstate(f::VSCodeServer.var"#evalrepl##2#evalrepl##3"{Module, Expr, REPL.LineEditREPL, REPL.LineEdit.Prompt}, logstate::Base.CoreLogging.LogState)
    @ Base.CoreLogging ./logging/logging.jl:542
 [17] with_logger
    @ ./logging/logging.jl:653 [inlined]
 [18] (::VSCodeServer.var"#evalrepl##0#evalrepl##1"{Module, Expr, REPL.LineEditREPL, REPL.LineEdit.Prompt})()
    @ VSCodeServer ~/.vscode/extensions/julialang.language-julia-1.219.2/scripts/packages/VSCodeServer/src/repl.jl:242
 [19] (::VSCodeServer.var"#start_eval_backend##0#start_eval_backend##1")()
    @ VSCodeServer ~/.vscode/extensions/julialang.language-julia-1.219.2/scripts/packages/VSCodeServer/src/eval.jl:34

ERROR in weighted_short (Spiel 11)
n=16, m=31
UndefVarError: `game` not defined in `ShannonSwitchingGame`
Suggestion: check for spelling errors or missing imports.
Stacktrace:
  [1] var"##core#281"()
    @ ShannonSwitchingGame ~/.julia/packages/BenchmarkTools/ZtsPk/src/execution.jl:647
  [2] var"##sample#282"(::Tuple{}, __params::BenchmarkTools.Parameters, __sample_ref::Base.RefValue{Tuple{Float64, Float64, Int64, Int64}}, __result_ref::Nothing)
    @ ShannonSwitchingGame ~/.julia/packages/BenchmarkTools/ZtsPk/src/execution.jl:659
  [3] _lineartrial(b::BenchmarkTools.Benchmark, p::BenchmarkTools.Parameters; maxevals::Int64, kwargs::@Kwargs{})
    @ BenchmarkTools ~/.julia/packages/BenchmarkTools/ZtsPk/src/execution.jl:222
  [4] _lineartrial(b::BenchmarkTools.Benchmark, p::BenchmarkTools.Parameters)
    @ BenchmarkTools ~/.julia/packages/BenchmarkTools/ZtsPk/src/execution.jl:216
  [5] #lineartrial#32
    @ ~/.julia/packages/BenchmarkTools/ZtsPk/src/execution.jl:53 [inlined]
  [6] lineartrial
    @ ~/.julia/packages/BenchmarkTools/ZtsPk/src/execution.jl:52 [inlined]
  [7] tune!(b::BenchmarkTools.Benchmark, p::BenchmarkTools.Parameters; progressid::Nothing, nleaves::Float64, ndone::Float64, verbose::Bool, pad::String, kwargs::@Kwargs{})
    @ BenchmarkTools ~/.julia/packages/BenchmarkTools/ZtsPk/src/execution.jl:341
  [8] tune! (repeats 2 times)
    @ ~/.julia/packages/BenchmarkTools/ZtsPk/src/execution.jl:330 [inlined]
  [9] macro expansion
    @ ~/.julia/packages/BenchmarkTools/ZtsPk/src/execution.jl:503 [inlined]
 [10] test()
    @ ShannonSwitchingGame ~/Documents/computerorientierte_Mathematik_II/Programmierprojekt/ShannonSwitchingGame/src/Wettbewerbsstrategie_Hilfsfunktionen.jl:581
 [11] top-level scope
    @ REPL[7]:1
 [12] eval(m::Module, e::Any)
    @ Core ./boot.jl:489
 [13] eval
    @ ./Base_compiler.jl:146 [inlined]
 [14] repleval(m::Module, code::Expr, ::String)
    @ VSCodeServer ~/.vscode/extensions/julialang.language-julia-1.219.2/scripts/packages/VSCodeServer/src/repl.jl:278
 [15] #evalrepl##2
    @ ~/.vscode/extensions/julialang.language-julia-1.219.2/scripts/packages/VSCodeServer/src/repl.jl:241 [inlined]
 [16] with_logstate(f::VSCodeServer.var"#evalrepl##2#evalrepl##3"{Module, Expr, REPL.LineEditREPL, REPL.LineEdit.Prompt}, logstate::Base.CoreLogging.LogState)
    @ Base.CoreLogging ./logging/logging.jl:542
 [17] with_logger
    @ ./logging/logging.jl:653 [inlined]
 [18] (::VSCodeServer.var"#evalrepl##0#evalrepl##1"{Module, Expr, REPL.LineEditREPL, REPL.LineEdit.Prompt})()
    @ VSCodeServer ~/.vscode/extensions/julialang.language-julia-1.219.2/scripts/packages/VSCodeServer/src/repl.jl:242
 [19] (::VSCodeServer.var"#start_eval_backend##0#start_eval_backend##1")()
    @ VSCodeServer ~/.vscode/extensions/julialang.language-julia-1.219.2/scripts/packages/VSCodeServer/src/eval.jl:34

ERROR in weighted_short (Spiel 11)
n=16, m=31
UndefVarError: `game` not defined in `ShannonSwitchingGame`
Suggestion: check for spelling errors or missing imports.
Stacktrace:
  [1] var"##core#281"()
    @ ShannonSwitchingGame ~/.julia/packages/BenchmarkTools/ZtsPk/src/execution.jl:647
  [2] var"##sample#282"(::Tuple{}, __params::BenchmarkTools.Parameters, __sample_ref::Base.RefValue{Tuple{Float64, Float64, Int64, Int64}}, __result_ref::Nothing)
    @ ShannonSwitchingGame ~/.julia/packages/BenchmarkTools/ZtsPk/src/execution.jl:659
  [3] _lineartrial(b::BenchmarkTools.Benchmark, p::BenchmarkTools.Parameters; maxevals::Int64, kwargs::@Kwargs{})
    @ BenchmarkTools ~/.julia/packages/BenchmarkTools/ZtsPk/src/execution.jl:222
  [4] _lineartrial(b::BenchmarkTools.Benchmark, p::BenchmarkTools.Parameters)
    @ BenchmarkTools ~/.julia/packages/BenchmarkTools/ZtsPk/src/execution.jl:216
  [5] #lineartrial#32
    @ ~/.julia/packages/BenchmarkTools/ZtsPk/src/execution.jl:53 [inlined]
  [6] lineartrial
    @ ~/.julia/packages/BenchmarkTools/ZtsPk/src/execution.jl:52 [inlined]
  [7] tune!(b::BenchmarkTools.Benchmark, p::BenchmarkTools.Parameters; progressid::Nothing, nleaves::Float64, ndone::Float64, verbose::Bool, pad::String, kwargs::@Kwargs{})
    @ BenchmarkTools ~/.julia/packages/BenchmarkTools/ZtsPk/src/execution.jl:341
  [8] tune! (repeats 2 times)
    @ ~/.julia/packages/BenchmarkTools/ZtsPk/src/execution.jl:330 [inlined]
  [9] macro expansion
    @ ~/.julia/packages/BenchmarkTools/ZtsPk/src/execution.jl:503 [inlined]
 [10] test()
    @ ShannonSwitchingGame ~/Documents/computerorientierte_Mathematik_II/Programmierprojekt/ShannonSwitchingGame/src/Wettbewerbsstrategie_Hilfsfunktionen.jl:581
 [11] top-level scope
    @ REPL[7]:1
 [12] eval(m::Module, e::Any)
    @ Core ./boot.jl:489
 [13] eval
    @ ./Base_compiler.jl:146 [inlined]
 [14] repleval(m::Module, code::Expr, ::String)
    @ VSCodeServer ~/.vscode/extensions/julialang.language-julia-1.219.2/scripts/packages/VSCodeServer/src/repl.jl:278
 [15] #evalrepl##2
    @ ~/.vscode/extensions/julialang.language-julia-1.219.2/scripts/packages/VSCodeServer/src/repl.jl:241 [inlined]
 [16] with_logstate(f::VSCodeServer.var"#evalrepl##2#evalrepl##3"{Module, Expr, REPL.LineEditREPL, REPL.LineEdit.Prompt}, logstate::Base.CoreLogging.LogState)
    @ Base.CoreLogging ./logging/logging.jl:542
 [17] with_logger
    @ ./logging/logging.jl:653 [inlined]
 [18] (::VSCodeServer.var"#evalrepl##0#evalrepl##1"{Module, Expr, REPL.LineEditREPL, REPL.LineEdit.Prompt})()
    @ VSCodeServer ~/.vscode/extensions/julialang.language-julia-1.219.2/scripts/packages/VSCodeServer/src/repl.jl:242
 [19] (::VSCodeServer.var"#start_eval_backend##0#start_eval_backend##1")()
    @ VSCodeServer ~/.vscode/extensions/julialang.language-julia-1.219.2/scripts/packages/VSCodeServer/src/eval.jl:34

ERROR in weighted_short (Spiel 11)
n=16, m=31
UndefVarError: `game` not defined in `ShannonSwitchingGame`
Suggestion: check for spelling errors or missing imports.
Stacktrace:
  [1] var"##core#281"()
    @ ShannonSwitchingGame ~/.julia/packages/BenchmarkTools/ZtsPk/src/execution.jl:647
  [2] var"##sample#282"(::Tuple{}, __params::BenchmarkTools.Parameters, __sample_ref::Base.RefValue{Tuple{Float64, Float64, Int64, Int64}}, __result_ref::Nothing)
    @ ShannonSwitchingGame ~/.julia/packages/BenchmarkTools/ZtsPk/src/execution.jl:659
  [3] _lineartrial(b::BenchmarkTools.Benchmark, p::BenchmarkTools.Parameters; maxevals::Int64, kwargs::@Kwargs{})
    @ BenchmarkTools ~/.julia/packages/BenchmarkTools/ZtsPk/src/execution.jl:222
  [4] _lineartrial(b::BenchmarkTools.Benchmark, p::BenchmarkTools.Parameters)
    @ BenchmarkTools ~/.julia/packages/BenchmarkTools/ZtsPk/src/execution.jl:216
  [5] #lineartrial#32
    @ ~/.julia/packages/BenchmarkTools/ZtsPk/src/execution.jl:53 [inlined]
  [6] lineartrial
    @ ~/.julia/packages/BenchmarkTools/ZtsPk/src/execution.jl:52 [inlined]
  [7] tune!(b::BenchmarkTools.Benchmark, p::BenchmarkTools.Parameters; progressid::Nothing, nleaves::Float64, ndone::Float64, verbose::Bool, pad::String, kwargs::@Kwargs{})
    @ BenchmarkTools ~/.julia/packages/BenchmarkTools/ZtsPk/src/execution.jl:341
  [8] tune! (repeats 2 times)
    @ ~/.julia/packages/BenchmarkTools/ZtsPk/src/execution.jl:330 [inlined]
  [9] macro expansion
    @ ~/.julia/packages/BenchmarkTools/ZtsPk/src/execution.jl:503 [inlined]
 [10] test()
    @ ShannonSwitchingGame ~/Documents/computerorientierte_Mathematik_II/Programmierprojekt/ShannonSwitchingGame/src/Wettbewerbsstrategie_Hilfsfunktionen.jl:581
 [11] top-level scope
    @ REPL[7]:1
 [12] eval(m::Module, e::Any)
    @ Core ./boot.jl:489
 [13] eval
    @ ./Base_compiler.jl:146 [inlined]
 [14] repleval(m::Module, code::Expr, ::String)
    @ VSCodeServer ~/.vscode/extensions/julialang.language-julia-1.219.2/scripts/packages/VSCodeServer/src/repl.jl:278
 [15] #evalrepl##2
    @ ~/.vscode/extensions/julialang.language-julia-1.219.2/scripts/packages/VSCodeServer/src/repl.jl:241 [inlined]
 [16] with_logstate(f::VSCodeServer.var"#evalrepl##2#evalrepl##3"{Module, Expr, REPL.LineEditREPL, REPL.LineEdit.Prompt}, logstate::Base.CoreLogging.LogState)
    @ Base.CoreLogging ./logging/logging.jl:542
 [17] with_logger
    @ ./logging/logging.jl:653 [inlined]
 [18] (::VSCodeServer.var"#evalrepl##0#evalrepl##1"{Module, Expr, REPL.LineEditREPL, REPL.LineEdit.Prompt})()
    @ VSCodeServer ~/.vscode/extensions/julialang.language-julia-1.219.2/scripts/packages/VSCodeServer/src/repl.jl:242
 [19] (::VSCodeServer.var"#start_eval_backend##0#start_eval_backend##1")()
    @ VSCodeServer ~/.vscode/extensions/julialang.language-julia-1.219.2/scripts/packages/VSCodeServer/src/eval.jl:34

ERROR in weighted_short (Spiel 11)
n=16, m=31
UndefVarError: `game` not defined in `ShannonSwitchingGame`
Suggestion: check for spelling errors or missing imports.
Stacktrace:
  [1] var"##core#281"()
    @ ShannonSwitchingGame ~/.julia/packages/BenchmarkTools/ZtsPk/src/execution.jl:647
  [2] var"##sample#282"(::Tuple{}, __params::BenchmarkTools.Parameters, __sample_ref::Base.RefValue{Tuple{Float64, Float64, Int64, Int64}}, __result_ref::Nothing)
    @ ShannonSwitchingGame ~/.julia/packages/BenchmarkTools/ZtsPk/src/execution.jl:659
  [3] _lineartrial(b::BenchmarkTools.Benchmark, p::BenchmarkTools.Parameters; maxevals::Int64, kwargs::@Kwargs{})
    @ BenchmarkTools ~/.julia/packages/BenchmarkTools/ZtsPk/src/execution.jl:222
  [4] _lineartrial(b::BenchmarkTools.Benchmark, p::BenchmarkTools.Parameters)
    @ BenchmarkTools ~/.julia/packages/BenchmarkTools/ZtsPk/src/execution.jl:216
  [5] #lineartrial#32
    @ ~/.julia/packages/BenchmarkTools/ZtsPk/src/execution.jl:53 [inlined]
  [6] lineartrial
    @ ~/.julia/packages/BenchmarkTools/ZtsPk/src/execution.jl:52 [inlined]
  [7] tune!(b::BenchmarkTools.Benchmark, p::BenchmarkTools.Parameters; progressid::Nothing, nleaves::Float64, ndone::Float64, verbose::Bool, pad::String, kwargs::@Kwargs{})
    @ BenchmarkTools ~/.julia/packages/BenchmarkTools/ZtsPk/src/execution.jl:341
  [8] tune! (repeats 2 times)
    @ ~/.julia/packages/BenchmarkTools/ZtsPk/src/execution.jl:330 [inlined]
  [9] macro expansion
    @ ~/.julia/packages/BenchmarkTools/ZtsPk/src/execution.jl:503 [inlined]
 [10] test()
    @ ShannonSwitchingGame ~/Documents/computerorientierte_Mathematik_II/Programmierprojekt/ShannonSwitchingGame/src/Wettbewerbsstrategie_Hilfsfunktionen.jl:581
 [11] top-level scope
    @ REPL[7]:1
 [12] eval(m::Module, e::Any)
    @ Core ./boot.jl:489
 [13] eval
    @ ./Base_compiler.jl:146 [inlined]
 [14] repleval(m::Module, code::Expr, ::String)
    @ VSCodeServer ~/.vscode/extensions/julialang.language-julia-1.219.2/scripts/packages/VSCodeServer/src/repl.jl:278
 [15] #evalrepl##2
    @ ~/.vscode/extensions/julialang.language-julia-1.219.2/scripts/packages/VSCodeServer/src/repl.jl:241 [inlined]
 [16] with_logstate(f::VSCodeServer.var"#evalrepl##2#evalrepl##3"{Module, Expr, REPL.LineEditREPL, REPL.LineEdit.Prompt}, logstate::Base.CoreLogging.LogState)
    @ Base.CoreLogging ./logging/logging.jl:542
 [17] with_logger
    @ ./logging/logging.jl:653 [inlined]
 [18] (::VSCodeServer.var"#evalrepl##0#evalrepl##1"{Module, Expr, REPL.LineEditREPL, REPL.LineEdit.Prompt})()
    @ VSCodeServer ~/.vscode/extensions/julialang.language-julia-1.219.2/scripts/packages/VSCodeServer/src/repl.jl:242
 [19] (::VSCodeServer.var"#start_eval_backend##0#start_eval_backend##1")()
    @ VSCodeServer ~/.vscode/extensions/julialang.language-julia-1.219.2/scripts/packages/VSCodeServer/src/eval.jl:34

ERROR in weighted_short (Spiel 11)
n=16, m=31
UndefVarError: `game` not defined in `ShannonSwitchingGame`
Suggestion: check for spelling errors or missing imports.
Stacktrace:
  [1] var"##core#281"()
    @ ShannonSwitchingGame ~/.julia/packages/BenchmarkTools/ZtsPk/src/execution.jl:647
  [2] var"##sample#282"(::Tuple{}, __params::BenchmarkTools.Parameters, __sample_ref::Base.RefValue{Tuple{Float64, Float64, Int64, Int64}}, __result_ref::Nothing)
    @ ShannonSwitchingGame ~/.julia/packages/BenchmarkTools/ZtsPk/src/execution.jl:659
  [3] _lineartrial(b::BenchmarkTools.Benchmark, p::BenchmarkTools.Parameters; maxevals::Int64, kwargs::@Kwargs{})
    @ BenchmarkTools ~/.julia/packages/BenchmarkTools/ZtsPk/src/execution.jl:222
  [4] _lineartrial(b::BenchmarkTools.Benchmark, p::BenchmarkTools.Parameters)
    @ BenchmarkTools ~/.julia/packages/BenchmarkTools/ZtsPk/src/execution.jl:216
  [5] #lineartrial#32
    @ ~/.julia/packages/BenchmarkTools/ZtsPk/src/execution.jl:53 [inlined]
  [6] lineartrial
    @ ~/.julia/packages/BenchmarkTools/ZtsPk/src/execution.jl:52 [inlined]
  [7] tune!(b::BenchmarkTools.Benchmark, p::BenchmarkTools.Parameters; progressid::Nothing, nleaves::Float64, ndone::Float64, verbose::Bool, pad::String, kwargs::@Kwargs{})
    @ BenchmarkTools ~/.julia/packages/BenchmarkTools/ZtsPk/src/execution.jl:341
  [8] tune! (repeats 2 times)
    @ ~/.julia/packages/BenchmarkTools/ZtsPk/src/execution.jl:330 [inlined]
  [9] macro expansion
    @ ~/.julia/packages/BenchmarkTools/ZtsPk/src/execution.jl:503 [inlined]
 [10] test()
    @ ShannonSwitchingGame ~/Documents/computerorientierte_Mathematik_II/Programmierprojekt/ShannonSwitchingGame/src/Wettbewerbsstrategie_Hilfsfunktionen.jl:581
 [11] top-level scope
    @ REPL[7]:1
 [12] eval(m::Module, e::Any)
    @ Core ./boot.jl:489
 [13] eval
    @ ./Base_compiler.jl:146 [inlined]
 [14] repleval(m::Module, code::Expr, ::String)
    @ VSCodeServer ~/.vscode/extensions/julialang.language-julia-1.219.2/scripts/packages/VSCodeServer/src/repl.jl:278
 [15] #evalrepl##2
    @ ~/.vscode/extensions/julialang.language-julia-1.219.2/scripts/packages/VSCodeServer/src/repl.jl:241 [inlined]
 [16] with_logstate(f::VSCodeServer.var"#evalrepl##2#evalrepl##3"{Module, Expr, REPL.LineEditREPL, REPL.LineEdit.Prompt}, logstate::Base.CoreLogging.LogState)
    @ Base.CoreLogging ./logging/logging.jl:542
 [17] with_logger
    @ ./logging/logging.jl:653 [inlined]
 [18] (::VSCodeServer.var"#evalrepl##0#evalrepl##1"{Module, Expr, REPL.LineEditREPL, REPL.LineEdit.Prompt})()
    @ VSCodeServer ~/.vscode/extensions/julialang.language-julia-1.219.2/scripts/packages/VSCodeServer/src/repl.jl:242
 [19] (::VSCodeServer.var"#start_eval_backend##0#start_eval_backend##1")()
    @ VSCodeServer ~/.vscode/extensions/julialang.language-julia-1.219.2/scripts/packages/VSCodeServer/src/eval.jl:34

ERROR in weighted_short (Spiel 11)
n=16, m=31
UndefVarError: `game` not defined in `ShannonSwitchingGame`
Suggestion: check for spelling errors or missing imports.
Stacktrace:
  [1] var"##core#281"()
    @ ShannonSwitchingGame ~/.julia/packages/BenchmarkTools/ZtsPk/src/execution.jl:647
  [2] var"##sample#282"(::Tuple{}, __params::BenchmarkTools.Parameters, __sample_ref::Base.RefValue{Tuple{Float64, Float64, Int64, Int64}}, __result_ref::Nothing)
    @ ShannonSwitchingGame ~/.julia/packages/BenchmarkTools/ZtsPk/src/execution.jl:659
  [3] _lineartrial(b::BenchmarkTools.Benchmark, p::BenchmarkTools.Parameters; maxevals::Int64, kwargs::@Kwargs{})
    @ BenchmarkTools ~/.julia/packages/BenchmarkTools/ZtsPk/src/execution.jl:222
  [4] _lineartrial(b::BenchmarkTools.Benchmark, p::BenchmarkTools.Parameters)
    @ BenchmarkTools ~/.julia/packages/BenchmarkTools/ZtsPk/src/execution.jl:216
  [5] #lineartrial#32
    @ ~/.julia/packages/BenchmarkTools/ZtsPk/src/execution.jl:53 [inlined]
  [6] lineartrial
    @ ~/.julia/packages/BenchmarkTools/ZtsPk/src/execution.jl:52 [inlined]
  [7] tune!(b::BenchmarkTools.Benchmark, p::BenchmarkTools.Parameters; progressid::Nothing, nleaves::Float64, ndone::Float64, verbose::Bool, pad::String, kwargs::@Kwargs{})
    @ BenchmarkTools ~/.julia/packages/BenchmarkTools/ZtsPk/src/execution.jl:341
  [8] tune! (repeats 2 times)
    @ ~/.julia/packages/BenchmarkTools/ZtsPk/src/execution.jl:330 [inlined]
  [9] macro expansion
    @ ~/.julia/packages/BenchmarkTools/ZtsPk/src/execution.jl:503 [inlined]
 [10] test()
    @ ShannonSwitchingGame ~/Documents/computerorientierte_Mathematik_II/Programmierprojekt/ShannonSwitchingGame/src/Wettbewerbsstrategie_Hilfsfunktionen.jl:581
 [11] top-level scope
    @ REPL[7]:1
 [12] eval(m::Module, e::Any)
    @ Core ./boot.jl:489
 [13] eval
    @ ./Base_compiler.jl:146 [inlined]
 [14] repleval(m::Module, code::Expr, ::String)
    @ VSCodeServer ~/.vscode/extensions/julialang.language-julia-1.219.2/scripts/packages/VSCodeServer/src/repl.jl:278
 [15] #evalrepl##2
    @ ~/.vscode/extensions/julialang.language-julia-1.219.2/scripts/packages/VSCodeServer/src/repl.jl:241 [inlined]
 [16] with_logstate(f::VSCodeServer.var"#evalrepl##2#evalrepl##3"{Module, Expr, REPL.LineEditREPL, REPL.LineEdit.Prompt}, logstate::Base.CoreLogging.LogState)
    @ Base.CoreLogging ./logging/logging.jl:542
 [17] with_logger
    @ ./logging/logging.jl:653 [inlined]
 [18] (::VSCodeServer.var"#evalrepl##0#evalrepl##1"{Module, Expr, REPL.LineEditREPL, REPL.LineEdit.Prompt})()
    @ VSCodeServer ~/.vscode/extensions/julialang.language-julia-1.219.2/scripts/packages/VSCodeServer/src/repl.jl:242
 [19] (::VSCodeServer.var"#start_eval_backend##0#start_eval_backend##1")()
    @ VSCodeServer ~/.vscode/extensions/julialang.language-julia-1.219.2/scripts/packages/VSCodeServer/src/eval.jl:34

ERROR in weighted_short (Spiel 11)
n=16, m=31
UndefVarError: `game` not defined in `ShannonSwitchingGame`
Suggestion: check for spelling errors or missing imports.
Stacktrace:
  [1] var"##core#281"()
    @ ShannonSwitchingGame ~/.julia/packages/BenchmarkTools/ZtsPk/src/execution.jl:647
  [2] var"##sample#282"(::Tuple{}, __params::BenchmarkTools.Parameters, __sample_ref::Base.RefValue{Tuple{Float64, Float64, Int64, Int64}}, __result_ref::Nothing)
    @ ShannonSwitchingGame ~/.julia/packages/BenchmarkTools/ZtsPk/src/execution.jl:659
  [3] _lineartrial(b::BenchmarkTools.Benchmark, p::BenchmarkTools.Parameters; maxevals::Int64, kwargs::@Kwargs{})
    @ BenchmarkTools ~/.julia/packages/BenchmarkTools/ZtsPk/src/execution.jl:222
  [4] _lineartrial(b::BenchmarkTools.Benchmark, p::BenchmarkTools.Parameters)
    @ BenchmarkTools ~/.julia/packages/BenchmarkTools/ZtsPk/src/execution.jl:216
  [5] #lineartrial#32
    @ ~/.julia/packages/BenchmarkTools/ZtsPk/src/execution.jl:53 [inlined]
  [6] lineartrial
    @ ~/.julia/packages/BenchmarkTools/ZtsPk/src/execution.jl:52 [inlined]
  [7] tune!(b::BenchmarkTools.Benchmark, p::BenchmarkTools.Parameters; progressid::Nothing, nleaves::Float64, ndone::Float64, verbose::Bool, pad::String, kwargs::@Kwargs{})
    @ BenchmarkTools ~/.julia/packages/BenchmarkTools/ZtsPk/src/execution.jl:341
  [8] tune! (repeats 2 times)
    @ ~/.julia/packages/BenchmarkTools/ZtsPk/src/execution.jl:330 [inlined]
  [9] macro expansion
    @ ~/.julia/packages/BenchmarkTools/ZtsPk/src/execution.jl:503 [inlined]
 [10] test()
    @ ShannonSwitchingGame ~/Documents/computerorientierte_Mathematik_II/Programmierprojekt/ShannonSwitchingGame/src/Wettbewerbsstrategie_Hilfsfunktionen.jl:581
 [11] top-level scope
    @ REPL[7]:1
 [12] eval(m::Module, e::Any)
    @ Core ./boot.jl:489
 [13] eval
    @ ./Base_compiler.jl:146 [inlined]
 [14] repleval(m::Module, code::Expr, ::String)
    @ VSCodeServer ~/.vscode/extensions/julialang.language-julia-1.219.2/scripts/packages/VSCodeServer/src/repl.jl:278
 [15] #evalrepl##2
    @ ~/.vscode/extensions/julialang.language-julia-1.219.2/scripts/packages/VSCodeServer/src/repl.jl:241 [inlined]
 [16] with_logstate(f::VSCodeServer.var"#evalrepl##2#evalrepl##3"{Module, Expr, REPL.LineEditREPL, REPL.LineEdit.Prompt}, logstate::Base.CoreLogging.LogState)
    @ Base.CoreLogging ./logging/logging.jl:542
 [17] with_logger
    @ ./logging/logging.jl:653 [inlined]
 [18] (::VSCodeServer.var"#evalrepl##0#evalrepl##1"{Module, Expr, REPL.LineEditREPL, REPL.LineEdit.Prompt})()
    @ VSCodeServer ~/.vscode/extensions/julialang.language-julia-1.219.2/scripts/packages/VSCodeServer/src/repl.jl:242
 [19] (::VSCodeServer.var"#start_eval_backend##0#start_eval_backend##1")()
    @ VSCodeServer ~/.vscode/extensions/julialang.language-julia-1.219.2/scripts/packages/VSCodeServer/src/eval.jl:34

ERROR in weighted_short (Spiel 11)
n=16, m=31
UndefVarError: `game` not defined in `ShannonSwitchingGame`
Suggestion: check for spelling errors or missing imports.
Stacktrace:
  [1] var"##core#281"()
    @ ShannonSwitchingGame ~/.julia/packages/BenchmarkTools/ZtsPk/src/execution.jl:647
  [2] var"##sample#282"(::Tuple{}, __params::BenchmarkTools.Parameters, __sample_ref::Base.RefValue{Tuple{Float64, Float64, Int64, Int64}}, __result_ref::Nothing)
    @ ShannonSwitchingGame ~/.julia/packages/BenchmarkTools/ZtsPk/src/execution.jl:659
  [3] _lineartrial(b::BenchmarkTools.Benchmark, p::BenchmarkTools.Parameters; maxevals::Int64, kwargs::@Kwargs{})
    @ BenchmarkTools ~/.julia/packages/BenchmarkTools/ZtsPk/src/execution.jl:222
  [4] _lineartrial(b::BenchmarkTools.Benchmark, p::BenchmarkTools.Parameters)
    @ BenchmarkTools ~/.julia/packages/BenchmarkTools/ZtsPk/src/execution.jl:216
  [5] #lineartrial#32
    @ ~/.julia/packages/BenchmarkTools/ZtsPk/src/execution.jl:53 [inlined]
  [6] lineartrial
    @ ~/.julia/packages/BenchmarkTools/ZtsPk/src/execution.jl:52 [inlined]
  [7] tune!(b::BenchmarkTools.Benchmark, p::BenchmarkTools.Parameters; progressid::Nothing, nleaves::Float64, ndone::Float64, verbose::Bool, pad::String, kwargs::@Kwargs{})
    @ BenchmarkTools ~/.julia/packages/BenchmarkTools/ZtsPk/src/execution.jl:341
  [8] tune! (repeats 2 times)
    @ ~/.julia/packages/BenchmarkTools/ZtsPk/src/execution.jl:330 [inlined]
  [9] macro expansion
    @ ~/.julia/packages/BenchmarkTools/ZtsPk/src/execution.jl:503 [inlined]
 [10] test()
    @ ShannonSwitchingGame ~/Documents/computerorientierte_Mathematik_II/Programmierprojekt/ShannonSwitchingGame/src/Wettbewerbsstrategie_Hilfsfunktionen.jl:581
 [11] top-level scope
    @ REPL[7]:1
 [12] eval(m::Module, e::Any)
    @ Core ./boot.jl:489
 [13] eval
    @ ./Base_compiler.jl:146 [inlined]
 [14] repleval(m::Module, code::Expr, ::String)
    @ VSCodeServer ~/.vscode/extensions/julialang.language-julia-1.219.2/scripts/packages/VSCodeServer/src/repl.jl:278
 [15] #evalrepl##2
    @ ~/.vscode/extensions/julialang.language-julia-1.219.2/scripts/packages/VSCodeServer/src/repl.jl:241 [inlined]
 [16] with_logstate(f::VSCodeServer.var"#evalrepl##2#evalrepl##3"{Module, Expr, REPL.LineEditREPL, REPL.LineEdit.Prompt}, logstate::Base.CoreLogging.LogState)
    @ Base.CoreLogging ./logging/logging.jl:542
 [17] with_logger
    @ ./logging/logging.jl:653 [inlined]
 [18] (::VSCodeServer.var"#evalrepl##0#evalrepl##1"{Module, Expr, REPL.LineEditREPL, REPL.LineEdit.Prompt})()
    @ VSCodeServer ~/.vscode/extensions/julialang.language-julia-1.219.2/scripts/packages/VSCodeServer/src/repl.jl:242
 [19] (::VSCodeServer.var"#start_eval_backend##0#start_eval_backend##1")()
    @ VSCodeServer ~/.vscode/extensions/julialang.language-julia-1.219.2/scripts/packages/VSCodeServer/src/eval.jl:34

ERROR in weighted_short (Spiel 11)
n=16, m=31
UndefVarError: `game` not defined in `ShannonSwitchingGame`
Suggestion: check for spelling errors or missing imports.
Stacktrace:
  [1] var"##core#281"()
    @ ShannonSwitchingGame ~/.julia/packages/BenchmarkTools/ZtsPk/src/execution.jl:647
  [2] var"##sample#282"(::Tuple{}, __params::BenchmarkTools.Parameters, __sample_ref::Base.RefValue{Tuple{Float64, Float64, Int64, Int64}}, __result_ref::Nothing)
    @ ShannonSwitchingGame ~/.julia/packages/BenchmarkTools/ZtsPk/src/execution.jl:659
  [3] _lineartrial(b::BenchmarkTools.Benchmark, p::BenchmarkTools.Parameters; maxevals::Int64, kwargs::@Kwargs{})
    @ BenchmarkTools ~/.julia/packages/BenchmarkTools/ZtsPk/src/execution.jl:222
  [4] _lineartrial(b::BenchmarkTools.Benchmark, p::BenchmarkTools.Parameters)
    @ BenchmarkTools ~/.julia/packages/BenchmarkTools/ZtsPk/src/execution.jl:216
  [5] #lineartrial#32
    @ ~/.julia/packages/BenchmarkTools/ZtsPk/src/execution.jl:53 [inlined]
  [6] lineartrial
    @ ~/.julia/packages/BenchmarkTools/ZtsPk/src/execution.jl:52 [inlined]
  [7] tune!(b::BenchmarkTools.Benchmark, p::BenchmarkTools.Parameters; progressid::Nothing, nleaves::Float64, ndone::Float64, verbose::Bool, pad::String, kwargs::@Kwargs{})
    @ BenchmarkTools ~/.julia/packages/BenchmarkTools/ZtsPk/src/execution.jl:341
  [8] tune! (repeats 2 times)
    @ ~/.julia/packages/BenchmarkTools/ZtsPk/src/execution.jl:330 [inlined]
  [9] macro expansion
    @ ~/.julia/packages/BenchmarkTools/ZtsPk/src/execution.jl:503 [inlined]
 [10] test()
    @ ShannonSwitchingGame ~/Documents/computerorientierte_Mathematik_II/Programmierprojekt/ShannonSwitchingGame/src/Wettbewerbsstrategie_Hilfsfunktionen.jl:581
 [11] top-level scope
    @ REPL[7]:1
 [12] eval(m::Module, e::Any)
    @ Core ./boot.jl:489
 [13] eval
    @ ./Base_compiler.jl:146 [inlined]
 [14] repleval(m::Module, code::Expr, ::String)
    @ VSCodeServer ~/.vscode/extensions/julialang.language-julia-1.219.2/scripts/packages/VSCodeServer/src/repl.jl:278
 [15] #evalrepl##2
    @ ~/.vscode/extensions/julialang.language-julia-1.219.2/scripts/packages/VSCodeServer/src/repl.jl:241 [inlined]
 [16] with_logstate(f::VSCodeServer.var"#evalrepl##2#evalrepl##3"{Module, Expr, REPL.LineEditREPL, REPL.LineEdit.Prompt}, logstate::Base.CoreLogging.LogState)
    @ Base.CoreLogging ./logging/logging.jl:542
 [17] with_logger
    @ ./logging/logging.jl:653 [inlined]
 [18] (::VSCodeServer.var"#evalrepl##0#evalrepl##1"{Module, Expr, REPL.LineEditREPL, REPL.LineEdit.Prompt})()
    @ VSCodeServer ~/.vscode/extensions/julialang.language-julia-1.219.2/scripts/packages/VSCodeServer/src/repl.jl:242
 [19] (::VSCodeServer.var"#start_eval_backend##0#start_eval_backend##1")()
    @ VSCodeServer ~/.vscode/extensions/julialang.language-julia-1.219.2/scripts/packages/VSCodeServer/src/eval.jl:34

ERROR in weighted_short (Spiel 11)
n=16, m=31
UndefVarError: `game` not defined in `ShannonSwitchingGame`
Suggestion: check for spelling errors or missing imports.
Stacktrace:
  [1] var"##core#281"()
    @ ShannonSwitchingGame ~/.julia/packages/BenchmarkTools/ZtsPk/src/execution.jl:647
  [2] var"##sample#282"(::Tuple{}, __params::BenchmarkTools.Parameters, __sample_ref::Base.RefValue{Tuple{Float64, Float64, Int64, Int64}}, __result_ref::Nothing)
    @ ShannonSwitchingGame ~/.julia/packages/BenchmarkTools/ZtsPk/src/execution.jl:659
  [3] _lineartrial(b::BenchmarkTools.Benchmark, p::BenchmarkTools.Parameters; maxevals::Int64, kwargs::@Kwargs{})
    @ BenchmarkTools ~/.julia/packages/BenchmarkTools/ZtsPk/src/execution.jl:222
  [4] _lineartrial(b::BenchmarkTools.Benchmark, p::BenchmarkTools.Parameters)
    @ BenchmarkTools ~/.julia/packages/BenchmarkTools/ZtsPk/src/execution.jl:216
  [5] #lineartrial#32
    @ ~/.julia/packages/BenchmarkTools/ZtsPk/src/execution.jl:53 [inlined]
  [6] lineartrial
    @ ~/.julia/packages/BenchmarkTools/ZtsPk/src/execution.jl:52 [inlined]
  [7] tune!(b::BenchmarkTools.Benchmark, p::BenchmarkTools.Parameters; progressid::Nothing, nleaves::Float64, ndone::Float64, verbose::Bool, pad::String, kwargs::@Kwargs{})
    @ BenchmarkTools ~/.julia/packages/BenchmarkTools/ZtsPk/src/execution.jl:341
  [8] tune! (repeats 2 times)
    @ ~/.julia/packages/BenchmarkTools/ZtsPk/src/execution.jl:330 [inlined]
  [9] macro expansion
    @ ~/.julia/packages/BenchmarkTools/ZtsPk/src/execution.jl:503 [inlined]
 [10] test()
    @ ShannonSwitchingGame ~/Documents/computerorientierte_Mathematik_II/Programmierprojekt/ShannonSwitchingGame/src/Wettbewerbsstrategie_Hilfsfunktionen.jl:581
 [11] top-level scope
    @ REPL[7]:1
 [12] eval(m::Module, e::Any)
    @ Core ./boot.jl:489
 [13] eval
    @ ./Base_compiler.jl:146 [inlined]
 [14] repleval(m::Module, code::Expr, ::String)
    @ VSCodeServer ~/.vscode/extensions/julialang.language-julia-1.219.2/scripts/packages/VSCodeServer/src/repl.jl:278
 [15] #evalrepl##2
    @ ~/.vscode/extensions/julialang.language-julia-1.219.2/scripts/packages/VSCodeServer/src/repl.jl:241 [inlined]
 [16] with_logstate(f::VSCodeServer.var"#evalrepl##2#evalrepl##3"{Module, Expr, REPL.LineEditREPL, REPL.LineEdit.Prompt}, logstate::Base.CoreLogging.LogState)
    @ Base.CoreLogging ./logging/logging.jl:542
 [17] with_logger
    @ ./logging/logging.jl:653 [inlined]
 [18] (::VSCodeServer.var"#evalrepl##0#evalrepl##1"{Module, Expr, REPL.LineEditREPL, REPL.LineEdit.Prompt})()
    @ VSCodeServer ~/.vscode/extensions/julialang.language-julia-1.219.2/scripts/packages/VSCodeServer/src/repl.jl:242
 [19] (::VSCodeServer.var"#start_eval_backend##0#start_eval_backend##1")()
    @ VSCodeServer ~/.vscode/extensions/julialang.language-julia-1.219.2/scripts/packages/VSCodeServer/src/eval.jl:34

